/sdcard/Android/data/com.solosoul.app/files/fe2-home-3603236106694624bb5932779bf7da9d/: 13 files pulled, 0 skipped. 50.1 MB/s (1942267 bytes in 0.037s)
/private/tmp/solosoul-fe2-motion-20261008/supported/private-data-before.tar: 1 file pushed, 0 skipped. 570.3 MB/s (4051456 bytes in 0.007s)
{
  "serial": "emulator-5586",
  "avd": "SoloSoul_RF201",
  "mode": "supported",
  "scenario": "cold",
  "motionPreferenceChecks": true,
  "startedAt": 1791422222.042683,
  "passed": false,
  "restored": true,
  "nightModeBefore": "no",
  "api": 34,
  "abi": "arm64-v8a",
  "notificationPermissionBefore": {
    "granted": false,
    "flags": [
      "USER_SENSITIVE_WHEN_DENIED",
      "USER_SENSITIVE_WHEN_GRANTED"
    ]
  },
  "artifacts": [
    {
      "path": "/Users/zzc/PycharmProjects/SoloSoul/tauri/src-tauri/gen/android/app/build/outputs/apk/arm64/debug/app-arm64-debug.apk",
      "sha256": "688e90599fe65bca72a89d31b5a319ffb856dc7b9e2545f75c2426118df566a9"
    },
    {
      "path": "/Users/zzc/PycharmProjects/SoloSoul/tauri/src-tauri/gen/android/app/build/outputs/apk/androidTest/arm64/debug/app-arm64-debug-androidTest.apk",
      "sha256": "6d0b644972949a95cd7711c8e8a8c88c31e3ef9be57c9cc70a23b853cf0832ac"
    }
  ],
  "backup": {
    "path": "/private/tmp/solosoul-fe2-motion-20261008/supported/private-data-before.tar",
    "sha256": "f3839bbc8a353599aeb1d30a5ce65eb426968a55d7a3cc4a041dbce9c876525b",
    "entries": 242
  },
  "error": "Missing exact successful one-test native report; skips are failures",
  "restoreVerification": {
    "entries": 242,
    "allFileContentsLinksAndModesMatch": true
  },
  "blurRestored": true,
  "notificationPermissionRestored": true,
  "nightModeRestored": true,
  "finishedAt": 1791422293.508533
}
