INSTRUMENTATION_STATUS: class=com.solosoul.app.AndroidHomeInstrumentedTest
INSTRUMENTATION_STATUS: current=1
INSTRUMENTATION_STATUS: id=AndroidJUnitRunner
INSTRUMENTATION_STATUS: numtests=1
INSTRUMENTATION_STATUS: stream=
com.solosoul.app.AndroidHomeInstrumentedTest:
INSTRUMENTATION_STATUS: test=realHomePreservesGlassAndCopyAcrossLockUnlock
INSTRUMENTATION_STATUS_CODE: 1
s_glBindAttribLocation: bind attrib 0 name position
s_glBindAttribLocation: bind attrib 1 name color
s_glBindAttribLocation: bind attrib 2 name localCoord
INSTRUMENTATION_STATUS: class=com.solosoul.app.AndroidHomeInstrumentedTest
INSTRUMENTATION_STATUS: current=1
INSTRUMENTATION_STATUS: id=AndroidJUnitRunner
INSTRUMENTATION_STATUS: numtests=1
INSTRUMENTATION_STATUS: stack=java.lang.AssertionError: 真实新建菜单: {"path":"\/","buttons":["","","","","New","View all","Identity0 objects","Travel0 objects","Financial0 objects","Professional0 objects","Documents0 objects",""],"mounted":true,"startupGone":true,"platform":"android","text":"SoloSoul\nHome\nObjects\nTools\nSettings\nNew\nWelcome back, FE2 public visual test\n\nA place for every part of your life.\n\nMy vault\n\n0\nobjects\n\nLocal vault · Your data, your control\n\nData Sections\nView all\nIdentity\n0 objects\nTravel\n0 objects\nFinancial\n0 objects\nProfessional\n0 objects\nDocuments\n0 objects\nRecently updated\n\nNo objects yet","home":true,"alerts":[]}
	at com.solosoul.app.AndroidHomeInstrumentedTest.waitFor(AndroidHomeInstrumentedTest.kt:115)
	at com.solosoul.app.AndroidHomeInstrumentedTest.verifyPopulatedContent(AndroidHomeInstrumentedTest.kt:352)
	at com.solosoul.app.AndroidHomeInstrumentedTest.realHomePreservesGlassAndCopyAcrossLockUnlock(AndroidHomeInstrumentedTest.kt:679)

INSTRUMENTATION_STATUS: stream=
Error in realHomePreservesGlassAndCopyAcrossLockUnlock(com.solosoul.app.AndroidHomeInstrumentedTest):
java.lang.AssertionError: 真实新建菜单: {"path":"\/","buttons":["","","","","New","View all","Identity0 objects","Travel0 objects","Financial0 objects","Professional0 objects","Documents0 objects",""],"mounted":true,"startupGone":true,"platform":"android","text":"SoloSoul\nHome\nObjects\nTools\nSettings\nNew\nWelcome back, FE2 public visual test\n\nA place for every part of your life.\n\nMy vault\n\n0\nobjects\n\nLocal vault · Your data, your control\n\nData Sections\nView all\nIdentity\n0 objects\nTravel\n0 objects\nFinancial\n0 objects\nProfessional\n0 objects\nDocuments\n0 objects\nRecently updated\n\nNo objects yet","home":true,"alerts":[]}
	at com.solosoul.app.AndroidHomeInstrumentedTest.waitFor(AndroidHomeInstrumentedTest.kt:115)
	at com.solosoul.app.AndroidHomeInstrumentedTest.verifyPopulatedContent(AndroidHomeInstrumentedTest.kt:352)
	at com.solosoul.app.AndroidHomeInstrumentedTest.realHomePreservesGlassAndCopyAcrossLockUnlock(AndroidHomeInstrumentedTest.kt:679)

INSTRUMENTATION_STATUS: test=realHomePreservesGlassAndCopyAcrossLockUnlock
INSTRUMENTATION_STATUS_CODE: -2
INSTRUMENTATION_RESULT: stream=

Time: 104.913
There was 1 failure:
1) realHomePreservesGlassAndCopyAcrossLockUnlock(com.solosoul.app.AndroidHomeInstrumentedTest)
java.lang.AssertionError: 真实新建菜单: {"path":"\/","buttons":["","","","","New","View all","Identity0 objects","Travel0 objects","Financial0 objects","Professional0 objects","Documents0 objects",""],"mounted":true,"startupGone":true,"platform":"android","text":"SoloSoul\nHome\nObjects\nTools\nSettings\nNew\nWelcome back, FE2 public visual test\n\nA place for every part of your life.\n\nMy vault\n\n0\nobjects\n\nLocal vault · Your data, your control\n\nData Sections\nView all\nIdentity\n0 objects\nTravel\n0 objects\nFinancial\n0 objects\nProfessional\n0 objects\nDocuments\n0 objects\nRecently updated\n\nNo objects yet","home":true,"alerts":[]}
	at com.solosoul.app.AndroidHomeInstrumentedTest.waitFor(AndroidHomeInstrumentedTest.kt:115)
	at com.solosoul.app.AndroidHomeInstrumentedTest.verifyPopulatedContent(AndroidHomeInstrumentedTest.kt:352)
	at com.solosoul.app.AndroidHomeInstrumentedTest.realHomePreservesGlassAndCopyAcrossLockUnlock(AndroidHomeInstrumentedTest.kt:679)

FAILURES!!!
Tests run: 1,  Failures: 1


INSTRUMENTATION_CODE: -1
