
 RUN  v4.1.8 /Users/zzc/PycharmProjects/SoloSoul/tauri

 ❯ src/stores/settingsStore.test.ts (27 tests | 1 failed | 26 skipped) 6ms
       × 减少动态效果保留布尔账户偏好，但登录前镜像按 Rust 字符串契约传输 5ms

⎯⎯⎯⎯⎯⎯⎯ Failed Tests 1 ⎯⎯⎯⎯⎯⎯⎯

 FAIL  src/stores/settingsStore.test.ts > settingsStore > updateSetting > 减少动态效果保留布尔账户偏好，但登录前镜像按 Rust 字符串契约传输
AssertionError: expected last "vi.fn()" call to have been called with [ 'ui_update_preference', …(1) ]

- Expected
+ Received

  [
    "ui_update_preference",
    {
      "key": "reduceMotion",
-     "value": "true",
+     "value": true,
    },
  ]

 ❯ src/stores/settingsStore.test.ts:284:24
    282|       for (const reduced of [true, false]) {
    283|         await useSettingsStore.getState().updateSetting('acc-1', 'redu…
    284|         expect(invoke).toHaveBeenLastCalledWith('ui_update_preference'…
       |                        ^
    285|           key: 'reduceMotion',
    286|           value: JSON.stringify(reduced),

⎯⎯⎯⎯⎯⎯⎯⎯⎯⎯⎯⎯⎯⎯⎯⎯⎯⎯⎯⎯⎯⎯⎯⎯[1/1]⎯


 Test Files  1 failed (1)
      Tests  1 failed | 26 skipped (27)
   Start at  02:13:08
   Duration  1.09s (transform 171ms, setup 149ms, import 235ms, tests 6ms, environment 611ms)

