INSTRUMENTATION_STATUS: class=com.solosoul.app.AndroidHomeInstrumentedTest
INSTRUMENTATION_STATUS: current=1
INSTRUMENTATION_STATUS: id=AndroidJUnitRunner
INSTRUMENTATION_STATUS: numtests=1
INSTRUMENTATION_STATUS: stream=
com.solosoul.app.AndroidHomeInstrumentedTest:
INSTRUMENTATION_STATUS: test=realHomePreservesGlassAndCopyAcrossLockUnlock
INSTRUMENTATION_STATUS_CODE: 1
s_glBindAttribLocation: bind attrib 0 name position
s_glBindAttribLocation: bind attrib 1 name color
s_glBindAttribLocation: bind attrib 2 name localCoord
INSTRUMENTATION_STATUS: class=com.solosoul.app.AndroidHomeInstrumentedTest
INSTRUMENTATION_STATUS: current=1
INSTRUMENTATION_STATUS: id=AndroidJUnitRunner
INSTRUMENTATION_STATUS: numtests=1
INSTRUMENTATION_STATUS: stack=java.lang.AssertionError: 生产 WebView 必须提交视觉状态: {"shown":true,"attached":true,"windowVisibility":0,"focused":false,"hardwareAccelerated":true,"width":1080,"height":1920,"committed":false}
	at com.solosoul.app.AndroidHomeInstrumentedTest.screenshot(AndroidHomeInstrumentedTest.kt:109)
	at com.solosoul.app.AndroidHomeInstrumentedTest.captureContent(AndroidHomeInstrumentedTest.kt:219)
	at com.solosoul.app.AndroidHomeInstrumentedTest.verifyPopulatedContent(AndroidHomeInstrumentedTest.kt:267)
	at com.solosoul.app.AndroidHomeInstrumentedTest.realHomePreservesGlassAndCopyAcrossLockUnlock(AndroidHomeInstrumentedTest.kt:414)

INSTRUMENTATION_STATUS: stream=
Error in realHomePreservesGlassAndCopyAcrossLockUnlock(com.solosoul.app.AndroidHomeInstrumentedTest):
java.lang.AssertionError: 生产 WebView 必须提交视觉状态: {"shown":true,"attached":true,"windowVisibility":0,"focused":false,"hardwareAccelerated":true,"width":1080,"height":1920,"committed":false}
	at com.solosoul.app.AndroidHomeInstrumentedTest.screenshot(AndroidHomeInstrumentedTest.kt:109)
	at com.solosoul.app.AndroidHomeInstrumentedTest.captureContent(AndroidHomeInstrumentedTest.kt:219)
	at com.solosoul.app.AndroidHomeInstrumentedTest.verifyPopulatedContent(AndroidHomeInstrumentedTest.kt:267)
	at com.solosoul.app.AndroidHomeInstrumentedTest.realHomePreservesGlassAndCopyAcrossLockUnlock(AndroidHomeInstrumentedTest.kt:414)

INSTRUMENTATION_STATUS: test=realHomePreservesGlassAndCopyAcrossLockUnlock
INSTRUMENTATION_STATUS_CODE: -2
INSTRUMENTATION_RESULT: stream=

Time: 67.518
There was 1 failure:
1) realHomePreservesGlassAndCopyAcrossLockUnlock(com.solosoul.app.AndroidHomeInstrumentedTest)
java.lang.AssertionError: 生产 WebView 必须提交视觉状态: {"shown":true,"attached":true,"windowVisibility":0,"focused":false,"hardwareAccelerated":true,"width":1080,"height":1920,"committed":false}
	at com.solosoul.app.AndroidHomeInstrumentedTest.screenshot(AndroidHomeInstrumentedTest.kt:109)
	at com.solosoul.app.AndroidHomeInstrumentedTest.captureContent(AndroidHomeInstrumentedTest.kt:219)
	at com.solosoul.app.AndroidHomeInstrumentedTest.verifyPopulatedContent(AndroidHomeInstrumentedTest.kt:267)
	at com.solosoul.app.AndroidHomeInstrumentedTest.realHomePreservesGlassAndCopyAcrossLockUnlock(AndroidHomeInstrumentedTest.kt:414)

FAILURES!!!
Tests run: 1,  Failures: 1


INSTRUMENTATION_CODE: -1
