   Compiling objc2-exception-helper v0.1.1
   Compiling ring v0.17.14
   Compiling zstd-sys v2.0.16+zstd.1.5.7
   Compiling wasmtime-internal-jit-debug v45.0.1
   Compiling libsqlite3-sys v0.30.1
   Compiling wasmtime v45.0.1
    Checking solosoul-crypto v2.13.2 (/Users/zzc/PycharmProjects/SoloSoul/tauri/crates/solosoul-crypto)
   Compiling solo_soul v2.13.2 (/Users/zzc/PycharmProjects/SoloSoul/tauri/src-tauri)
   Compiling objc2 v0.6.4
    Checking objc2-core-foundation v0.3.2
    Checking block2 v0.6.2
    Checking objc2-foundation v0.3.2
    Checking objc2-core-graphics v0.3.2
    Checking objc2-core-text v0.3.2
    Checking rustls-webpki v0.103.13
   Compiling rustls v0.23.40
   Compiling zstd-safe v7.2.4
    Checking zstd v0.13.3
    Checking wasmtime-internal-cache v45.0.1
    Checking tokio-rustls v0.26.4
    Checking hyper-rustls v0.27.9
    Checking reqwest v0.12.28
    Checking objc2-core-image v0.3.2
    Checking objc2-cloud-kit v0.3.2
    Checking objc2-quartz-core v0.3.2
    Checking objc2-core-location v0.3.2
    Checking objc2-core-data v0.3.2
    Checking objc2-user-notifications v0.3.2
    Checking objc2-web-kit v0.3.2
    Checking objc2-ui-kit v0.3.2
    Checking wiggle v45.0.1
    Checking wasmtime-wasi-io v45.0.1
    Checking wasmtime-wasi v45.0.1
    Checking rusqlite v0.32.1
    Checking solosoul-vault v2.13.2 (/Users/zzc/PycharmProjects/SoloSoul/tauri/crates/solosoul-vault)
    Checking solosoul-core v2.13.2 (/Users/zzc/PycharmProjects/SoloSoul/tauri/crates/solosoul-core)
error: unused variable: `reason`
   --> crates/solosoul-core/src/biometric/ios.rs:151:53
    |
151 |     fn save(&self, account_id: &str, key_hex: &str, reason: &str) -> Result<(), BiometricError> {
    |                                                     ^^^^^^ help: if this is intentional, prefix it with an underscore: `_reason`
    |
    = note: `-D unused-variables` implied by `-D warnings`
    = help: to override `-D warnings` add `#[allow(unused_variables)]`

error: unused variable: `lock_path`
  --> crates/solosoul-core/src/process_lock.rs:26:13
   |
26 |         let lock_path = base_path.join(".lock");
   |             ^^^^^^^^^ help: if this is intentional, prefix it with an underscore: `_lock_path`

    Checking wry v0.55.1
    Checking tauri-runtime v2.11.2
    Checking tao v0.35.3
    Checking os_info v3.15.0
error: could not compile `solosoul-core` (lib) due to 2 previous errors
warning: build failed, waiting for other jobs to finish...
