    Blocking waiting for file lock on build directory
   Compiling objc2-exception-helper v0.1.1
   Compiling ring v0.17.14
   Compiling zstd-sys v2.0.16+zstd.1.5.7
   Compiling wasmtime-internal-jit-debug v45.0.1
   Compiling libsqlite3-sys v0.30.1
   Compiling wasmtime v45.0.1
    Checking solosoul-crypto v2.13.2 (/Users/zzc/PycharmProjects/SoloSoul/tauri/crates/solosoul-crypto)
   Compiling solo_soul v2.13.2 (/Users/zzc/PycharmProjects/SoloSoul/tauri/src-tauri)
   Compiling objc2 v0.6.4
    Checking objc2-core-foundation v0.3.2
    Checking block2 v0.6.2
   Compiling rustls v0.23.40
    Checking objc2-foundation v0.3.2
    Checking objc2-core-graphics v0.3.2
    Checking objc2-core-text v0.3.2
    Checking rustls-webpki v0.103.13
   Compiling zstd-safe v7.2.4
    Checking zstd v0.13.3
    Checking wasmtime-internal-cache v45.0.1
    Checking tokio-rustls v0.26.4
    Checking hyper-rustls v0.27.9
    Checking reqwest v0.12.28
    Checking objc2-core-image v0.3.2
    Checking objc2-user-notifications v0.3.2
    Checking objc2-core-data v0.3.2
    Checking objc2-quartz-core v0.3.2
    Checking objc2-cloud-kit v0.3.2
    Checking objc2-core-location v0.3.2
    Checking objc2-web-kit v0.3.2
    Checking objc2-ui-kit v0.3.2
    Checking wasmtime-wasi-io v45.0.1
    Checking wiggle v45.0.1
    Checking wasmtime-wasi v45.0.1
    Checking rusqlite v0.32.1
    Checking solosoul-vault v2.13.2 (/Users/zzc/PycharmProjects/SoloSoul/tauri/crates/solosoul-vault)
    Checking solosoul-core v2.13.2 (/Users/zzc/PycharmProjects/SoloSoul/tauri/crates/solosoul-core)
warning: unused variable: `reason`
   --> crates/solosoul-core/src/biometric/ios.rs:151:53
    |
151 |     fn save(&self, account_id: &str, key_hex: &str, reason: &str) -> Result<(), BiometricError> {
    |                                                     ^^^^^^ help: if this is intentional, prefix it with an underscore: `_reason`
    |
    = note: `#[warn(unused_variables)]` (part of `#[warn(unused)]`) on by default

warning: unused variable: `lock_path`
  --> crates/solosoul-core/src/process_lock.rs:26:13
   |
26 |         let lock_path = base_path.join(".lock");
   |             ^^^^^^^^^ help: if this is intentional, prefix it with an underscore: `_lock_path`

warning: `solosoul-core` (lib) generated 2 warnings (run `cargo clippy --fix --lib -p solosoul-core -- --no-deps -D warnings` to apply 2 suggestions)
    Checking solosoul-plugin v2.13.2 (/Users/zzc/PycharmProjects/SoloSoul/tauri/crates/solosoul-plugin)
    Checking solosoul-sync v2.13.2 (/Users/zzc/PycharmProjects/SoloSoul/tauri/crates/solosoul-sync)
warning: methods `reopen` and `wait_stopping` are never used
  --> crates/solosoul-sync/src/workers.rs:42:19
   |
26 | impl SyncWorkers {
   | ---------------- methods in this implementation
...
42 |     pub(crate) fn reopen(&self) -> Result<(), String> {
   |                   ^^^^^^
...
97 |     pub(crate) async fn wait_stopping(&self) -> Result<(), String> {
   |                         ^^^^^^^^^^^^^
   |
   = note: `#[warn(dead_code)]` (part of `#[warn(unused)]`) on by default

warning: method `is_finished` is never used
   --> crates/solosoul-sync/src/workers.rs:303:8
    |
296 | impl StopCompletion {
    | ------------------- method in this implementation
...
303 |     fn is_finished(&self) -> bool {
    |        ^^^^^^^^^^^

warning: `solosoul-sync` (lib) generated 2 warnings
    Checking tauri-runtime v2.11.2
    Checking tao v0.35.3
    Checking wry v0.55.1
    Checking os_info v3.15.0
    Checking tauri-runtime-wry v2.11.2
    Checking tauri v2.11.2
    Checking tauri-plugin-fs v2.5.1
    Checking tauri-plugin-process v2.3.1
    Checking tauri-plugin-shell v2.3.5
    Checking tauri-plugin-biometric v2.3.2
    Checking tauri-plugin-notification v2.3.3
    Checking tauri-plugin-os v2.3.2
    Checking tauri-plugin-dialog v2.7.1
error: unused import: `tauri::Emitter`
  --> src-tauri/src/commands/ocr.rs:39:5
   |
39 | use tauri::Emitter;
   |     ^^^^^^^^^^^^^^
   |
   = note: `-D unused-imports` implied by `-D warnings`
   = help: to override `-D warnings` add `#[allow(unused_imports)]`

error: unused import: `Manager`
  --> src-tauri/src/commands/recovery.rs:20:22
   |
20 | use tauri::{Emitter, Manager, State};
   |                      ^^^^^^^

error: unused import: `tauri::Emitter`
 --> src-tauri/src/setup/mod.rs:6:5
  |
6 | use tauri::Emitter;
  |     ^^^^^^^^^^^^^^

error: unused variable: `att_key`
  --> src-tauri/src/commands/attachment/share.rs:36:21
   |
36 |     let (path, att, att_key, activity) = {
   |                     ^^^^^^^ help: if this is intentional, prefix it with an underscore: `_att_key`
   |
   = note: `-D unused-variables` implied by `-D warnings`
   = help: to override `-D warnings` add `#[allow(unused_variables)]`

error: unused variable: `app`
   --> src-tauri/src/commands/biometric.rs:411:5
    |
411 |     app: tauri::AppHandle,
    |     ^^^ help: if this is intentional, prefix it with an underscore: `_app`

error: unused variable: `authenticator`
   --> src-tauri/src/commands/biometric.rs:419:5
    |
419 |     authenticator: Option<String>,
    |     ^^^^^^^^^^^^^ help: if this is intentional, prefix it with an underscore: `_authenticator`

error: unused variable: `app`
   --> src-tauri/src/commands/biometric.rs:579:5
    |
579 |     app: tauri::AppHandle,
    |     ^^^ help: if this is intentional, prefix it with an underscore: `_app`

error: unused variable: `app`
   --> src-tauri/src/commands/biometric.rs:723:5
    |
723 |     app: tauri::AppHandle,
    |     ^^^ help: if this is intentional, prefix it with an underscore: `_app`

error: unused variable: `authenticator`
   --> src-tauri/src/commands/biometric.rs:731:5
    |
731 |     authenticator: Option<String>,
    |     ^^^^^^^^^^^^^ help: if this is intentional, prefix it with an underscore: `_authenticator`

error: unused variable: `app`
  --> src-tauri/src/commands/recovery.rs:39:5
   |
39 |     app: tauri::AppHandle,
   |     ^^^ help: if this is intentional, prefix it with an underscore: `_app`

error: unused variable: `instance_name`
   --> src-tauri/src/commands/recovery.rs:225:21
    |
225 |         if let Some(instance_name) = mdns_name {
    |                     ^^^^^^^^^^^^^ help: if this is intentional, prefix it with an underscore: `_instance_name`

error: constant `SHARE_TEMP_GRACE` is never used
 --> src-tauri/src/commands/attachment/share.rs:7:7
  |
7 | const SHARE_TEMP_GRACE: std::time::Duration = std::time::Duration::from_secs(30 * 60);
  |       ^^^^^^^^^^^^^^^^
  |
  = note: `-D dead-code` implied by `-D warnings`
  = help: to override `-D warnings` add `#[expect(dead_code)]` or `#[allow(dead_code)]`

error: constant `MDNS_SERVICE_TYPE` is never used
  --> src-tauri/src/commands/discovery.rs:22:7
   |
22 | const MDNS_SERVICE_TYPE: &str = "_solosoul._tcp.local.";
   |       ^^^^^^^^^^^^^^^^^

error: constant `RECOVERY_MDNS_SERVICE_TYPE` is never used
  --> src-tauri/src/commands/discovery.rs:24:7
   |
24 | const RECOVERY_MDNS_SERVICE_TYPE: &str = "_solosoul_recovery._tcp.local.";
   |       ^^^^^^^^^^^^^^^^^^^^^^^^^^

error: function `advertise_recovery_mdns` is never used
   --> src-tauri/src/commands/recovery.rs:202:10
    |
202 | async fn advertise_recovery_mdns(
    |          ^^^^^^^^^^^^^^^^^^^^^^^

error: function `poll_accessibility` is never used
   --> src-tauri/src/commands/window.rs:205:15
    |
205 | pub(crate) fn poll_accessibility(app: &tauri::AppHandle) {
    |               ^^^^^^^^^^^^^^^^^^

error: function `setup_spawn_registry_refresh` is never used
   --> src-tauri/src/setup/mod.rs:263:4
    |
263 | fn setup_spawn_registry_refresh(app: &tauri::AppHandle) {
    |    ^^^^^^^^^^^^^^^^^^^^^^^^^^^^

error: this function has too many arguments (8/7)
   --> src-tauri/src/commands/biometric.rs:410:1
    |
410 | / pub async fn biometric_save_credential(
411 | |     app: tauri::AppHandle,
412 | |     state: State<'_, AppState>,
413 | |     account_id: String,
...   |
419 | |     authenticator: Option<String>,
420 | | ) -> Result<(), String> {
    | |_______________________^
    |
    = help: for further information visit https://rust-lang.github.io/rust-clippy/rust-1.95.0/index.html#too_many_arguments
    = note: `-D clippy::too-many-arguments` implied by `-D warnings`
    = help: to override `-D warnings` add `#[allow(clippy::too_many_arguments)]`

error: this function has too many arguments (8/7)
   --> src-tauri/src/commands/biometric.rs:722:1
    |
722 | / pub async fn biometric_delete_credential(
723 | |     app: tauri::AppHandle,
724 | |     state: State<'_, AppState>,
725 | |     account_id: String,
...   |
731 | |     authenticator: Option<String>,
732 | | ) -> Result<(), String> {
    | |_______________________^
    |
    = help: for further information visit https://rust-lang.github.io/rust-clippy/rust-1.95.0/index.html#too_many_arguments

error: stripping a prefix manually
   --> src-tauri/src/commands/export_import/export.rs:266:26
    |
266 |                 .resolve(&save_path[2..], tauri::path::BaseDirectory::Data)
    |                          ^^^^^^^^^^^^^^^
    |
note: the prefix was tested here
   --> src-tauri/src/commands/export_import/export.rs:261:20
    |
261 |     let resolved = if save_path.starts_with("~/") {
    |                    ^^^^^^^^^^^^^^^^^^^^^^^^^^^^^^^
    = help: for further information visit https://rust-lang.github.io/rust-clippy/rust-1.95.0/index.html#manual_strip
    = note: `-D clippy::manual-strip` implied by `-D warnings`
    = help: to override `-D warnings` add `#[allow(clippy::manual_strip)]`
help: try using the `strip_prefix` method
    |
261 ~     let resolved = if let Some(<stripped>) = save_path.strip_prefix("~/") {
262 |         #[cfg(mobile)]
...
265 |             app.path()
266 ~                 .resolve(<stripped>, tauri::path::BaseDirectory::Data)
    |

error: could not compile `solo_soul` (lib) due to 20 previous errors
