[2m[WebServer] [22m(node:34145) Warning: The 'NO_COLOR' env is ignored due to the 'FORCE_COLOR' env being set.
[2m[WebServer] [22m(Use `node --trace-warnings ...` to show where the warning was created)

Running 15 tests using 1 worker

(node:34156) Warning: The 'NO_COLOR' env is ignored due to the 'FORCE_COLOR' env being set.
(Use `node --trace-warnings ...` to show where the warning was created)
(node:34156) Warning: The 'NO_COLOR' env is ignored due to the 'FORCE_COLOR' env being set.
(Use `node --trace-warnings ...` to show where the warning was created)
  ✓   1 [chromium] › e2e/macos-titlebar.spec.ts:65:3 › macOS left 导航背景铺至顶部，控件避开交通灯 (3.0s)
  ✓   2 [chromium] › e2e/macos-titlebar.spec.ts:65:3 › macOS right 导航背景铺至顶部，控件避开交通灯 (1.5s)
  ✓   3 [chromium] › e2e/macos-titlebar.spec.ts:65:3 › macOS top 导航背景铺至顶部，控件避开交通灯 (1.3s)
  ✓   4 [chromium] › e2e/macos-titlebar.spec.ts:65:3 › macOS bottom 导航背景铺至顶部，控件避开交通灯 (1.2s)
[2m[WebServer] [22m7:53:06 AM [vite] (client) [console.warn] [ObjectEditor] Load field suggestions failed: {"code":"LEGACY_ERROR"}
  ✓   5 [chromium] › e2e/macos-titlebar.spec.ts:153:1 › macOS 切页、折叠和缩放后更新顶部按钮命中区 (1.6s)
  ✓   6 [chromium] › e2e/macos-titlebar.spec.ts:182:1 › macOS 全屏往返保持单行 AppBar，无重复顶部留白 (1.2s)
  ✓   7 [chromium] › e2e/macos-titlebar.spec.ts:200:1 › macOS 交通灯范围变宽时折叠侧栏和正文同步避让 (1.2s)
  ✓   8 [chromium] › e2e/macos-titlebar.spec.ts:213:1 › macOS 小窗口登录卡片保留上下留白及完整圆角 (970ms)
[2m[WebServer] [22m7:53:12 AM [vite] (client) [console.warn] [useLlmChatCore] Load config failed: Cannot read properties of undefined (reading 'activeProviderId')
[2m[WebServer] [22m7:53:12 AM [vite] (client) [console.warn] [useLlmChatCore] Load config failed: Cannot read properties of undefined (reading 'activeProviderId')
[2m[WebServer] [22m7:53:12 AM [vite] (client) [console.warn] [useLlmChatCore] Load config failed: Cannot read properties of undefined (reading 'activeProviderId')
  ✓   9 [chromium] › e2e/macos-titlebar.spec.ts:228:3 › left 侧栏快捷卡片覆盖正文和顶部栏，输入区不被遮挡 (2.6s)
[2m[WebServer] [22m7:53:19 AM [vite] (client) [console.warn] [useLlmChatCore] Load config failed: Cannot read properties of undefined (reading 'activeProviderId')
[2m[WebServer] [22m7:53:19 AM [vite] (client) [console.warn] [useLlmChatCore] Load config failed: Cannot read properties of undefined (reading 'activeProviderId')
[2m[WebServer] [22m7:53:19 AM [vite] (client) [console.warn] [useLlmChatCore] Load config failed: Cannot read properties of undefined (reading 'activeProviderId')
  ✓  10 [chromium] › e2e/macos-titlebar.spec.ts:228:3 › right 侧栏快捷卡片覆盖正文和顶部栏，输入区不被遮挡 (7.5s)
[2m[WebServer] [22m7:53:21 AM [vite] (client) [console.warn] [syncStore] sync_list_conflicts 返回非数组，已归一化为空列表（返回类型: undefined)
  ✓  11 [chromium] › e2e/mobile-editor-actions.spec.ts:6:5 › ios 320px: editor save and cancel remain above navigation (1.6s)
[2m[WebServer] [22m7:53:22 AM [vite] (client) [console.warn] [syncStore] sync_list_conflicts 返回非数组，已归一化为空列表（返回类型: undefined)
  ✓  12 [chromium] › e2e/mobile-editor-actions.spec.ts:6:5 › ios 390px: editor save and cancel remain above navigation (1.4s)
[2m[WebServer] [22m7:53:23 AM [vite] (client) [console.warn] [updater] android check failed: TypeError: Cannot read properties of undefined (reading 'latestVersion')
[2m[WebServer] [22m    at androidCheckForUpdate (http://localhost:1420/src/lib/updater.ts:177:12)
[2m[WebServer] [22m    at async http://localhost:1420/src/stores/updateStore.ts:94:65
[2m[WebServer] [22m7:53:24 AM [vite] (client) [console.warn] [updater] android check failed: TypeError: Cannot read properties of undefined (reading 'latestVersion')
[2m[WebServer] [22m    at androidCheckForUpdate (http://localhost:1420/src/lib/updater.ts:177:12)
[2m[WebServer] [22m    at async http://localhost:1420/src/stores/updateStore.ts:94:65
[2m[WebServer] [22m7:53:24 AM [vite] (client) [console.warn] [syncStore] sync_list_conflicts 返回非数组，已归一化为空列表（返回类型: undefined)
  ✓  13 [chromium] › e2e/mobile-editor-actions.spec.ts:6:5 › android 320px: editor save and cancel remain above navigation (1.9s)
[2m[WebServer] [22m7:53:25 AM [vite] (client) [console.warn] [updater] android check failed: TypeError: Cannot read properties of undefined (reading 'latestVersion')
[2m[WebServer] [22m    at androidCheckForUpdate (http://localhost:1420/src/lib/updater.ts:177:12)
[2m[WebServer] [22m    at async http://localhost:1420/src/stores/updateStore.ts:94:65
[2m[WebServer] [22m7:53:25 AM [vite] (client) [console.warn] [updater] android check failed: TypeError: Cannot read properties of undefined (reading 'latestVersion')
[2m[WebServer] [22m    at androidCheckForUpdate (http://localhost:1420/src/lib/updater.ts:177:12)
[2m[WebServer] [22m    at async http://localhost:1420/src/stores/updateStore.ts:94:65
[2m[WebServer] [22m7:53:25 AM [vite] (client) [console.warn] [syncStore] sync_list_conflicts 返回非数组，已归一化为空列表（返回类型: undefined)
  ✓  14 [chromium] › e2e/mobile-editor-actions.spec.ts:6:5 › android 390px: editor save and cancel remain above navigation (1.9s)
[2m[WebServer] [22m7:53:27 AM [vite] (client) [console.warn] [syncStore] sync_list_conflicts 返回非数组，已归一化为空列表（返回类型: undefined)
  ✓  15 [chromium] › e2e/mobile-page-popover-viewport.spec.ts:4:1 › iOS add-page actions stay above the visual viewport bottom during keyboard resize (1.5s)

  15 passed (31.9s)
