[2m[WebServer] [22m(node:67379) Warning: The 'NO_COLOR' env is ignored due to the 'FORCE_COLOR' env being set.
[2m[WebServer] [22m(Use `node --trace-warnings ...` to show where the warning was created)

Running 30 tests using 2 workers

(node:67380) Warning: The 'NO_COLOR' env is ignored due to the 'FORCE_COLOR' env being set.
(Use `node --trace-warnings ...` to show where the warning was created)
(node:67381) Warning: The 'NO_COLOR' env is ignored due to the 'FORCE_COLOR' env being set.
(Use `node --trace-warnings ...` to show where the warning was created)
(node:67380) Warning: The 'NO_COLOR' env is ignored due to the 'FORCE_COLOR' env being set.
(Use `node --trace-warnings ...` to show where the warning was created)
(node:67381) Warning: The 'NO_COLOR' env is ignored due to the 'FORCE_COLOR' env being set.
(Use `node --trace-warnings ...` to show where the warning was created)
[2m[WebServer] [22m5:13:41 PM [vite] (client) [console.warn] [updater] android check failed: TypeError: Cannot read properties of undefined (reading 'latestVersion')
[2m[WebServer] [22m    at androidCheckForUpdate (http://localhost:1493/src/lib/updater.ts:177:12)
[2m[WebServer] [22m    at async http://localhost:1493/src/stores/updateStore.ts:94:65
  ✓   1 [chromium] › e2e/login-method-layout.spec.ts:59:3 › android 390px: login methods stay compact and PIN stays inside the card (4.6s)
  ✓   2 [chromium] › e2e/desktop-functional-colors.spec.ts:9:5 › macos warm-stone: functional labels remain neutral and navigation separates from content (4.7s)
[2m[WebServer] [22m5:13:44 PM [vite] (client) [console.warn] [updater] android check failed: TypeError: Cannot read properties of undefined (reading 'latestVersion')
[2m[WebServer] [22m    at androidCheckForUpdate (http://localhost:1493/src/lib/updater.ts:177:12)
[2m[WebServer] [22m    at async http://localhost:1493/src/stores/updateStore.ts:94:65
  ✓   3 [chromium] › e2e/login-method-layout.spec.ts:59:3 › android 320px: login methods stay compact and PIN stays inside the card (2.1s)
  ✓   4 [chromium] › e2e/desktop-functional-colors.spec.ts:9:5 › macos soft-cream: functional labels remain neutral and navigation separates from content (2.4s)
  ✓   5 [chromium] › e2e/login-method-layout.spec.ts:59:3 › ios 390px: login methods stay compact and PIN stays inside the card (1.6s)
  ✓   6 [chromium] › e2e/desktop-functional-colors.spec.ts:9:5 › macos warm-stone-dark: functional labels remain neutral and navigation separates from content (2.2s)
  ✓   7 [chromium] › e2e/login-method-layout.spec.ts:59:3 › macos 1100px: login methods stay compact and PIN stays inside the card (2.5s)
  ✓   8 [chromium] › e2e/desktop-functional-colors.spec.ts:9:5 › macos deep-ocean: functional labels remain neutral and navigation separates from content (2.4s)
  ✓   9 [chromium] › e2e/login-method-layout.spec.ts:59:3 › windows 1100px: login methods stay compact and PIN stays inside the card (1.6s)
  ✓  10 [chromium] › e2e/desktop-functional-colors.spec.ts:9:5 › windows warm-stone: functional labels remain neutral and navigation separates from content (1.7s)
  ✓  11 [chromium] › e2e/macos-glass.spec.ts:103:3 › light 登录普通面板收窄至80%并保留辅助功能回退 (1.7s)
  ✓  12 [chromium] › e2e/desktop-functional-colors.spec.ts:9:5 › windows soft-cream: functional labels remain neutral and navigation separates from content (2.0s)
  ✓  13 [chromium] › e2e/macos-glass.spec.ts:103:3 › dark 登录普通面板收窄至80%并保留辅助功能回退 (2.4s)
(node:67576) Warning: The 'NO_COLOR' env is ignored due to the 'FORCE_COLOR' env being set.
(Use `node --trace-warnings ...` to show where the warning was created)
(node:67576) Warning: The 'NO_COLOR' env is ignored due to the 'FORCE_COLOR' env being set.
(Use `node --trace-warnings ...` to show where the warning was created)
  ✓  14 [chromium] › e2e/desktop-functional-colors.spec.ts:9:5 › windows warm-stone-dark: functional labels remain neutral and navigation separates from content (2.4s)
  ✓  16 [chromium] › e2e/desktop-functional-colors.spec.ts:9:5 › windows deep-ocean: functional labels remain neutral and navigation separates from content (3.9s)
(node:67677) Warning: The 'NO_COLOR' env is ignored due to the 'FORCE_COLOR' env being set.
(Use `node --trace-warnings ...` to show where the warning was created)
(node:67677) Warning: The 'NO_COLOR' env is ignored due to the 'FORCE_COLOR' env being set.
(Use `node --trace-warnings ...` to show where the warning was created)
  ✓  15 [webkit] › e2e/desktop-functional-colors.spec.ts:9:5 › macos warm-stone: functional labels remain neutral and navigation separates from content (4.9s)
[2m[WebServer] [22m5:14:03 PM [vite] (client) [console.warn] [updater] android check failed: androidCheckForUpdate@http://localhost:1493/src/lib/updater.ts:177:11
[2m[WebServer] [22m@http://localhost:1493/src/stores/updateStore.ts:94:92
  ✓  17 [webkit] › e2e/login-method-layout.spec.ts:59:3 › android 390px: login methods stay compact and PIN stays inside the card (2.9s)
  ✓  18 [webkit] › e2e/desktop-functional-colors.spec.ts:9:5 › macos soft-cream: functional labels remain neutral and navigation separates from content (3.1s)
[2m[WebServer] [22m5:14:05 PM [vite] (client) [console.warn] [updater] android check failed: androidCheckForUpdate@http://localhost:1493/src/lib/updater.ts:177:11
[2m[WebServer] [22m@http://localhost:1493/src/stores/updateStore.ts:94:92
  ✓  19 [webkit] › e2e/login-method-layout.spec.ts:59:3 › android 320px: login methods stay compact and PIN stays inside the card (2.6s)
  ✓  20 [webkit] › e2e/desktop-functional-colors.spec.ts:9:5 › macos warm-stone-dark: functional labels remain neutral and navigation separates from content (2.7s)
  ✓  21 [webkit] › e2e/login-method-layout.spec.ts:59:3 › ios 390px: login methods stay compact and PIN stays inside the card (2.4s)
  ✓  22 [webkit] › e2e/desktop-functional-colors.spec.ts:9:5 › macos deep-ocean: functional labels remain neutral and navigation separates from content (2.8s)
  ✓  23 [webkit] › e2e/login-method-layout.spec.ts:59:3 › macos 1100px: login methods stay compact and PIN stays inside the card (1.9s)
  ✓  24 [webkit] › e2e/desktop-functional-colors.spec.ts:9:5 › windows warm-stone: functional labels remain neutral and navigation separates from content (2.0s)
  ✓  25 [webkit] › e2e/login-method-layout.spec.ts:59:3 › windows 1100px: login methods stay compact and PIN stays inside the card (1.8s)
  ✓  26 [webkit] › e2e/desktop-functional-colors.spec.ts:9:5 › windows soft-cream: functional labels remain neutral and navigation separates from content (2.0s)
  ✓  27 [webkit] › e2e/macos-glass.spec.ts:103:3 › light 登录普通面板收窄至80%并保留辅助功能回退 (2.0s)
  ✓  29 [webkit] › e2e/macos-glass.spec.ts:103:3 › dark 登录普通面板收窄至80%并保留辅助功能回退 (1.9s)
  ✓  28 [webkit] › e2e/desktop-functional-colors.spec.ts:9:5 › windows warm-stone-dark: functional labels remain neutral and navigation separates from content (2.6s)
  ✓  30 [webkit] › e2e/desktop-functional-colors.spec.ts:9:5 › windows deep-ocean: functional labels remain neutral and navigation separates from content (1.8s)

  30 passed (42.1s)
