[2m[WebServer] [22m(node:74391) Warning: The 'NO_COLOR' env is ignored due to the 'FORCE_COLOR' env being set.
[2m[WebServer] [22m(Use `node --trace-warnings ...` to show where the warning was created)

Running 36 tests using 2 workers

(node:74407) Warning: The 'NO_COLOR' env is ignored due to the 'FORCE_COLOR' env being set.
(Use `node --trace-warnings ...` to show where the warning was created)
(node:74406) Warning: The 'NO_COLOR' env is ignored due to the 'FORCE_COLOR' env being set.
(Use `node --trace-warnings ...` to show where the warning was created)
(node:74406) Warning: The 'NO_COLOR' env is ignored due to the 'FORCE_COLOR' env being set.
(Use `node --trace-warnings ...` to show where the warning was created)
(node:74407) Warning: The 'NO_COLOR' env is ignored due to the 'FORCE_COLOR' env being set.
(Use `node --trace-warnings ...` to show where the warning was created)
  ✓   1 [chromium] › e2e/macos-glass.spec.ts:103:3 › light 登录普通面板收窄至80%并保留辅助功能回退 (3.5s)
  ✓   2 [chromium] › e2e/desktop-functional-colors.spec.ts:9:5 › macos warm-stone: functional labels remain neutral and navigation separates from content (3.7s)
  ✓   3 [chromium] › e2e/macos-glass.spec.ts:103:3 › dark 登录普通面板收窄至80%并保留辅助功能回退 (1.5s)
  ✓   4 [chromium] › e2e/desktop-functional-colors.spec.ts:9:5 › macos soft-cream: functional labels remain neutral and navigation separates from content (2.2s)
[2m[WebServer] [22m5:23:32 PM [vite] (client) [console.warn] [syncStore] sync_list_conflicts 返回非数组，已归一化为空列表（返回类型: undefined)
  ✓   5 [chromium] › e2e/macos-preview-titlebar.spec.ts:429:5 › macOS light text preview preserves traffic lights and native hit regions (2.2s)
  ✓   6 [chromium] › e2e/desktop-functional-colors.spec.ts:9:5 › macos warm-stone-dark: functional labels remain neutral and navigation separates from content (1.6s)
[2m[WebServer] [22m5:23:35 PM [vite] (client) [console.warn] [syncStore] sync_list_conflicts 返回非数组，已归一化为空列表（返回类型: undefined)
  ✓   8 [chromium] › e2e/desktop-functional-colors.spec.ts:9:5 › macos deep-ocean: functional labels remain neutral and navigation separates from content (1.7s)
  ✓   7 [chromium] › e2e/macos-preview-titlebar.spec.ts:429:5 › macOS light pdf preview preserves traffic lights and native hit regions (2.1s)
[2m[WebServer] [22m5:23:37 PM [vite] (client) [console.warn] [syncStore] sync_list_conflicts 返回非数组，已归一化为空列表（返回类型: undefined)
  ✓   9 [chromium] › e2e/desktop-functional-colors.spec.ts:9:5 › windows warm-stone: functional labels remain neutral and navigation separates from content (1.6s)
  ✓  10 [chromium] › e2e/macos-preview-titlebar.spec.ts:429:5 › macOS light image preview preserves traffic lights and native hit regions (2.6s)
  ✓  11 [chromium] › e2e/desktop-functional-colors.spec.ts:9:5 › windows soft-cream: functional labels remain neutral and navigation separates from content (1.7s)
[2m[WebServer] [22m5:23:39 PM [vite] (client) [console.warn] [syncStore] sync_list_conflicts 返回非数组，已归一化为空列表（返回类型: undefined)
  ✓  13 [chromium] › e2e/desktop-functional-colors.spec.ts:9:5 › windows warm-stone-dark: functional labels remain neutral and navigation separates from content (1.6s)
  ✓  12 [chromium] › e2e/macos-preview-titlebar.spec.ts:429:5 › macOS dark text preview preserves traffic lights and native hit regions (2.4s)
[2m[WebServer] [22m5:23:42 PM [vite] (client) [console.warn] [syncStore] sync_list_conflicts 返回非数组，已归一化为空列表（返回类型: undefined)
  ✓  14 [chromium] › e2e/desktop-functional-colors.spec.ts:9:5 › windows deep-ocean: functional labels remain neutral and navigation separates from content (1.7s)
(node:74577) Warning: The 'NO_COLOR' env is ignored due to the 'FORCE_COLOR' env being set.
(Use `node --trace-warnings ...` to show where the warning was created)
(node:74577) Warning: The 'NO_COLOR' env is ignored due to the 'FORCE_COLOR' env being set.
(Use `node --trace-warnings ...` to show where the warning was created)
  ✓  15 [chromium] › e2e/macos-preview-titlebar.spec.ts:429:5 › macOS dark pdf preview preserves traffic lights and native hit regions (2.3s)
[2m[WebServer] [22m5:23:44 PM [vite] (client) [console.warn] [syncStore] sync_list_conflicts 返回非数组，已归一化为空列表（返回类型: undefined)
  ✓  17 [chromium] › e2e/macos-preview-titlebar.spec.ts:429:5 › macOS dark image preview preserves traffic lights and native hit regions (2.4s)
  ✓  16 [webkit] › e2e/desktop-functional-colors.spec.ts:9:5 › macos warm-stone: functional labels remain neutral and navigation separates from content (3.1s)
[2m[WebServer] [22m5:23:46 PM [vite] (client) [console.warn] [syncStore] sync_list_conflicts 返回非数组，已归一化为空列表（返回类型: undefined)
  ✓  19 [webkit] › e2e/desktop-functional-colors.spec.ts:9:5 › macos soft-cream: functional labels remain neutral and navigation separates from content (2.1s)
  ✓  18 [chromium] › e2e/macos-preview-titlebar.spec.ts:482:1 › macOS photo viewer returns through album and restores each titlebar hit region (3.2s)
[2m[WebServer] [22m5:23:50 PM [vite] (client) [console.warn] [syncStore] sync_list_conflicts 返回非数组，已归一化为空列表（返回类型: undefined)
  ✓  20 [webkit] › e2e/desktop-functional-colors.spec.ts:9:5 › macos warm-stone-dark: functional labels remain neutral and navigation separates from content (2.7s)
  ✓  21 [chromium] › e2e/macos-preview-titlebar.spec.ts:513:1 › macOS preview also removes the object attachment card backdrop from the traffic lights (3.0s)
(node:74692) Warning: The 'NO_COLOR' env is ignored due to the 'FORCE_COLOR' env being set.
(Use `node --trace-warnings ...` to show where the warning was created)
(node:74692) Warning: The 'NO_COLOR' env is ignored due to the 'FORCE_COLOR' env being set.
(Use `node --trace-warnings ...` to show where the warning was created)
  ✓  22 [webkit] › e2e/desktop-functional-colors.spec.ts:9:5 › macos deep-ocean: functional labels remain neutral and navigation separates from content (2.2s)
  ✓  23 [webkit] › e2e/macos-glass.spec.ts:103:3 › light 登录普通面板收窄至80%并保留辅助功能回退 (2.6s)
  ✓  24 [webkit] › e2e/desktop-functional-colors.spec.ts:9:5 › windows warm-stone: functional labels remain neutral and navigation separates from content (2.4s)
  ✓  25 [webkit] › e2e/macos-glass.spec.ts:103:3 › dark 登录普通面板收窄至80%并保留辅助功能回退 (2.3s)
  ✓  26 [webkit] › e2e/desktop-functional-colors.spec.ts:9:5 › windows soft-cream: functional labels remain neutral and navigation separates from content (2.3s)
[2m[WebServer] [22m5:24:00 PM [vite] (client) [console.warn] [syncStore] sync_list_conflicts 返回非数组，已归一化为空列表（返回类型: undefined)
  ✓  28 [webkit] › e2e/desktop-functional-colors.spec.ts:9:5 › windows warm-stone-dark: functional labels remain neutral and navigation separates from content (2.1s)
  ✓  27 [webkit] › e2e/macos-preview-titlebar.spec.ts:429:5 › macOS light text preview preserves traffic lights and native hit regions (3.5s)
  ✓  29 [webkit] › e2e/desktop-functional-colors.spec.ts:9:5 › windows deep-ocean: functional labels remain neutral and navigation separates from content (2.7s)
[2m[WebServer] [22m5:24:03 PM [vite] (client) [console.warn] [syncStore] sync_list_conflicts 返回非数组，已归一化为空列表（返回类型: undefined)
  ✓  30 [webkit] › e2e/macos-preview-titlebar.spec.ts:429:5 › macOS light pdf preview preserves traffic lights and native hit regions (2.6s)
[2m[WebServer] [22m5:24:05 PM [vite] (client) [console.warn] [syncStore] sync_list_conflicts 返回非数组，已归一化为空列表（返回类型: undefined)
  ✓  31 [webkit] › e2e/macos-preview-titlebar.spec.ts:429:5 › macOS light image preview preserves traffic lights and native hit regions (2.6s)
[2m[WebServer] [22m5:24:08 PM [vite] (client) [console.warn] [syncStore] sync_list_conflicts 返回非数组，已归一化为空列表（返回类型: undefined)
  ✓  32 [webkit] › e2e/macos-preview-titlebar.spec.ts:429:5 › macOS dark text preview preserves traffic lights and native hit regions (2.3s)
[2m[WebServer] [22m5:24:10 PM [vite] (client) [console.warn] [syncStore] sync_list_conflicts 返回非数组，已归一化为空列表（返回类型: undefined)
  ✓  33 [webkit] › e2e/macos-preview-titlebar.spec.ts:429:5 › macOS dark pdf preview preserves traffic lights and native hit regions (2.3s)
[2m[WebServer] [22m5:24:12 PM [vite] (client) [console.warn] [syncStore] sync_list_conflicts 返回非数组，已归一化为空列表（返回类型: undefined)
  ✓  34 [webkit] › e2e/macos-preview-titlebar.spec.ts:429:5 › macOS dark image preview preserves traffic lights and native hit regions (2.2s)
[2m[WebServer] [22m5:24:14 PM [vite] (client) [console.warn] [syncStore] sync_list_conflicts 返回非数组，已归一化为空列表（返回类型: undefined)
  ✓  35 [webkit] › e2e/macos-preview-titlebar.spec.ts:482:1 › macOS photo viewer returns through album and restores each titlebar hit region (2.4s)
[2m[WebServer] [22m5:24:17 PM [vite] (client) [console.warn] [syncStore] sync_list_conflicts 返回非数组，已归一化为空列表（返回类型: undefined)
  ✓  36 [webkit] › e2e/macos-preview-titlebar.spec.ts:513:1 › macOS preview also removes the object attachment card backdrop from the traffic lights (2.2s)

  36 passed (53.3s)
