[2m[WebServer] [22m(node:70963) Warning: The 'NO_COLOR' env is ignored due to the 'FORCE_COLOR' env being set.
[2m[WebServer] [22m(Use `node --trace-warnings ...` to show where the warning was created)

Running 32 tests using 2 workers

(node:70965) Warning: The 'NO_COLOR' env is ignored due to the 'FORCE_COLOR' env being set.
(Use `node --trace-warnings ...` to show where the warning was created)
(node:70966) Warning: The 'NO_COLOR' env is ignored due to the 'FORCE_COLOR' env being set.
(Use `node --trace-warnings ...` to show where the warning was created)
(node:70966) Warning: The 'NO_COLOR' env is ignored due to the 'FORCE_COLOR' env being set.
(Use `node --trace-warnings ...` to show where the warning was created)
(node:70965) Warning: The 'NO_COLOR' env is ignored due to the 'FORCE_COLOR' env being set.
(Use `node --trace-warnings ...` to show where the warning was created)
[2m[WebServer] [22m5:18:23 PM [vite] (client) [console.warn] [updater] android check failed: TypeError: Cannot read properties of undefined (reading 'latestVersion')
[2m[WebServer] [22m    at androidCheckForUpdate (http://localhost:1493/src/lib/updater.ts:177:12)
[2m[WebServer] [22m    at async http://localhost:1493/src/stores/updateStore.ts:94:65
[2m[WebServer] [22m5:18:23 PM [vite] (client) [console.warn] [updater] android check failed: TypeError: Cannot read properties of undefined (reading 'latestVersion')
[2m[WebServer] [22m    at androidCheckForUpdate (http://localhost:1493/src/lib/updater.ts:177:12)
[2m[WebServer] [22m    at async http://localhost:1493/src/stores/updateStore.ts:94:65
[2m[WebServer] [22m5:18:23 PM [vite] (client) [console.warn] [syncStore] sync_list_conflicts 返回非数组，已归一化为空列表（返回类型: undefined)
[2m[WebServer] [22m5:18:24 PM [vite] (client) [console.warn] [updater] android check failed: androidCheckForUpdate@http://localhost:1493/src/lib/updater.ts:177:11
[2m[WebServer] [22m@http://localhost:1493/src/stores/updateStore.ts:94:92
[2m[WebServer] [22m5:18:24 PM [vite] (client) [console.warn] [updater] android check failed: androidCheckForUpdate@http://localhost:1493/src/lib/updater.ts:177:11
[2m[WebServer] [22m@http://localhost:1493/src/stores/updateStore.ts:94:92
[2m[WebServer] [22m5:18:24 PM [vite] (client) [console.warn] [syncStore] sync_list_conflicts 返回非数组，已归一化为空列表（返回类型: undefined)
  ✓   1 [chromium] › e2e/macos-preview-titlebar.spec.ts:230:3 › Android light reminders follow file preview, album and photo viewer (4.3s)
[2m[WebServer] [22m5:18:26 PM [vite] (client) [console.warn] [updater] android check failed: TypeError: Cannot read properties of undefined (reading 'latestVersion')
[2m[WebServer] [22m    at androidCheckForUpdate (http://localhost:1493/src/lib/updater.ts:177:12)
[2m[WebServer] [22m    at async http://localhost:1493/src/stores/updateStore.ts:94:65
[2m[WebServer] [22m5:18:26 PM [vite] (client) [console.warn] [updater] android check failed: TypeError: Cannot read properties of undefined (reading 'latestVersion')
[2m[WebServer] [22m    at androidCheckForUpdate (http://localhost:1493/src/lib/updater.ts:177:12)
[2m[WebServer] [22m    at async http://localhost:1493/src/stores/updateStore.ts:94:65
[2m[WebServer] [22m5:18:26 PM [vite] (client) [console.warn] [syncStore] sync_list_conflicts 返回非数组，已归一化为空列表（返回类型: undefined)
  ✓   2 [webkit] › e2e/macos-preview-titlebar.spec.ts:230:3 › Android light reminders follow file preview, album and photo viewer (5.6s)
[2m[WebServer] [22m5:18:27 PM [vite] (client) [console.warn] [updater] android check failed: androidCheckForUpdate@http://localhost:1493/src/lib/updater.ts:177:11
[2m[WebServer] [22m@http://localhost:1493/src/stores/updateStore.ts:94:92
[2m[WebServer] [22m5:18:27 PM [vite] (client) [console.warn] [updater] android check failed: androidCheckForUpdate@http://localhost:1493/src/lib/updater.ts:177:11
[2m[WebServer] [22m@http://localhost:1493/src/stores/updateStore.ts:94:92
[2m[WebServer] [22m5:18:28 PM [vite] (client) [console.warn] [syncStore] sync_list_conflicts 返回非数组，已归一化为空列表（返回类型: undefined)
  ✓   3 [chromium] › e2e/macos-preview-titlebar.spec.ts:230:3 › Android dark reminders follow file preview, album and photo viewer (3.5s)
[2m[WebServer] [22m5:18:29 PM [vite] (client) [console.warn] [updater] android check failed: TypeError: Cannot read properties of undefined (reading 'latestVersion')
[2m[WebServer] [22m    at androidCheckForUpdate (http://localhost:1493/src/lib/updater.ts:177:12)
[2m[WebServer] [22m    at async http://localhost:1493/src/stores/updateStore.ts:94:65
[2m[WebServer] [22m5:18:29 PM [vite] (client) [console.warn] [updater] android check failed: TypeError: Cannot read properties of undefined (reading 'latestVersion')
[2m[WebServer] [22m    at androidCheckForUpdate (http://localhost:1493/src/lib/updater.ts:177:12)
[2m[WebServer] [22m    at async http://localhost:1493/src/stores/updateStore.ts:94:65
  ✓   4 [webkit] › e2e/macos-preview-titlebar.spec.ts:230:3 › Android dark reminders follow file preview, album and photo viewer (3.3s)
[2m[WebServer] [22m5:18:29 PM [vite] (client) [console.warn] [syncStore] sync_list_conflicts 返回非数组，已归一化为空列表（返回类型: undefined)
[2m[WebServer] [22m5:18:30 PM [vite] (client) [console.warn] [updater] android check failed: androidCheckForUpdate@http://localhost:1493/src/lib/updater.ts:177:11
[2m[WebServer] [22m@http://localhost:1493/src/stores/updateStore.ts:94:92
[2m[WebServer] [22m5:18:31 PM [vite] (client) [console.warn] [updater] android check failed: androidCheckForUpdate@http://localhost:1493/src/lib/updater.ts:177:11
[2m[WebServer] [22m@http://localhost:1493/src/stores/updateStore.ts:94:92
[2m[WebServer] [22m5:18:31 PM [vite] (client) [console.warn] [syncStore] sync_list_conflicts 返回非数组，已归一化为空列表（返回类型: undefined)
  ✓   5 [chromium] › e2e/macos-preview-titlebar.spec.ts:369:3 › Android light preview controls respect native safe-area lengths (2.7s)
[2m[WebServer] [22m5:18:32 PM [vite] (client) [console.warn] [updater] android check failed: TypeError: Cannot read properties of undefined (reading 'latestVersion')
[2m[WebServer] [22m    at androidCheckForUpdate (http://localhost:1493/src/lib/updater.ts:177:12)
[2m[WebServer] [22m    at async http://localhost:1493/src/stores/updateStore.ts:94:65
  ✓   6 [webkit] › e2e/macos-preview-titlebar.spec.ts:369:3 › Android light preview controls respect native safe-area lengths (2.5s)
[2m[WebServer] [22m5:18:32 PM [vite] (client) [console.warn] [updater] android check failed: TypeError: Cannot read properties of undefined (reading 'latestVersion')
[2m[WebServer] [22m    at androidCheckForUpdate (http://localhost:1493/src/lib/updater.ts:177:12)
[2m[WebServer] [22m    at async http://localhost:1493/src/stores/updateStore.ts:94:65
[2m[WebServer] [22m5:18:32 PM [vite] (client) [console.warn] [syncStore] sync_list_conflicts 返回非数组，已归一化为空列表（返回类型: undefined)
[2m[WebServer] [22m5:18:33 PM [vite] (client) [console.warn] [updater] android check failed: androidCheckForUpdate@http://localhost:1493/src/lib/updater.ts:177:11
[2m[WebServer] [22m@http://localhost:1493/src/stores/updateStore.ts:94:92
[2m[WebServer] [22m5:18:33 PM [vite] (client) [console.warn] [updater] android check failed: androidCheckForUpdate@http://localhost:1493/src/lib/updater.ts:177:11
[2m[WebServer] [22m@http://localhost:1493/src/stores/updateStore.ts:94:92
[2m[WebServer] [22m5:18:33 PM [vite] (client) [console.warn] [syncStore] sync_list_conflicts 返回非数组，已归一化为空列表（返回类型: undefined)
  ✓   7 [chromium] › e2e/macos-preview-titlebar.spec.ts:369:3 › Android dark preview controls respect native safe-area lengths (2.6s)
  ✓   8 [webkit] › e2e/macos-preview-titlebar.spec.ts:369:3 › Android dark preview controls respect native safe-area lengths (2.5s)
[2m[WebServer] [22m5:18:35 PM [vite] (client) [console.warn] [syncStore] sync_list_conflicts 返回非数组，已归一化为空列表（返回类型: undefined)
  ✓   9 [chromium] › e2e/macos-preview-titlebar.spec.ts:429:5 › macOS light text preview preserves traffic lights and native hit regions (2.2s)
[2m[WebServer] [22m5:18:36 PM [vite] (client) [console.warn] [syncStore] sync_list_conflicts 返回非数组，已归一化为空列表（返回类型: undefined)
  ✓  10 [webkit] › e2e/macos-preview-titlebar.spec.ts:429:5 › macOS light text preview preserves traffic lights and native hit regions (2.6s)
[2m[WebServer] [22m5:18:37 PM [vite] (client) [console.warn] [syncStore] sync_list_conflicts 返回非数组，已归一化为空列表（返回类型: undefined)
  ✓  11 [chromium] › e2e/macos-preview-titlebar.spec.ts:429:5 › macOS light pdf preview preserves traffic lights and native hit regions (2.2s)
[2m[WebServer] [22m5:18:39 PM [vite] (client) [console.warn] [syncStore] sync_list_conflicts 返回非数组，已归一化为空列表（返回类型: undefined)
[2m[WebServer] [22m5:18:39 PM [vite] (client) [console.warn] [syncStore] sync_list_conflicts 返回非数组，已归一化为空列表（返回类型: undefined)
  ✓  12 [webkit] › e2e/macos-preview-titlebar.spec.ts:429:5 › macOS light pdf preview preserves traffic lights and native hit regions (2.3s)
  ✓  13 [chromium] › e2e/macos-preview-titlebar.spec.ts:429:5 › macOS light image preview preserves traffic lights and native hit regions (2.2s)
[2m[WebServer] [22m5:18:41 PM [vite] (client) [console.warn] [syncStore] sync_list_conflicts 返回非数组，已归一化为空列表（返回类型: undefined)
[2m[WebServer] [22m5:18:41 PM [vite] (client) [console.warn] [syncStore] sync_list_conflicts 返回非数组，已归一化为空列表（返回类型: undefined)
  ✓  14 [webkit] › e2e/macos-preview-titlebar.spec.ts:429:5 › macOS light image preview preserves traffic lights and native hit regions (2.2s)
  ✓  15 [chromium] › e2e/macos-preview-titlebar.spec.ts:429:5 › macOS dark text preview preserves traffic lights and native hit regions (2.1s)
[2m[WebServer] [22m5:18:43 PM [vite] (client) [console.warn] [syncStore] sync_list_conflicts 返回非数组，已归一化为空列表（返回类型: undefined)
[2m[WebServer] [22m5:18:44 PM [vite] (client) [console.warn] [syncStore] sync_list_conflicts 返回非数组，已归一化为空列表（返回类型: undefined)
  ✓  16 [webkit] › e2e/macos-preview-titlebar.spec.ts:429:5 › macOS dark text preview preserves traffic lights and native hit regions (2.1s)
  ✓  17 [chromium] › e2e/macos-preview-titlebar.spec.ts:429:5 › macOS dark pdf preview preserves traffic lights and native hit regions (2.2s)
[2m[WebServer] [22m5:18:45 PM [vite] (client) [console.warn] [syncStore] sync_list_conflicts 返回非数组，已归一化为空列表（返回类型: undefined)
[2m[WebServer] [22m5:18:46 PM [vite] (client) [console.warn] [syncStore] sync_list_conflicts 返回非数组，已归一化为空列表（返回类型: undefined)
  ✓  18 [webkit] › e2e/macos-preview-titlebar.spec.ts:429:5 › macOS dark pdf preview preserves traffic lights and native hit regions (2.4s)
  ✓  19 [chromium] › e2e/macos-preview-titlebar.spec.ts:429:5 › macOS dark image preview preserves traffic lights and native hit regions (2.3s)
[2m[WebServer] [22m5:18:48 PM [vite] (client) [console.warn] [syncStore] sync_list_conflicts 返回非数组，已归一化为空列表（返回类型: undefined)
  ✓  20 [webkit] › e2e/macos-preview-titlebar.spec.ts:429:5 › macOS dark image preview preserves traffic lights and native hit regions (2.1s)
[2m[WebServer] [22m5:18:48 PM [vite] (client) [console.warn] [syncStore] sync_list_conflicts 返回非数组，已归一化为空列表（返回类型: undefined)
[2m[WebServer] [22m5:18:50 PM [vite] (client) [console.warn] [syncStore] sync_list_conflicts 返回非数组，已归一化为空列表（返回类型: undefined)
  ✓  21 [chromium] › e2e/macos-preview-titlebar.spec.ts:482:1 › macOS photo viewer returns through album and restores each titlebar hit region (3.0s)
  ✓  22 [webkit] › e2e/macos-preview-titlebar.spec.ts:482:1 › macOS photo viewer returns through album and restores each titlebar hit region (2.4s)
[2m[WebServer] [22m5:18:51 PM [vite] (client) [console.warn] [syncStore] sync_list_conflicts 返回非数组，已归一化为空列表（返回类型: undefined)
  ✓  23 [chromium] › e2e/macos-preview-titlebar.spec.ts:513:1 › macOS preview also removes the object attachment card backdrop from the traffic lights (1.9s)
[2m[WebServer] [22m5:18:52 PM [vite] (client) [console.warn] [syncStore] sync_list_conflicts 返回非数组，已归一化为空列表（返回类型: undefined)
  ✓  24 [webkit] › e2e/macos-preview-titlebar.spec.ts:513:1 › macOS preview also removes the object attachment card backdrop from the traffic lights (3.1s)
[2m[WebServer] [22m5:18:54 PM [vite] (client) [console.warn] [syncStore] sync_list_conflicts 返回非数组，已归一化为空列表（返回类型: undefined)
  ✓  25 [chromium] › e2e/macos-preview-titlebar.spec.ts:543:3 › windows preview keeps its existing top spacing (2.4s)
[2m[WebServer] [22m5:18:55 PM [vite] (client) [console.warn] [updater] android check failed: TypeError: Cannot read properties of undefined (reading 'latestVersion')
[2m[WebServer] [22m    at androidCheckForUpdate (http://localhost:1493/src/lib/updater.ts:177:12)
[2m[WebServer] [22m    at async http://localhost:1493/src/stores/updateStore.ts:94:65
[2m[WebServer] [22m5:18:56 PM [vite] (client) [console.warn] [syncStore] sync_list_conflicts 返回非数组，已归一化为空列表（返回类型: undefined)
[2m[WebServer] [22m5:18:56 PM [vite] (client) [console.warn] [updater] android check failed: TypeError: Cannot read properties of undefined (reading 'latestVersion')
[2m[WebServer] [22m    at androidCheckForUpdate (http://localhost:1493/src/lib/updater.ts:177:12)
[2m[WebServer] [22m    at async http://localhost:1493/src/stores/updateStore.ts:94:65
  ✓  26 [webkit] › e2e/macos-preview-titlebar.spec.ts:543:3 › windows preview keeps its existing top spacing (2.2s)
[2m[WebServer] [22m5:18:56 PM [vite] (client) [console.warn] [syncStore] sync_list_conflicts 返回非数组，已归一化为空列表（返回类型: undefined)
  ✓  27 [chromium] › e2e/macos-preview-titlebar.spec.ts:543:3 › android preview keeps its existing top spacing (2.6s)
[2m[WebServer] [22m5:18:58 PM [vite] (client) [console.warn] [updater] android check failed: androidCheckForUpdate@http://localhost:1493/src/lib/updater.ts:177:11
[2m[WebServer] [22m@http://localhost:1493/src/stores/updateStore.ts:94:92
[2m[WebServer] [22m5:18:58 PM [vite] (client) [console.warn] [syncStore] sync_list_conflicts 返回非数组，已归一化为空列表（返回类型: undefined)
[2m[WebServer] [22m5:18:58 PM [vite] (client) [console.warn] [updater] android check failed: androidCheckForUpdate@http://localhost:1493/src/lib/updater.ts:177:11
[2m[WebServer] [22m@http://localhost:1493/src/stores/updateStore.ts:94:92
[2m[WebServer] [22m5:18:58 PM [vite] (client) [console.warn] [syncStore] sync_list_conflicts 返回非数组，已归一化为空列表（返回类型: undefined)
  ✓  28 [webkit] › e2e/macos-preview-titlebar.spec.ts:543:3 › android preview keeps its existing top spacing (3.2s)
  ✓  29 [chromium] › e2e/macos-preview-titlebar.spec.ts:560:3 › Windows light photo preview and album keep the AppBar surface (2.5s)
[2m[WebServer] [22m5:19:01 PM [vite] (client) [console.warn] [syncStore] sync_list_conflicts 返回非数组，已归一化为空列表（返回类型: undefined)
[2m[WebServer] [22m5:19:01 PM [vite] (client) [console.warn] [syncStore] sync_list_conflicts 返回非数组，已归一化为空列表（返回类型: undefined)
  ✓  31 [chromium] › e2e/macos-preview-titlebar.spec.ts:560:3 › Windows dark photo preview and album keep the AppBar surface (3.2s)
  ✓  30 [webkit] › e2e/macos-preview-titlebar.spec.ts:560:3 › Windows light photo preview and album keep the AppBar surface (3.5s)
[2m[WebServer] [22m5:19:04 PM [vite] (client) [console.warn] [syncStore] sync_list_conflicts 返回非数组，已归一化为空列表（返回类型: undefined)
  ✓  32 [webkit] › e2e/macos-preview-titlebar.spec.ts:560:3 › Windows dark photo preview and album keep the AppBar surface (2.8s)

  32 passed (46.5s)
