
Running 6 tests using 2 workers

(node:51052) Warning: The 'NO_COLOR' env is ignored due to the 'FORCE_COLOR' env being set.
(Use `node --trace-warnings ...` to show where the warning was created)
(node:51051) Warning: The 'NO_COLOR' env is ignored due to the 'FORCE_COLOR' env being set.
(Use `node --trace-warnings ...` to show where the warning was created)
(node:51051) Warning: The 'NO_COLOR' env is ignored due to the 'FORCE_COLOR' env being set.
(Use `node --trace-warnings ...` to show where the warning was created)
(node:51052) Warning: The 'NO_COLOR' env is ignored due to the 'FORCE_COLOR' env being set.
(Use `node --trace-warnings ...` to show where the warning was created)
  ✘  2 [chromium] › e2e/scroll-region.spec.ts:131:1 › real tools scrollbar uses the same paint mechanism as main (5.4s)
(node:51093) Warning: The 'NO_COLOR' env is ignored due to the 'FORCE_COLOR' env being set.
(Use `node --trace-warnings ...` to show where the warning was created)
(node:51093) Warning: The 'NO_COLOR' env is ignored due to the 'FORCE_COLOR' env being set.
(Use `node --trace-warnings ...` to show where the warning was created)
  ✘  1 [webkit] › e2e/scroll-region.spec.ts:131:1 › real tools scrollbar uses the same paint mechanism as main (5.9s)
(node:51100) Warning: The 'NO_COLOR' env is ignored due to the 'FORCE_COLOR' env being set.
(Use `node --trace-warnings ...` to show where the warning was created)
(node:51100) Warning: The 'NO_COLOR' env is ignored due to the 'FORCE_COLOR' env being set.
(Use `node --trace-warnings ...` to show where the warning was created)
  ✘  3 [chromium] › e2e/scroll-region.spec.ts:138:1 › mouse events received after activation restore region without a focus event (5.2s)
(node:51131) Warning: The 'NO_COLOR' env is ignored due to the 'FORCE_COLOR' env being set.
(Use `node --trace-warnings ...` to show where the warning was created)
(node:51131) Warning: The 'NO_COLOR' env is ignored due to the 'FORCE_COLOR' env being set.
(Use `node --trace-warnings ...` to show where the warning was created)
  ✘  4 [webkit] › e2e/scroll-region.spec.ts:138:1 › mouse events received after activation restore region without a focus event (5.6s)
(node:51136) Warning: The 'NO_COLOR' env is ignored due to the 'FORCE_COLOR' env being set.
(Use `node --trace-warnings ...` to show where the warning was created)
(node:51136) Warning: The 'NO_COLOR' env is ignored due to the 'FORCE_COLOR' env being set.
(Use `node --trace-warnings ...` to show where the warning was created)
  ✘  5 [chromium] › e2e/scroll-region.spec.ts:147:1 › child event interception cannot leave the previous region highlighted (5.2s)
  ✘  6 [webkit] › e2e/scroll-region.spec.ts:147:1 › child event interception cannot leave the previous region highlighted (5.6s)


  1) [chromium] › e2e/scroll-region.spec.ts:131:1 › real tools scrollbar uses the same paint mechanism as main 

    Error: [2mexpect([22m[31mlocator[39m[2m).[22mtoHaveCSS[2m([22m[32mexpected[39m[2m)[22m failed

    Locator:  locator('#tools-scroll')
    Expected: [32m"auto"[39m
    Received: [31m"thin"[39m
    Timeout:  5000ms

    Call log:
    [2m  - Expect "toHaveCSS" with timeout 5000ms[22m
    [2m  - waiting for locator('#tools-scroll')[22m
    [2m    14 × locator resolved to <div id="tools-scroll" data-scrollbar-active="true" data-scrollbar-active-y="true" class="_foldableContent_69qy1_145">…</div>[22m
    [2m       - unexpected value "thin"[22m


      133 |   await tools.hover({ position: { x: 25, y: 35 } });
      134 |   await expect(tools).toHaveAttribute('data-scrollbar-active-y', 'true');
    > 135 |   await expect(tools).toHaveCSS('scrollbar-width', 'auto');
          |                       ^
      136 | });
      137 |
      138 | test('mouse events received after activation restore region without a focus event', async ({ page }) => {
        at /Users/zzc/PycharmProjects/SoloSoul/tauri/e2e/scroll-region.spec.ts:135:23

    Error Context: ../../../../../tmp/solosoul-scroll-region-second-results/scroll-region-real-tools-s-3bdc2-ame-paint-mechanism-as-main-chromium/error-context.md

  2) [chromium] › e2e/scroll-region.spec.ts:138:1 › mouse events received after activation restore region without a focus event 

    Error: [2mexpect([22m[31mlocator[39m[2m).[22mtoHaveAttribute[2m([22m[32mexpected[39m[2m)[22m failed

    Locator:  locator('#scroll-sidebar')
    Expected: [32m"true"[39m
    Received: [31m""[39m
    Timeout:  5000ms

    Call log:
    [2m  - Expect "toHaveAttribute" with timeout 5000ms[22m
    [2m  - waiting for locator('#scroll-sidebar')[22m
    [2m    14 × locator resolved to <aside id="scroll-sidebar">…</aside>[22m
    [2m       - unexpected value "null"[22m


      142 |   // WebView 激活/原生滚动条边缘可只交付兼容鼠标事件，不能一直卡在 suspended。
      143 |   await page.locator('#scroll-sidebar').dispatchEvent('mousemove', { clientX: 30, clientY: 400 });
    > 144 |   await expect(page.locator('#scroll-sidebar')).toHaveAttribute('data-scrollbar-active-y', 'true');
          |                                                 ^
      145 | });
      146 |
      147 | test('child event interception cannot leave the previous region highlighted', async ({ page }) => {
        at /Users/zzc/PycharmProjects/SoloSoul/tauri/e2e/scroll-region.spec.ts:144:49

    Error Context: ../../../../../tmp/solosoul-scroll-region-second-results/scroll-region-mouse-events-69974-egion-without-a-focus-event-chromium/error-context.md

  3) [chromium] › e2e/scroll-region.spec.ts:147:1 › child event interception cannot leave the previous region highlighted 

    Error: [2mexpect([22m[31mlocator[39m[2m).[22mtoHaveAttribute[2m([22m[32mexpected[39m[2m)[22m failed

    Locator:  locator('#scroll-sidebar')
    Expected: [32m"true"[39m
    Received: [31m""[39m
    Timeout:  5000ms

    Call log:
    [2m  - Expect "toHaveAttribute" with timeout 5000ms[22m
    [2m  - waiting for locator('#scroll-sidebar')[22m
    [2m    14 × locator resolved to <aside id="scroll-sidebar">…</aside>[22m
    [2m       - unexpected value "null"[22m


      154 |   });
      155 |   await page.locator('#scroll-sidebar').hover({ position: { x: 40, y: 400 } });
    > 156 |   await expect(page.locator('#scroll-sidebar')).toHaveAttribute('data-scrollbar-active-y', 'true');
          |                                                 ^
      157 |   await expect(page.locator('#scroll-main')).not.toHaveAttribute('data-scrollbar-active', 'true');
      158 | });
      159 |
        at /Users/zzc/PycharmProjects/SoloSoul/tauri/e2e/scroll-region.spec.ts:156:49

    Error Context: ../../../../../tmp/solosoul-scroll-region-second-results/scroll-region-child-event--3bb80-previous-region-highlighted-chromium/error-context.md

  4) [webkit] › e2e/scroll-region.spec.ts:131:1 › real tools scrollbar uses the same paint mechanism as main 

    Error: [2mexpect([22m[31mlocator[39m[2m).[22mtoHaveCSS[2m([22m[32mexpected[39m[2m)[22m failed

    Locator:  locator('#tools-scroll')
    Expected: [32m"auto"[39m
    Received: [31m"thin"[39m
    Timeout:  5000ms

    Call log:
    [2m  - Expect "toHaveCSS" with timeout 5000ms[22m
    [2m  - waiting for locator('#tools-scroll')[22m
    [2m    14 × locator resolved to <div id="tools-scroll" data-scrollbar-active="true" data-scrollbar-active-y="true" class="_foldableContent_69qy1_145">…</div>[22m
    [2m       - unexpected value "thin"[22m


      133 |   await tools.hover({ position: { x: 25, y: 35 } });
      134 |   await expect(tools).toHaveAttribute('data-scrollbar-active-y', 'true');
    > 135 |   await expect(tools).toHaveCSS('scrollbar-width', 'auto');
          |                       ^
      136 | });
      137 |
      138 | test('mouse events received after activation restore region without a focus event', async ({ page }) => {
        at /Users/zzc/PycharmProjects/SoloSoul/tauri/e2e/scroll-region.spec.ts:135:23

    Error Context: ../../../../../tmp/solosoul-scroll-region-second-results/scroll-region-real-tools-s-3bdc2-ame-paint-mechanism-as-main-webkit/error-context.md

  5) [webkit] › e2e/scroll-region.spec.ts:138:1 › mouse events received after activation restore region without a focus event 

    Error: [2mexpect([22m[31mlocator[39m[2m).[22mtoHaveAttribute[2m([22m[32mexpected[39m[2m)[22m failed

    Locator:  locator('#scroll-sidebar')
    Expected: [32m"true"[39m
    Received: [31m""[39m
    Timeout:  5000ms

    Call log:
    [2m  - Expect "toHaveAttribute" with timeout 5000ms[22m
    [2m  - waiting for locator('#scroll-sidebar')[22m
    [2m    14 × locator resolved to <aside id="scroll-sidebar">…</aside>[22m
    [2m       - unexpected value "null"[22m


      142 |   // WebView 激活/原生滚动条边缘可只交付兼容鼠标事件，不能一直卡在 suspended。
      143 |   await page.locator('#scroll-sidebar').dispatchEvent('mousemove', { clientX: 30, clientY: 400 });
    > 144 |   await expect(page.locator('#scroll-sidebar')).toHaveAttribute('data-scrollbar-active-y', 'true');
          |                                                 ^
      145 | });
      146 |
      147 | test('child event interception cannot leave the previous region highlighted', async ({ page }) => {
        at /Users/zzc/PycharmProjects/SoloSoul/tauri/e2e/scroll-region.spec.ts:144:49

    Error Context: ../../../../../tmp/solosoul-scroll-region-second-results/scroll-region-mouse-events-69974-egion-without-a-focus-event-webkit/error-context.md

  6) [webkit] › e2e/scroll-region.spec.ts:147:1 › child event interception cannot leave the previous region highlighted 

    Error: [2mexpect([22m[31mlocator[39m[2m).[22mtoHaveAttribute[2m([22m[32mexpected[39m[2m)[22m failed

    Locator:  locator('#scroll-sidebar')
    Expected: [32m"true"[39m
    Received: [31m""[39m
    Timeout:  5000ms

    Call log:
    [2m  - Expect "toHaveAttribute" with timeout 5000ms[22m
    [2m  - waiting for locator('#scroll-sidebar')[22m
    [2m    14 × locator resolved to <aside id="scroll-sidebar">…</aside>[22m
    [2m       - unexpected value "null"[22m


      154 |   });
      155 |   await page.locator('#scroll-sidebar').hover({ position: { x: 40, y: 400 } });
    > 156 |   await expect(page.locator('#scroll-sidebar')).toHaveAttribute('data-scrollbar-active-y', 'true');
          |                                                 ^
      157 |   await expect(page.locator('#scroll-main')).not.toHaveAttribute('data-scrollbar-active', 'true');
      158 | });
      159 |
        at /Users/zzc/PycharmProjects/SoloSoul/tauri/e2e/scroll-region.spec.ts:156:49

    Error Context: ../../../../../tmp/solosoul-scroll-region-second-results/scroll-region-child-event--3bb80-previous-region-highlighted-webkit/error-context.md

  6 failed
    [chromium] › e2e/scroll-region.spec.ts:131:1 › real tools scrollbar uses the same paint mechanism as main 
    [chromium] › e2e/scroll-region.spec.ts:138:1 › mouse events received after activation restore region without a focus event 
    [chromium] › e2e/scroll-region.spec.ts:147:1 › child event interception cannot leave the previous region highlighted 
    [webkit] › e2e/scroll-region.spec.ts:131:1 › real tools scrollbar uses the same paint mechanism as main 
    [webkit] › e2e/scroll-region.spec.ts:138:1 › mouse events received after activation restore region without a focus event 
    [webkit] › e2e/scroll-region.spec.ts:147:1 › child event interception cannot leave the previous region highlighted 
