
Running 38 tests using 2 workers

(node:54063) Warning: The 'NO_COLOR' env is ignored due to the 'FORCE_COLOR' env being set.
(Use `node --trace-warnings ...` to show where the warning was created)
(node:54064) Warning: The 'NO_COLOR' env is ignored due to the 'FORCE_COLOR' env being set.
(Use `node --trace-warnings ...` to show where the warning was created)
(node:54063) Warning: The 'NO_COLOR' env is ignored due to the 'FORCE_COLOR' env being set.
(Use `node --trace-warnings ...` to show where the warning was created)
(node:54064) Warning: The 'NO_COLOR' env is ignored due to the 'FORCE_COLOR' env being set.
(Use `node --trace-warnings ...` to show where the warning was created)
  ✓   2 [chromium] › e2e/history-keyboard.spec.ts:4:1 › 隐藏历史字段支持 Enter 和 Space，揭示前无原文 DOM (1.6s)
  ✓   3 [chromium] › e2e/scroll-region.spec.ts:11:1 › horizontal child keeps the effective vertical parent highlighted (316ms)
  ✓   4 [chromium] › e2e/scroll-region.spec.ts:27:1 › keyboard focus does not override the current pointer scroll area (159ms)
  ✓   5 [chromium] › e2e/scroll-region.spec.ts:35:1 › style-only overlay changes recompute the stationary pointer (238ms)
  ✓   6 [chromium] › e2e/scroll-region.spec.ts:55:1 › an actually scrollable textarea takes the vertical wheel before the main area (166ms)
  ✓   7 [chromium] › e2e/scroll-region.spec.ts:63:1 › window focus restores the stationary pointer region (186ms)
  ✓   8 [chromium] › e2e/scroll-region.spec.ts:72:1 › content becoming scrollable updates without moving the pointer (203ms)
  ✓   9 [chromium] › e2e/scroll-region.spec.ts:90:1 › direct scrollbar hover stays effective and Tab enables keyboard navigation (149ms)
  ✓  10 [chromium] › e2e/scroll-region.spec.ts:106:1 › separate axes also paint the actual scrollbar correctly (291ms)
  ✓  11 [chromium] › e2e/scroll-region.spec.ts:131:1 › real tools scrollbar uses the same paint mechanism as main (160ms)
  ✓   1 [chromium] › e2e/object-ui-refinement.spec.ts:87:5 › macos light: password, localized counts, stable cached history and scoped scrollbar (3.6s)
  ✓  12 [chromium] › e2e/scroll-region.spec.ts:138:1 › mouse events received after activation restore region without a focus event (174ms)
  ✓  14 [chromium] › e2e/scroll-region.spec.ts:149:1 › child event interception cannot leave the previous region highlighted (269ms)
  ✓  15 [chromium] › e2e/scroll-region.spec.ts:162:1 › continuous main, sidebar, tools and chrome transitions paint light and dark thumbs (2.6s)
(node:54113) Warning: The 'NO_COLOR' env is ignored due to the 'FORCE_COLOR' env being set.
(Use `node --trace-warnings ...` to show where the warning was created)
(node:54113) Warning: The 'NO_COLOR' env is ignored due to the 'FORCE_COLOR' env being set.
(Use `node --trace-warnings ...` to show where the warning was created)
  ✓  13 [chromium] › e2e/object-ui-refinement.spec.ts:87:5 › macos dark: password, localized counts, stable cached history and scoped scrollbar (3.3s)
  ✓  16 [webkit] › e2e/history-keyboard.spec.ts:4:1 › 隐藏历史字段支持 Enter 和 Space，揭示前无原文 DOM (1.8s)
  ✓  17 [chromium] › e2e/object-ui-refinement.spec.ts:87:5 › windows light: password, localized counts, stable cached history and scoped scrollbar (3.0s)
  ✓  18 [webkit] › e2e/object-ui-refinement.spec.ts:87:5 › macos light: password, localized counts, stable cached history and scoped scrollbar (3.9s)
  ✓  19 [chromium] › e2e/object-ui-refinement.spec.ts:87:5 › windows dark: password, localized counts, stable cached history and scoped scrollbar (3.0s)
  ✓  21 [chromium] › e2e/object-ui-refinement.spec.ts:213:3 › android: long password stays clear of controls at 320px (954ms)
  ✓  22 [chromium] › e2e/object-ui-refinement.spec.ts:213:3 › ios: long password stays clear of controls at 320px (930ms)
(node:54182) Warning: The 'NO_COLOR' env is ignored due to the 'FORCE_COLOR' env being set.
(Use `node --trace-warnings ...` to show where the warning was created)
(node:54182) Warning: The 'NO_COLOR' env is ignored due to the 'FORCE_COLOR' env being set.
(Use `node --trace-warnings ...` to show where the warning was created)
  ✓  23 [webkit] › e2e/scroll-region.spec.ts:11:1 › horizontal child keeps the effective vertical parent highlighted (734ms)
  ✓  24 [webkit] › e2e/scroll-region.spec.ts:27:1 › keyboard focus does not override the current pointer scroll area (441ms)
  ✓  20 [webkit] › e2e/object-ui-refinement.spec.ts:87:5 › macos dark: password, localized counts, stable cached history and scoped scrollbar (4.1s)
  ✓  25 [webkit] › e2e/scroll-region.spec.ts:35:1 › style-only overlay changes recompute the stationary pointer (413ms)
  ✓  27 [webkit] › e2e/scroll-region.spec.ts:55:1 › an actually scrollable textarea takes the vertical wheel before the main area (427ms)
  ✓  28 [webkit] › e2e/scroll-region.spec.ts:63:1 › window focus restores the stationary pointer region (414ms)
  ✓  29 [webkit] › e2e/scroll-region.spec.ts:72:1 › content becoming scrollable updates without moving the pointer (414ms)
  ✓  30 [webkit] › e2e/scroll-region.spec.ts:90:1 › direct scrollbar hover stays effective and Tab enables keyboard navigation (463ms)
  ✓  31 [webkit] › e2e/scroll-region.spec.ts:106:1 › separate axes also paint the actual scrollbar correctly (527ms)
  ✓  32 [webkit] › e2e/scroll-region.spec.ts:131:1 › real tools scrollbar uses the same paint mechanism as main (385ms)
  ✓  33 [webkit] › e2e/scroll-region.spec.ts:138:1 › mouse events received after activation restore region without a focus event (398ms)
  ✓  26 [webkit] › e2e/object-ui-refinement.spec.ts:87:5 › windows light: password, localized counts, stable cached history and scoped scrollbar (3.9s)
  ✓  34 [webkit] › e2e/scroll-region.spec.ts:149:1 › child event interception cannot leave the previous region highlighted (466ms)
  ✓  36 [webkit] › e2e/scroll-region.spec.ts:162:1 › continuous main, sidebar, tools and chrome transitions paint light and dark thumbs (2.8s)
  ✓  35 [webkit] › e2e/object-ui-refinement.spec.ts:87:5 › windows dark: password, localized counts, stable cached history and scoped scrollbar (3.6s)
  ✓  37 [webkit] › e2e/object-ui-refinement.spec.ts:213:3 › android: long password stays clear of controls at 320px (1.3s)
  ✓  38 [webkit] › e2e/object-ui-refinement.spec.ts:213:3 › ios: long password stays clear of controls at 320px (1.3s)

  38 passed (27.6s)
