# 工具会话 61081 的 stdout 摘录，不是完整原始终端日志。
Running 32 tests using 2 workers

# 新增 getComputedStyle(el, '::-webkit-scrollbar-thumb').backgroundColor 断言后，
# Chromium 11 个用例失败；对应每轴 CSS 变量断言已经通过。
Expected: "rgba(128, 128, 128, 0.45)"
Received: "rgb(17, 17, 17)"
Call Log:
- Timeout 5000ms exceeded while waiting on the predicate

11 failed
  [chromium] › pure mouse movement switches regions even when all JS move events are blocked
  [chromium] › horizontal child keeps only the effective vertical parent highlighted
  [chromium] › nearest same-axis child owns highlight and non-overflowing child yields it
  [chromium] › each nested axis paints independently when parent and child can scroll
  [chromium] › nested role boundary suppresses hover outside dialog
  [chromium] › nested aria-modal boundary suppresses hover outside dialog
  [chromium] › nested data-macos-glass-backdrop boundary suppresses hover outside dialog
  [chromium] › content becoming scrollable updates each axis without moving pointer
  [chromium] › text node updates and viewport resizing refresh overflow registration
  [chromium] › textarea input changes yield vertical axis and input/select remain excluded
  [chromium] › continuous main, sidebar, tools and chrome transitions paint light and dark thumbs
21 passed (1.1m)

# 后续实际截图证实 nested :hover 的伪元素计算样式误判，生产绘制正确。
