    Checking objc2-exception-helper v0.1.1
    Checking ring v0.17.14
    Checking zstd-sys v2.0.16+zstd.1.5.7
    Checking libsqlite3-sys v0.30.1
    Checking wasmtime-internal-jit-debug v45.0.1
    Checking onig_sys v69.9.3
   Compiling solo_soul v2.13.2 (/Users/zzc/PycharmProjects/SoloSoul/tauri/src-tauri)
    Checking objc2 v0.6.4
    Checking zstd-safe v7.2.4
    Checking onig v6.5.3
    Checking rusqlite v0.32.1
    Checking zstd v0.13.3
    Checking wasmtime-internal-cache v45.0.1
    Checking tokenizers v0.21.4
    Checking solosoul-vault v2.13.2 (/Users/zzc/PycharmProjects/SoloSoul/tauri/crates/solosoul-vault)
    Checking rustls-webpki v0.103.13
    Checking block2 v0.6.2
    Checking objc2-core-foundation v0.3.2
    Checking wasmtime v45.0.1
    Checking dispatch2 v0.3.1
    Checking rustls v0.23.40
    Checking objc2-foundation v0.3.2
    Checking tokio-rustls v0.26.4
    Checking rustls-platform-verifier v0.7.0
    Checking hyper-rustls v0.27.9
    Checking reqwest v0.12.28
    Checking reqwest v0.13.4
    Checking solosoul-core v2.13.2 (/Users/zzc/PycharmProjects/SoloSoul/tauri/crates/solosoul-core)
    Checking solosoul-sync v2.13.2 (/Users/zzc/PycharmProjects/SoloSoul/tauri/crates/solosoul-sync)
    Checking wasmtime-wasi-io v45.0.1
    Checking wiggle v45.0.1
    Checking wasmtime-wasi v45.0.1
    Checking objc2-quartz-core v0.3.2
    Checking mac-notification-sys v0.6.14
    Checking os_info v3.15.0
    Checking notify-rust v4.17.0
    Checking objc2-app-kit v0.3.2
    Checking objc2-web-kit v0.3.2
    Checking tao v0.35.3
    Checking muda v0.19.2
    Checking window-vibrancy v0.6.0
    Checking objc2-osa-kit v0.3.2
    Checking rfd v0.16.0
    Checking window-vibrancy v0.8.0
    Checking osakit v0.3.1
    Checking tauri-runtime v2.11.2
    Checking wry v0.55.1
    Checking tauri-runtime-wry v2.11.2
    Checking tauri v2.11.2
    Checking solosoul-plugin v2.13.2 (/Users/zzc/PycharmProjects/SoloSoul/tauri/crates/solosoul-plugin)
    Checking tauri-plugin-fs v2.5.1
    Checking tauri-plugin-window-state v2.4.1
    Checking tauri-plugin-shell v2.3.5
    Checking tauri-plugin-os v2.3.2
    Checking tauri-plugin-notification v2.3.3
    Checking tauri-plugin-process v2.3.1
    Checking tauri-plugin-updater v2.10.1
    Checking tauri-plugin-dialog v2.7.1
error: this creates an owned instance just for comparison
   --> src-tauri/src/macos_ui_regression.rs:170:12
    |
170 |         if PathBuf::from(other) != root.join("vault") {
    |            ^^^^^^^^^^^^^^^^^^^^ help: try: `other`
    |
    = help: for further information visit https://rust-lang.github.io/rust-clippy/rust-1.95.0/index.html#cmp_owned
    = note: `-D clippy::cmp-owned` implied by `-D warnings`
    = help: to override `-D warnings` add `#[allow(clippy::cmp_owned)]`

error: could not compile `solo_soul` (lib) due to 1 previous error
