
> solosoul@2.13.2 tauri
> tauri build --debug --features macos-ui-regression --config src-tauri/tauri.macos-ui-regression.conf.json --bundles app

        Info Looking up installed tauri packages to check mismatched versions...
     Running beforeBuildCommand `npm run build`

> solosoul@2.13.2 build
> npm run gen-nsis-assets && node scripts/build-search-index.js && node scripts/stage-mobile-resources.cjs && node scripts/stage-desktop-resources.cjs && tsc --noEmit && vite build


> solosoul@2.13.2 gen-nsis-assets
> python3 scripts/generate-nsis-assets.py || python scripts/generate-nsis-assets.py

Pillow not installed; using existing NSIS assets.
Search index built: 3387 words, 21 guides
[stage-mobile-resources] 已生成移动端插件市场资源: /Users/zzc/PycharmProjects/SoloSoul/tauri/src-tauri/resources-mobile/SoloSoul_plugin_market
[stage-mobile-resources] 资源版本 0ea5bd93dd11abafd625e241db82695204a8f502a8cc6f6efe7e8a5a635f3ac1，89 文件
[stage-desktop-resources] 已生成桌面端插件市场资源: /Users/zzc/PycharmProjects/SoloSoul/tauri/src-tauri/resources-desktop/SoloSoul_plugin_market
vite v8.0.16 building client environment for production...
[2Ktransforming...✓ 4184 modules transformed.
rendering chunks...
computing gzip size...
dist/index.html                                           1.46 kB │ gzip:   0.72 kB
dist/assets/128x128@2x-lsnePcND.png                      13.59 kB
dist/assets/is-prop-valid_framer-motion-BVADqg-m.css      0.16 kB │ gzip:   0.12 kB
dist/assets/useLlmChatCore-DKI0kFkt.css                   0.97 kB │ gzip:   0.48 kB
dist/assets/RecoveryQrScanner-C7HdV_uH.css                1.58 kB │ gzip:   0.51 kB
dist/assets/index-B_i18wfL.css                            2.54 kB │ gzip:   0.92 kB
dist/assets/photoAlbumPreview-GxUMNd3l.css                2.83 kB │ gzip:   0.77 kB
dist/assets/Dialog-BBTlbEac.css                           7.79 kB │ gzip:   2.17 kB
dist/assets/bootstrapApp-D2gfed-4.css                   260.39 kB │ gzip:  37.43 kB
dist/assets/vaultDirectory-2FJp0LTK.js                    0.08 kB │ gzip:   0.09 kB
dist/assets/loginAvailabilityPreflight-sUaZ24U3.js        0.08 kB │ gzip:   0.09 kB
dist/assets/dialog-AS7fDKS0.js                            0.10 kB │ gzip:   0.10 kB
dist/assets/is-prop-valid_framer-motion-BksDepud.js       0.66 kB │ gzip:   0.43 kB
dist/assets/rolldown-runtime-Cyuzqnbw.js                  0.82 kB │ gzip:   0.47 kB
dist/assets/constants-OmM7_JPu.js                         2.43 kB │ gzip:   1.31 kB
dist/assets/core-BAM5JyGC.js                              2.48 kB │ gzip:   1.01 kB
dist/assets/webviewWindow-DNzLJl6G.js                     4.66 kB │ gzip:   1.37 kB
dist/assets/jsx-runtime-B-gUBR5t.js                       5.14 kB │ gzip:   2.43 kB
dist/assets/react-SqCrPCpP.js                             8.13 kB │ gzip:   3.14 kB
dist/assets/Dialog-CEODUoWg.js                            8.22 kB │ gzip:   3.25 kB
dist/assets/PhotoViewerOverlay-CRWLaDqQ.js                8.23 kB │ gzip:   3.11 kB
dist/assets/photoAlbumPreview-C_OcU5dI.js                12.04 kB │ gzip:   4.62 kB
dist/assets/window-vkjc39WI.js                           12.99 kB │ gzip:   3.13 kB
dist/assets/AiQuickChatPopover-lmMUkG9w.js               14.84 kB │ gzip:   4.35 kB
dist/assets/useLlmChatCore-CMNAC6Na.js                   20.20 kB │ gzip:   7.39 kB
dist/assets/index-DDi_XQvY.js                            24.53 kB │ gzip:   8.56 kB
dist/assets/RecoveryReceiveDialog-s5BAtkT7.js            31.54 kB │ gzip:   8.13 kB
dist/assets/backendError-Bp_tSvwk.js                     53.26 kB │ gzip:  18.00 kB
dist/assets/motion-vendor-C7W9YfS0.js                   125.02 kB │ gzip:  40.72 kB
dist/assets/notification--79t5x_G.js                    138.00 kB │ gzip:  41.39 kB
dist/assets/authStore-vbSWwQk-.js                       312.15 kB │ gzip:  96.76 kB
dist/assets/markdown-vendor-CFb_4zw5.js                 317.98 kB │ gzip:  97.54 kB
dist/assets/RecoveryQrScanner-BNCARspA.js               377.18 kB │ gzip: 111.50 kB
dist/assets/bootstrapApp-BXMStjrp.js                  1,273.60 kB │ gzip: 338.83 kB

[33m[INEFFECTIVE_DYNAMIC_IMPORT] [0msrc/lib/vaultDirectory.ts is dynamically imported by src/App/useSessionLifecycle.ts but also statically imported by src/hooks/useOnboarding.ts, src/pages/settings/useVaultDirectory.ts, dynamic import will not move module into another chunk.

[plugin builtin:vite-reporter] 
(!) Some chunks are larger than 500 kB after minification. Consider:
- Using dynamic import() to code-split the application
- Use build.rolldownOptions.output.codeSplitting to improve chunking: https://rolldown.rs/reference/OutputOptions.codeSplitting
- Adjust chunk size limit for this warning via build.chunkSizeWarningLimit.
[33m[INEFFECTIVE_DYNAMIC_IMPORT] [0msrc/lib/dialog.ts is dynamically imported by src/components/export/ExportSection.tsx, src/components/import/ImportFileSelectorCard.tsx, src/components/object/useAttachmentBatchOps.tsx, src/hooks/useAttachmentManagerBatchOps.ts, src/hooks/useImportState.ts, ... but also statically imported by src/App/useSessionLifecycle.ts, src/components/export/useExportDocumentSection.ts, src/components/layout/OcrQuickScanPopover.tsx, src/components/plugin/PluginResultPanel.tsx, src/components/plugin/WatermarkPluginConfig.tsx, ..., dynamic import will not move module into another chunk.

[33m[INEFFECTIVE_DYNAMIC_IMPORT] [0msrc/lib/loginAvailabilityPreflight.ts is dynamically imported by src/bootstrapApp.tsx but also statically imported by src/components/settings/BiometricSection.tsx, src/hooks/usePinDisable.ts, src/hooks/usePinSetup.ts, src/pages/auth/useLoginPage.tsx, dynamic import will not move module into another chunk.

[33m[INEFFECTIVE_DYNAMIC_IMPORT] [0mnode_modules/@tauri-apps/api/event.js is dynamically imported by src/lib/theme.ts but also statically imported by node_modules/@tauri-apps/api/webview.js, node_modules/@tauri-apps/api/webviewWindow.js, node_modules/@tauri-apps/api/window.js, src/App/useNativeAppEvents.ts, src/App/useSessionLifecycle.ts, ..., dynamic import will not move module into another chunk.

✓ built in 724ms
   Compiling objc2-exception-helper v0.1.1
   Compiling ring v0.17.14
   Compiling zstd-sys v2.0.16+zstd.1.5.7
   Compiling wasmtime-internal-jit-debug v45.0.1
   Compiling libsqlite3-sys v0.30.1
   Compiling wasmtime v45.0.1
   Compiling mac-notification-sys v0.6.14
   Compiling onig_sys v69.9.3
   Compiling objc2 v0.6.4
   Compiling solo_soul v2.13.2 (/Users/zzc/PycharmProjects/SoloSoul/tauri/src-tauri)
   Compiling block2 v0.6.2
   Compiling objc2-core-foundation v0.3.2
   Compiling dispatch2 v0.3.1
   Compiling rustls-webpki v0.103.13
   Compiling rustls v0.23.40
   Compiling objc2-foundation v0.3.2
   Compiling zstd-safe v7.2.4
   Compiling zstd v0.13.3
   Compiling wasmtime-internal-cache v45.0.1
   Compiling onig v6.5.3
   Compiling tokio-rustls v0.26.4
   Compiling rustls-platform-verifier v0.7.0
   Compiling hyper-rustls v0.27.9
   Compiling reqwest v0.12.28
   Compiling reqwest v0.13.4
   Compiling tokenizers v0.21.4
   Compiling objc2-quartz-core v0.3.2
   Compiling objc2-app-kit v0.3.2
   Compiling rusqlite v0.32.1
   Compiling solosoul-vault v2.13.2 (/Users/zzc/PycharmProjects/SoloSoul/tauri/crates/solosoul-vault)
   Compiling wasmtime-wasi-io v45.0.1
   Compiling solosoul-core v2.13.2 (/Users/zzc/PycharmProjects/SoloSoul/tauri/crates/solosoul-core)
   Compiling wiggle v45.0.1
   Compiling wasmtime-wasi v45.0.1
   Compiling notify-rust v4.17.0
   Compiling objc2-web-kit v0.3.2
   Compiling tao v0.35.3
   Compiling wry v0.55.1
   Compiling tauri-runtime v2.11.2
   Compiling muda v0.19.2
   Compiling tauri-runtime-wry v2.11.2
   Compiling window-vibrancy v0.6.0
   Compiling tauri v2.11.2
   Compiling objc2-osa-kit v0.3.2
   Compiling rfd v0.16.0
   Compiling osakit v0.3.1
   Compiling os_info v3.15.0
   Compiling solosoul-sync v2.13.2 (/Users/zzc/PycharmProjects/SoloSoul/tauri/crates/solosoul-sync)
   Compiling window-vibrancy v0.8.0
   Compiling solosoul-plugin v2.13.2 (/Users/zzc/PycharmProjects/SoloSoul/tauri/crates/solosoul-plugin)
   Compiling tauri-plugin-fs v2.5.1
   Compiling tauri-plugin-shell v2.3.5
   Compiling tauri-plugin-dialog v2.7.1
   Compiling tauri-plugin-os v2.3.2
   Compiling tauri-plugin-process v2.3.1
   Compiling tauri-plugin-notification v2.3.3
   Compiling tauri-plugin-updater v2.10.1
   Compiling tauri-plugin-window-state v2.4.1
    Finished `dev` profile [optimized + debuginfo] target(s) in 3m 05s
       Built application at: /Users/zzc/PycharmProjects/SoloSoul/tauri/target/debug/solo_soul
    Bundling SoloSoulFE2Mac.app (/Users/zzc/PycharmProjects/SoloSoul/tauri/target/debug/bundle/macos/SoloSoulFE2Mac.app)
    Finished 1 bundle at:
        /Users/zzc/PycharmProjects/SoloSoul/tauri/target/debug/bundle/macos/SoloSoulFE2Mac.app

