INSTRUMENTATION_STATUS: class=com.solosoul.app.AndroidHomeInstrumentedTest
INSTRUMENTATION_STATUS: current=1
INSTRUMENTATION_STATUS: id=AndroidJUnitRunner
INSTRUMENTATION_STATUS: numtests=1
INSTRUMENTATION_STATUS: stream=
com.solosoul.app.AndroidHomeInstrumentedTest:
INSTRUMENTATION_STATUS: test=realHomePreservesGlassAndCopyAcrossLockUnlock
INSTRUMENTATION_STATUS_CODE: 1
s_glBindAttribLocation: bind attrib 0 name position
s_glBindAttribLocation: bind attrib 1 name color
s_glBindAttribLocation: bind attrib 2 name localCoord
INSTRUMENTATION_STATUS: class=com.solosoul.app.AndroidHomeInstrumentedTest
INSTRUMENTATION_STATUS: current=1
INSTRUMENTATION_STATUS: id=AndroidJUnitRunner
INSTRUMENTATION_STATUS: numtests=1
INSTRUMENTATION_STATUS: stack=java.lang.AssertionError: editor-keyboard-after-back: {"path":"\/editor","search":"?section=travel","historyIndex":14,"theme":"dark","draft":"FE2 public object XYZ","focused":true,"viewportWidth":412,"viewportHeight":732,"visualHeight":732.1904907226562,"visualOffset":0,"keyboardInset":"0px","rect":{"x":20,"y":820.5535888671875,"right":386.4761962890625,"bottom":868.5535888671875,"width":366.4761962890625,"height":48},"hittable":false,"toastCount":0,"unobscured":false,"backupReminder":false,"toastTrace":[{"time":1115.199999988079,"count":0,"path":"\/bootstrap"},{"time":55314.59999996424,"count":1,"path":"\/"},{"time":63314.39999997616,"count":0,"path":"\/editor"}],"sampledAtMs":1791444008689,"overlapped":false,"overflow":false}
	at com.solosoul.app.AndroidHomeInstrumentedTest.waitFor(AndroidHomeInstrumentedTest.kt:139)
	at com.solosoul.app.AndroidHomeInstrumentedTest.captureKeyboard(AndroidHomeInstrumentedTest.kt:972)
	at com.solosoul.app.AndroidHomeInstrumentedTest.captureKeyboard$default(AndroidHomeInstrumentedTest.kt:969)
	at com.solosoul.app.AndroidHomeInstrumentedTest.verifyKeyboard(AndroidHomeInstrumentedTest.kt:1061)
	at com.solosoul.app.AndroidHomeInstrumentedTest.verifyPopulatedContent(AndroidHomeInstrumentedTest.kt:575)
	at com.solosoul.app.AndroidHomeInstrumentedTest.realHomePreservesGlassAndCopyAcrossLockUnlock(AndroidHomeInstrumentedTest.kt:1717)

INSTRUMENTATION_STATUS: stream=
Error in realHomePreservesGlassAndCopyAcrossLockUnlock(com.solosoul.app.AndroidHomeInstrumentedTest):
java.lang.AssertionError: editor-keyboard-after-back: {"path":"\/editor","search":"?section=travel","historyIndex":14,"theme":"dark","draft":"FE2 public object XYZ","focused":true,"viewportWidth":412,"viewportHeight":732,"visualHeight":732.1904907226562,"visualOffset":0,"keyboardInset":"0px","rect":{"x":20,"y":820.5535888671875,"right":386.4761962890625,"bottom":868.5535888671875,"width":366.4761962890625,"height":48},"hittable":false,"toastCount":0,"unobscured":false,"backupReminder":false,"toastTrace":[{"time":1115.199999988079,"count":0,"path":"\/bootstrap"},{"time":55314.59999996424,"count":1,"path":"\/"},{"time":63314.39999997616,"count":0,"path":"\/editor"}],"sampledAtMs":1791444008689,"overlapped":false,"overflow":false}
	at com.solosoul.app.AndroidHomeInstrumentedTest.waitFor(AndroidHomeInstrumentedTest.kt:139)
	at com.solosoul.app.AndroidHomeInstrumentedTest.captureKeyboard(AndroidHomeInstrumentedTest.kt:972)
	at com.solosoul.app.AndroidHomeInstrumentedTest.captureKeyboard$default(AndroidHomeInstrumentedTest.kt:969)
	at com.solosoul.app.AndroidHomeInstrumentedTest.verifyKeyboard(AndroidHomeInstrumentedTest.kt:1061)
	at com.solosoul.app.AndroidHomeInstrumentedTest.verifyPopulatedContent(AndroidHomeInstrumentedTest.kt:575)
	at com.solosoul.app.AndroidHomeInstrumentedTest.realHomePreservesGlassAndCopyAcrossLockUnlock(AndroidHomeInstrumentedTest.kt:1717)

INSTRUMENTATION_STATUS: test=realHomePreservesGlassAndCopyAcrossLockUnlock
INSTRUMENTATION_STATUS_CODE: -2
INSTRUMENTATION_RESULT: stream=

Time: 107.132
There was 1 failure:
1) realHomePreservesGlassAndCopyAcrossLockUnlock(com.solosoul.app.AndroidHomeInstrumentedTest)
java.lang.AssertionError: editor-keyboard-after-back: {"path":"\/editor","search":"?section=travel","historyIndex":14,"theme":"dark","draft":"FE2 public object XYZ","focused":true,"viewportWidth":412,"viewportHeight":732,"visualHeight":732.1904907226562,"visualOffset":0,"keyboardInset":"0px","rect":{"x":20,"y":820.5535888671875,"right":386.4761962890625,"bottom":868.5535888671875,"width":366.4761962890625,"height":48},"hittable":false,"toastCount":0,"unobscured":false,"backupReminder":false,"toastTrace":[{"time":1115.199999988079,"count":0,"path":"\/bootstrap"},{"time":55314.59999996424,"count":1,"path":"\/"},{"time":63314.39999997616,"count":0,"path":"\/editor"}],"sampledAtMs":1791444008689,"overlapped":false,"overflow":false}
	at com.solosoul.app.AndroidHomeInstrumentedTest.waitFor(AndroidHomeInstrumentedTest.kt:139)
	at com.solosoul.app.AndroidHomeInstrumentedTest.captureKeyboard(AndroidHomeInstrumentedTest.kt:972)
	at com.solosoul.app.AndroidHomeInstrumentedTest.captureKeyboard$default(AndroidHomeInstrumentedTest.kt:969)
	at com.solosoul.app.AndroidHomeInstrumentedTest.verifyKeyboard(AndroidHomeInstrumentedTest.kt:1061)
	at com.solosoul.app.AndroidHomeInstrumentedTest.verifyPopulatedContent(AndroidHomeInstrumentedTest.kt:575)
	at com.solosoul.app.AndroidHomeInstrumentedTest.realHomePreservesGlassAndCopyAcrossLockUnlock(AndroidHomeInstrumentedTest.kt:1717)

FAILURES!!!
Tests run: 1,  Failures: 1


INSTRUMENTATION_CODE: -1
