[2m[WebServer] [22m(node:56329) Warning: The 'NO_COLOR' env is ignored due to the 'FORCE_COLOR' env being set.
[2m[WebServer] [22m(Use `node --trace-warnings ...` to show where the warning was created)

Running 14 tests using 2 workers

(node:56417) Warning: The 'NO_COLOR' env is ignored due to the 'FORCE_COLOR' env being set.
(Use `node --trace-warnings ...` to show where the warning was created)
(node:56418) Warning: The 'NO_COLOR' env is ignored due to the 'FORCE_COLOR' env being set.
(Use `node --trace-warnings ...` to show where the warning was created)
(node:56417) Warning: The 'NO_COLOR' env is ignored due to the 'FORCE_COLOR' env being set.
(Use `node --trace-warnings ...` to show where the warning was created)
(node:56418) Warning: The 'NO_COLOR' env is ignored due to the 'FORCE_COLOR' env being set.
(Use `node --trace-warnings ...` to show where the warning was created)
[2m[WebServer] [22m5:00:33 PM [vite] (client) [console.warn] [updater] android check failed: TypeError: Cannot read properties of undefined (reading 'latestVersion')
[2m[WebServer] [22m    at androidCheckForUpdate (http://localhost:1485/src/lib/updater.ts:177:12)
[2m[WebServer] [22m    at async http://localhost:1485/src/stores/updateStore.ts:94:65
  ✓   1 [chromium] › e2e/macos-glass.spec.ts:103:3 › light 登录卡片直接置于窗口背景并保留辅助功能回退 (4.0s)
  ✓   2 [chromium] › e2e/login-method-layout.spec.ts:59:3 › android 390px: login methods stay compact and PIN stays inside the card (4.3s)
[2m[WebServer] [22m5:00:35 PM [vite] (client) [console.warn] [updater] android check failed: TypeError: Cannot read properties of undefined (reading 'latestVersion')
[2m[WebServer] [22m    at androidCheckForUpdate (http://localhost:1485/src/lib/updater.ts:177:12)
[2m[WebServer] [22m    at async http://localhost:1485/src/stores/updateStore.ts:94:65
  ✓   3 [chromium] › e2e/macos-glass.spec.ts:103:3 › dark 登录卡片直接置于窗口背景并保留辅助功能回退 (1.2s)
(node:56661) Warning: The 'NO_COLOR' env is ignored due to the 'FORCE_COLOR' env being set.
(Use `node --trace-warnings ...` to show where the warning was created)
(node:56661) Warning: The 'NO_COLOR' env is ignored due to the 'FORCE_COLOR' env being set.
(Use `node --trace-warnings ...` to show where the warning was created)
  ✓   4 [chromium] › e2e/login-method-layout.spec.ts:59:3 › android 320px: login methods stay compact and PIN stays inside the card (1.4s)
  ✓   6 [chromium] › e2e/login-method-layout.spec.ts:59:3 › ios 390px: login methods stay compact and PIN stays inside the card (1.5s)
[2m[WebServer] [22m5:00:38 PM [vite] (client) [console.warn] [updater] android check failed: androidCheckForUpdate@http://localhost:1485/src/lib/updater.ts:177:11
[2m[WebServer] [22m@http://localhost:1485/src/stores/updateStore.ts:94:92
  ✓   7 [chromium] › e2e/login-method-layout.spec.ts:59:3 › macos 1100px: login methods stay compact and PIN stays inside the card (1.4s)
  ✓   5 [webkit] › e2e/login-method-layout.spec.ts:59:3 › android 390px: login methods stay compact and PIN stays inside the card (3.3s)
  ✓   8 [chromium] › e2e/login-method-layout.spec.ts:59:3 › windows 1100px: login methods stay compact and PIN stays inside the card (1.4s)
[2m[WebServer] [22m5:00:40 PM [vite] (client) [console.warn] [updater] android check failed: androidCheckForUpdate@http://localhost:1485/src/lib/updater.ts:177:11
[2m[WebServer] [22m@http://localhost:1485/src/stores/updateStore.ts:94:92
(node:56752) Warning: The 'NO_COLOR' env is ignored due to the 'FORCE_COLOR' env being set.
(Use `node --trace-warnings ...` to show where the warning was created)
(node:56752) Warning: The 'NO_COLOR' env is ignored due to the 'FORCE_COLOR' env being set.
(Use `node --trace-warnings ...` to show where the warning was created)
  ✓   9 [webkit] › e2e/login-method-layout.spec.ts:59:3 › android 320px: login methods stay compact and PIN stays inside the card (1.8s)
  ✓  10 [webkit] › e2e/macos-glass.spec.ts:103:3 › light 登录卡片直接置于窗口背景并保留辅助功能回退 (1.7s)
  ✓  11 [webkit] › e2e/login-method-layout.spec.ts:59:3 › ios 390px: login methods stay compact and PIN stays inside the card (1.7s)
  ✓  12 [webkit] › e2e/macos-glass.spec.ts:103:3 › dark 登录卡片直接置于窗口背景并保留辅助功能回退 (1.5s)
  ✓  13 [webkit] › e2e/login-method-layout.spec.ts:59:3 › macos 1100px: login methods stay compact and PIN stays inside the card (1.6s)
  ✓  14 [webkit] › e2e/login-method-layout.spec.ts:59:3 › windows 1100px: login methods stay compact and PIN stays inside the card (1.6s)

  14 passed (18.2s)
