[2m[WebServer] [22m(node:55148) Warning: The 'NO_COLOR' env is ignored due to the 'FORCE_COLOR' env being set.
[2m[WebServer] [22m(Use `node --trace-warnings ...` to show where the warning was created)

Running 14 tests using 2 workers

(node:55149) Warning: The 'NO_COLOR' env is ignored due to the 'FORCE_COLOR' env being set.
(Use `node --trace-warnings ...` to show where the warning was created)
(node:55150) Warning: The 'NO_COLOR' env is ignored due to the 'FORCE_COLOR' env being set.
(Use `node --trace-warnings ...` to show where the warning was created)
(node:55149) Warning: The 'NO_COLOR' env is ignored due to the 'FORCE_COLOR' env being set.
(Use `node --trace-warnings ...` to show where the warning was created)
(node:55150) Warning: The 'NO_COLOR' env is ignored due to the 'FORCE_COLOR' env being set.
(Use `node --trace-warnings ...` to show where the warning was created)
[2m[WebServer] [22m4:59:32 PM [vite] (client) [console.warn] [updater] android check failed: TypeError: Cannot read properties of undefined (reading 'latestVersion')
[2m[WebServer] [22m    at androidCheckForUpdate (http://localhost:1485/src/lib/updater.ts:177:12)
[2m[WebServer] [22m    at async http://localhost:1485/src/stores/updateStore.ts:94:65
  ✓   1 [chromium] › e2e/macos-glass.spec.ts:103:3 › light 登录卡片直接置于窗口背景并保留辅助功能回退 (3.6s)
  ✓   2 [chromium] › e2e/login-method-layout.spec.ts:59:3 › android 390px: login methods stay compact and PIN stays inside the card (3.9s)
[2m[WebServer] [22m4:59:34 PM [vite] (client) [console.warn] [updater] android check failed: TypeError: Cannot read properties of undefined (reading 'latestVersion')
[2m[WebServer] [22m    at androidCheckForUpdate (http://localhost:1485/src/lib/updater.ts:177:12)
[2m[WebServer] [22m    at async http://localhost:1485/src/stores/updateStore.ts:94:65
  ✓   3 [chromium] › e2e/macos-glass.spec.ts:103:3 › dark 登录卡片直接置于窗口背景并保留辅助功能回退 (1.1s)
(node:55232) Warning: The 'NO_COLOR' env is ignored due to the 'FORCE_COLOR' env being set.
(Use `node --trace-warnings ...` to show where the warning was created)
(node:55232) Warning: The 'NO_COLOR' env is ignored due to the 'FORCE_COLOR' env being set.
(Use `node --trace-warnings ...` to show where the warning was created)
  ✓   4 [chromium] › e2e/login-method-layout.spec.ts:59:3 › android 320px: login methods stay compact and PIN stays inside the card (1.4s)
  ✓   6 [chromium] › e2e/login-method-layout.spec.ts:59:3 › ios 390px: login methods stay compact and PIN stays inside the card (1.3s)
[2m[WebServer] [22m4:59:36 PM [vite] (client) [console.warn] [updater] android check failed: androidCheckForUpdate@http://localhost:1485/src/lib/updater.ts:177:11
[2m[WebServer] [22m@http://localhost:1485/src/stores/updateStore.ts:94:92
  ✓   5 [webkit] › e2e/login-method-layout.spec.ts:59:3 › android 390px: login methods stay compact and PIN stays inside the card (2.1s)
  ✓   7 [chromium] › e2e/login-method-layout.spec.ts:59:3 › macos 1100px: login methods stay compact and PIN stays inside the card (1.4s)
[2m[WebServer] [22m4:59:38 PM [vite] (client) [console.warn] [updater] android check failed: androidCheckForUpdate@http://localhost:1485/src/lib/updater.ts:177:11
[2m[WebServer] [22m@http://localhost:1485/src/stores/updateStore.ts:94:92
  ✓   8 [webkit] › e2e/login-method-layout.spec.ts:59:3 › android 320px: login methods stay compact and PIN stays inside the card (1.6s)
  ✓   9 [chromium] › e2e/login-method-layout.spec.ts:59:3 › windows 1100px: login methods stay compact and PIN stays inside the card (1.3s)
(node:55281) Warning: The 'NO_COLOR' env is ignored due to the 'FORCE_COLOR' env being set.
(Use `node --trace-warnings ...` to show where the warning was created)
(node:55281) Warning: The 'NO_COLOR' env is ignored due to the 'FORCE_COLOR' env being set.
(Use `node --trace-warnings ...` to show where the warning was created)
  ✓  10 [webkit] › e2e/login-method-layout.spec.ts:59:3 › ios 390px: login methods stay compact and PIN stays inside the card (1.6s)
  ✓  11 [webkit] › e2e/macos-glass.spec.ts:103:3 › light 登录卡片直接置于窗口背景并保留辅助功能回退 (1.6s)
  ✓  12 [webkit] › e2e/login-method-layout.spec.ts:59:3 › macos 1100px: login methods stay compact and PIN stays inside the card (1.6s)
  ✓  13 [webkit] › e2e/macos-glass.spec.ts:103:3 › dark 登录卡片直接置于窗口背景并保留辅助功能回退 (1.4s)
  ✓  14 [webkit] › e2e/login-method-layout.spec.ts:59:3 › windows 1100px: login methods stay compact and PIN stays inside the card (1.6s)

  14 passed (15.3s)
