[2m[WebServer] [22m(node:51901) Warning: The 'NO_COLOR' env is ignored due to the 'FORCE_COLOR' env being set.
[2m[WebServer] [22m(Use `node --trace-warnings ...` to show where the warning was created)

Running 46 tests using 2 workers

(node:51930) Warning: The 'NO_COLOR' env is ignored due to the 'FORCE_COLOR' env being set.
(Use `node --trace-warnings ...` to show where the warning was created)
(node:51929) Warning: The 'NO_COLOR' env is ignored due to the 'FORCE_COLOR' env being set.
(Use `node --trace-warnings ...` to show where the warning was created)
(node:51930) Warning: The 'NO_COLOR' env is ignored due to the 'FORCE_COLOR' env being set.
(Use `node --trace-warnings ...` to show where the warning was created)
(node:51929) Warning: The 'NO_COLOR' env is ignored due to the 'FORCE_COLOR' env being set.
(Use `node --trace-warnings ...` to show where the warning was created)
[2m[WebServer] [22m4:55:51 PM [vite] (client) [console.warn] [updater] android check failed: TypeError: Cannot read properties of undefined (reading 'latestVersion')
[2m[WebServer] [22m    at androidCheckForUpdate (http://localhost:1485/src/lib/updater.ts:177:12)
[2m[WebServer] [22m    at async http://localhost:1485/src/stores/updateStore.ts:94:65
  ✓   1 [chromium] › e2e/macos-glass.spec.ts:103:3 › light 登录卡片直接置于窗口背景并保留辅助功能回退 (3.9s)
  ✓   2 [chromium] › e2e/login-method-layout.spec.ts:59:3 › android 390px: login methods stay compact and PIN stays inside the card (4.3s)
  ✓   3 [chromium] › e2e/macos-glass.spec.ts:103:3 › dark 登录卡片直接置于窗口背景并保留辅助功能回退 (1.3s)
[2m[WebServer] [22m4:55:53 PM [vite] (client) [console.warn] [updater] android check failed: TypeError: Cannot read properties of undefined (reading 'latestVersion')
[2m[WebServer] [22m    at androidCheckForUpdate (http://localhost:1485/src/lib/updater.ts:177:12)
[2m[WebServer] [22m    at async http://localhost:1485/src/stores/updateStore.ts:94:65
[2m[WebServer] [22m4:55:54 PM [vite] (client) [console.warn] [updater] android check failed: TypeError: Cannot read properties of undefined (reading 'latestVersion')
[2m[WebServer] [22m    at androidCheckForUpdate (http://localhost:1485/src/lib/updater.ts:177:12)
[2m[WebServer] [22m    at async http://localhost:1485/src/stores/updateStore.ts:94:65
  ✓   4 [chromium] › e2e/login-method-layout.spec.ts:59:3 › android 320px: login methods stay compact and PIN stays inside the card (2.0s)
[2m[WebServer] [22m4:55:54 PM [vite] (client) [console.warn] [updater] android check failed: TypeError: Cannot read properties of undefined (reading 'latestVersion')
[2m[WebServer] [22m    at androidCheckForUpdate (http://localhost:1485/src/lib/updater.ts:177:12)
[2m[WebServer] [22m    at async http://localhost:1485/src/stores/updateStore.ts:94:65
[2m[WebServer] [22m4:55:54 PM [vite] (client) [console.warn] [syncStore] sync_list_conflicts 返回非数组，已归一化为空列表（返回类型: undefined)
  ✓   6 [chromium] › e2e/login-method-layout.spec.ts:59:3 › ios 390px: login methods stay compact and PIN stays inside the card (1.5s)
  ✓   5 [chromium] › e2e/macos-preview-titlebar.spec.ts:230:3 › Android light reminders follow file preview, album and photo viewer (3.8s)
  ✓   7 [chromium] › e2e/login-method-layout.spec.ts:59:3 › macos 1100px: login methods stay compact and PIN stays inside the card (1.4s)
[2m[WebServer] [22m4:55:58 PM [vite] (client) [console.warn] [updater] android check failed: TypeError: Cannot read properties of undefined (reading 'latestVersion')
[2m[WebServer] [22m    at androidCheckForUpdate (http://localhost:1485/src/lib/updater.ts:177:12)
[2m[WebServer] [22m    at async http://localhost:1485/src/stores/updateStore.ts:94:65
[2m[WebServer] [22m4:55:58 PM [vite] (client) [console.warn] [updater] android check failed: TypeError: Cannot read properties of undefined (reading 'latestVersion')
[2m[WebServer] [22m    at androidCheckForUpdate (http://localhost:1485/src/lib/updater.ts:177:12)
[2m[WebServer] [22m    at async http://localhost:1485/src/stores/updateStore.ts:94:65
[2m[WebServer] [22m4:55:59 PM [vite] (client) [console.warn] [syncStore] sync_list_conflicts 返回非数组，已归一化为空列表（返回类型: undefined)
  ✓   9 [chromium] › e2e/login-method-layout.spec.ts:59:3 › windows 1100px: login methods stay compact and PIN stays inside the card (2.0s)
(node:52166) Warning: The 'NO_COLOR' env is ignored due to the 'FORCE_COLOR' env being set.
(Use `node --trace-warnings ...` to show where the warning was created)
(node:52166) Warning: The 'NO_COLOR' env is ignored due to the 'FORCE_COLOR' env being set.
(Use `node --trace-warnings ...` to show where the warning was created)
  ✓   8 [chromium] › e2e/macos-preview-titlebar.spec.ts:230:3 › Android dark reminders follow file preview, album and photo viewer (4.1s)
[2m[WebServer] [22m4:56:02 PM [vite] (client) [console.warn] [updater] android check failed: TypeError: Cannot read properties of undefined (reading 'latestVersion')
[2m[WebServer] [22m    at androidCheckForUpdate (http://localhost:1485/src/lib/updater.ts:177:12)
[2m[WebServer] [22m    at async http://localhost:1485/src/stores/updateStore.ts:94:65
[2m[WebServer] [22m4:56:02 PM [vite] (client) [console.warn] [updater] android check failed: TypeError: Cannot read properties of undefined (reading 'latestVersion')
[2m[WebServer] [22m    at androidCheckForUpdate (http://localhost:1485/src/lib/updater.ts:177:12)
[2m[WebServer] [22m    at async http://localhost:1485/src/stores/updateStore.ts:94:65
[2m[WebServer] [22m4:56:02 PM [vite] (client) [console.warn] [syncStore] sync_list_conflicts 返回非数组，已归一化为空列表（返回类型: undefined)
[2m[WebServer] [22m4:56:03 PM [vite] (client) [console.warn] [updater] android check failed: androidCheckForUpdate@http://localhost:1485/src/lib/updater.ts:177:11
[2m[WebServer] [22m@http://localhost:1485/src/stores/updateStore.ts:94:92
  ✓  10 [webkit] › e2e/login-method-layout.spec.ts:59:3 › android 390px: login methods stay compact and PIN stays inside the card (2.9s)
  ✓  11 [chromium] › e2e/macos-preview-titlebar.spec.ts:369:3 › Android light preview controls respect native safe-area lengths (2.7s)
[2m[WebServer] [22m4:56:04 PM [vite] (client) [console.warn] [updater] android check failed: TypeError: Cannot read properties of undefined (reading 'latestVersion')
[2m[WebServer] [22m    at androidCheckForUpdate (http://localhost:1485/src/lib/updater.ts:177:12)
[2m[WebServer] [22m    at async http://localhost:1485/src/stores/updateStore.ts:94:65
[2m[WebServer] [22m4:56:05 PM [vite] (client) [console.warn] [updater] android check failed: TypeError: Cannot read properties of undefined (reading 'latestVersion')
[2m[WebServer] [22m    at androidCheckForUpdate (http://localhost:1485/src/lib/updater.ts:177:12)
[2m[WebServer] [22m    at async http://localhost:1485/src/stores/updateStore.ts:94:65
[2m[WebServer] [22m4:56:05 PM [vite] (client) [console.warn] [updater] android check failed: androidCheckForUpdate@http://localhost:1485/src/lib/updater.ts:177:11
[2m[WebServer] [22m@http://localhost:1485/src/stores/updateStore.ts:94:92
[2m[WebServer] [22m4:56:05 PM [vite] (client) [console.warn] [syncStore] sync_list_conflicts 返回非数组，已归一化为空列表（返回类型: undefined)
  ✓  12 [webkit] › e2e/login-method-layout.spec.ts:59:3 › android 320px: login methods stay compact and PIN stays inside the card (2.1s)
  ✓  13 [chromium] › e2e/macos-preview-titlebar.spec.ts:369:3 › Android dark preview controls respect native safe-area lengths (2.7s)
  ✓  14 [webkit] › e2e/login-method-layout.spec.ts:59:3 › ios 390px: login methods stay compact and PIN stays inside the card (2.0s)
[2m[WebServer] [22m4:56:08 PM [vite] (client) [console.warn] [syncStore] sync_list_conflicts 返回非数组，已归一化为空列表（返回类型: undefined)
  ✓  15 [chromium] › e2e/macos-preview-titlebar.spec.ts:429:5 › macOS light text preview preserves traffic lights and native hit regions (2.5s)
  ✓  16 [webkit] › e2e/login-method-layout.spec.ts:59:3 › macos 1100px: login methods stay compact and PIN stays inside the card (2.4s)
[2m[WebServer] [22m4:56:10 PM [vite] (client) [console.warn] [syncStore] sync_list_conflicts 返回非数组，已归一化为空列表（返回类型: undefined)
  ✓  17 [chromium] › e2e/macos-preview-titlebar.spec.ts:429:5 › macOS light pdf preview preserves traffic lights and native hit regions (2.2s)
  ✓  18 [webkit] › e2e/login-method-layout.spec.ts:59:3 › windows 1100px: login methods stay compact and PIN stays inside the card (1.7s)
[2m[WebServer] [22m4:56:12 PM [vite] (client) [console.warn] [syncStore] sync_list_conflicts 返回非数组，已归一化为空列表（返回类型: undefined)
  ✓  20 [webkit] › e2e/macos-glass.spec.ts:103:3 › light 登录卡片直接置于窗口背景并保留辅助功能回退 (1.6s)
  ✓  19 [chromium] › e2e/macos-preview-titlebar.spec.ts:429:5 › macOS light image preview preserves traffic lights and native hit regions (2.3s)
  ✓  21 [webkit] › e2e/macos-glass.spec.ts:103:3 › dark 登录卡片直接置于窗口背景并保留辅助功能回退 (1.8s)
[2m[WebServer] [22m4:56:15 PM [vite] (client) [console.warn] [syncStore] sync_list_conflicts 返回非数组，已归一化为空列表（返回类型: undefined)
[2m[WebServer] [22m4:56:16 PM [vite] (client) [console.warn] [updater] android check failed: androidCheckForUpdate@http://localhost:1485/src/lib/updater.ts:177:11
[2m[WebServer] [22m@http://localhost:1485/src/stores/updateStore.ts:94:92
  ✓  22 [chromium] › e2e/macos-preview-titlebar.spec.ts:429:5 › macOS dark text preview preserves traffic lights and native hit regions (2.7s)
[2m[WebServer] [22m4:56:16 PM [vite] (client) [console.warn] [updater] android check failed: androidCheckForUpdate@http://localhost:1485/src/lib/updater.ts:177:11
[2m[WebServer] [22m@http://localhost:1485/src/stores/updateStore.ts:94:92
[2m[WebServer] [22m4:56:17 PM [vite] (client) [console.warn] [syncStore] sync_list_conflicts 返回非数组，已归一化为空列表（返回类型: undefined)
[2m[WebServer] [22m4:56:17 PM [vite] (client) [console.warn] [syncStore] sync_list_conflicts 返回非数组，已归一化为空列表（返回类型: undefined)
  ✓  24 [chromium] › e2e/macos-preview-titlebar.spec.ts:429:5 › macOS dark pdf preview preserves traffic lights and native hit regions (2.0s)
  ✓  23 [webkit] › e2e/macos-preview-titlebar.spec.ts:230:3 › Android light reminders follow file preview, album and photo viewer (3.7s)
[2m[WebServer] [22m4:56:19 PM [vite] (client) [console.warn] [syncStore] sync_list_conflicts 返回非数组，已归一化为空列表（返回类型: undefined)
[2m[WebServer] [22m4:56:20 PM [vite] (client) [console.warn] [updater] android check failed: androidCheckForUpdate@http://localhost:1485/src/lib/updater.ts:177:11
[2m[WebServer] [22m@http://localhost:1485/src/stores/updateStore.ts:94:92
[2m[WebServer] [22m4:56:20 PM [vite] (client) [console.warn] [updater] android check failed: androidCheckForUpdate@http://localhost:1485/src/lib/updater.ts:177:11
[2m[WebServer] [22m@http://localhost:1485/src/stores/updateStore.ts:94:92
[2m[WebServer] [22m4:56:20 PM [vite] (client) [console.warn] [syncStore] sync_list_conflicts 返回非数组，已归一化为空列表（返回类型: undefined)
  ✓  25 [chromium] › e2e/macos-preview-titlebar.spec.ts:429:5 › macOS dark image preview preserves traffic lights and native hit regions (2.4s)
[2m[WebServer] [22m4:56:22 PM [vite] (client) [console.warn] [syncStore] sync_list_conflicts 返回非数组，已归一化为空列表（返回类型: undefined)
  ✓  26 [webkit] › e2e/macos-preview-titlebar.spec.ts:230:3 › Android dark reminders follow file preview, album and photo viewer (3.5s)
[2m[WebServer] [22m4:56:23 PM [vite] (client) [console.warn] [updater] android check failed: androidCheckForUpdate@http://localhost:1485/src/lib/updater.ts:177:11
[2m[WebServer] [22m@http://localhost:1485/src/stores/updateStore.ts:94:92
[2m[WebServer] [22m4:56:23 PM [vite] (client) [console.warn] [updater] android check failed: androidCheckForUpdate@http://localhost:1485/src/lib/updater.ts:177:11
[2m[WebServer] [22m@http://localhost:1485/src/stores/updateStore.ts:94:92
  ✓  27 [chromium] › e2e/macos-preview-titlebar.spec.ts:482:1 › macOS photo viewer returns through album and restores each titlebar hit region (2.9s)
[2m[WebServer] [22m4:56:24 PM [vite] (client) [console.warn] [syncStore] sync_list_conflicts 返回非数组，已归一化为空列表（返回类型: undefined)
[2m[WebServer] [22m4:56:25 PM [vite] (client) [console.warn] [syncStore] sync_list_conflicts 返回非数组，已归一化为空列表（返回类型: undefined)
  ✓  28 [webkit] › e2e/macos-preview-titlebar.spec.ts:369:3 › Android light preview controls respect native safe-area lengths (2.9s)
  ✓  29 [chromium] › e2e/macos-preview-titlebar.spec.ts:513:1 › macOS preview also removes the object attachment card backdrop from the traffic lights (1.9s)
[2m[WebServer] [22m4:56:26 PM [vite] (client) [console.warn] [updater] android check failed: androidCheckForUpdate@http://localhost:1485/src/lib/updater.ts:177:11
[2m[WebServer] [22m@http://localhost:1485/src/stores/updateStore.ts:94:92
[2m[WebServer] [22m4:56:26 PM [vite] (client) [console.warn] [updater] android check failed: androidCheckForUpdate@http://localhost:1485/src/lib/updater.ts:177:11
[2m[WebServer] [22m@http://localhost:1485/src/stores/updateStore.ts:94:92
[2m[WebServer] [22m4:56:26 PM [vite] (client) [console.warn] [syncStore] sync_list_conflicts 返回非数组，已归一化为空列表（返回类型: undefined)
[2m[WebServer] [22m4:56:27 PM [vite] (client) [console.warn] [syncStore] sync_list_conflicts 返回非数组，已归一化为空列表（返回类型: undefined)
  ✓  31 [chromium] › e2e/macos-preview-titlebar.spec.ts:543:3 › windows preview keeps its existing top spacing (1.3s)
[2m[WebServer] [22m4:56:27 PM [vite] (client) [console.warn] [updater] android check failed: TypeError: Cannot read properties of undefined (reading 'latestVersion')
[2m[WebServer] [22m    at androidCheckForUpdate (http://localhost:1485/src/lib/updater.ts:177:12)
[2m[WebServer] [22m    at async http://localhost:1485/src/stores/updateStore.ts:94:65
  ✓  30 [webkit] › e2e/macos-preview-titlebar.spec.ts:369:3 › Android dark preview controls respect native safe-area lengths (2.3s)
[2m[WebServer] [22m4:56:28 PM [vite] (client) [console.warn] [updater] android check failed: TypeError: Cannot read properties of undefined (reading 'latestVersion')
[2m[WebServer] [22m    at androidCheckForUpdate (http://localhost:1485/src/lib/updater.ts:177:12)
[2m[WebServer] [22m    at async http://localhost:1485/src/stores/updateStore.ts:94:65
[2m[WebServer] [22m4:56:28 PM [vite] (client) [console.warn] [syncStore] sync_list_conflicts 返回非数组，已归一化为空列表（返回类型: undefined)
  ✓  32 [chromium] › e2e/macos-preview-titlebar.spec.ts:543:3 › android preview keeps its existing top spacing (1.6s)
[2m[WebServer] [22m4:56:29 PM [vite] (client) [console.warn] [syncStore] sync_list_conflicts 返回非数组，已归一化为空列表（返回类型: undefined)
  ✓  33 [webkit] › e2e/macos-preview-titlebar.spec.ts:429:5 › macOS light text preview preserves traffic lights and native hit regions (2.0s)
[2m[WebServer] [22m4:56:30 PM [vite] (client) [console.warn] [syncStore] sync_list_conflicts 返回非数组，已归一化为空列表（返回类型: undefined)
[2m[WebServer] [22m4:56:31 PM [vite] (client) [console.warn] [syncStore] sync_list_conflicts 返回非数组，已归一化为空列表（返回类型: undefined)
  ✓  34 [chromium] › e2e/macos-preview-titlebar.spec.ts:560:3 › Windows light photo preview and album keep the AppBar surface (2.5s)
  ✓  35 [webkit] › e2e/macos-preview-titlebar.spec.ts:429:5 › macOS light pdf preview preserves traffic lights and native hit regions (2.2s)
[2m[WebServer] [22m4:56:32 PM [vite] (client) [console.warn] [syncStore] sync_list_conflicts 返回非数组，已归一化为空列表（返回类型: undefined)
[2m[WebServer] [22m4:56:33 PM [vite] (client) [console.warn] [syncStore] sync_list_conflicts 返回非数组，已归一化为空列表（返回类型: undefined)
  ✓  36 [chromium] › e2e/macos-preview-titlebar.spec.ts:560:3 › Windows dark photo preview and album keep the AppBar surface (2.5s)
  ✓  37 [webkit] › e2e/macos-preview-titlebar.spec.ts:429:5 › macOS light image preview preserves traffic lights and native hit regions (1.9s)
[2m[WebServer] [22m4:56:35 PM [vite] (client) [console.warn] [syncStore] sync_list_conflicts 返回非数组，已归一化为空列表（返回类型: undefined)
  ✓  38 [webkit] › e2e/macos-preview-titlebar.spec.ts:429:5 › macOS dark text preview preserves traffic lights and native hit regions (1.9s)
[2m[WebServer] [22m4:56:37 PM [vite] (client) [console.warn] [syncStore] sync_list_conflicts 返回非数组，已归一化为空列表（返回类型: undefined)
  ✓  39 [webkit] › e2e/macos-preview-titlebar.spec.ts:429:5 › macOS dark pdf preview preserves traffic lights and native hit regions (2.1s)
[2m[WebServer] [22m4:56:39 PM [vite] (client) [console.warn] [syncStore] sync_list_conflicts 返回非数组，已归一化为空列表（返回类型: undefined)
  ✓  40 [webkit] › e2e/macos-preview-titlebar.spec.ts:429:5 › macOS dark image preview preserves traffic lights and native hit regions (2.1s)
[2m[WebServer] [22m4:56:41 PM [vite] (client) [console.warn] [syncStore] sync_list_conflicts 返回非数组，已归一化为空列表（返回类型: undefined)
  ✓  41 [webkit] › e2e/macos-preview-titlebar.spec.ts:482:1 › macOS photo viewer returns through album and restores each titlebar hit region (2.2s)
[2m[WebServer] [22m4:56:43 PM [vite] (client) [console.warn] [syncStore] sync_list_conflicts 返回非数组，已归一化为空列表（返回类型: undefined)
  ✓  42 [webkit] › e2e/macos-preview-titlebar.spec.ts:513:1 › macOS preview also removes the object attachment card backdrop from the traffic lights (2.1s)
[2m[WebServer] [22m4:56:45 PM [vite] (client) [console.warn] [syncStore] sync_list_conflicts 返回非数组，已归一化为空列表（返回类型: undefined)
  ✓  43 [webkit] › e2e/macos-preview-titlebar.spec.ts:543:3 › windows preview keeps its existing top spacing (1.7s)
[2m[WebServer] [22m4:56:47 PM [vite] (client) [console.warn] [updater] android check failed: androidCheckForUpdate@http://localhost:1485/src/lib/updater.ts:177:11
[2m[WebServer] [22m@http://localhost:1485/src/stores/updateStore.ts:94:92
[2m[WebServer] [22m4:56:47 PM [vite] (client) [console.warn] [updater] android check failed: androidCheckForUpdate@http://localhost:1485/src/lib/updater.ts:177:11
[2m[WebServer] [22m@http://localhost:1485/src/stores/updateStore.ts:94:92
[2m[WebServer] [22m4:56:47 PM [vite] (client) [console.warn] [syncStore] sync_list_conflicts 返回非数组，已归一化为空列表（返回类型: undefined)
  ✓  44 [webkit] › e2e/macos-preview-titlebar.spec.ts:543:3 › android preview keeps its existing top spacing (1.8s)
[2m[WebServer] [22m4:56:49 PM [vite] (client) [console.warn] [syncStore] sync_list_conflicts 返回非数组，已归一化为空列表（返回类型: undefined)
  ✓  45 [webkit] › e2e/macos-preview-titlebar.spec.ts:560:3 › Windows light photo preview and album keep the AppBar surface (2.2s)
[2m[WebServer] [22m4:56:51 PM [vite] (client) [console.warn] [syncStore] sync_list_conflicts 返回非数组，已归一化为空列表（返回类型: undefined)
  ✓  46 [webkit] › e2e/macos-preview-titlebar.spec.ts:560:3 › Windows dark photo preview and album keep the AppBar surface (2.6s)

  46 passed (1.1m)
