        Info Looking up installed tauri packages to check mismatched versions...
     Running beforeBuildCommand `npm run build`

> solosoul@2.13.2 build
> npm run gen-nsis-assets && node scripts/build-search-index.js && node scripts/stage-mobile-resources.cjs && node scripts/stage-desktop-resources.cjs && tsc --noEmit && vite build


> solosoul@2.13.2 gen-nsis-assets
> python3 scripts/generate-nsis-assets.py || python scripts/generate-nsis-assets.py

Pillow not installed; using existing NSIS assets.
Search index built: 3387 words, 21 guides
[stage-mobile-resources] 已生成移动端插件市场资源: /Users/zzc/PycharmProjects/SoloSoul/tauri/src-tauri/resources-mobile/SoloSoul_plugin_market
[stage-mobile-resources] 资源版本 0ea5bd93dd11abafd625e241db82695204a8f502a8cc6f6efe7e8a5a635f3ac1，89 文件
[stage-desktop-resources] 已生成桌面端插件市场资源: /Users/zzc/PycharmProjects/SoloSoul/tauri/src-tauri/resources-desktop/SoloSoul_plugin_market
vite v8.0.16 building client environment for production...
[2Ktransforming...✓ 4192 modules transformed.
rendering chunks...
computing gzip size...
dist/index.html                                           1.46 kB │ gzip:   0.72 kB
dist/assets/128x128@2x-lsnePcND.png                      13.59 kB
dist/assets/is-prop-valid_framer-motion-BVADqg-m.css      0.16 kB │ gzip:   0.12 kB
dist/assets/useLlmChatCore-DmTdtc80.css                   0.97 kB │ gzip:   0.48 kB
dist/assets/RecoveryQrScanner-C7HdV_uH.css                1.58 kB │ gzip:   0.51 kB
dist/assets/index-BNzNAeP1.css                            2.53 kB │ gzip:   0.91 kB
dist/assets/photoAlbumPreview-Djhl_LIP.css                3.35 kB │ gzip:   0.83 kB
dist/assets/Dialog-UeLObrkG.css                           7.80 kB │ gzip:   2.17 kB
dist/assets/bootstrapApp-DW9b5F19.css                   265.27 kB │ gzip:  38.30 kB
dist/assets/vaultDirectory-DXipQRtN.js                    0.08 kB │ gzip:   0.09 kB
dist/assets/loginAvailabilityPreflight-doZsMeWB.js        0.08 kB │ gzip:   0.09 kB
dist/assets/dialog-0SgoL7rR.js                            0.10 kB │ gzip:   0.10 kB
dist/assets/is-prop-valid_framer-motion-BySQGhIF.js       0.66 kB │ gzip:   0.44 kB
dist/assets/rolldown-runtime-Cyuzqnbw.js                  0.82 kB │ gzip:   0.47 kB
dist/assets/constants-OmM7_JPu.js                         2.43 kB │ gzip:   1.31 kB
dist/assets/core-BAM5JyGC.js                              2.48 kB │ gzip:   1.01 kB
dist/assets/webviewWindow-BwIiGaoP.js                     4.66 kB │ gzip:   1.37 kB
dist/assets/jsx-runtime-KtYFGOAX.js                       5.14 kB │ gzip:   2.43 kB
dist/assets/react-SqCrPCpP.js                             8.13 kB │ gzip:   3.14 kB
dist/assets/Dialog-BnID1p2u.js                            8.22 kB │ gzip:   3.25 kB
dist/assets/PhotoViewerOverlay-C4BxoKa3.js                8.23 kB │ gzip:   3.11 kB
dist/assets/photoAlbumPreview-JCRNI9u7.js                12.04 kB │ gzip:   4.62 kB
dist/assets/window-iXYINAoq.js                           12.99 kB │ gzip:   3.13 kB
dist/assets/AiQuickChatPopover-ChYhjxVh.js               14.84 kB │ gzip:   4.35 kB
dist/assets/useLlmChatCore-CVoEHjbC.js                   20.25 kB │ gzip:   7.40 kB
dist/assets/index-B7ETTIO1.js                            25.81 kB │ gzip:   9.10 kB
dist/assets/RecoveryReceiveDialog-D7cZje45.js            31.54 kB │ gzip:   8.13 kB
dist/assets/backendError-BDVS4sAK.js                     53.26 kB │ gzip:  18.00 kB
dist/assets/motion-vendor-8GWJ9ckv.js                   125.02 kB │ gzip:  40.72 kB
dist/assets/notification-LC0s55_6.js                    135.52 kB │ gzip:  40.88 kB
dist/assets/authStore-CeRgK1K-.js                       312.15 kB │ gzip:  96.76 kB
dist/assets/markdown-vendor-xcae_jJC.js                 318.00 kB │ gzip:  97.55 kB
dist/assets/RecoveryQrScanner-BbiVvOam.js               377.18 kB │ gzip: 111.50 kB
dist/assets/bootstrapApp-DefpPglz.js                  1,277.86 kB │ gzip: 340.04 kB

[33m[INEFFECTIVE_DYNAMIC_IMPORT] [0msrc/lib/vaultDirectory.ts is dynamically imported by src/App/useSessionLifecycle.ts but also statically imported by src/hooks/useOnboarding.ts, src/pages/settings/useVaultDirectory.ts, dynamic import will not move module into another chunk.

[plugin builtin:vite-reporter] 
(!) Some chunks are larger than 500 kB after minification. Consider:
- Using dynamic import() to code-split the application
- Use build.rolldownOptions.output.codeSplitting to improve chunking: https://rolldown.rs/reference/OutputOptions.codeSplitting
- Adjust chunk size limit for this warning via build.chunkSizeWarningLimit.
[33m[INEFFECTIVE_DYNAMIC_IMPORT] [0msrc/lib/dialog.ts is dynamically imported by src/components/export/ExportSection.tsx, src/components/import/ImportFileSelectorCard.tsx, src/components/object/useAttachmentBatchOps.tsx, src/hooks/useAttachmentManagerBatchOps.ts, src/hooks/useImportState.ts, ... but also statically imported by src/App/useSessionLifecycle.ts, src/components/export/useExportDocumentSection.ts, src/components/layout/OcrQuickScanPopover.tsx, src/components/plugin/PluginResultPanel.tsx, src/components/plugin/WatermarkPluginConfig.tsx, ..., dynamic import will not move module into another chunk.

[33m[INEFFECTIVE_DYNAMIC_IMPORT] [0msrc/lib/loginAvailabilityPreflight.ts is dynamically imported by src/bootstrapApp.tsx but also statically imported by src/components/settings/BiometricSection.tsx, src/hooks/usePinDisable.ts, src/hooks/usePinSetup.ts, src/pages/auth/useLoginPage.tsx, dynamic import will not move module into another chunk.

[33m[INEFFECTIVE_DYNAMIC_IMPORT] [0mnode_modules/@tauri-apps/api/event.js is dynamically imported by src/lib/theme.ts but also statically imported by node_modules/@tauri-apps/api/webview.js, node_modules/@tauri-apps/api/webviewWindow.js, node_modules/@tauri-apps/api/window.js, src/App/useNativeAppEvents.ts, src/App/useSessionLifecycle.ts, ..., dynamic import will not move module into another chunk.

✓ built in 670ms
   Compiling solo_soul v2.13.2 (/Users/zzc/PycharmProjects/SoloSoul/tauri/src-tauri)
    Finished `dev` profile [optimized + debuginfo] target(s) in 22.85s
       Built application at: /Users/zzc/PycharmProjects/SoloSoul/tauri/target/debug/solo_soul
    Bundling SoloSoulFE2Mac.app (/Users/zzc/PycharmProjects/SoloSoul/tauri/target/debug/bundle/macos/SoloSoulFE2Mac.app)
    Finished 1 bundle at:
        /Users/zzc/PycharmProjects/SoloSoul/tauri/target/debug/bundle/macos/SoloSoulFE2Mac.app

