INSTRUMENTATION_STATUS: class=com.solosoul.app.AndroidHomeInstrumentedTest
INSTRUMENTATION_STATUS: current=1
INSTRUMENTATION_STATUS: id=AndroidJUnitRunner
INSTRUMENTATION_STATUS: numtests=1
INSTRUMENTATION_STATUS: stream=
com.solosoul.app.AndroidHomeInstrumentedTest:
INSTRUMENTATION_STATUS: test=realHomePreservesGlassAndCopyAcrossLockUnlock
INSTRUMENTATION_STATUS_CODE: 1
s_glBindAttribLocation: bind attrib 0 name position
s_glBindAttribLocation: bind attrib 1 name color
s_glBindAttribLocation: bind attrib 2 name localCoord
INSTRUMENTATION_STATUS: class=com.solosoul.app.AndroidHomeInstrumentedTest
INSTRUMENTATION_STATUS: current=1
INSTRUMENTATION_STATUS: id=AndroidJUnitRunner
INSTRUMENTATION_STATUS: numtests=1
INSTRUMENTATION_STATUS: stack=java.lang.AssertionError: photo-album-dark: {"theme":"dark","path":"\/workspace","search":"?section=travel","visible":true,"settled":true,"rect":{"x":0,"y":0,"right":412.19049072265625,"bottom":732.1904907226562,"width":412.19049072265625,"height":732.1904907226562},"viewportWidth":412,"viewportHeight":732,"overflow":false,"controls":[{"label":"Back","rect":{"x":14,"y":34.029762268066406,"right":62,"bottom":82.0297622680664,"width":48,"height":48},"hittable":true,"overlapped":false},{"label":"Close","rect":{"x":350.19049072265625,"y":34.029762268066406,"right":398.19049072265625,"bottom":82.0297622680664,"width":48,"height":48},"hittable":true,"overlapped":false}],"toastCount":0,"toastRect":null,"backupReminder":false,"toastInPanel":false,"toastInFlow":false,"toastVisible":false,"toastHittable":false,"text":"\n        .photo-album-tag-filter::-webkit-scrollbar { display: none; }\n      Photo Album1Newest firstNo grouping1","textRect":null,"textColor":null,"imageDecoded":false,"imageRect":{"x":16.761905670166016,"y":178.3154754638672,"right":104.28571701049805,"bottom":265.8392868041992,"width":87.52381134033203,"height":87.52381134033203},"imageCount":1,"zoomRect":null}
	at com.solosoul.app.AndroidHomeInstrumentedTest.waitFor(AndroidHomeInstrumentedTest.kt:130)
	at com.solosoul.app.AndroidHomeInstrumentedTest.capturePreview(AndroidHomeInstrumentedTest.kt:517)
	at com.solosoul.app.AndroidHomeInstrumentedTest.verifyNonemptyPreviews(AndroidHomeInstrumentedTest.kt:594)
	at com.solosoul.app.AndroidHomeInstrumentedTest.verifyPopulatedContent(AndroidHomeInstrumentedTest.kt:408)
	at com.solosoul.app.AndroidHomeInstrumentedTest.realHomePreservesGlassAndCopyAcrossLockUnlock(AndroidHomeInstrumentedTest.kt:1400)

INSTRUMENTATION_STATUS: stream=
Error in realHomePreservesGlassAndCopyAcrossLockUnlock(com.solosoul.app.AndroidHomeInstrumentedTest):
java.lang.AssertionError: photo-album-dark: {"theme":"dark","path":"\/workspace","search":"?section=travel","visible":true,"settled":true,"rect":{"x":0,"y":0,"right":412.19049072265625,"bottom":732.1904907226562,"width":412.19049072265625,"height":732.1904907226562},"viewportWidth":412,"viewportHeight":732,"overflow":false,"controls":[{"label":"Back","rect":{"x":14,"y":34.029762268066406,"right":62,"bottom":82.0297622680664,"width":48,"height":48},"hittable":true,"overlapped":false},{"label":"Close","rect":{"x":350.19049072265625,"y":34.029762268066406,"right":398.19049072265625,"bottom":82.0297622680664,"width":48,"height":48},"hittable":true,"overlapped":false}],"toastCount":0,"toastRect":null,"backupReminder":false,"toastInPanel":false,"toastInFlow":false,"toastVisible":false,"toastHittable":false,"text":"\n        .photo-album-tag-filter::-webkit-scrollbar { display: none; }\n      Photo Album1Newest firstNo grouping1","textRect":null,"textColor":null,"imageDecoded":false,"imageRect":{"x":16.761905670166016,"y":178.3154754638672,"right":104.28571701049805,"bottom":265.8392868041992,"width":87.52381134033203,"height":87.52381134033203},"imageCount":1,"zoomRect":null}
	at com.solosoul.app.AndroidHomeInstrumentedTest.waitFor(AndroidHomeInstrumentedTest.kt:130)
	at com.solosoul.app.AndroidHomeInstrumentedTest.capturePreview(AndroidHomeInstrumentedTest.kt:517)
	at com.solosoul.app.AndroidHomeInstrumentedTest.verifyNonemptyPreviews(AndroidHomeInstrumentedTest.kt:594)
	at com.solosoul.app.AndroidHomeInstrumentedTest.verifyPopulatedContent(AndroidHomeInstrumentedTest.kt:408)
	at com.solosoul.app.AndroidHomeInstrumentedTest.realHomePreservesGlassAndCopyAcrossLockUnlock(AndroidHomeInstrumentedTest.kt:1400)

INSTRUMENTATION_STATUS: test=realHomePreservesGlassAndCopyAcrossLockUnlock
INSTRUMENTATION_STATUS_CODE: -2
INSTRUMENTATION_RESULT: stream=

Time: 110.19
There was 1 failure:
1) realHomePreservesGlassAndCopyAcrossLockUnlock(com.solosoul.app.AndroidHomeInstrumentedTest)
java.lang.AssertionError: photo-album-dark: {"theme":"dark","path":"\/workspace","search":"?section=travel","visible":true,"settled":true,"rect":{"x":0,"y":0,"right":412.19049072265625,"bottom":732.1904907226562,"width":412.19049072265625,"height":732.1904907226562},"viewportWidth":412,"viewportHeight":732,"overflow":false,"controls":[{"label":"Back","rect":{"x":14,"y":34.029762268066406,"right":62,"bottom":82.0297622680664,"width":48,"height":48},"hittable":true,"overlapped":false},{"label":"Close","rect":{"x":350.19049072265625,"y":34.029762268066406,"right":398.19049072265625,"bottom":82.0297622680664,"width":48,"height":48},"hittable":true,"overlapped":false}],"toastCount":0,"toastRect":null,"backupReminder":false,"toastInPanel":false,"toastInFlow":false,"toastVisible":false,"toastHittable":false,"text":"\n        .photo-album-tag-filter::-webkit-scrollbar { display: none; }\n      Photo Album1Newest firstNo grouping1","textRect":null,"textColor":null,"imageDecoded":false,"imageRect":{"x":16.761905670166016,"y":178.3154754638672,"right":104.28571701049805,"bottom":265.8392868041992,"width":87.52381134033203,"height":87.52381134033203},"imageCount":1,"zoomRect":null}
	at com.solosoul.app.AndroidHomeInstrumentedTest.waitFor(AndroidHomeInstrumentedTest.kt:130)
	at com.solosoul.app.AndroidHomeInstrumentedTest.capturePreview(AndroidHomeInstrumentedTest.kt:517)
	at com.solosoul.app.AndroidHomeInstrumentedTest.verifyNonemptyPreviews(AndroidHomeInstrumentedTest.kt:594)
	at com.solosoul.app.AndroidHomeInstrumentedTest.verifyPopulatedContent(AndroidHomeInstrumentedTest.kt:408)
	at com.solosoul.app.AndroidHomeInstrumentedTest.realHomePreservesGlassAndCopyAcrossLockUnlock(AndroidHomeInstrumentedTest.kt:1400)

FAILURES!!!
Tests run: 1,  Failures: 1


INSTRUMENTATION_CODE: -1
