INSTRUMENTATION_STATUS: class=com.solosoul.app.AndroidHomeInstrumentedTest
INSTRUMENTATION_STATUS: current=1
INSTRUMENTATION_STATUS: id=AndroidJUnitRunner
INSTRUMENTATION_STATUS: numtests=1
INSTRUMENTATION_STATUS: stream=
com.solosoul.app.AndroidHomeInstrumentedTest:
INSTRUMENTATION_STATUS: test=realHomePreservesGlassAndCopyAcrossLockUnlock
INSTRUMENTATION_STATUS_CODE: 1
s_glBindAttribLocation: bind attrib 0 name position
s_glBindAttribLocation: bind attrib 1 name color
s_glBindAttribLocation: bind attrib 2 name localCoord
INSTRUMENTATION_STATUS: class=com.solosoul.app.AndroidHomeInstrumentedTest
INSTRUMENTATION_STATUS: current=1
INSTRUMENTATION_STATUS: id=AndroidJUnitRunner
INSTRUMENTATION_STATUS: numtests=1
INSTRUMENTATION_STATUS: stack=java.lang.AssertionError: 详情必须有可返回的历史层
	at org.junit.Assert.fail(Assert.java:89)
	at org.junit.Assert.assertTrue(Assert.java:42)
	at com.solosoul.app.AndroidHomeInstrumentedTest.verifyPopulatedContent$lambda$10(AndroidHomeInstrumentedTest.kt:313)
	at com.solosoul.app.AndroidHomeInstrumentedTest.$r8$lambda$FPQLivUoF4PHI1UELeb51ikqkqI(Unknown Source:0)
	at com.solosoul.app.AndroidHomeInstrumentedTest$$ExternalSyntheticLambda1.perform(D8$$SyntheticClass:0)
	at androidx.test.core.app.ActivityScenario.lambda$onActivity$2$androidx-test-core-app-ActivityScenario(ActivityScenario.java:789)
	at androidx.test.core.app.ActivityScenario$$ExternalSyntheticLambda2.run(Unknown Source:4)
	at java.util.concurrent.Executors$RunnableAdapter.call(Executors.java:487)
	at java.util.concurrent.FutureTask.run(FutureTask.java:264)
	at android.app.Instrumentation$SyncRunnable.run(Instrumentation.java:2420)
	at android.os.Handler.handleCallback(Handler.java:958)
	at android.os.Handler.dispatchMessage(Handler.java:99)
	at android.os.Looper.loopOnce(Looper.java:205)
	at android.os.Looper.loop(Looper.java:294)
	at android.app.ActivityThread.main(ActivityThread.java:8177)
	at java.lang.reflect.Method.invoke(Native Method)
	at com.android.internal.os.RuntimeInit$MethodAndArgsCaller.run(RuntimeInit.java:552)
	at com.android.internal.os.ZygoteInit.main(ZygoteInit.java:971)

INSTRUMENTATION_STATUS: stream=
Error in realHomePreservesGlassAndCopyAcrossLockUnlock(com.solosoul.app.AndroidHomeInstrumentedTest):
java.lang.AssertionError: 详情必须有可返回的历史层
	at org.junit.Assert.fail(Assert.java:89)
	at org.junit.Assert.assertTrue(Assert.java:42)
	at com.solosoul.app.AndroidHomeInstrumentedTest.verifyPopulatedContent$lambda$10(AndroidHomeInstrumentedTest.kt:313)
	at com.solosoul.app.AndroidHomeInstrumentedTest.$r8$lambda$FPQLivUoF4PHI1UELeb51ikqkqI(Unknown Source:0)
	at com.solosoul.app.AndroidHomeInstrumentedTest$$ExternalSyntheticLambda1.perform(D8$$SyntheticClass:0)
	at androidx.test.core.app.ActivityScenario.lambda$onActivity$2$androidx-test-core-app-ActivityScenario(ActivityScenario.java:789)
	at androidx.test.core.app.ActivityScenario$$ExternalSyntheticLambda2.run(Unknown Source:4)
	at java.util.concurrent.Executors$RunnableAdapter.call(Executors.java:487)
	at java.util.concurrent.FutureTask.run(FutureTask.java:264)
	at android.app.Instrumentation$SyncRunnable.run(Instrumentation.java:2420)
	at android.os.Handler.handleCallback(Handler.java:958)
	at android.os.Handler.dispatchMessage(Handler.java:99)
	at android.os.Looper.loopOnce(Looper.java:205)
	at android.os.Looper.loop(Looper.java:294)
	at android.app.ActivityThread.main(ActivityThread.java:8177)
	at java.lang.reflect.Method.invoke(Native Method)
	at com.android.internal.os.RuntimeInit$MethodAndArgsCaller.run(RuntimeInit.java:552)
	at com.android.internal.os.ZygoteInit.main(ZygoteInit.java:971)

INSTRUMENTATION_STATUS: test=realHomePreservesGlassAndCopyAcrossLockUnlock
INSTRUMENTATION_STATUS_CODE: -2
INSTRUMENTATION_RESULT: stream=

Time: 61.733
There was 1 failure:
1) realHomePreservesGlassAndCopyAcrossLockUnlock(com.solosoul.app.AndroidHomeInstrumentedTest)
java.lang.AssertionError: 详情必须有可返回的历史层
	at org.junit.Assert.fail(Assert.java:89)
	at org.junit.Assert.assertTrue(Assert.java:42)
	at com.solosoul.app.AndroidHomeInstrumentedTest.verifyPopulatedContent$lambda$10(AndroidHomeInstrumentedTest.kt:313)
	at com.solosoul.app.AndroidHomeInstrumentedTest.$r8$lambda$FPQLivUoF4PHI1UELeb51ikqkqI(Unknown Source:0)
	at com.solosoul.app.AndroidHomeInstrumentedTest$$ExternalSyntheticLambda1.perform(D8$$SyntheticClass:0)
	at androidx.test.core.app.ActivityScenario.lambda$onActivity$2$androidx-test-core-app-ActivityScenario(ActivityScenario.java:789)
	at androidx.test.core.app.ActivityScenario$$ExternalSyntheticLambda2.run(Unknown Source:4)
	at java.util.concurrent.Executors$RunnableAdapter.call(Executors.java:487)
	at java.util.concurrent.FutureTask.run(FutureTask.java:264)
	at android.app.Instrumentation$SyncRunnable.run(Instrumentation.java:2420)
	at android.os.Handler.handleCallback(Handler.java:958)
	at android.os.Handler.dispatchMessage(Handler.java:99)
	at android.os.Looper.loopOnce(Looper.java:205)
	at android.os.Looper.loop(Looper.java:294)
	at android.app.ActivityThread.main(ActivityThread.java:8177)
	at java.lang.reflect.Method.invoke(Native Method)
	at com.android.internal.os.RuntimeInit$MethodAndArgsCaller.run(RuntimeInit.java:552)
	at com.android.internal.os.ZygoteInit.main(ZygoteInit.java:971)

FAILURES!!!
Tests run: 1,  Failures: 1


INSTRUMENTATION_CODE: -1
