/sdcard/Android/data/com.solosoul.app/files/fe2-home-2ff315f6146e417b937391fc0fcfa9ec/: 19 files pulled, 0 skipped. 31.7 MB/s (3014972 bytes in 0.091s)
/private/tmp/solosoul-fe2-current-api31-insets-rearmed-supported-20261008/private-data-before.tar: 1 file pushed, 0 skipped. 8.3 MB/s (2560 bytes in 0.000s)
{
  "serial": "emulator-5588",
  "avd": "SoloSoul_FE2_API31",
  "mode": "supported",
  "scenario": "insets",
  "motionPreferenceChecks": false,
  "startedAt": 1791445614.138786,
  "passed": true,
  "restored": true,
  "requestedFontScale": null,
  "api": 31,
  "abi": "arm64-v8a",
  "artifacts": [
    {
      "path": "/private/tmp/solosoul-fe2-android-current-editor-build-20261008/app-arm64-debug.apk",
      "sha256": "9c6395c574bacd15a1658a56db81b42f25963a6b6b2a5d75e9b7348d764a8176"
    },
    {
      "path": "/private/tmp/solosoul-fe2-android-current-api31-insets-final-test-build-20261008/app-arm64-debug-androidTest.apk",
      "sha256": "3996695574d0aef888fed131ff66c2a30136511aa5f8c636a76292e0140e5a9f"
    }
  ],
  "backup": {
    "path": "/private/tmp/solosoul-fe2-current-api31-insets-rearmed-supported-20261008/private-data-before.tar",
    "sha256": "606841d2f59c237e388ccb7a4e029253f2dac8f929135aab3b0808fff7f8fa8a",
    "entries": 2
  },
  "stages": [
    "local-light",
    "enhanced-light",
    "enhanced-dark",
    "enhanced-dark-after-unlock",
    "encrypted-preferences",
    "object-editor-dark",
    "object-list-dark",
    "object-detail-dark",
    "object-actions-dark",
    "object-list-after-system-back",
    "populated-enhanced-dark",
    "populated-enhanced-light",
    "safe-home-portrait",
    "safe-home-landscape",
    "safe-home-after-rotation",
    "safe-login-portrait",
    "safe-login-keyboard",
    "safe-login-after-keyboard-back",
    "safe-login-after-document-reload"
  ],
  "nativePassed": true,
  "restoreVerification": {
    "entries": 2,
    "allFileContentsLinksAndModesMatch": true
  },
  "blurRestored": true,
  "finishedAt": 1791445699.666531
}
