Exported 114 attachments for: ProbeTests/testCurrentProductionNativeFilePickerAndPreview():
File: 2B0C3B86-AFC0-4FCD-A01C-B699AD022C17.txt, suggested name: "App UI hierarchy for com.solosoul_0_AD703CE4-B3A5-4072-9DCB-9D2465FB66AE.app"
File: 9BB26C8D-7F42-4675-9A84-ACA133840121, suggested name: "UI Snapshot 2026-10-08 at 09.00.22 上午"
File: 347C3216-E9A5-42C4-822A-3ED84E440C0D.txt, suggested name: "Debug description for `Cell (First Match)`_0_7C8CC5EE-874B-4AB9-A9D4-0D0A9BADFD0D.txt"
File: D7E3F990-3A79-44BD-A15C-230F9F26D840.txt, suggested name: "Debug description for `Cell (First Match)`_0_BBE38A52-2D48-4A96-8705-31BBD515F481.txt"
File: E207871C-F3A5-4C20-A22E-FACB71F3FEF7.txt, suggested name: "Debug description for `Cell (First Match)`_0_C47C7D65-D4B3-4FEE-8E3A-8045A43E9835.txt"
File: B088A48F-E15A-4CDC-8FF0-81083B170F4B.txt, suggested name: "Debug description for `Cell (First Match)`_0_6FFD015F-9CCF-4D06-877F-EB4EB5CF92F0.txt"
File: 77E1AB4A-8ED6-4B4B-B1B1-3A4F75BEB636.txt, suggested name: "Debug description for `Cell (First Match)`_0_A1C92980-EE32-4E79-B217-4A5B1EAF5032.txt"
File: F23E207A-50B7-49E3-B706-A797112412F5.txt, suggested name: "Debug description for `Cell (First Match)`_0_13055E1C-BBB1-4494-ADEE-0FBC854BBB98.txt"
File: 9FE07388-AB7D-4EB0-8ABD-2588675681C7.txt, suggested name: "Debug description for `Cell (First Match)`_0_D34C5BA7-5673-4BB1-B8A2-3BC25102F9B7.txt"
File: AA778FBD-42E7-4F4D-A972-92709F2A4945.txt, suggested name: "Debug description for `Cell (First Match)`_0_852FEF71-8F6C-4200-9AFD-DAA8E0BFBB1B.txt"
File: BD06CE77-B914-427A-9584-84EC4A3C15B2.txt, suggested name: "Debug description for `Cell (First Match)`_0_97E38786-C173-4EF3-B26B-5B5A5522CEBB.txt"
File: 3F3EB1D6-B743-4BEC-AC1C-030C1FFDA070.txt, suggested name: "Debug description for `Cell (First Match)`_0_18C3A151-70D5-48F6-B4B5-40E225538822.txt"
File: FF8DBE18-3450-4CD9-96C4-D39ABE1D1653.txt, suggested name: "Debug description for `Cell (First Match)`_0_17DFC888-F365-4BB6-8428-1BF6F246165A.txt"
File: 070CC4EC-7D40-4803-B68F-C337ADF8F3B4.txt, suggested name: "Debug description for `Cell (First Match)`_0_B9190496-4D2A-427F-BC80-E8E75792D4B3.txt"
File: 6589D232-5243-4CA5-A875-F17E427A3AF1.txt, suggested name: "Debug description for `Cell (First Match)`_0_034F343A-8C06-421E-A9FF-1E5F01E28867.txt"
File: C7133861-7119-497D-8699-2400576FD77C.txt, suggested name: "Debug description for `Cell (First Match)`_0_1227994A-1641-49F5-B200-8DF5536757EE.txt"
File: B9596413-9401-4F4F-AD06-9124E54B79B5.txt, suggested name: "Debug description for `Cell (First Match)`_0_AEE1C808-2FAC-4DBC-81A0-0AFE0EC9C79D.txt"
File: 1DED63D5-27B7-4BE9-BA1D-44D77CF5B246.txt, suggested name: "native-file-picker-local-hierarchy_0_D8CEB7A2-AFE8-439F-B1AA-96AB608FEC6A.txt"
File: 74D24230-249D-4A1E-BED7-AE52E5D2CC56.png, suggested name: "native-file-picker-local_0_1692334B-678A-4026-B190-ADF7FAD984FD.png"
File: 05F72F3B-F680-4525-8FD8-695861861FAC.txt, suggested name: "native-file-picker-browse-hierarchy_0_D2C63724-9276-4000-BEE3-D690CBD9D8BC.txt"
File: 50B1EB60-2B7F-467B-B4A7-5A3B7E94FD5F.png, suggested name: "native-file-picker-browse_0_A66F2BFB-A488-46FB-ACC5-8FE9B71DDF01.png"
File: 5196F519-1D68-468C-BC76-95AD67852FC7.txt, suggested name: "native-file-picker-open-hierarchy_0_1DAC2998-24DD-4174-AF21-8FA7F12E7D02.txt"
File: C6CDDB9D-5D90-458A-A39E-AF68BAE7D7EA.png, suggested name: "native-file-picker-open_0_F07A3A9D-F522-4B99-94F2-CB97BF5E545A.png"
File: 156CA620-34C4-49C1-98C5-AC4D19C7B348, suggested name: "UI Snapshot 2026-10-08 at 09.00.01 上午"
File: 33EEE268-89D6-494A-8CA7-507EAC957E71, suggested name: "Synthesized Event 2026-10-08 at 09.00.02 上午"
File: 140E4882-BF02-46DD-8BE0-B9FB89625B08.txt, suggested name: "empty-attachments-panel-hierarchy_0_D1EAE470-BA08-4CC8-96DB-6D66ACF83CA6.txt"
File: 34376B5B-8172-4938-84FC-62686FE8A253.png, suggested name: "empty-attachments-panel_0_7903BBB3-BA0E-4057-BC84-55F4D4913398.png"
File: E425DABA-FBE0-4AB7-B367-600FB2982AA6, suggested name: "UI Snapshot 2026-10-08 at 09.00.00 上午"
File: D06DDD8F-36F2-4DE9-A5FD-296088510715, suggested name: "Synthesized Event 2026-10-08 at 09.00.00 上午"
File: A4E013C4-1978-4F4D-8EFC-54FA1AE90802.txt, suggested name: "identity-detail-hierarchy_0_CE162D63-ECB5-4498-82CF-153F9E2DB31B.txt"
File: C4717E36-E075-476B-83CF-A0229EA7F85F.png, suggested name: "identity-detail_0_99EB54A0-2757-4A94-AC83-797DF8B62F70.png"
File: 6592FF7B-71A9-41B6-8FEB-3D871E430EC3, suggested name: "UI Snapshot 2026-10-08 at 08.59.57 上午"
File: BE69317B-5D77-4D44-8CD9-16A8E564E808, suggested name: "Synthesized Event 2026-10-08 at 08.59.57 上午"
File: 911130EF-9A01-4603-9C44-16F28F2D3C9D.txt, suggested name: "populated-identity-workspace-hierarchy_0_6ABFC499-0CC8-40E2-A413-496B827E1657.txt"
File: A350A952-E5A1-4552-80C0-70B7CA4171E9.png, suggested name: "populated-identity-workspace_0_55108EC7-0DB1-4214-81F5-54ABD44A93B7.png"
File: 5AFA31B6-8A6E-42BA-9F0E-226156252B7C, suggested name: "UI Snapshot 2026-10-08 at 08.59.55 上午"
File: BEBBDB19-A1E2-485F-9170-3C6B9A50A5F0, suggested name: "Synthesized Event 2026-10-08 at 08.59.55 上午"
File: F50DC73B-AD49-4033-8A6A-CCD54DF5491E.txt, suggested name: "editor-save-reachable-hierarchy_0_8C30EAEC-43C6-4A19-A68F-9114BC366515.txt"
File: 100253FC-91D7-4A37-B496-67416BEE6BB2.png, suggested name: "editor-save-reachable_0_FDA80D87-15FB-4BF6-85A8-B56E7B19AB0E.png"
File: BE16C4FE-0522-4633-AFFA-94FF0F596876.txt, suggested name: "editor-after-real-viewport-scroll-hierarchy_0_4377B128-6470-4B6E-8EA4-46B6ED70C46F.txt"
File: 1EF8AE04-3458-4544-942C-F8029646DCA6.png, suggested name: "editor-after-real-viewport-scroll_0_36EF0A09-7F8D-461B-89A7-2F196C8D8E78.png"
File: CC6CED46-B4A9-4E13-BE1C-797D5FB7AAC1, suggested name: "UI Snapshot 2026-10-08 at 08.59.51 上午"
File: 64C77CD4-10DF-46C0-A707-41DB1298838C, suggested name: "Synthesized Event 2026-10-08 at 08.59.51 上午"
File: 44FD33CF-A72D-449F-9D5C-C2662B7E1B95, suggested name: "UI Snapshot 2026-10-08 at 08.59.48 上午"
File: C8EBE1CB-2A41-468C-B0FB-1596981A3A93, suggested name: "Synthesized Event 2026-10-08 at 08.59.48 上午"
File: 5540D499-EE46-416D-89D5-36163FCBC01A.txt, suggested name: "filled-identity-editor-hierarchy_0_01545206-CFB1-4237-B3EE-741BEEF78187.txt"
File: 74AF567F-0A67-48FA-9C54-682DEEF3246F.png, suggested name: "filled-identity-editor_0_B2F98340-B93C-4DD0-9DDC-4EDC653D8DEF.png"
File: C8582F6A-F0E4-492D-B87E-45095147A210, suggested name: "UI Snapshot 2026-10-08 at 08.59.46 上午"
File: 32A23940-6482-4997-8A94-F88008E4CE06, suggested name: "Synthesized Event 2026-10-08 at 08.59.46 上午"
File: 57A2AB85-49D5-4CBB-9B51-06417DD981FE.txt, suggested name: "public-name-focused-before-typing-hierarchy_0_35567C48-B1B8-425F-B1B2-60195EC5C051.txt"
File: 8217AF9D-6E94-4A0F-8A1F-7F87D972A5B8.png, suggested name: "public-name-focused-before-typing_0_19707492-ED6C-4AF2-A6FA-6A3F33066142.png"
File: EF61D740-263C-4278-8378-549C8691CB1C, suggested name: "UI Snapshot 2026-10-08 at 08.59.43 上午"
File: FA0BB55A-6D99-443E-A544-69A1F7513F55, suggested name: "Synthesized Event 2026-10-08 at 08.59.44 上午"
File: F6AC4882-F8E6-4624-9AEC-235B348C4923.txt, suggested name: "public-name-before-focus-hierarchy_0_4F1D6E3D-8D57-4427-B77A-04423DF1D989.txt"
File: ED617002-89CB-426D-A602-2306BCBF57F0.png, suggested name: "public-name-before-focus_0_C294EC54-F8D1-4236-9006-48182B499AFE.png"
File: 515F2F36-3597-4A6B-A1F2-B443F80EDCA8.txt, suggested name: "public-name-scroll-3-hierarchy_0_E8ECA02B-8F95-4860-B2E2-06CD9F35EA63.txt"
File: 38C6E913-BA9C-4F9C-AF3D-6C2F05C99796.png, suggested name: "public-name-scroll-3_0_A121143C-0AFE-4E77-8DC2-363B52CB8A91.png"
File: 65F62C40-F6E0-4D80-A2AC-396A3F9D6BA8, suggested name: "UI Snapshot 2026-10-08 at 08.59.39 上午"
File: A1008EDD-319D-42B8-B69E-9A92A9B8C0AF, suggested name: "Synthesized Event 2026-10-08 at 08.59.40 上午"
File: 6CCC2FED-FF19-47B0-8F93-1B6033C3F9C3.txt, suggested name: "public-name-scroll-2-hierarchy_0_D9D559A1-8E71-4A31-8658-5DE5FACD419A.txt"
File: D0CEA43D-C1EF-48C8-8650-3FAF8F2D40DD.png, suggested name: "public-name-scroll-2_0_5928B83A-D664-4969-AF62-7340F79E5B38.png"
File: 9E05B4F7-D94A-402C-BE59-B18BCD83E3A1, suggested name: "UI Snapshot 2026-10-08 at 08.59.36 上午"
File: BE8ADC8F-0774-41FE-AE6B-AC5AFBF9B1BD, suggested name: "Synthesized Event 2026-10-08 at 08.59.36 上午"
File: F986A24A-D2A4-4E6D-ADE3-D233707E91C7.txt, suggested name: "public-name-scroll-1-hierarchy_0_9FDC3BB7-CF0B-40FE-9667-7C7385C8954C.txt"
File: 55B893D9-00D2-4D84-ADEF-C74450A036BA.png, suggested name: "public-name-scroll-1_0_BF95DB2A-09BF-4389-B022-F54EF24B7C84.png"
File: DF5A8B57-5094-4F76-ABDC-F786DBBF98CE, suggested name: "UI Snapshot 2026-10-08 at 08.59.33 上午"
File: C56A1A28-2544-4913-8FEF-84A9C8B5B76C, suggested name: "Synthesized Event 2026-10-08 at 08.59.33 上午"
File: 0A7D5D73-3370-4CC9-B5CF-BEF2A45DB372.txt, suggested name: "public-name-scroll-0-hierarchy_0_32EB21E0-BA41-436F-8C2A-9F26FB387E47.txt"
File: F05E8BDD-2882-4115-A965-2F555D74C8A0.png, suggested name: "public-name-scroll-0_0_4391A53F-15DD-4FA3-B8AD-3959526A6851.png"
File: F6D3DD14-6AD0-49EF-AA06-CA18A923249B.txt, suggested name: "object-name-with-keyboard-hierarchy_0_1E8F9E58-6CBC-4CC1-86A5-EA1BD69DB84F.txt"
File: ABFCF545-200E-47F0-A890-EFCF65B79233.png, suggested name: "object-name-with-keyboard_0_66C05CBD-5A35-4EC3-AA7D-6B73AD13C9C6.png"
File: 17AB0512-A9A8-43EB-B212-6518D98DFDFA, suggested name: "UI Snapshot 2026-10-08 at 08.59.29 上午"
File: C697FC69-3AC3-41D9-80F1-6C335BC2529B, suggested name: "Synthesized Event 2026-10-08 at 08.59.30 上午"
File: 9962280C-226E-4170-92B9-520A9AE78C43, suggested name: "UI Snapshot 2026-10-08 at 08.59.29 上午"
File: C3D7E4E5-8A96-4367-8FF2-75F9265178ED, suggested name: "Synthesized Event 2026-10-08 at 08.59.29 上午"
File: D8642E2F-1B32-4458-99D9-C184A8DD7668, suggested name: "UI Snapshot 2026-10-08 at 08.59.27 上午"
File: 6566D579-3F7A-4E50-8F04-9CB66B74A3EE, suggested name: "Synthesized Event 2026-10-08 at 08.59.28 上午"
File: 9B4D65CC-DC6F-46FF-80C9-77274125FF8C.txt, suggested name: "identity-template-editor-hierarchy_0_D48BC06C-543D-48CF-A65B-307E3E6E2F21.txt"
File: 5745E626-0702-4858-B8C5-290AFCCEA8F5.png, suggested name: "identity-template-editor_0_A5425199-82A4-480E-B475-4E273A29D62F.png"
File: 2E28BB8D-9991-4DE5-9C4C-BFC420EF6EBA, suggested name: "UI Snapshot 2026-10-08 at 08.59.25 上午"
File: A09B7392-BDFE-4FE9-84BC-A6205108C6F1, suggested name: "Synthesized Event 2026-10-08 at 08.59.26 上午"
File: 437FC14C-3303-4465-98CC-0621EDE6B0B3.txt, suggested name: "empty-identity-workspace-hierarchy_0_33D114D2-8D6A-4D22-8DE8-1D2FE65EE34E.txt"
File: 1347D931-5037-42E3-9B89-7443FF293341.png, suggested name: "empty-identity-workspace_0_B291361D-501C-47A0-A940-30149516EC34.png"
File: 5059F9D4-FB46-4248-B389-2466C61438B3, suggested name: "UI Snapshot 2026-10-08 at 08.59.24 上午"
File: B4B0C6C3-3C8B-42F9-83F3-8D27188547D6, suggested name: "Synthesized Event 2026-10-08 at 08.59.24 上午"
File: DCF28FD2-0727-44E3-960A-4D726E204416, suggested name: "UI Snapshot 2026-10-08 at 08.59.22 上午"
File: AE71CC05-7523-4251-BBCC-C1A15E56D242, suggested name: "Synthesized Event 2026-10-08 at 08.59.23 上午"
File: B5FD555F-FD67-499F-AA3A-BF6653B095FB.txt, suggested name: "expanded-mobile-navigation-hierarchy_0_C869298E-8771-48BD-8560-FEC09CBF4F8F.txt"
File: 4C81106C-3750-4E04-949A-6BC9961819CF.png, suggested name: "expanded-mobile-navigation_0_88BD5DDD-30CC-4F72-A9F9-682B0E01A663.png"
File: 8CC82B69-96E8-4938-863E-C8609072D22E, suggested name: "UI Snapshot 2026-10-08 at 08.59.21 上午"
File: 369E3E81-7C0A-49B1-B245-254408821235, suggested name: "Synthesized Event 2026-10-08 at 08.59.22 上午"
File: 8A2232EA-0EBD-44BD-9B0C-6818D2F44D42.txt, suggested name: "current-created-home-hierarchy_0_013CE777-7830-491C-B8E2-10AEF63DC268.txt"
File: FA1B62FD-67A1-49BA-8631-F5AA8BCD7D3A.png, suggested name: "current-created-home_0_2987A8C0-B40D-4696-A07F-D05AF758F631.png"
File: DE42D560-8D03-443E-B25F-AECA29C5E43D, suggested name: "UI Snapshot 2026-10-08 at 08.59.09 上午"
File: 75ADE51B-51B9-4824-AFFA-53B238CB9E2A, suggested name: "Synthesized Event 2026-10-08 at 08.59.10 上午"
File: 3C6B5651-076F-4784-9EAC-0CA0EB17DB5F, suggested name: "UI Snapshot 2026-10-08 at 08.59.09 上午"
File: 44E59AD3-CBCD-44A1-B9DC-A171E6882EED, suggested name: "Synthesized Event 2026-10-08 at 08.59.09 上午"
File: 2F75BABE-01FF-4B19-B11B-5E9318217DBC, suggested name: "UI Snapshot 2026-10-08 at 08.59.08 上午"
File: 5AAD4AAC-C7E8-4410-8D4B-DD4E86E82014, suggested name: "Synthesized Event 2026-10-08 at 08.59.08 上午"
File: E2049E92-7E59-4D5A-AB10-F028498C51A8, suggested name: "UI Snapshot 2026-10-08 at 08.59.07 上午"
File: 0DBB3C85-CD63-458C-943D-FAEDFD055B92, suggested name: "Synthesized Event 2026-10-08 at 08.59.08 上午"
File: 01061B10-E3D6-418F-8495-EAC0C0A667E1, suggested name: "UI Snapshot 2026-10-08 at 08.59.07 上午"
File: 01251333-A8EA-4D16-8636-CAD24238130B, suggested name: "Synthesized Event 2026-10-08 at 08.59.07 上午"
File: C5ECBD59-7FB7-4D91-8DBE-220E49ACBB15, suggested name: "UI Snapshot 2026-10-08 at 08.59.06 上午"
File: 84F6AB86-A397-4BEC-A38A-7A93E6D3D458, suggested name: "Synthesized Event 2026-10-08 at 08.59.06 上午"
File: 9CE43CFB-8BA9-4B1F-AB93-78A0C0267067.txt, suggested name: "current-registration-hierarchy_0_8675C863-5390-40BC-BD52-BEE1BEB4C14C.txt"
File: 07D7AE4E-CCE4-49C2-8E6B-7A101FE2AE4B.png, suggested name: "current-registration_0_41C0F512-DE46-4E7A-9FB2-C0C954850F81.png"
File: F8C70C83-BF68-454E-84C2-D22D429A3CC7, suggested name: "Synthesized Event 2026-10-08 at 08.59.04 上午"
File: ACE0F875-EED7-4D45-9CCA-45ABEB51A8EC, suggested name: "Synthesized Event 2026-10-08 at 08.59.03 上午"
File: 982CD51B-966C-4547-BA75-91DEC47A830D, suggested name: "Synthesized Event 2026-10-08 at 08.59.01 上午"
File: B75B21A8-C9F1-4AB4-8425-9346990A7E42, suggested name: "Synthesized Event 2026-10-08 at 08.59.00 上午"
File: 83D4A794-528C-4177-B9A8-CCD1D921B2AC, suggested name: "Synthesized Event 2026-10-08 at 08.58.59 上午"
File: 8CE0AE36-457B-4605-AB70-7B4A98EC4E6B, suggested name: "Synthesized Event 2026-10-08 at 08.58.57 上午"
File: 2B6D360A-0BA8-4755-A988-94B842B2FA9E.mp4, suggested name: "Screen Recording 2026-10-08 at 08.58.53 上午.mp4"

Generated manifest file with attachment details: /tmp/solosoul-fe2-ios-current-file-picker-ui-20261008/attachments/manifest.json
