[2m[WebServer] [22m(node:84670) Warning: The 'NO_COLOR' env is ignored due to the 'FORCE_COLOR' env being set.
[2m[WebServer] [22m(Use `node --trace-warnings ...` to show where the warning was created)

Running 4 tests using 1 worker

(node:84679) Warning: The 'NO_COLOR' env is ignored due to the 'FORCE_COLOR' env being set.
(Use `node --trace-warnings ...` to show where the warning was created)
(node:84679) Warning: The 'NO_COLOR' env is ignored due to the 'FORCE_COLOR' env being set.
(Use `node --trace-warnings ...` to show where the warning was created)
[2m[WebServer] [22m7:00:38 AM [vite] (client) [console.warn] [syncStore] sync_list_conflicts 返回非数组，已归一化为空列表（返回类型: undefined)
  ✘  1 [mobile] › e2e/mobile-editor-actions.spec.ts:6:5 › ios 320px: editor save and cancel remain above navigation (6.9s)
(node:84783) Warning: The 'NO_COLOR' env is ignored due to the 'FORCE_COLOR' env being set.
(Use `node --trace-warnings ...` to show where the warning was created)
(node:84783) Warning: The 'NO_COLOR' env is ignored due to the 'FORCE_COLOR' env being set.
(Use `node --trace-warnings ...` to show where the warning was created)
[2m[WebServer] [22m7:00:45 AM [vite] (client) [console.warn] [syncStore] sync_list_conflicts 返回非数组，已归一化为空列表（返回类型: undefined)
  ✘  2 [mobile] › e2e/mobile-editor-actions.spec.ts:6:5 › ios 390px: editor save and cancel remain above navigation (6.5s)
(node:84874) Warning: The 'NO_COLOR' env is ignored due to the 'FORCE_COLOR' env being set.
(Use `node --trace-warnings ...` to show where the warning was created)
(node:84874) Warning: The 'NO_COLOR' env is ignored due to the 'FORCE_COLOR' env being set.
(Use `node --trace-warnings ...` to show where the warning was created)
[2m[WebServer] [22m7:00:51 AM [vite] (client) [console.warn] [updater] android check failed: TypeError: Cannot read properties of undefined (reading 'latestVersion')
[2m[WebServer] [22m    at androidCheckForUpdate (http://localhost:1420/src/lib/updater.ts:177:12)
[2m[WebServer] [22m    at async http://localhost:1420/src/stores/updateStore.ts:94:65
[2m[WebServer] [22m7:00:51 AM [vite] (client) [console.warn] [updater] android check failed: TypeError: Cannot read properties of undefined (reading 'latestVersion')
[2m[WebServer] [22m    at androidCheckForUpdate (http://localhost:1420/src/lib/updater.ts:177:12)
[2m[WebServer] [22m    at async http://localhost:1420/src/stores/updateStore.ts:94:65
[2m[WebServer] [22m7:00:51 AM [vite] (client) [console.warn] [syncStore] sync_list_conflicts 返回非数组，已归一化为空列表（返回类型: undefined)
  ✘  3 [mobile] › e2e/mobile-editor-actions.spec.ts:6:5 › android 320px: editor save and cancel remain above navigation (6.8s)
(node:84964) Warning: The 'NO_COLOR' env is ignored due to the 'FORCE_COLOR' env being set.
(Use `node --trace-warnings ...` to show where the warning was created)
(node:84964) Warning: The 'NO_COLOR' env is ignored due to the 'FORCE_COLOR' env being set.
(Use `node --trace-warnings ...` to show where the warning was created)
[2m[WebServer] [22m7:00:58 AM [vite] (client) [console.warn] [updater] android check failed: TypeError: Cannot read properties of undefined (reading 'latestVersion')
[2m[WebServer] [22m    at androidCheckForUpdate (http://localhost:1420/src/lib/updater.ts:177:12)
[2m[WebServer] [22m    at async http://localhost:1420/src/stores/updateStore.ts:94:65
[2m[WebServer] [22m7:00:59 AM [vite] (client) [console.warn] [updater] android check failed: TypeError: Cannot read properties of undefined (reading 'latestVersion')
[2m[WebServer] [22m    at androidCheckForUpdate (http://localhost:1420/src/lib/updater.ts:177:12)
[2m[WebServer] [22m    at async http://localhost:1420/src/stores/updateStore.ts:94:65
[2m[WebServer] [22m7:00:59 AM [vite] (client) [console.warn] [syncStore] sync_list_conflicts 返回非数组，已归一化为空列表（返回类型: undefined)
  ✘  4 [mobile] › e2e/mobile-editor-actions.spec.ts:6:5 › android 390px: editor save and cancel remain above navigation (6.8s)


  1) [mobile] › e2e/mobile-editor-actions.spec.ts:6:5 › ios 320px: editor save and cancel remain above navigation 

    Error: [2mexpect([22m[31mpage[39m[2m).[22mtoHaveURL[2m([22m[32mexpected[39m[2m)[22m failed

    Expected: [32m"http://localhost:1420/workspace[7m/[27midentity"[39m
    Received: [31m"http://localhost:1420/workspace[7m?section=[27midentity"[39m
    Timeout:  5000ms

    Call log:
    [2m  - Expect "toHaveURL" with timeout 5000ms[22m
    [2m    14 × unexpected value "http://localhost:1420/workspace?section=identity"[22m


      81 |       }
      82 |       await cancel.click();
    > 83 |       await expect(page).toHaveURL('/workspace/identity');
         |                          ^
      84 |     });
      85 |   }
      86 | }
        at /Users/zzc/PycharmProjects/SoloSoul/tauri/e2e/mobile-editor-actions.spec.ts:83:26

    Error Context: test-results/mobile-editor-actions-ios--3bd52-cel-remain-above-navigation-mobile/error-context.md

  2) [mobile] › e2e/mobile-editor-actions.spec.ts:6:5 › ios 390px: editor save and cancel remain above navigation 

    Error: [2mexpect([22m[31mpage[39m[2m).[22mtoHaveURL[2m([22m[32mexpected[39m[2m)[22m failed

    Expected: [32m"http://localhost:1420/workspace[7m/[27midentity"[39m
    Received: [31m"http://localhost:1420/workspace[7m?section=[27midentity"[39m
    Timeout:  5000ms

    Call log:
    [2m  - Expect "toHaveURL" with timeout 5000ms[22m
    [2m    14 × unexpected value "http://localhost:1420/workspace?section=identity"[22m


      81 |       }
      82 |       await cancel.click();
    > 83 |       await expect(page).toHaveURL('/workspace/identity');
         |                          ^
      84 |     });
      85 |   }
      86 | }
        at /Users/zzc/PycharmProjects/SoloSoul/tauri/e2e/mobile-editor-actions.spec.ts:83:26

    Error Context: test-results/mobile-editor-actions-ios--b0520-cel-remain-above-navigation-mobile/error-context.md

  3) [mobile] › e2e/mobile-editor-actions.spec.ts:6:5 › android 320px: editor save and cancel remain above navigation 

    Error: [2mexpect([22m[31mpage[39m[2m).[22mtoHaveURL[2m([22m[32mexpected[39m[2m)[22m failed

    Expected: [32m"http://localhost:1420/workspace[7m/[27midentity"[39m
    Received: [31m"http://localhost:1420/workspace[7m?section=[27midentity"[39m
    Timeout:  5000ms

    Call log:
    [2m  - Expect "toHaveURL" with timeout 5000ms[22m
    [2m    14 × unexpected value "http://localhost:1420/workspace?section=identity"[22m


      81 |       }
      82 |       await cancel.click();
    > 83 |       await expect(page).toHaveURL('/workspace/identity');
         |                          ^
      84 |     });
      85 |   }
      86 | }
        at /Users/zzc/PycharmProjects/SoloSoul/tauri/e2e/mobile-editor-actions.spec.ts:83:26

    Error Context: test-results/mobile-editor-actions-andr-7f645-cel-remain-above-navigation-mobile/error-context.md

  4) [mobile] › e2e/mobile-editor-actions.spec.ts:6:5 › android 390px: editor save and cancel remain above navigation 

    Error: [2mexpect([22m[31mpage[39m[2m).[22mtoHaveURL[2m([22m[32mexpected[39m[2m)[22m failed

    Expected: [32m"http://localhost:1420/workspace[7m/[27midentity"[39m
    Received: [31m"http://localhost:1420/workspace[7m?section=[27midentity"[39m
    Timeout:  5000ms

    Call log:
    [2m  - Expect "toHaveURL" with timeout 5000ms[22m
    [2m    14 × unexpected value "http://localhost:1420/workspace?section=identity"[22m


      81 |       }
      82 |       await cancel.click();
    > 83 |       await expect(page).toHaveURL('/workspace/identity');
         |                          ^
      84 |     });
      85 |   }
      86 | }
        at /Users/zzc/PycharmProjects/SoloSoul/tauri/e2e/mobile-editor-actions.spec.ts:83:26

    Error Context: test-results/mobile-editor-actions-andr-e66f3-cel-remain-above-navigation-mobile/error-context.md

  4 failed
    [mobile] › e2e/mobile-editor-actions.spec.ts:6:5 › ios 320px: editor save and cancel remain above navigation 
    [mobile] › e2e/mobile-editor-actions.spec.ts:6:5 › ios 390px: editor save and cancel remain above navigation 
    [mobile] › e2e/mobile-editor-actions.spec.ts:6:5 › android 320px: editor save and cancel remain above navigation 
    [mobile] › e2e/mobile-editor-actions.spec.ts:6:5 › android 390px: editor save and cancel remain above navigation 
