test_accounts_before_contrast_fix_are_not_complete_visual_acceptance (test_android_home_native_regression.HomeRunnerTests.test_accounts_before_contrast_fix_are_not_complete_visual_acceptance) ... ok
test_accounts_scenario_rejects_baseline_and_unverified_account_preferences (test_android_home_native_regression.HomeRunnerTests.test_accounts_scenario_rejects_baseline_and_unverified_account_preferences) ... ok
test_actual_account_acceptance_rejects_unreadable_or_missing_action_pixels (test_android_home_native_regression.HomeRunnerTests.test_actual_account_acceptance_rejects_unreadable_or_missing_action_pixels) ... ok
test_actual_lifecycle_rejects_missing_recreation_and_wrong_native_mode (test_android_home_native_regression.HomeRunnerTests.test_actual_lifecycle_rejects_missing_recreation_and_wrong_native_mode) ... ok
test_actual_motion_matrix_rejects_wrong_preference_delivery_and_duration (test_android_home_native_regression.HomeRunnerTests.test_actual_motion_matrix_rejects_wrong_preference_delivery_and_duration) ... ok
test_actual_preview_matrix_rejects_missing_content_notification_and_return (test_android_home_native_regression.HomeRunnerTests.test_actual_preview_matrix_rejects_missing_content_notification_and_return) ... ok
test_actual_safe_area_report_rejects_overlap_missing_ime_and_lost_history (test_android_home_native_regression.HomeRunnerTests.test_actual_safe_area_report_rejects_overlap_missing_ime_and_lost_history) ... ok
test_cleanup_failure_cannot_be_accepted_with_partial_success_flags (test_android_home_native_regression.HomeRunnerTests.test_cleanup_failure_cannot_be_accepted_with_partial_success_flags) ... ok
test_cold_previous_process_can_be_already_exited_but_not_another_process (test_android_home_native_regression.HomeRunnerTests.test_cold_previous_process_can_be_already_exited_but_not_another_process) ... ok
test_cold_requires_second_phase_and_cannot_accept_activity_recreation (test_android_home_native_regression.HomeRunnerTests.test_cold_requires_second_phase_and_cannot_accept_activity_recreation) ... ok
test_existing_account_and_unsafe_backup_are_rejected (test_android_home_native_regression.HomeRunnerTests.test_existing_account_and_unsafe_backup_are_rejected) ... ok
test_keyboard_acceptance_requires_actual_reminder_draft_and_restored_height (test_android_home_native_regression.HomeRunnerTests.test_keyboard_acceptance_requires_actual_reminder_draft_and_restored_height) ... ok
test_keyboard_scenario_rejects_report_without_actual_ime_evidence (test_android_home_native_regression.HomeRunnerTests.test_keyboard_scenario_rejects_report_without_actual_ime_evidence) ... ok
test_lifecycle_requires_new_native_stages_and_night_mode_restoration (test_android_home_native_regression.HomeRunnerTests.test_lifecycle_requires_new_native_stages_and_night_mode_restoration) ... ok
test_native_skip_crash_zero_tests_and_wrong_method_are_failures (test_android_home_native_regression.HomeRunnerTests.test_native_skip_crash_zero_tests_and_wrong_method_are_failures) ... ok
test_night_mode_requires_recognized_actual_system_reply (test_android_home_native_regression.HomeRunnerTests.test_night_mode_requires_recognized_actual_system_reply) ... ok
test_notification_restore_tracks_grant_and_user_flags (test_android_home_native_regression.HomeRunnerTests.test_notification_restore_tracks_grant_and_user_flags) ... ok
test_old_home_and_failed_preview_do_not_prove_nonempty_preview_matrix (test_android_home_native_regression.HomeRunnerTests.test_old_home_and_failed_preview_do_not_prove_nonempty_preview_matrix) ... ok
test_overlay_run_rejects_baseline_or_nonforeground_notification_evidence (test_android_home_native_regression.HomeRunnerTests.test_overlay_run_rejects_baseline_or_nonforeground_notification_evidence) ... ok
test_previous_cold_report_does_not_prove_motion_or_partial_acceptance (test_android_home_native_regression.HomeRunnerTests.test_previous_cold_report_does_not_prove_motion_or_partial_acceptance) ... ok
test_restoration_detects_changed_bytes_and_permissions (test_android_home_native_regression.HomeRunnerTests.test_restoration_detects_changed_bytes_and_permissions) ... ok
test_safe_area_requires_complete_native_rotation_keyboard_and_reload (test_android_home_native_regression.HomeRunnerTests.test_safe_area_requires_complete_native_rotation_keyboard_and_reload) ... ok

----------------------------------------------------------------------
Ran 22 tests in 0.054s

OK
