        Info Looking up installed tauri packages to check mismatched versions...
     Running beforeBuildCommand `npm run build`

> solosoul@2.13.2 build
> npm run gen-nsis-assets && node scripts/build-search-index.js && node scripts/stage-mobile-resources.cjs && node scripts/stage-desktop-resources.cjs && tsc --noEmit && vite build


> solosoul@2.13.2 gen-nsis-assets
> python3 scripts/generate-nsis-assets.py || python scripts/generate-nsis-assets.py

Generated: /Users/zzc/PycharmProjects/SoloSoul/tauri/src-tauri/bundles/nsis/assets/welcome-sidebar.bmp
Generated: /Users/zzc/PycharmProjects/SoloSoul/tauri/src-tauri/bundles/nsis/assets/header-install.bmp
Generated: /Users/zzc/PycharmProjects/SoloSoul/tauri/src-tauri/bundles/nsis/assets/header-uninstall.bmp
Search index built: 3387 words, 21 guides
[stage-mobile-resources] 已生成移动端插件市场资源: /Users/zzc/PycharmProjects/SoloSoul/tauri/src-tauri/resources-mobile/SoloSoul_plugin_market
[stage-mobile-resources] 资源版本 0ea5bd93dd11abafd625e241db82695204a8f502a8cc6f6efe7e8a5a635f3ac1，89 文件
[stage-desktop-resources] 已生成桌面端插件市场资源: /Users/zzc/PycharmProjects/SoloSoul/tauri/src-tauri/resources-desktop/SoloSoul_plugin_market
vite v8.0.16 building client environment for production...
[2Ktransforming...✓ 4184 modules transformed.
rendering chunks...
computing gzip size...
dist/index.html                                           1.46 kB │ gzip:   0.72 kB
dist/assets/128x128@2x-lsnePcND.png                      13.59 kB
dist/assets/is-prop-valid_framer-motion-BVADqg-m.css      0.16 kB │ gzip:   0.12 kB
dist/assets/useLlmChatCore-DKI0kFkt.css                   0.97 kB │ gzip:   0.48 kB
dist/assets/RecoveryQrScanner-C7HdV_uH.css                1.58 kB │ gzip:   0.51 kB
dist/assets/index-B_i18wfL.css                            2.54 kB │ gzip:   0.92 kB
dist/assets/photoAlbumPreview-GxUMNd3l.css                2.83 kB │ gzip:   0.77 kB
dist/assets/Dialog-BBTlbEac.css                           7.79 kB │ gzip:   2.17 kB
dist/assets/bootstrapApp-D2gfed-4.css                   260.39 kB │ gzip:  37.43 kB
dist/assets/vaultDirectory-D72Oet92.js                    0.08 kB │ gzip:   0.09 kB
dist/assets/loginAvailabilityPreflight-BlKb_ir0.js        0.08 kB │ gzip:   0.09 kB
dist/assets/dialog-B8E-DcDL.js                            0.10 kB │ gzip:   0.10 kB
dist/assets/is-prop-valid_framer-motion-Ci63S7cv.js       0.66 kB │ gzip:   0.43 kB
dist/assets/rolldown-runtime-Cyuzqnbw.js                  0.82 kB │ gzip:   0.47 kB
dist/assets/constants-OmM7_JPu.js                         2.43 kB │ gzip:   1.31 kB
dist/assets/core-BAM5JyGC.js                              2.48 kB │ gzip:   1.01 kB
dist/assets/webviewWindow-Bfa6jpRL.js                     4.66 kB │ gzip:   1.37 kB
dist/assets/jsx-runtime-BDII-HSa.js                       5.14 kB │ gzip:   2.43 kB
dist/assets/react-SqCrPCpP.js                             8.13 kB │ gzip:   3.14 kB
dist/assets/Dialog-BFhv9nAB.js                            8.22 kB │ gzip:   3.25 kB
dist/assets/PhotoViewerOverlay-CUDSHBAs.js                8.23 kB │ gzip:   3.11 kB
dist/assets/photoAlbumPreview-BvBM4MGK.js                12.04 kB │ gzip:   4.61 kB
dist/assets/window-Ymz3mLjc.js                           12.99 kB │ gzip:   3.13 kB
dist/assets/AiQuickChatPopover-B40U-29G.js               14.84 kB │ gzip:   4.34 kB
dist/assets/useLlmChatCore-CKIBlB5O.js                   20.20 kB │ gzip:   7.39 kB
dist/assets/index-Bk91fBzS.js                            24.53 kB │ gzip:   8.56 kB
dist/assets/RecoveryReceiveDialog-4qNnyz3r.js            31.54 kB │ gzip:   8.13 kB
dist/assets/backendError-xeTvd7K2.js                     53.26 kB │ gzip:  18.00 kB
dist/assets/motion-vendor-B4RhphhI.js                   125.02 kB │ gzip:  40.72 kB
dist/assets/notification-DqO7o4-9.js                    138.16 kB │ gzip:  41.43 kB
dist/assets/authStore-Dsy1r07J.js                       312.15 kB │ gzip:  96.76 kB
dist/assets/markdown-vendor-2wdp5WDF.js                 317.98 kB │ gzip:  97.54 kB
dist/assets/RecoveryQrScanner-B6BK0vyT.js               377.18 kB │ gzip: 111.50 kB
dist/assets/bootstrapApp-CzOZjLae.js                  1,273.60 kB │ gzip: 338.82 kB

[33m[INEFFECTIVE_DYNAMIC_IMPORT] [0msrc/lib/vaultDirectory.ts is dynamically imported by src/App/useSessionLifecycle.ts but also statically imported by src/hooks/useOnboarding.ts, src/pages/settings/useVaultDirectory.ts, dynamic import will not move module into another chunk.

[plugin builtin:vite-reporter] 
(!) Some chunks are larger than 500 kB after minification. Consider:
- Using dynamic import() to code-split the application
- Use build.rolldownOptions.output.codeSplitting to improve chunking: https://rolldown.rs/reference/OutputOptions.codeSplitting
- Adjust chunk size limit for this warning via build.chunkSizeWarningLimit.
[33m[INEFFECTIVE_DYNAMIC_IMPORT] [0msrc/lib/dialog.ts is dynamically imported by src/components/export/ExportSection.tsx, src/components/import/ImportFileSelectorCard.tsx, src/components/object/useAttachmentBatchOps.tsx, src/hooks/useAttachmentManagerBatchOps.ts, src/hooks/useImportState.ts, ... but also statically imported by src/App/useSessionLifecycle.ts, src/components/export/useExportDocumentSection.ts, src/components/layout/OcrQuickScanPopover.tsx, src/components/plugin/PluginResultPanel.tsx, src/components/plugin/WatermarkPluginConfig.tsx, ..., dynamic import will not move module into another chunk.

[33m[INEFFECTIVE_DYNAMIC_IMPORT] [0msrc/lib/loginAvailabilityPreflight.ts is dynamically imported by src/bootstrapApp.tsx but also statically imported by src/components/settings/BiometricSection.tsx, src/hooks/usePinDisable.ts, src/hooks/usePinSetup.ts, src/pages/auth/useLoginPage.tsx, dynamic import will not move module into another chunk.

[33m[INEFFECTIVE_DYNAMIC_IMPORT] [0mnode_modules/@tauri-apps/api/event.js is dynamically imported by src/lib/theme.ts but also statically imported by node_modules/@tauri-apps/api/webview.js, node_modules/@tauri-apps/api/webviewWindow.js, node_modules/@tauri-apps/api/window.js, src/App/useNativeAppEvents.ts, src/App/useSessionLifecycle.ts, ..., dynamic import will not move module into another chunk.

✓ built in 643ms
   Compiling objc2-exception-helper v0.1.1
   Compiling ring v0.17.14
   Compiling zstd-sys v2.0.16+zstd.1.5.7
   Compiling wasmtime-internal-jit-debug v45.0.1
   Compiling libsqlite3-sys v0.30.1
   Compiling wasmtime v45.0.1
   Compiling ort-sys v2.0.0-rc.12
   Compiling mac-notification-sys v0.6.14
   Compiling objc2 v0.6.4
   Compiling onig_sys v69.9.3
   Compiling solo_soul v2.13.2 (/Users/zzc/PycharmProjects/SoloSoul/tauri/src-tauri)
   Compiling ort v2.0.0-rc.12
   Compiling block2 v0.6.2
   Compiling objc2-core-foundation v0.3.2
   Compiling dispatch2 v0.3.1
   Compiling objc2-foundation v0.3.2
   Compiling rustls v0.23.40
   Compiling rustls-webpki v0.103.13
   Compiling zstd-safe v7.2.4
   Compiling zstd v0.13.3
   Compiling wasmtime-internal-cache v45.0.1
   Compiling tokio-rustls v0.26.4
   Compiling hyper-rustls v0.27.9
   Compiling rustls-platform-verifier v0.7.0
   Compiling onig v6.5.3
   Compiling reqwest v0.12.28
   Compiling reqwest v0.13.4
   Compiling tokenizers v0.21.4
   Compiling objc2-quartz-core v0.3.2
   Compiling objc2-app-kit v0.3.2
   Compiling rusqlite v0.32.1
   Compiling objc2-web-kit v0.3.2
   Compiling tauri-runtime v2.11.2
   Compiling wry v0.55.1
   Compiling tao v0.35.3
   Compiling tauri-runtime-wry v2.11.2
   Compiling window-vibrancy v0.6.0
   Compiling muda v0.19.2
   Compiling tauri v2.11.2
   Compiling solosoul-vault v2.13.2 (/Users/zzc/PycharmProjects/SoloSoul/tauri/crates/solosoul-vault)
   Compiling solosoul-core v2.13.2 (/Users/zzc/PycharmProjects/SoloSoul/tauri/crates/solosoul-core)
   Compiling objc2-osa-kit v0.3.2
   Compiling wiggle v45.0.1
   Compiling wasmtime-wasi-io v45.0.1
   Compiling notify-rust v4.17.0
   Compiling osakit v0.3.1
   Compiling wasmtime-wasi v45.0.1
   Compiling rfd v0.16.0
   Compiling os_info v3.15.0
   Compiling solosoul-sync v2.13.2 (/Users/zzc/PycharmProjects/SoloSoul/tauri/crates/solosoul-sync)
   Compiling window-vibrancy v0.8.0
   Compiling tauri-plugin-fs v2.5.1
   Compiling tauri-plugin-updater v2.10.1
   Compiling tauri-plugin-dialog v2.7.1
   Compiling tauri-plugin-window-state v2.4.1
   Compiling tauri-plugin-os v2.3.2
   Compiling tauri-plugin-notification v2.3.3
   Compiling tauri-plugin-shell v2.3.5
   Compiling tauri-plugin-process v2.3.1
   Compiling solosoul-plugin v2.13.2 (/Users/zzc/PycharmProjects/SoloSoul/tauri/crates/solosoul-plugin)
error: linking with `cc` failed: exit status: 1
  |
  = note:  "cc" "-Wl,-exported_symbols_list" "-Wl,/Users/zzc/PycharmProjects/SoloSoul/tauri/target/debug/deps/rustcgjgt7a/list" "/Users/zzc/PycharmProjects/SoloSoul/tauri/target/debug/deps/rustcgjgt7a/symbols.o" "<257 object files omitted>" "/Users/zzc/PycharmProjects/SoloSoul/tauri/target/debug/deps/{libtauri_plugin_os-38d4cbe40dd2f967,libgethostname-d63d369eaafb499b,libos_info-ce747839f8124ff5,libnix-60bc8d98c5eeda4b,libtauri_plugin_process-da19c7bff013add3,libtauri_plugin_notification-dd0c535431f49fa7,libnotify_rust-db7baafe6614d345,libmac_notification_sys-47345dde77b0e465,libtauri_plugin_shell-00ea3c474ac9e798,libopen-94a89d401e350d03,libshared_child-c0f8e3524d19a4aa,libsigchld-f0713534e59011fe,libsignal_hook-f7944d08784e33c6,libos_pipe-42603451f945ab9d,libtracing_appender-5937450709a57526,libsymlink-ebe95eddbd8f54c1,libopener-a03651b6bcc19304,libdark_light-5a3b1be780ecf572,libobjc2_foundation-68021b997fa9de17,libobjc2-c8e99a9f50f7ecb6,libobjc_sys-724f002d876f042f,libtracing_subscriber-f916a60476533f9a,libsharded_slab-3faf250e1d0c6104,liblazy_static-b4389d61f65f78b7,libmatchers-0573c2641b1dc314,libnu_ansi_term-acb063962c069edb,libthread_local-967dc6ca1bfc733e,libtracing_log-6f5dec279583d998,libtokenizers-f61a2767df055ac7,libesaxx_rs-a039f79c79579cee,libunicode_normalization_alignments-87aea79eb8f7240e,libspm_precompiled-71aa186ca5d6483d,libbase64-2b053fa0db947193,libnom-929eac4ab641c5cf,libunicode_categories-36c4821335c1710a,librand-378a554850345e6d,librand_chacha-c55e6b58d11a5059,librand_core-b855c82321b1e1ea,libdary_heap-872cfee9482a066f,libcompact_str-112a609d39882507,libcastaway-335d580607b20043,libmonostate-56ab3ea78025f4c7,libmacro_rules_attribute-4cac402bd3cca711,librayon_cond-2c4deb46ea2f4f8c,libonig-ded301e895255d54,libonig_sys-771b9acaddb719b3,libderive_builder-b557e645fc7cd057,libtauri_plugin_window_state-ce1d445601272882,libwindow_vibrancy-f1b34940c4999186,libtauri_plugin_updater-85de441ad11f7ad6,libosakit-51f540133bc47b44,libobjc2_osa_kit-f20423a96565f593,libtar-464b4eb5714fcc28,libxattr-d6d2dbbbe8a8b449,libfiletime-f8f80367c23281b5,libreqwest-0794691d06983474,librustls_platform_verifier-f231954e3dee8998,libsecurity_framework-941ad64fc19d85b2,libsecurity_framework_sys-79e051b42198b042,libsolosoul_plugin-845f159dc5dec455,libsys_locale-2b9d223132d3e23a,libwasmtime_wasi-5311bf2797f4cf12,libcap_net_ext-773f61dbf2fbfe11,libwiggle-84ab361030a85d5a,libcap_fs_ext-566ce86914c2400c,libcap_time_ext-1dd7cdaec326f7fe,libcap_std-be6882c626235e62,libcap_primitives-dfc5f6e8777a382e,libfs_set_times-e8ceaf014ac59b3b,libmaybe_owned-668d8ec29a386fcd,libio_extras-fe38aaf53d0795b1,libio_lifetimes-7ac8e3d273dfdde6,libambient_authority-fb9b1af132ea2cd6,libwasmtime_wasi_io-8d357e8680b266a8,libminisign_verify-1a8bc0ea289d4c17,libwasmtime-f763c8c229c1ee92,libwasmtime_internal_cranelift-3a244f1ccbe96652,libcranelift_native-8db4b77e3afe4675,libcranelift_frontend-288efffd6f95f3c5,libwasm_compose-5a0522834fdd85fe,libwat-eb187408822e811c,libwast-2e8209e7ef40f0fb,libwasm_encoder-c059aa6c3e9adae1,libunicode_width-7b4c13d4c61c8548,libpetgraph-b31a379bd7499253,libfixedbitset-104c8a90750ac7c0,libwasmtime_internal_jit_icache_coherence-d65dc4f6b00ee858,libaddr2line-9cc67b8584ab1fce,libmach2-2eaa78d8b3593034,libwasmtime_internal_cache-708b87c4c39d5697,libtoml-9925bb7c2be93b72,libwinnow-2568d82108d407e1,libtoml_datetime-f9d10222ccbe3d5e,libzstd-22488f24b9e4a0ea,libzstd_safe-3342767c5173badf,libzstd_sys-343bbb1573775093,libdirectories_next-fab4c583e08b61c9,libdirs_sys_next-e30d9566f3b6524c,libfxprof_processed_profile-c4ea56f3aa64470f,libdebugid-823ff56dbee86092,libwasmtime_internal_jit_debug-4914a6e748b8f0a8,libwasmtime_internal_fiber-0cb68fc6c927bbb7,libwasmtime_internal_unwinder-2abc7b65282210d3,libcranelift_codegen-5daeef5ea4e02f8b,libcranelift_assembler_x64-b7efdc64e78edaa1,libpulley_interpreter-ce704b2f117b4683,libcranelift_codegen_shared-549eb2fbc9d7669f,libregalloc2-5814b1c280a90b43,libcranelift_control-ffceb66f79d826ab,libarbitrary-c549ef220426ffd4,libwasmtime_environ-3765a50ff25d6051,libwasmprinter-b51e2abd909c9d9b,libtermcolor-cbd14014fca22564,libpostcard-ce780d7ca8ea5e39,libcobs-4588bed7315eda78,libgimli-6edb66a170fc7af9,libhashbrown-0f2e0f1ef933cec2,libcpp_demangle-15ffa022c96c0fca,librustc_demangle-c6f93f4afed94b22,libcranelift_bforest-9bc36f643c7b630e,libwasm_encoder-a1039a0cfe0b4ae7,libleb128fmt-f5bad59e0e86cfb0,libwasmtime_internal_component_util-333099a501f8410e,libtarget_lexicon-008cb670b5de3fb4,libobject-5907c36eae8db2d7,libwasmparser-5f0dbb43a86d4f14,libcranelift_entity-2dbc4a0529d19d1b,libcranelift_bitset-bb49fbb43c2bce36,libwasmtime_internal_core-b7844ef7a132778e,libtauri_plugin_dialog-d064d6142f68b7be,librfd-acd715a091e4b9f9,libtauri_plugin_fs-2404880c6bceab73,libprintpdf-2d8ef9fafcd7b595,libazul_layout-704691fbc53aff88,libroxmltree-c623f108b222cf80,libxmlparser-d8583a636b74bd19,libhyphenation-2cc5b326df86440c,libhyphenation_commons-576fe6deecb710fd,libfst-4c1f97bffc8fe226,libbincode-74b02d4b50010304,libtaffy-af28f5a915182b03,libslotmap-754f17c062c604df,libgrid-7a48c249b4115862,libazul_core-9ca7a7842b278ca2,libgl_context_loader-52c331ae86f4d803,librust_fontconfig-cbba3f5fbc50f796,libmmapio-5c5a220c955a3923,liballsorts-4cc8f81e31ade8c5,libucd_trie-29704433bc9e1333,libglyph_names-0acb5f7ef2939382,libunicode_canonical_combining_class-2e8a2c649d665820,libunicode_joining_type-50a4101887796887,libenumflags2-5f4d05d410160a43,libunicode_general_category-cdf3e7835efedcd7,libouroboros-5cc68802d76daef5,libstatic_assertions-e8c9a6b719c3f9ec,libaliasable-c4482d804cc705af,libpathfinder_geometry-0a57324a41641afb,libpathfinder_simd-acc4f6614b6897ef,librustc_hash-337d115cc7a2f1ae,libazul_css-7fabe5350c7bf07c,liblibm-9810fbca06ae02f9,libazul_simplecss-aac3b33ce3d868dc,libxmlwriter-667b3f1bb78ebe89,liblru-7f3008cea02ac748,liblopdf-1a87a7dc6388494f,libstringprep-dce0da17b6aad6bc,libunicode_properties-a66276363a8e4bfc,libunicode_normalization-7ebb698678f8009d,libtinyvec-c4e6b2a3bb8a52d3,libtinyvec_macros-b8866d9570bc254e,libunicode_bidi-3b8cd35eec2f7a3e,libecb-e8ec255303daf9b4,libcbc-cd9f2fc69b091d96,libencoding_rs-69b89f35239161cc,librangemap-8fa16356400c72be,libweezl-60c5e300535995cf,libsha2-9ba3b5ef6a5f6830,librand-b832b1d6af8540e3,libchacha20-c52979c4b35aebd1,libmd5-092dca698affe0ed,libdigest-adbf4f7966b9d4a8,libconst_oid-ea33647b929bcd58,libblock_buffer-bac51ebbb11b8231,libaes-b2289ac5b305d6b6,libcpufeatures-8352c6924a260e13,libcpubits-6c8745b497239719,libcipher-865130f5b9c9f0ef,libinout-a12357c66c6c58c5,libblock_padding-b014e03f9dc7ee54,libcrypto_common-a2672f5f05d46e3b,libhybrid_array-67fbe8ab8d6000de,libsolosoul_sync-410fd73ee7b7191f,liblocal_ip_address-d0bd49e6f8225e5a,libx25519_dalek-8a8eb44d75edeebc,libsnow-758e0160006e6680,libcurve25519_dalek-3ee5acb5862d8fe8,libchacha20poly1305-6b7b45425bfbca1b,libchacha20-a2b9ffd60be883cb,libpoly1305-c50156e956310829,libmdns_sd-f438329a3e7f8d3e,libsocket2-29ae1f5735632c7d,libpolling-ac162687f884a5e2,libflume-10537753368d5c7f,libspin-58aaa8fc3a77cc43,libif_addrs-a214ea832e2b53b8,libsolosoul_core-b8f1df94a5ee7c42,libroxmltree-d402b28d9a045ada,libtempfile-2249c2c0e4d58213,libfastrand-7b2d5fea28e0397a,librustix-51c6525e4018f729,libreqwest-49087b39d8c3fb3a,libhyper_rustls-8a47835ffea2a0a9,libwebpki_roots-7047d0086523e9c6,libtokio_rustls-9b4284f783ca5893,librustls-0dc4312e70bc7646,libwebpki-d60bb7ebb5f2ba15,libring-41bdfa679ff67dcf,libuntrusted-7a16e6b8c0794cb0,librustls_pki_types-340a9bd767953fb3,libserde_urlencoded-0aed4835b64b2380,libryu-66eb480e59903416,libtower_http-6d370cffcf9093dc,libtower-5a2c268a33089e36,libtower_layer-5089decd58e6c49e,libhyper_util-f0df93164da19e92,libipnet-d61761e5d49d04cc,libtower_service-d9f445233ab0c7cf,libhyper-775cfc120d9da013,libwant-9174c01e38aa6a29,libtry_lock-5f6d1820c0415eb9,libhttparse-66665f6efc34307b,libatomic_waker-2d7395e46af87fe7,libtokio_util-86190335d53a4ef8,libhttp_body_util-8e438a8039d0924c,libhttp_body-0d843b48e18b9305,libsync_wrapper-bb96ec0a44787be2,libfutures-6f534c0fb6939c82,libfutures_executor-2765812b9f5f220c,libfutures_util-e1309fd87da70de8,libfutures_io-8c04ffacecffc132,libslab-b87f2cdcce17cdd1,libfutures_channel-08f5ba0021d535fa,libfutures_sink-512fbc923181761d,libfutures_task-aa879bf029168d2e,libfutures_core-05a299c746e0c02c,libab_glyph-27501a7bc0d6c213,libowned_ttf_parser-0bf07c0f511ecde9,libttf_parser-e1c8bafc73b1399d,libab_glyph_rasterizer-c9118dc05adc9822,libpdfium_render-0e648485170dce8f,libutf16string-f299ac035e8496db,libvecmath-90be165460fd191b,libfloat-0a2c674fb485cda5,liblibloading-10e97cb31c68f117,libimage-d8c21fc1080a82af,libqoi-1adacfc3d276c38c,libmoxcms-88ba5cb69da9713d,libpxfm-c461d13f60d6c881,libimage_webp-e3dc8bd13b7843ac,libtiff-7f918726667d6e61,libfax-b42c2225f9ed33d8,libexr-91d84138d2824996,libzune_inflate-eebbecf62ba74819,libbit_field-2f2e110bea461fe3,liblebe-40ad96751d2187c5,libhalf-8465315f62f4a48b,libzune_jpeg-541fc5aa0a376f68,libzune_core-eff53fc1f4be7722,libgif-fbfbf07ecabf508d,libcolor_quant-ee7c2e5e1f6d6039,libweezl-47d21107da9e2fef,libbyteorder_lite-55caf0871615af84,libravif-4026ddf7ea461f6f,libloop9-e2cf7f6ef79bd556,libavif_serialize-f80ae2d068931a91,libquick_error-88c5defaf27fd252,librgb-62e6725830015702,librav1e-a5e2e80d6e64b861,libprofiling-e99628d0e9590482,libav_scenechange-a55803a89cb741e7,liby4m-59a7699f6293b1e7,libaligned-d5bfe52f49aded10,libas_slice-3ddb87d3c716964f,libav1_grain-6837ebe8be82d4ae,libnom-10de5f2beda89c5a,libnum_rational-5e7bc8a5ada8552d,libnum_bigint-b98a8f62604479d1,libmaybe_rayon-5bf2288b8fb43adc,librayon-8f8cc75b0e95f5ae,librayon_core-b29b1ddf60239ae0,libcrossbeam_deque-79cf831382b419bd,libcrossbeam_epoch-c68b5ed5355829e4,libv_frame-9b540a54a502d36a,libarrayvec-be42b3cf266a11cc,libaligned_vec-fb8291bf35a86e53,libequator-f343101c7cab3021,libbitstream_io-f0d128a8cdbc86a1,libitertools-e6dddd650be93bbf,libeither-82766470e2ffe0ce,libimgref-3d73fe47354b57c2,libbytemuck-0dbb03f21dadd35d,libort-91735228d382e90f,libort_sys-83b208d3c029609a,libndarray-e758469f1d4379d5,libmatrixmultiply-64ea4760d2040e1b,libnum_complex-da334714b1782834,libnum_integer-f773e03f8db6dae5,librawpointer-b39c3bbc35e67cef,libfs2-dec11bba1cf7fe7d,libzip-afeeda1d702d8a46,libzopfli-c9a8cec4e4f3ef11,libbumpalo-3ddffdf772c65362,liballocator_api2-021a96b2fda17c4c,libsolosoul_vault-a0b2294623454681,libhex-4997e77b2cf78fb5,libtracing-92568bfb2c7a4af7,libtracing_core-6265166ec7ae24b8,librusqlite-87bc0bb602cfe286,libfallible_streaming_iterator-f0c43731ddd1dc21,libfallible_iterator-d7f0b52b39940b6b,libhashlink-fe2451ce14cf5eef,libhashbrown-556de309bec74573,libahash-4309e6ae26c5091f,liblibsqlite3_sys-8e77a4e966f2e52c,libchrono-dd7451b7f6be8a9d,libiana_time_zone-fdbb308e0113af60,libnum_traits-470674c1010d93e0,libsolosoul_crypto-f2e9e2682f91d289,librand-f423b62f91c15404,librand_chacha-ef600ea393adf7ee,libppv_lite86-359b4cf1d1099c90,libzerocopy-f02abe06f3e04798,libargon2-33952ff4480ba1a7,libblake2-8ffece65b3d58e5b,libpassword_hash-7c215d889ce36aef,libbase64ct-f5c67d81c4a32c98,libsha2-453608ea2e3edccd,libhkdf-bcf04ecea3e2fa6b,libhmac-fc7384ea9c291c5e,libdigest-498edab282e9c35a,libblock_buffer-b4718ac04cfacfe7,libaes_gcm-9d1271827c5f4817,libctr-3e0ce739e974cf3e,libghash-e57bf94334b84880,libpolyval-ca37e7b0f57f1e94,libopaque_debug-80bd5d0cafd9f40a,libuniversal_hash-87efe005653f531e,libsubtle-d970db27d42ace50,libaes-3684427ea624cb80,libcipher-4c12a1ce55b56df8,libzeroize-18c3e7270a94d319,libinout-5c96d4d5ae7f5b9d,libaead-19036b023ebfe1d7,libcrypto_common-e3030ee53ea62015,libgeneric_array-7c0a2032a88a246b,libtypenum-581bc84b6cc72c0e,librand_core-04b657bce6d9aa9a,libgetrandom-e38d240245f06e66,libtauri-c0f0add6e8ac526b,libmime-29f076759a082583,libgetrandom-a27fbe0d40a749aa,libtauri_runtime_wry-5c752a50ebc5339c,libwry-9854ea806bd85431,libdirs-e60049bc22a3fe82,libdirs_sys-2a2a030258d9fb8e,liboption_ext-7652fc10374262ab,libtao-068c333def1e4636,libdispatch2-ca9ba4a15700b0ff,libcore_graphics-93d70d2cf95dfd64,libforeign_types-c4242e52d8e86cb3,libforeign_types_shared-0941825d3117c65f,libcore_graphics_types-3c8eb93398ac0ff9,libcore_foundation-4134d001563dd95f,libcore_foundation_sys-f7bc39935d748e1e,liblog-9a05951f0970b06f,libmuda-643c511445b69628,libpng-78581f2ac307a9e6,libflate2-8a9a8e39e7b76ba1,libminiz_oxide-409d1372afde99ed,libfdeflate-e0bc41f20345767a,libsimd_adler32-a88e072854447c0c,libcrc32fast-bcfaeff93deb6a11,libkeyboard_types-258c06508a266d31,libunicode_segmentation-7a37a6ca80312a8f,libonce_cell-5d72420e7e3e793a,libcrossbeam_channel-9a2d4a72991ee28a,libcrossbeam_utils-c4f2041badfe1d1d,libwindow_vibrancy-16cf0223bfd647c1,libtokio-4dfba2358c853c51,libsignal_hook_registry-d599f90b523599be,liberrno-edf7d52833761bce,libsocket2-644b8818df63f325,libmio-d9f82e24de59fa8b,libparking_lot-8893d41ab5bfdaca,libparking_lot_core-f3d15d2e361ba875,liblock_api-57f7e778d363f7d4,libscopeguard-0e9fa891c0dd12fb,libpin_project_lite-6f97174234d9a9fd,libtauri_runtime-caf67315c3c9478b,libobjc2_web_kit-ba82d44ab342cde1,libobjc2_app_kit-1a8fc67cb95322ac,libobjc2_quartz_core-ddd458e30b3d5a3a,libobjc2_foundation-a06fc42c4f71994c,libobjc2_core_foundation-21ddfbc29b783e72,libbitflags-f2ad66900ab8be19,libblock2-9d62d8243bbdcebb,libobjc2-500e6943f2e84b10,libobjc2_exception_helper-77302ab097846603,libobjc2_encode-d1f8a678f340282c,libcookie-f509ad5d25ae12d2,libdpi-5f2f5ae93d56c782,libserialize_to_javascript-da83bdda3bfbb510,libraw_window_handle-210939a8b73b2a2a,libtauri_utils-5a2b642ec1769d12,libdunce-2c9550a36319d1cf,libinfer-a83cc2b5d60c57be,libcfb-fb11f249df51dcd7,libfnv-55eddea816665478,libbyteorder-960b3a6a7e968c6e,libuuid-ec678622821b3316,libgetrandom-befaf50b11d5171f,liblibc-59ce708db9f0af61,librand_core-611c534919abd250,libcfg_if-05babb974e12bcf2,libbrotli-4ca9a10bef5d7677,libbrotli_decompressor-20b7f0747a5aa068,liballoc_stdlib-ce82e390cd304f98,liballoc_no_stdlib-f55ecec3ad31c72a,liburlpattern-3027e8b9e8eef6a1,libunic_ucd_ident-8f70c14a71033161,libunic_ucd_version-db0200c7ee6bc021,libunic_common-a37ef4eed71acfd7,libunic_char_property-60761d167e9543dc,libunic_char_range-0be54ac31deb47e4,libregex-b1597bf23d0a6c85,libregex_automata-9ea0369bab135b87,libaho_corasick-6f10966fcaf628cd,libregex_syntax-57e463e4bf713ca1,libglob-b149e7bf000d3118,libwalkdir-ca75e23fc260ad30,libsame_file-ecee3f059b26c1dd,libctor-382c87f36d2af49d,libplist-e6f042638ed87f51,libtime-520d839c852b137e,libtime_core-ebe09971d7a57337,libnum_conv-87136e84d06724fb,libderanged-f68c82da0aab91ad,libpowerfmt-e7ffc396ed1f3f5f,libquick_xml-fe670d7709251bd3,libbase64-86721ba43638bc14,libindexmap-730bd99c82883699,libequivalent-4c66c20cbffd0e9b,libhashbrown-0f6f28de04ecac0e,libfoldhash-835ddaa85a3eb327,libjson_patch-9b3c561d55c37158,libthiserror-b2f8fe2b0bd5ac55,libjsonptr-2b9da5231e3b598e,libserde_with-de2037e03dd434c2,libserde_json-3080e9c97cf2e833,libmemchr-4be3c3f5820de918,libzmij-b72c2e8e9b19990e,libhttp-2e5841411f493812,libitoa-11f8d71f59eceab5,libbytes-bc7d136bfcffaf4f,libphf-1fc8f2d4ca93b1fb,libphf_shared-09035a872a690e9f,libsiphasher-2d4a1fea7add6516,libtoml-d60444375d1f3f68,libtoml_writer-b70a1fca8296db41,libtoml_parser-5d3b48b3055167f8,libwinnow-130438e4eaf8fb12,libserde_spanned-36de6b0f48243f5a,libtoml_datetime-c85985f8be5b00d4,libserde_untagged-cec19c8a55969958,liberased_serde-baef0f4ebe89fd59,libtypeid-a6a3eb8bb77d4f1b,liburl-5f542fa519899642,libidna-bc4c872f5f43982e,libidna_adapter-b256d35f51d67734,libicu_properties-3f83c4d692cd47b2,libicu_properties_data-1dfcd2261d5de017,libicu_normalizer-113d1d01c00cc7fd,libsmallvec-4dd525bb13ab0772,libicu_normalizer_data-dbfe5e4b5aa51008,libicu_collections-e9548aaad0221f2f,libutf8_iter-c9ce9fcbd1a93b82,libpotential_utf-f06672489f78578d,libicu_provider-056b40c1c87fe82f,libicu_locale_core-2d898127008987b6,libtinystr-930a55bd2fa237c6,liblitemap-9012e4900e82e2c4,libwriteable-92646a990b5fa645,libzerovec-51f8bbe14000bc90,libzerotrie-8d1464660ddfeb9d,libyoke-b67eab26ff9e4144,libstable_deref_trait-1c0bc0dfb9a35602,libzerofrom-61d7f0f74d1b1e37,libform_urlencoded-e84f837a403601c2,libpercent_encoding-e12ddf916c8cb22e,libthiserror-b4130ec80051f281,libanyhow-7a125b95cff1747d,libsemver-70bf2b97f6852858,libembed_plist-ffde0bc2e3a4e645,libserde-3baab7aec792a72c,libserde_core-400ef32712dc289e}.rlib" "<sysroot>/lib/rustlib/aarch64-apple-darwin/lib/{libstd-*,libpanic_unwind-*,libobject-*,libmemchr-*,libaddr2line-*,libgimli-*,libcfg_if-*,librustc_demangle-*,libstd_detect-*,libhashbrown-*,librustc_std_workspace_alloc-*,libminiz_oxide-*,libadler2-*,libunwind-*,liblibc-*,librustc_std_workspace_core-*,liballoc-*,libcore-*,libcompiler_builtins-*}.rlib" "-framework" "AppKit" "-framework" "AppKit" "-framework" "Foundation" "-framework" "Foundation" "-lobjc" "-framework" "OSAKit" "-framework" "Security" "-framework" "CoreFoundation" "-framework" "AppKit" "-framework" "WebKit" "-framework" "ApplicationServices" "-framework" "CoreGraphics" "-framework" "Carbon" "-framework" "CoreVideo" "-framework" "CoreFoundation" "-lSystem" "-framework" "CoreGraphics" "-framework" "CoreGraphics" "-framework" "CoreFoundation" "-framework" "WebKit" "-framework" "AppKit" "-framework" "QuartzCore" "-framework" "Foundation" "-framework" "CoreFoundation" "-lobjc" "-framework" "Foundation" "-liconv" "-lSystem" "-lc" "-lm" "-arch" "arm64" "-mmacosx-version-min=11.0.0" "-L" "/Users/zzc/PycharmProjects/SoloSoul/tauri/target/debug/build/objc2-exception-helper-a08be82134dbdb9a/out" "-L" "/Users/zzc/PycharmProjects/SoloSoul/tauri/target/debug/build/ring-11d34ed388d14499/out" "-L" "/Users/zzc/PycharmProjects/SoloSoul/tauri/target/debug/build/libsqlite3-sys-bc8df6a79a232f20/out" "-L" "/Users/zzc/PycharmProjects/SoloSoul/tauri/target/debug/build/wasmtime-87307538a705793a/out" "-L" "/Users/zzc/PycharmProjects/SoloSoul/tauri/target/debug/build/zstd-sys-de8e28d63f961463/out" "-L" "/Users/zzc/PycharmProjects/SoloSoul/tauri/target/debug/build/wasmtime-internal-jit-debug-7bb7dad0a3175dbd/out" "-L" "/Users/zzc/PycharmProjects/SoloSoul/tauri/target/debug/build/mac-notification-sys-b980e0aa1b43f3aa/out" "-L" "/Users/zzc/PycharmProjects/SoloSoul/tauri/target/debug/build/onig_sys-6d7e00e8e10d73b9/out" "-o" "/Users/zzc/PycharmProjects/SoloSoul/tauri/target/debug/deps/libsolo_soul.dylib" "-Wl,-dead_strip" "-dynamiclib" "-nodefaultlibs"
  = note: some arguments are omitted. use `--verbose` to show all linker arguments
  = note: ld: warning: ignoring duplicate libraries: '-lSystem', '-lobjc'
          Undefined symbols for architecture arm64:
            "_
          
          The ort-sys crate could not link to ONNX Runtime because:
          	- `libonnxruntime` is not configured via `pkg-config`
          	- ort-sys was instructed not to download prebuilt binaries (`cargo build --offline`), or the `download-binaries` feature is not enabled
          	- Neither `ORT_LIB_PATH` or `ORT_IOS_XCFWK_PATH` (for iOS) were set to link to custom binaries
          
          To rectify this:
          	- Compile ONNX Runtime from source and manually configure linking (see https://ort.pyke.io/setup/linking for more information)
          	- Enable the `download-binaries` feature if the target is supported
          	- Enable ort's `alternative-backend` feature if you intend to use a different backend (or ort-sys' `disable-linking` feature if you use this crate directly)
          ", referenced from:
                ort_sys::link_error::X::h3e028a294d6040b1 in libort_sys-83b208d3c029609a.rlib[4](ort_sys-83b208d3c029609a.ort_sys.f840d53bf570b63a-cgu.1.rcgu.o)
          ld: symbol(s) not found for architecture arm64
          clang: error: linker command failed with exit code 1 (use -v to see invocation)
          

error: could not compile `solo_soul` (lib) due to 1 previous error
failed to build app: failed to build app
       Error failed to build app: failed to build app
