
Running 14 tests using 2 workers

(node:60808) Warning: The 'NO_COLOR' env is ignored due to the 'FORCE_COLOR' env being set.
(Use `node --trace-warnings ...` to show where the warning was created)
(node:60807) Warning: The 'NO_COLOR' env is ignored due to the 'FORCE_COLOR' env being set.
(Use `node --trace-warnings ...` to show where the warning was created)
(node:60808) Warning: The 'NO_COLOR' env is ignored due to the 'FORCE_COLOR' env being set.
(Use `node --trace-warnings ...` to show where the warning was created)
(node:60807) Warning: The 'NO_COLOR' env is ignored due to the 'FORCE_COLOR' env being set.
(Use `node --trace-warnings ...` to show where the warning was created)
  ✓   2 [chromium] › e2e/history-keyboard.spec.ts:4:1 › 隐藏历史字段支持 Enter 和 Space，揭示前无原文 DOM (2.3s)
(node:60864) Warning: The 'NO_COLOR' env is ignored due to the 'FORCE_COLOR' env being set.
(Use `node --trace-warnings ...` to show where the warning was created)
(node:60864) Warning: The 'NO_COLOR' env is ignored due to the 'FORCE_COLOR' env being set.
(Use `node --trace-warnings ...` to show where the warning was created)
  ✓   1 [chromium] › e2e/object-ui-refinement.spec.ts:87:5 › macos light: password, localized counts, stable cached history and scoped scrollbar (4.4s)
  ✓   3 [webkit] › e2e/history-keyboard.spec.ts:4:1 › 隐藏历史字段支持 Enter 和 Space，揭示前无原文 DOM (2.5s)
  ✓   4 [chromium] › e2e/object-ui-refinement.spec.ts:87:5 › macos dark: password, localized counts, stable cached history and scoped scrollbar (3.7s)
  ✓   6 [chromium] › e2e/object-ui-refinement.spec.ts:87:5 › windows light: password, localized counts, stable cached history and scoped scrollbar (3.2s)
  ✓   5 [webkit] › e2e/object-ui-refinement.spec.ts:87:5 › macos light: password, localized counts, stable cached history and scoped scrollbar (4.6s)
  ✓   7 [chromium] › e2e/object-ui-refinement.spec.ts:87:5 › windows dark: password, localized counts, stable cached history and scoped scrollbar (3.2s)
  ✓   9 [chromium] › e2e/object-ui-refinement.spec.ts:216:3 › android: long password stays clear of controls at 320px (961ms)
  ✓  10 [chromium] › e2e/object-ui-refinement.spec.ts:216:3 › ios: long password stays clear of controls at 320px (959ms)
  ✓   8 [webkit] › e2e/object-ui-refinement.spec.ts:87:5 › macos dark: password, localized counts, stable cached history and scoped scrollbar (4.5s)
  ✓  11 [webkit] › e2e/object-ui-refinement.spec.ts:87:5 › windows light: password, localized counts, stable cached history and scoped scrollbar (5.2s)
  ✓  12 [webkit] › e2e/object-ui-refinement.spec.ts:87:5 › windows dark: password, localized counts, stable cached history and scoped scrollbar (4.6s)
  ✓  13 [webkit] › e2e/object-ui-refinement.spec.ts:216:3 › android: long password stays clear of controls at 320px (1.4s)
  ✓  14 [webkit] › e2e/object-ui-refinement.spec.ts:216:3 › ios: long password stays clear of controls at 320px (1.3s)

  14 passed (30.4s)
