INSTRUMENTATION_STATUS: class=com.solosoul.app.AndroidHomeInstrumentedTest
INSTRUMENTATION_STATUS: current=1
INSTRUMENTATION_STATUS: id=AndroidJUnitRunner
INSTRUMENTATION_STATUS: numtests=1
INSTRUMENTATION_STATUS: stream=
com.solosoul.app.AndroidHomeInstrumentedTest:
INSTRUMENTATION_STATUS: test=realHomePreservesGlassAndCopyAcrossLockUnlock
INSTRUMENTATION_STATUS_CODE: 1
s_glBindAttribLocation: bind attrib 0 name position
s_glBindAttribLocation: bind attrib 1 name color
s_glBindAttribLocation: bind attrib 2 name localCoord
INSTRUMENTATION_STATUS: class=com.solosoul.app.AndroidHomeInstrumentedTest
INSTRUMENTATION_STATUS: current=1
INSTRUMENTATION_STATUS: id=AndroidJUnitRunner
INSTRUMENTATION_STATUS: numtests=1
INSTRUMENTATION_STATUS: stack=java.lang.AssertionError: 操作必须完全位于真实键盘上方: {"path":"\/editor","search":"?section=travel","historyIndex":14,"theme":"dark","draft":"FE2 public object XYZ","focused":true,"viewportWidth":412,"viewportHeight":732,"visualHeight":732.1904907226562,"visualOffset":0,"keyboardInset":"0px","rect":{"x":36,"y":382.5714416503906,"right":370.4761962890625,"bottom":434.5714416503906},"hittable":true,"toastCount":1,"backupReminder":true,"overlapped":false,"overflow":false} / {"imeVisible":true,"imeHeightPx":872,"screenHeightPx":1920,"webViewWidthPx":1080,"webViewHeightPx":1920,"webViewScreenX":0,"webViewScreenY":0}
	at org.junit.Assert.fail(Assert.java:89)
	at org.junit.Assert.assertTrue(Assert.java:42)
	at com.solosoul.app.AndroidHomeInstrumentedTest.captureKeyboard(AndroidHomeInstrumentedTest.kt:470)
	at com.solosoul.app.AndroidHomeInstrumentedTest.captureKeyboard$default(AndroidHomeInstrumentedTest.kt:444)
	at com.solosoul.app.AndroidHomeInstrumentedTest.verifyKeyboard(AndroidHomeInstrumentedTest.kt:509)
	at com.solosoul.app.AndroidHomeInstrumentedTest.verifyPopulatedContent(AndroidHomeInstrumentedTest.kt:376)
	at com.solosoul.app.AndroidHomeInstrumentedTest.realHomePreservesGlassAndCopyAcrossLockUnlock(AndroidHomeInstrumentedTest.kt:677)

INSTRUMENTATION_STATUS: stream=
Error in realHomePreservesGlassAndCopyAcrossLockUnlock(com.solosoul.app.AndroidHomeInstrumentedTest):
java.lang.AssertionError: 操作必须完全位于真实键盘上方: {"path":"\/editor","search":"?section=travel","historyIndex":14,"theme":"dark","draft":"FE2 public object XYZ","focused":true,"viewportWidth":412,"viewportHeight":732,"visualHeight":732.1904907226562,"visualOffset":0,"keyboardInset":"0px","rect":{"x":36,"y":382.5714416503906,"right":370.4761962890625,"bottom":434.5714416503906},"hittable":true,"toastCount":1,"backupReminder":true,"overlapped":false,"overflow":false} / {"imeVisible":true,"imeHeightPx":872,"screenHeightPx":1920,"webViewWidthPx":1080,"webViewHeightPx":1920,"webViewScreenX":0,"webViewScreenY":0}
	at org.junit.Assert.fail(Assert.java:89)
	at org.junit.Assert.assertTrue(Assert.java:42)
	at com.solosoul.app.AndroidHomeInstrumentedTest.captureKeyboard(AndroidHomeInstrumentedTest.kt:470)
	at com.solosoul.app.AndroidHomeInstrumentedTest.captureKeyboard$default(AndroidHomeInstrumentedTest.kt:444)
	at com.solosoul.app.AndroidHomeInstrumentedTest.verifyKeyboard(AndroidHomeInstrumentedTest.kt:509)
	at com.solosoul.app.AndroidHomeInstrumentedTest.verifyPopulatedContent(AndroidHomeInstrumentedTest.kt:376)
	at com.solosoul.app.AndroidHomeInstrumentedTest.realHomePreservesGlassAndCopyAcrossLockUnlock(AndroidHomeInstrumentedTest.kt:677)

INSTRUMENTATION_STATUS: test=realHomePreservesGlassAndCopyAcrossLockUnlock
INSTRUMENTATION_STATUS_CODE: -2
INSTRUMENTATION_RESULT: stream=

Time: 60.691
There was 1 failure:
1) realHomePreservesGlassAndCopyAcrossLockUnlock(com.solosoul.app.AndroidHomeInstrumentedTest)
java.lang.AssertionError: 操作必须完全位于真实键盘上方: {"path":"\/editor","search":"?section=travel","historyIndex":14,"theme":"dark","draft":"FE2 public object XYZ","focused":true,"viewportWidth":412,"viewportHeight":732,"visualHeight":732.1904907226562,"visualOffset":0,"keyboardInset":"0px","rect":{"x":36,"y":382.5714416503906,"right":370.4761962890625,"bottom":434.5714416503906},"hittable":true,"toastCount":1,"backupReminder":true,"overlapped":false,"overflow":false} / {"imeVisible":true,"imeHeightPx":872,"screenHeightPx":1920,"webViewWidthPx":1080,"webViewHeightPx":1920,"webViewScreenX":0,"webViewScreenY":0}
	at org.junit.Assert.fail(Assert.java:89)
	at org.junit.Assert.assertTrue(Assert.java:42)
	at com.solosoul.app.AndroidHomeInstrumentedTest.captureKeyboard(AndroidHomeInstrumentedTest.kt:470)
	at com.solosoul.app.AndroidHomeInstrumentedTest.captureKeyboard$default(AndroidHomeInstrumentedTest.kt:444)
	at com.solosoul.app.AndroidHomeInstrumentedTest.verifyKeyboard(AndroidHomeInstrumentedTest.kt:509)
	at com.solosoul.app.AndroidHomeInstrumentedTest.verifyPopulatedContent(AndroidHomeInstrumentedTest.kt:376)
	at com.solosoul.app.AndroidHomeInstrumentedTest.realHomePreservesGlassAndCopyAcrossLockUnlock(AndroidHomeInstrumentedTest.kt:677)

FAILURES!!!
Tests run: 1,  Failures: 1


INSTRUMENTATION_CODE: -1
