/sdcard/Android/data/com.solosoul.app/files/fe2-home-fa77bd86cccc444f816c8eb3022a0ef1/: 24 files pulled, 0 skipped. 17.2 MB/s (3073249 bytes in 0.170s)
/private/tmp/solosoul-fe2-preview-supported-seventh-20261008/private-data-before.tar: 1 file pushed, 0 skipped. 559.1 MB/s (4051456 bytes in 0.007s)
{
  "serial": "emulator-5586",
  "avd": "SoloSoul_RF201",
  "mode": "supported",
  "scenario": "previews",
  "motionPreferenceChecks": false,
  "startedAt": 1791424507.86416,
  "passed": false,
  "restored": true,
  "api": 34,
  "abi": "arm64-v8a",
  "notificationPermissionBefore": {
    "granted": false,
    "flags": [
      "USER_SENSITIVE_WHEN_DENIED",
      "USER_SENSITIVE_WHEN_GRANTED"
    ]
  },
  "artifacts": [
    {
      "path": "/Users/zzc/PycharmProjects/SoloSoul/tauri/src-tauri/gen/android/app/build/outputs/apk/arm64/debug/app-arm64-debug.apk",
      "sha256": "688e90599fe65bca72a89d31b5a319ffb856dc7b9e2545f75c2426118df566a9"
    },
    {
      "path": "/Users/zzc/PycharmProjects/SoloSoul/tauri/src-tauri/gen/android/app/build/outputs/apk/androidTest/arm64/debug/app-arm64-debug-androidTest.apk",
      "sha256": "fc59ecfa1e003690cc5dfe04ef6fddcdb474cf3d2dbd39fa35f67e25f68d3281"
    }
  ],
  "backup": {
    "path": "/private/tmp/solosoul-fe2-preview-supported-seventh-20261008/private-data-before.tar",
    "sha256": "f3839bbc8a353599aeb1d30a5ce65eb426968a55d7a3cc4a041dbce9c876525b",
    "entries": 242
  },
  "error": "Missing exact successful one-test native report; skips are failures",
  "restoreVerification": {
    "entries": 242,
    "allFileContentsLinksAndModesMatch": true
  },
  "blurRestored": true,
  "notificationPermissionRestored": true,
  "finishedAt": 1791424590.445896
}
