[2m[WebServer] [22m(node:87677) Warning: The 'NO_COLOR' env is ignored due to the 'FORCE_COLOR' env being set.
[2m[WebServer] [22m(Use `node --trace-warnings ...` to show where the warning was created)

Running 6 tests using 1 worker

(node:87678) Warning: The 'NO_COLOR' env is ignored due to the 'FORCE_COLOR' env being set.
(Use `node --trace-warnings ...` to show where the warning was created)
(node:87678) Warning: The 'NO_COLOR' env is ignored due to the 'FORCE_COLOR' env being set.
(Use `node --trace-warnings ...` to show where the warning was created)
[2m[WebServer] [22m7:03:22 AM [vite] (client) [console.warn] [updater] android check failed: TypeError: Cannot read properties of undefined (reading 'latestVersion')
[2m[WebServer] [22m    at androidCheckForUpdate (http://localhost:1420/src/lib/updater.ts:177:12)
[2m[WebServer] [22m    at async http://localhost:1420/src/stores/updateStore.ts:94:65
[2m[WebServer] [22m7:03:23 AM [vite] (client) [console.warn] [updater] android check failed: TypeError: Cannot read properties of undefined (reading 'latestVersion')
[2m[WebServer] [22m    at androidCheckForUpdate (http://localhost:1420/src/lib/updater.ts:177:12)
[2m[WebServer] [22m    at async http://localhost:1420/src/stores/updateStore.ts:94:65
[2m[WebServer] [22m7:03:23 AM [vite] (client) [console.warn] [ObjectEditor] Load field suggestions failed: {"code":"LEGACY_ERROR"}
  ✓  1 [mobile] › e2e/android-material.spec.ts:329:1 › Android editor save stays reachable with a reminder and enlarged text (2.8s)
[2m[WebServer] [22m7:03:24 AM [vite] (client) [console.warn] [updater] android check failed: TypeError: Cannot read properties of undefined (reading 'latestVersion')
[2m[WebServer] [22m    at androidCheckForUpdate (http://localhost:1420/src/lib/updater.ts:177:12)
[2m[WebServer] [22m    at async http://localhost:1420/src/stores/updateStore.ts:94:65
[2m[WebServer] [22m7:03:24 AM [vite] (client) [console.warn] [updater] android check failed: TypeError: Cannot read properties of undefined (reading 'latestVersion')
[2m[WebServer] [22m    at androidCheckForUpdate (http://localhost:1420/src/lib/updater.ts:177:12)
[2m[WebServer] [22m    at async http://localhost:1420/src/stores/updateStore.ts:94:65
  ✓  2 [mobile] › e2e/android-material.spec.ts:512:3 › custom #112233 keeps home actions and tools readable in Dark (1.7s)
[2m[WebServer] [22m7:03:25 AM [vite] (client) [console.warn] [updater] android check failed: TypeError: Cannot read properties of undefined (reading 'latestVersion')
[2m[WebServer] [22m    at androidCheckForUpdate (http://localhost:1420/src/lib/updater.ts:177:12)
[2m[WebServer] [22m    at async http://localhost:1420/src/stores/updateStore.ts:94:65
[2m[WebServer] [22m7:03:26 AM [vite] (client) [console.warn] [updater] android check failed: TypeError: Cannot read properties of undefined (reading 'latestVersion')
[2m[WebServer] [22m    at androidCheckForUpdate (http://localhost:1420/src/lib/updater.ts:177:12)
[2m[WebServer] [22m    at async http://localhost:1420/src/stores/updateStore.ts:94:65
  ✓  3 [mobile] › e2e/android-material.spec.ts:512:3 › custom #ffee00 keeps home actions and tools readable in Light (1.5s)
[2m[WebServer] [22m7:03:27 AM [vite] (client) [console.warn] [updater] android check failed: TypeError: Cannot read properties of undefined (reading 'latestVersion')
[2m[WebServer] [22m    at androidCheckForUpdate (http://localhost:1420/src/lib/updater.ts:177:12)
[2m[WebServer] [22m    at async http://localhost:1420/src/stores/updateStore.ts:94:65
[2m[WebServer] [22m7:03:27 AM [vite] (client) [console.warn] [updater] android check failed: TypeError: Cannot read properties of undefined (reading 'latestVersion')
[2m[WebServer] [22m    at androidCheckForUpdate (http://localhost:1420/src/lib/updater.ts:177:12)
[2m[WebServer] [22m    at async http://localhost:1420/src/stores/updateStore.ts:94:65
[2m[WebServer] [22m7:03:29 AM [vite] (client) [console.warn] [updater] android check failed: TypeError: Cannot read properties of undefined (reading 'latestVersion')
[2m[WebServer] [22m    at androidCheckForUpdate (http://localhost:1420/src/lib/updater.ts:177:12)
[2m[WebServer] [22m    at async http://localhost:1420/src/stores/updateStore.ts:94:65
[2m[WebServer] [22m7:03:29 AM [vite] (client) [console.warn] [updater] android check failed: TypeError: Cannot read properties of undefined (reading 'latestVersion')
[2m[WebServer] [22m    at androidCheckForUpdate (http://localhost:1420/src/lib/updater.ts:177:12)
[2m[WebServer] [22m    at async http://localhost:1420/src/stores/updateStore.ts:94:65
  ✓  4 [mobile] › e2e/android-material.spec.ts:566:1 › shared schemes and custom accents reach CSS, artwork and native menu together (2.9s)
[2m[WebServer] [22m7:03:30 AM [vite] (client) [console.warn] [updater] android check failed: TypeError: Cannot read properties of undefined (reading 'latestVersion')
[2m[WebServer] [22m    at androidCheckForUpdate (http://localhost:1420/src/lib/updater.ts:177:12)
[2m[WebServer] [22m    at async http://localhost:1420/src/stores/updateStore.ts:94:65
[2m[WebServer] [22m7:03:30 AM [vite] (client) [console.warn] [updater] android check failed: TypeError: Cannot read properties of undefined (reading 'latestVersion')
[2m[WebServer] [22m    at androidCheckForUpdate (http://localhost:1420/src/lib/updater.ts:177:12)
[2m[WebServer] [22m    at async http://localhost:1420/src/stores/updateStore.ts:94:65
  ✓  5 [mobile] › e2e/android-object-create.spec.ts:93:1 › Home chooses a destination before templates; saving returns home and the object is in its page (2.4s)
[2m[WebServer] [22m7:03:32 AM [vite] (client) [console.warn] [updater] android check failed: TypeError: Cannot read properties of undefined (reading 'latestVersion')
[2m[WebServer] [22m    at androidCheckForUpdate (http://localhost:1420/src/lib/updater.ts:177:12)
[2m[WebServer] [22m    at async http://localhost:1420/src/stores/updateStore.ts:94:65
[2m[WebServer] [22m7:03:33 AM [vite] (client) [console.warn] [updater] android check failed: TypeError: Cannot read properties of undefined (reading 'latestVersion')
[2m[WebServer] [22m    at androidCheckForUpdate (http://localhost:1420/src/lib/updater.ts:177:12)
[2m[WebServer] [22m    at async http://localhost:1420/src/stores/updateStore.ts:94:65
  ✓  6 [mobile] › e2e/android-object-create.spec.ts:131:1 › built-in destination filters templates and has no custom parent; contextual creation skips picker (2.3s)

  6 passed (15.0s)
