INSTRUMENTATION_STATUS: class=com.solosoul.app.AndroidHomeInstrumentedTest
INSTRUMENTATION_STATUS: current=1
INSTRUMENTATION_STATUS: id=AndroidJUnitRunner
INSTRUMENTATION_STATUS: numtests=1
INSTRUMENTATION_STATUS: stream=
com.solosoul.app.AndroidHomeInstrumentedTest:
INSTRUMENTATION_STATUS: test=realHomePreservesGlassAndCopyAcrossLockUnlock
INSTRUMENTATION_STATUS_CODE: 1
s_glBindAttribLocation: bind attrib 0 name position
s_glBindAttribLocation: bind attrib 1 name color
s_glBindAttribLocation: bind attrib 2 name localCoord
INSTRUMENTATION_STATUS: class=com.solosoul.app.AndroidHomeInstrumentedTest
INSTRUMENTATION_STATUS: current=1
INSTRUMENTATION_STATUS: id=AndroidJUnitRunner
INSTRUMENTATION_STATUS: numtests=1
INSTRUMENTATION_STATUS: stack=java.lang.AssertionError: 底部操作必须存在且可见: {"label":"Save","found":true,"rect":{"x":20,"y":1220.9345703125,"right":386.4761962890625,"bottom":1268.9345703125},"ancestors":[{"tag":"BUTTON","classes":"_button_18jp9_1 ","position":"static","transform":"none","filter":"none","backdrop":"none","height":"48px","top":1220.9345703125,"bottom":1268.9345703125},{"tag":"DIV","classes":"_formActions_rilmf_1","position":"static","transform":"none","filter":"none","backdrop":"none","height":"104px","top":1220.9345703125,"bottom":1324.9345703125},{"tag":"DIV","classes":"_container_ruoo8_1 _xs_ruoo8_22 _gap-default_ruoo8_34","position":"static","transform":"none","filter":"none","backdrop":"none","height":"1113.86px","top":211.07737731933594,"bottom":1324.934555053711},{"tag":"MAIN","classes":"_content_18ixn_12","position":"static","transform":"none","filter":"none","backdrop":"none","height":"427.083px","top":195.07737731933594,"bottom":622.1607208251953},{"tag":"DIV","classes":"_contentSurface_18ixn_28","position":"static","transform":"none","filter":"none","backdrop":"none","height":"auto","top":0,"bottom":0},{"tag":"DIV","classes":"_main_18ixn_17","position":"static","transform":"none","filter":"none","backdrop":"none","height":"732.19px","top":0,"bottom":732.1904907226562},{"tag":"DIV","classes":"_appShell_18ixn_1","position":"static","transform":"none","filter":"none","backdrop":"none","height":"732.19px","top":0,"bottom":732.1904907226562},{"tag":"DIV","classes":"","position":"static","transform":"none","filter":"none","backdrop":"none","height":"732.19px","top":0,"bottom":732.1904907226562}],"visible":false,"hittable":false,"overlapWidth":366.4761962890625,"overlapHeight":0,"overlapTolerance":0.001,"overlapped":false}
	at org.junit.Assert.fail(Assert.java:89)
	at org.junit.Assert.assertTrue(Assert.java:42)
	at com.solosoul.app.AndroidHomeInstrumentedTest.captureContent(AndroidHomeInstrumentedTest.kt:501)
	at com.solosoul.app.AndroidHomeInstrumentedTest.verifyPopulatedContent(AndroidHomeInstrumentedTest.kt:571)
	at com.solosoul.app.AndroidHomeInstrumentedTest.realHomePreservesGlassAndCopyAcrossLockUnlock(AndroidHomeInstrumentedTest.kt:1714)

INSTRUMENTATION_STATUS: stream=
Error in realHomePreservesGlassAndCopyAcrossLockUnlock(com.solosoul.app.AndroidHomeInstrumentedTest):
java.lang.AssertionError: 底部操作必须存在且可见: {"label":"Save","found":true,"rect":{"x":20,"y":1220.9345703125,"right":386.4761962890625,"bottom":1268.9345703125},"ancestors":[{"tag":"BUTTON","classes":"_button_18jp9_1 ","position":"static","transform":"none","filter":"none","backdrop":"none","height":"48px","top":1220.9345703125,"bottom":1268.9345703125},{"tag":"DIV","classes":"_formActions_rilmf_1","position":"static","transform":"none","filter":"none","backdrop":"none","height":"104px","top":1220.9345703125,"bottom":1324.9345703125},{"tag":"DIV","classes":"_container_ruoo8_1 _xs_ruoo8_22 _gap-default_ruoo8_34","position":"static","transform":"none","filter":"none","backdrop":"none","height":"1113.86px","top":211.07737731933594,"bottom":1324.934555053711},{"tag":"MAIN","classes":"_content_18ixn_12","position":"static","transform":"none","filter":"none","backdrop":"none","height":"427.083px","top":195.07737731933594,"bottom":622.1607208251953},{"tag":"DIV","classes":"_contentSurface_18ixn_28","position":"static","transform":"none","filter":"none","backdrop":"none","height":"auto","top":0,"bottom":0},{"tag":"DIV","classes":"_main_18ixn_17","position":"static","transform":"none","filter":"none","backdrop":"none","height":"732.19px","top":0,"bottom":732.1904907226562},{"tag":"DIV","classes":"_appShell_18ixn_1","position":"static","transform":"none","filter":"none","backdrop":"none","height":"732.19px","top":0,"bottom":732.1904907226562},{"tag":"DIV","classes":"","position":"static","transform":"none","filter":"none","backdrop":"none","height":"732.19px","top":0,"bottom":732.1904907226562}],"visible":false,"hittable":false,"overlapWidth":366.4761962890625,"overlapHeight":0,"overlapTolerance":0.001,"overlapped":false}
	at org.junit.Assert.fail(Assert.java:89)
	at org.junit.Assert.assertTrue(Assert.java:42)
	at com.solosoul.app.AndroidHomeInstrumentedTest.captureContent(AndroidHomeInstrumentedTest.kt:501)
	at com.solosoul.app.AndroidHomeInstrumentedTest.verifyPopulatedContent(AndroidHomeInstrumentedTest.kt:571)
	at com.solosoul.app.AndroidHomeInstrumentedTest.realHomePreservesGlassAndCopyAcrossLockUnlock(AndroidHomeInstrumentedTest.kt:1714)

INSTRUMENTATION_STATUS: test=realHomePreservesGlassAndCopyAcrossLockUnlock
INSTRUMENTATION_STATUS_CODE: -2
INSTRUMENTATION_RESULT: stream=

Time: 59.074
There was 1 failure:
1) realHomePreservesGlassAndCopyAcrossLockUnlock(com.solosoul.app.AndroidHomeInstrumentedTest)
java.lang.AssertionError: 底部操作必须存在且可见: {"label":"Save","found":true,"rect":{"x":20,"y":1220.9345703125,"right":386.4761962890625,"bottom":1268.9345703125},"ancestors":[{"tag":"BUTTON","classes":"_button_18jp9_1 ","position":"static","transform":"none","filter":"none","backdrop":"none","height":"48px","top":1220.9345703125,"bottom":1268.9345703125},{"tag":"DIV","classes":"_formActions_rilmf_1","position":"static","transform":"none","filter":"none","backdrop":"none","height":"104px","top":1220.9345703125,"bottom":1324.9345703125},{"tag":"DIV","classes":"_container_ruoo8_1 _xs_ruoo8_22 _gap-default_ruoo8_34","position":"static","transform":"none","filter":"none","backdrop":"none","height":"1113.86px","top":211.07737731933594,"bottom":1324.934555053711},{"tag":"MAIN","classes":"_content_18ixn_12","position":"static","transform":"none","filter":"none","backdrop":"none","height":"427.083px","top":195.07737731933594,"bottom":622.1607208251953},{"tag":"DIV","classes":"_contentSurface_18ixn_28","position":"static","transform":"none","filter":"none","backdrop":"none","height":"auto","top":0,"bottom":0},{"tag":"DIV","classes":"_main_18ixn_17","position":"static","transform":"none","filter":"none","backdrop":"none","height":"732.19px","top":0,"bottom":732.1904907226562},{"tag":"DIV","classes":"_appShell_18ixn_1","position":"static","transform":"none","filter":"none","backdrop":"none","height":"732.19px","top":0,"bottom":732.1904907226562},{"tag":"DIV","classes":"","position":"static","transform":"none","filter":"none","backdrop":"none","height":"732.19px","top":0,"bottom":732.1904907226562}],"visible":false,"hittable":false,"overlapWidth":366.4761962890625,"overlapHeight":0,"overlapTolerance":0.001,"overlapped":false}
	at org.junit.Assert.fail(Assert.java:89)
	at org.junit.Assert.assertTrue(Assert.java:42)
	at com.solosoul.app.AndroidHomeInstrumentedTest.captureContent(AndroidHomeInstrumentedTest.kt:501)
	at com.solosoul.app.AndroidHomeInstrumentedTest.verifyPopulatedContent(AndroidHomeInstrumentedTest.kt:571)
	at com.solosoul.app.AndroidHomeInstrumentedTest.realHomePreservesGlassAndCopyAcrossLockUnlock(AndroidHomeInstrumentedTest.kt:1714)

FAILURES!!!
Tests run: 1,  Failures: 1


INSTRUMENTATION_CODE: -1
