INSTRUMENTATION_STATUS: class=com.solosoul.app.AndroidHomeInstrumentedTest
INSTRUMENTATION_STATUS: current=1
INSTRUMENTATION_STATUS: id=AndroidJUnitRunner
INSTRUMENTATION_STATUS: numtests=1
INSTRUMENTATION_STATUS: stream=
com.solosoul.app.AndroidHomeInstrumentedTest:
INSTRUMENTATION_STATUS: test=realHomePreservesGlassAndCopyAcrossLockUnlock
INSTRUMENTATION_STATUS_CODE: 1
s_glBindAttribLocation: bind attrib 0 name position
s_glBindAttribLocation: bind attrib 1 name color
s_glBindAttribLocation: bind attrib 2 name localCoord
INSTRUMENTATION_STATUS: class=com.solosoul.app.AndroidHomeInstrumentedTest
INSTRUMENTATION_STATUS: current=1
INSTRUMENTATION_STATUS: id=AndroidJUnitRunner
INSTRUMENTATION_STATUS: numtests=1
INSTRUMENTATION_STATUS: stack=java.lang.AssertionError: 底部操作必须存在且可见: {"label":"Delete","found":true,"rect":{"x":36,"y":661.3630981445312,"right":370.4761962890625,"bottom":735.0773849487305},"ancestors":[{"tag":"BUTTON","classes":"","position":"static","transform":"none","filter":"none","backdrop":"none","height":"73.7143px","top":661.3630981445312,"bottom":735.0773849487305},{"tag":"DIV","classes":"android-create-options","position":"static","transform":"none","filter":"none","backdrop":"none","height":"306.857px","top":428.2202453613281,"bottom":735.077392578125},{"tag":"DIV","classes":"android-sheet android-glass-surface","position":"relative","transform":"none","filter":"none","backdrop":"blur(24px) saturate(1.08)","height":"678.131px","top":24.029762268066406,"bottom":702.1607437133789},{"tag":"DIV","classes":"android-sheet-layer","position":"fixed","transform":"none","filter":"none","backdrop":"none","height":"732.19px","top":0,"bottom":732.1904907226562},{"tag":"BODY","classes":"","position":"static","transform":"none","filter":"none","backdrop":"none","height":"732.19px","top":0,"bottom":732.1904907226562},{"tag":"HTML","classes":"","position":"static","transform":"none","filter":"none","backdrop":"none","height":"732.19px","top":0,"bottom":732.1904907226562}],"visible":false,"hittable":true,"overlapWidth":334.4761962890625,"overlapHeight":0,"overlapTolerance":0.001,"overlapped":false}
	at org.junit.Assert.fail(Assert.java:89)
	at org.junit.Assert.assertTrue(Assert.java:42)
	at com.solosoul.app.AndroidHomeInstrumentedTest.captureContent(AndroidHomeInstrumentedTest.kt:486)
	at com.solosoul.app.AndroidHomeInstrumentedTest.verifyPopulatedContent(AndroidHomeInstrumentedTest.kt:576)
	at com.solosoul.app.AndroidHomeInstrumentedTest.realHomePreservesGlassAndCopyAcrossLockUnlock(AndroidHomeInstrumentedTest.kt:1680)

INSTRUMENTATION_STATUS: stream=
Error in realHomePreservesGlassAndCopyAcrossLockUnlock(com.solosoul.app.AndroidHomeInstrumentedTest):
java.lang.AssertionError: 底部操作必须存在且可见: {"label":"Delete","found":true,"rect":{"x":36,"y":661.3630981445312,"right":370.4761962890625,"bottom":735.0773849487305},"ancestors":[{"tag":"BUTTON","classes":"","position":"static","transform":"none","filter":"none","backdrop":"none","height":"73.7143px","top":661.3630981445312,"bottom":735.0773849487305},{"tag":"DIV","classes":"android-create-options","position":"static","transform":"none","filter":"none","backdrop":"none","height":"306.857px","top":428.2202453613281,"bottom":735.077392578125},{"tag":"DIV","classes":"android-sheet android-glass-surface","position":"relative","transform":"none","filter":"none","backdrop":"blur(24px) saturate(1.08)","height":"678.131px","top":24.029762268066406,"bottom":702.1607437133789},{"tag":"DIV","classes":"android-sheet-layer","position":"fixed","transform":"none","filter":"none","backdrop":"none","height":"732.19px","top":0,"bottom":732.1904907226562},{"tag":"BODY","classes":"","position":"static","transform":"none","filter":"none","backdrop":"none","height":"732.19px","top":0,"bottom":732.1904907226562},{"tag":"HTML","classes":"","position":"static","transform":"none","filter":"none","backdrop":"none","height":"732.19px","top":0,"bottom":732.1904907226562}],"visible":false,"hittable":true,"overlapWidth":334.4761962890625,"overlapHeight":0,"overlapTolerance":0.001,"overlapped":false}
	at org.junit.Assert.fail(Assert.java:89)
	at org.junit.Assert.assertTrue(Assert.java:42)
	at com.solosoul.app.AndroidHomeInstrumentedTest.captureContent(AndroidHomeInstrumentedTest.kt:486)
	at com.solosoul.app.AndroidHomeInstrumentedTest.verifyPopulatedContent(AndroidHomeInstrumentedTest.kt:576)
	at com.solosoul.app.AndroidHomeInstrumentedTest.realHomePreservesGlassAndCopyAcrossLockUnlock(AndroidHomeInstrumentedTest.kt:1680)

INSTRUMENTATION_STATUS: test=realHomePreservesGlassAndCopyAcrossLockUnlock
INSTRUMENTATION_STATUS_CODE: -2
INSTRUMENTATION_RESULT: stream=

Time: 71.891
There was 1 failure:
1) realHomePreservesGlassAndCopyAcrossLockUnlock(com.solosoul.app.AndroidHomeInstrumentedTest)
java.lang.AssertionError: 底部操作必须存在且可见: {"label":"Delete","found":true,"rect":{"x":36,"y":661.3630981445312,"right":370.4761962890625,"bottom":735.0773849487305},"ancestors":[{"tag":"BUTTON","classes":"","position":"static","transform":"none","filter":"none","backdrop":"none","height":"73.7143px","top":661.3630981445312,"bottom":735.0773849487305},{"tag":"DIV","classes":"android-create-options","position":"static","transform":"none","filter":"none","backdrop":"none","height":"306.857px","top":428.2202453613281,"bottom":735.077392578125},{"tag":"DIV","classes":"android-sheet android-glass-surface","position":"relative","transform":"none","filter":"none","backdrop":"blur(24px) saturate(1.08)","height":"678.131px","top":24.029762268066406,"bottom":702.1607437133789},{"tag":"DIV","classes":"android-sheet-layer","position":"fixed","transform":"none","filter":"none","backdrop":"none","height":"732.19px","top":0,"bottom":732.1904907226562},{"tag":"BODY","classes":"","position":"static","transform":"none","filter":"none","backdrop":"none","height":"732.19px","top":0,"bottom":732.1904907226562},{"tag":"HTML","classes":"","position":"static","transform":"none","filter":"none","backdrop":"none","height":"732.19px","top":0,"bottom":732.1904907226562}],"visible":false,"hittable":true,"overlapWidth":334.4761962890625,"overlapHeight":0,"overlapTolerance":0.001,"overlapped":false}
	at org.junit.Assert.fail(Assert.java:89)
	at org.junit.Assert.assertTrue(Assert.java:42)
	at com.solosoul.app.AndroidHomeInstrumentedTest.captureContent(AndroidHomeInstrumentedTest.kt:486)
	at com.solosoul.app.AndroidHomeInstrumentedTest.verifyPopulatedContent(AndroidHomeInstrumentedTest.kt:576)
	at com.solosoul.app.AndroidHomeInstrumentedTest.realHomePreservesGlassAndCopyAcrossLockUnlock(AndroidHomeInstrumentedTest.kt:1680)

FAILURES!!!
Tests run: 1,  Failures: 1


INSTRUMENTATION_CODE: -1
