INSTRUMENTATION_STATUS: class=com.solosoul.app.AndroidHomeInstrumentedTest
INSTRUMENTATION_STATUS: current=1
INSTRUMENTATION_STATUS: id=AndroidJUnitRunner
INSTRUMENTATION_STATUS: numtests=1
INSTRUMENTATION_STATUS: stream=
com.solosoul.app.AndroidHomeInstrumentedTest:
INSTRUMENTATION_STATUS: test=realHomePreservesGlassAndCopyAcrossLockUnlock
INSTRUMENTATION_STATUS_CODE: 1
s_glBindAttribLocation: bind attrib 0 name position
s_glBindAttribLocation: bind attrib 1 name localCoord
INSTRUMENTATION_STATUS: class=com.solosoul.app.AndroidHomeInstrumentedTest
INSTRUMENTATION_STATUS: current=1
INSTRUMENTATION_STATUS: id=AndroidJUnitRunner
INSTRUMENTATION_STATUS: numtests=1
INSTRUMENTATION_STATUS: stack=java.lang.SecurityException: Injecting to another application requires INJECT_EVENTS permission
	at android.os.Parcel.createExceptionOrNull(Parcel.java:2425)
	at android.os.Parcel.createException(Parcel.java:2409)
	at android.os.Parcel.readException(Parcel.java:2392)
	at android.os.Parcel.readException(Parcel.java:2334)
	at android.hardware.input.IInputManager$Stub$Proxy.injectInputEvent(IInputManager.java:1339)
	at android.hardware.input.InputManager.injectInputEvent(InputManager.java:1091)
	at android.app.Instrumentation.sendKeySync(Instrumentation.java:1091)
	at android.app.Instrumentation.sendKeyDownUpSync(Instrumentation.java:1101)
	at com.solosoul.app.AndroidHomeInstrumentedTest.pickPublicDocument(AndroidHomeInstrumentedTest.kt:84)
	at com.solosoul.app.AndroidHomeInstrumentedTest.seedActualSafFixtures(AndroidHomeInstrumentedTest.kt:124)
	at com.solosoul.app.AndroidHomeInstrumentedTest.seedPreviewFixtures(AndroidHomeInstrumentedTest.kt:768)
	at com.solosoul.app.AndroidHomeInstrumentedTest.verifyNonemptyPreviews(AndroidHomeInstrumentedTest.kt:931)
	at com.solosoul.app.AndroidHomeInstrumentedTest.verifyPopulatedContent(AndroidHomeInstrumentedTest.kt:704)
	at com.solosoul.app.AndroidHomeInstrumentedTest.realHomePreservesGlassAndCopyAcrossLockUnlock(AndroidHomeInstrumentedTest.kt:1864)

INSTRUMENTATION_STATUS: stream=
Error in realHomePreservesGlassAndCopyAcrossLockUnlock(com.solosoul.app.AndroidHomeInstrumentedTest):
java.lang.SecurityException: Injecting to another application requires INJECT_EVENTS permission
	at android.os.Parcel.createExceptionOrNull(Parcel.java:2425)
	at android.os.Parcel.createException(Parcel.java:2409)
	at android.os.Parcel.readException(Parcel.java:2392)
	at android.os.Parcel.readException(Parcel.java:2334)
	at android.hardware.input.IInputManager$Stub$Proxy.injectInputEvent(IInputManager.java:1339)
	at android.hardware.input.InputManager.injectInputEvent(InputManager.java:1091)
	at android.app.Instrumentation.sendKeySync(Instrumentation.java:1091)
	at android.app.Instrumentation.sendKeyDownUpSync(Instrumentation.java:1101)
	at com.solosoul.app.AndroidHomeInstrumentedTest.pickPublicDocument(AndroidHomeInstrumentedTest.kt:84)
	at com.solosoul.app.AndroidHomeInstrumentedTest.seedActualSafFixtures(AndroidHomeInstrumentedTest.kt:124)
	at com.solosoul.app.AndroidHomeInstrumentedTest.seedPreviewFixtures(AndroidHomeInstrumentedTest.kt:768)
	at com.solosoul.app.AndroidHomeInstrumentedTest.verifyNonemptyPreviews(AndroidHomeInstrumentedTest.kt:931)
	at com.solosoul.app.AndroidHomeInstrumentedTest.verifyPopulatedContent(AndroidHomeInstrumentedTest.kt:704)
	at com.solosoul.app.AndroidHomeInstrumentedTest.realHomePreservesGlassAndCopyAcrossLockUnlock(AndroidHomeInstrumentedTest.kt:1864)

INSTRUMENTATION_STATUS: test=realHomePreservesGlassAndCopyAcrossLockUnlock
INSTRUMENTATION_STATUS_CODE: -2
INSTRUMENTATION_RESULT: stream=

Time: 72.405
There was 1 failure:
1) realHomePreservesGlassAndCopyAcrossLockUnlock(com.solosoul.app.AndroidHomeInstrumentedTest)
java.lang.SecurityException: Injecting to another application requires INJECT_EVENTS permission
	at android.os.Parcel.createExceptionOrNull(Parcel.java:2425)
	at android.os.Parcel.createException(Parcel.java:2409)
	at android.os.Parcel.readException(Parcel.java:2392)
	at android.os.Parcel.readException(Parcel.java:2334)
	at android.hardware.input.IInputManager$Stub$Proxy.injectInputEvent(IInputManager.java:1339)
	at android.hardware.input.InputManager.injectInputEvent(InputManager.java:1091)
	at android.app.Instrumentation.sendKeySync(Instrumentation.java:1091)
	at android.app.Instrumentation.sendKeyDownUpSync(Instrumentation.java:1101)
	at com.solosoul.app.AndroidHomeInstrumentedTest.pickPublicDocument(AndroidHomeInstrumentedTest.kt:84)
	at com.solosoul.app.AndroidHomeInstrumentedTest.seedActualSafFixtures(AndroidHomeInstrumentedTest.kt:124)
	at com.solosoul.app.AndroidHomeInstrumentedTest.seedPreviewFixtures(AndroidHomeInstrumentedTest.kt:768)
	at com.solosoul.app.AndroidHomeInstrumentedTest.verifyNonemptyPreviews(AndroidHomeInstrumentedTest.kt:931)
	at com.solosoul.app.AndroidHomeInstrumentedTest.verifyPopulatedContent(AndroidHomeInstrumentedTest.kt:704)
	at com.solosoul.app.AndroidHomeInstrumentedTest.realHomePreservesGlassAndCopyAcrossLockUnlock(AndroidHomeInstrumentedTest.kt:1864)

FAILURES!!!
Tests run: 1,  Failures: 1


INSTRUMENTATION_CODE: -1
