INSTRUMENTATION_STATUS: class=com.solosoul.app.AndroidHomeInstrumentedTest
INSTRUMENTATION_STATUS: current=1
INSTRUMENTATION_STATUS: id=AndroidJUnitRunner
INSTRUMENTATION_STATUS: numtests=1
INSTRUMENTATION_STATUS: stream=
com.solosoul.app.AndroidHomeInstrumentedTest:
INSTRUMENTATION_STATUS: test=coldAccountPreferencesSurviveProcessRestart
INSTRUMENTATION_STATUS_CODE: 1
INSTRUMENTATION_STATUS: class=com.solosoul.app.AndroidHomeInstrumentedTest
INSTRUMENTATION_STATUS: current=1
INSTRUMENTATION_STATUS: id=AndroidJUnitRunner
INSTRUMENTATION_STATUS: numtests=1
INSTRUMENTATION_STATUS: stack=java.lang.AssertionError: 真实进程冷启动必须进入锁定页且恢复外观: {"path":"\/login","buttons":["","Unlock","Create a new account","Restore from another device","Master password"],"mounted":true,"startupGone":true,"platform":"android","text":"SoloSoul\n\nUnlock your vault to continue\n\nFE2 public visual test · acc_9a1a9f1b6c874b8b\nFE2 public second account · acc_c2260106c1814229\nUnlock\nCreate a new account\nRestore from another device\nMaster password","glass":"local","hidden":false,"home":false,"alerts":[],"theme":"light","background":"#f6f8fa","foreground":"#1f2328","accent":"#5b7c99","accountCount":2,"passwordRequired":true}
	at com.solosoul.app.AndroidHomeInstrumentedTest.waitFor(AndroidHomeInstrumentedTest.kt:126)
	at com.solosoul.app.AndroidHomeInstrumentedTest.coldAccountPreferencesSurviveProcessRestart(AndroidHomeInstrumentedTest.kt:1008)

INSTRUMENTATION_STATUS: stream=
Error in coldAccountPreferencesSurviveProcessRestart(com.solosoul.app.AndroidHomeInstrumentedTest):
java.lang.AssertionError: 真实进程冷启动必须进入锁定页且恢复外观: {"path":"\/login","buttons":["","Unlock","Create a new account","Restore from another device","Master password"],"mounted":true,"startupGone":true,"platform":"android","text":"SoloSoul\n\nUnlock your vault to continue\n\nFE2 public visual test · acc_9a1a9f1b6c874b8b\nFE2 public second account · acc_c2260106c1814229\nUnlock\nCreate a new account\nRestore from another device\nMaster password","glass":"local","hidden":false,"home":false,"alerts":[],"theme":"light","background":"#f6f8fa","foreground":"#1f2328","accent":"#5b7c99","accountCount":2,"passwordRequired":true}
	at com.solosoul.app.AndroidHomeInstrumentedTest.waitFor(AndroidHomeInstrumentedTest.kt:126)
	at com.solosoul.app.AndroidHomeInstrumentedTest.coldAccountPreferencesSurviveProcessRestart(AndroidHomeInstrumentedTest.kt:1008)

INSTRUMENTATION_STATUS: test=coldAccountPreferencesSurviveProcessRestart
INSTRUMENTATION_STATUS_CODE: -2
INSTRUMENTATION_RESULT: stream=

Time: 46.061
There was 1 failure:
1) coldAccountPreferencesSurviveProcessRestart(com.solosoul.app.AndroidHomeInstrumentedTest)
java.lang.AssertionError: 真实进程冷启动必须进入锁定页且恢复外观: {"path":"\/login","buttons":["","Unlock","Create a new account","Restore from another device","Master password"],"mounted":true,"startupGone":true,"platform":"android","text":"SoloSoul\n\nUnlock your vault to continue\n\nFE2 public visual test · acc_9a1a9f1b6c874b8b\nFE2 public second account · acc_c2260106c1814229\nUnlock\nCreate a new account\nRestore from another device\nMaster password","glass":"local","hidden":false,"home":false,"alerts":[],"theme":"light","background":"#f6f8fa","foreground":"#1f2328","accent":"#5b7c99","accountCount":2,"passwordRequired":true}
	at com.solosoul.app.AndroidHomeInstrumentedTest.waitFor(AndroidHomeInstrumentedTest.kt:126)
	at com.solosoul.app.AndroidHomeInstrumentedTest.coldAccountPreferencesSurviveProcessRestart(AndroidHomeInstrumentedTest.kt:1008)

FAILURES!!!
Tests run: 1,  Failures: 1


INSTRUMENTATION_CODE: -1
