/sdcard/Android/data/com.solosoul.app/files/fe2-home-113588512f9a4c9d972c8495d91c39cf/: 16 files pulled, 0 skipped. 49.5 MB/s (2439042 bytes in 0.047s)
/private/tmp/solosoul-fe2-current-api31-keyboard-fallback-20261008/private-data-before.tar: 1 file pushed, 0 skipped. 12.6 MB/s (2560 bytes in 0.000s)
{
  "serial": "emulator-5588",
  "avd": "SoloSoul_FE2_API31",
  "mode": "fallback",
  "scenario": "keyboard",
  "motionPreferenceChecks": false,
  "startedAt": 1791445426.997775,
  "passed": true,
  "restored": true,
  "requestedFontScale": null,
  "api": 31,
  "abi": "arm64-v8a",
  "artifacts": [
    {
      "path": "/private/tmp/solosoul-fe2-android-current-editor-build-20261008/app-arm64-debug.apk",
      "sha256": "9c6395c574bacd15a1658a56db81b42f25963a6b6b2a5d75e9b7348d764a8176"
    },
    {
      "path": "/private/tmp/solosoul-fe2-android-current-editor-after-back-test-build-20261008/app-arm64-debug-androidTest.apk",
      "sha256": "c0e688fe4ba193cb1bf4c2124a3827d1f019e0dad7cd031098b55469b0dc9c02"
    }
  ],
  "backup": {
    "path": "/private/tmp/solosoul-fe2-current-api31-keyboard-fallback-20261008/private-data-before.tar",
    "sha256": "606841d2f59c237e388ccb7a4e029253f2dac8f929135aab3b0808fff7f8fa8a",
    "entries": 2
  },
  "stages": [
    "local-light",
    "enhanced-light",
    "enhanced-dark",
    "enhanced-dark-after-unlock",
    "encrypted-preferences",
    "object-editor-dark",
    "editor-keyboard-dark",
    "editor-keyboard-save-dark",
    "editor-keyboard-cancel-dark",
    "editor-keyboard-after-back",
    "object-list-dark",
    "object-detail-dark",
    "object-actions-dark",
    "object-list-after-system-back",
    "populated-enhanced-dark",
    "populated-enhanced-light"
  ],
  "nativePassed": true,
  "restoreVerification": {
    "entries": 2,
    "allFileContentsLinksAndModesMatch": true
  },
  "blurRestored": true,
  "finishedAt": 1791445499.653714
}
