INSTRUMENTATION_STATUS: class=com.solosoul.app.AndroidHomeInstrumentedTest
INSTRUMENTATION_STATUS: current=1
INSTRUMENTATION_STATUS: id=AndroidJUnitRunner
INSTRUMENTATION_STATUS: numtests=1
INSTRUMENTATION_STATUS: stream=
com.solosoul.app.AndroidHomeInstrumentedTest:
INSTRUMENTATION_STATUS: test=realHomePreservesGlassAndCopyAcrossLockUnlock
INSTRUMENTATION_STATUS_CODE: 1
s_glBindAttribLocation: bind attrib 0 name position
s_glBindAttribLocation: bind attrib 1 name color
s_glBindAttribLocation: bind attrib 2 name localCoord
INSTRUMENTATION_STATUS: class=com.solosoul.app.AndroidHomeInstrumentedTest
INSTRUMENTATION_STATUS: current=1
INSTRUMENTATION_STATUS: id=AndroidJUnitRunner
INSTRUMENTATION_STATUS: numtests=1
INSTRUMENTATION_STATUS: stack=java.lang.AssertionError: 系统放大后文字不能被自身容器截断: {"selector":".android-overview-copy strong","found":true,"text":"0","fontSize":"52px","lineHeight":"52px","glyph":{"x":44,"y":293.0535888671875,"width":29.708335876464844,"height":60.952362060546875,"right":73.70833587646484,"bottom":354.0059509277344},"box":{"x":44,"y":297.625,"right":73.70833396911621,"bottom":349.625},"clipped":true}
	at org.junit.Assert.fail(Assert.java:89)
	at org.junit.Assert.assertTrue(Assert.java:42)
	at org.junit.Assert.assertFalse(Assert.java:65)
	at com.solosoul.app.AndroidHomeInstrumentedTest.captureTypography(AndroidHomeInstrumentedTest.kt:318)
	at com.solosoul.app.AndroidHomeInstrumentedTest.capture(AndroidHomeInstrumentedTest.kt:258)
	at com.solosoul.app.AndroidHomeInstrumentedTest.capture$default(AndroidHomeInstrumentedTest.kt:230)
	at com.solosoul.app.AndroidHomeInstrumentedTest.realHomePreservesGlassAndCopyAcrossLockUnlock(AndroidHomeInstrumentedTest.kt:1530)

INSTRUMENTATION_STATUS: stream=
Error in realHomePreservesGlassAndCopyAcrossLockUnlock(com.solosoul.app.AndroidHomeInstrumentedTest):
java.lang.AssertionError: 系统放大后文字不能被自身容器截断: {"selector":".android-overview-copy strong","found":true,"text":"0","fontSize":"52px","lineHeight":"52px","glyph":{"x":44,"y":293.0535888671875,"width":29.708335876464844,"height":60.952362060546875,"right":73.70833587646484,"bottom":354.0059509277344},"box":{"x":44,"y":297.625,"right":73.70833396911621,"bottom":349.625},"clipped":true}
	at org.junit.Assert.fail(Assert.java:89)
	at org.junit.Assert.assertTrue(Assert.java:42)
	at org.junit.Assert.assertFalse(Assert.java:65)
	at com.solosoul.app.AndroidHomeInstrumentedTest.captureTypography(AndroidHomeInstrumentedTest.kt:318)
	at com.solosoul.app.AndroidHomeInstrumentedTest.capture(AndroidHomeInstrumentedTest.kt:258)
	at com.solosoul.app.AndroidHomeInstrumentedTest.capture$default(AndroidHomeInstrumentedTest.kt:230)
	at com.solosoul.app.AndroidHomeInstrumentedTest.realHomePreservesGlassAndCopyAcrossLockUnlock(AndroidHomeInstrumentedTest.kt:1530)

INSTRUMENTATION_STATUS: test=realHomePreservesGlassAndCopyAcrossLockUnlock
INSTRUMENTATION_STATUS_CODE: -2
INSTRUMENTATION_RESULT: stream=

Time: 49.166
There was 1 failure:
1) realHomePreservesGlassAndCopyAcrossLockUnlock(com.solosoul.app.AndroidHomeInstrumentedTest)
java.lang.AssertionError: 系统放大后文字不能被自身容器截断: {"selector":".android-overview-copy strong","found":true,"text":"0","fontSize":"52px","lineHeight":"52px","glyph":{"x":44,"y":293.0535888671875,"width":29.708335876464844,"height":60.952362060546875,"right":73.70833587646484,"bottom":354.0059509277344},"box":{"x":44,"y":297.625,"right":73.70833396911621,"bottom":349.625},"clipped":true}
	at org.junit.Assert.fail(Assert.java:89)
	at org.junit.Assert.assertTrue(Assert.java:42)
	at org.junit.Assert.assertFalse(Assert.java:65)
	at com.solosoul.app.AndroidHomeInstrumentedTest.captureTypography(AndroidHomeInstrumentedTest.kt:318)
	at com.solosoul.app.AndroidHomeInstrumentedTest.capture(AndroidHomeInstrumentedTest.kt:258)
	at com.solosoul.app.AndroidHomeInstrumentedTest.capture$default(AndroidHomeInstrumentedTest.kt:230)
	at com.solosoul.app.AndroidHomeInstrumentedTest.realHomePreservesGlassAndCopyAcrossLockUnlock(AndroidHomeInstrumentedTest.kt:1530)

FAILURES!!!
Tests run: 1,  Failures: 1


INSTRUMENTATION_CODE: -1
