INSTRUMENTATION_STATUS: class=com.solosoul.app.AndroidHomeInstrumentedTest
INSTRUMENTATION_STATUS: current=1
INSTRUMENTATION_STATUS: id=AndroidJUnitRunner
INSTRUMENTATION_STATUS: numtests=1
INSTRUMENTATION_STATUS: stream=
com.solosoul.app.AndroidHomeInstrumentedTest:
INSTRUMENTATION_STATUS: test=realHomePreservesGlassAndCopyAcrossLockUnlock
INSTRUMENTATION_STATUS_CODE: 1
s_glBindAttribLocation: bind attrib 0 name position
s_glBindAttribLocation: bind attrib 1 name color
s_glBindAttribLocation: bind attrib 2 name localCoord
INSTRUMENTATION_STATUS: class=com.solosoul.app.AndroidHomeInstrumentedTest
INSTRUMENTATION_STATUS: current=1
INSTRUMENTATION_STATUS: id=AndroidJUnitRunner
INSTRUMENTATION_STATUS: numtests=1
INSTRUMENTATION_STATUS: stack=java.lang.AssertionError: 系统放大后文字不能被自身容器截断: {"selector":".android-overview-copy strong","found":true,"text":"0","fontSize":"104px","lineHeight":"104px","glyph":{"x":44,"y":523.672607421875,"width":59.41667175292969,"height":121.90478515625,"right":103.41667175292969,"bottom":645.577392578125},"box":{"x":44,"y":532.8154907226562,"right":103.41666793823242,"bottom":636.8154907226562},"clippers":[{"tag":"SECTION","classes":"android-overview","clipX":true,"clipY":true,"box":{"x":20,"y":444.0178527832031,"right":386.4761962890625,"bottom":758.4107055664062}},{"tag":"MAIN","classes":"_content_18ixn_12","clipX":true,"clipY":true,"box":{"x":0,"y":88.0297622680664,"right":412.19049072265625,"bottom":622.1607437133789}},{"tag":"DIV","classes":"_main_18ixn_17","clipX":true,"clipY":true,"box":{"x":0,"y":0,"right":412.19049072265625,"bottom":732.1904907226562}},{"tag":"DIV","classes":"_appShell_18ixn_1","clipX":true,"clipY":true,"box":{"x":0,"y":0,"right":412.19049072265625,"bottom":732.1904907226562}},{"tag":"BODY","classes":"","clipX":true,"clipY":true,"box":{"x":0,"y":0,"right":412.19049072265625,"bottom":732.1904907226562}},{"tag":"HTML","classes":"","clipX":true,"clipY":true,"box":{"x":0,"y":0,"right":412.19049072265625,"bottom":732.1904907226562}}],"clipped":true}
	at org.junit.Assert.fail(Assert.java:89)
	at org.junit.Assert.assertTrue(Assert.java:42)
	at org.junit.Assert.assertFalse(Assert.java:65)
	at com.solosoul.app.AndroidHomeInstrumentedTest.captureTypography(AndroidHomeInstrumentedTest.kt:326)
	at com.solosoul.app.AndroidHomeInstrumentedTest.capture(AndroidHomeInstrumentedTest.kt:258)
	at com.solosoul.app.AndroidHomeInstrumentedTest.capture$default(AndroidHomeInstrumentedTest.kt:230)
	at com.solosoul.app.AndroidHomeInstrumentedTest.realHomePreservesGlassAndCopyAcrossLockUnlock(AndroidHomeInstrumentedTest.kt:1538)

INSTRUMENTATION_STATUS: stream=
Error in realHomePreservesGlassAndCopyAcrossLockUnlock(com.solosoul.app.AndroidHomeInstrumentedTest):
java.lang.AssertionError: 系统放大后文字不能被自身容器截断: {"selector":".android-overview-copy strong","found":true,"text":"0","fontSize":"104px","lineHeight":"104px","glyph":{"x":44,"y":523.672607421875,"width":59.41667175292969,"height":121.90478515625,"right":103.41667175292969,"bottom":645.577392578125},"box":{"x":44,"y":532.8154907226562,"right":103.41666793823242,"bottom":636.8154907226562},"clippers":[{"tag":"SECTION","classes":"android-overview","clipX":true,"clipY":true,"box":{"x":20,"y":444.0178527832031,"right":386.4761962890625,"bottom":758.4107055664062}},{"tag":"MAIN","classes":"_content_18ixn_12","clipX":true,"clipY":true,"box":{"x":0,"y":88.0297622680664,"right":412.19049072265625,"bottom":622.1607437133789}},{"tag":"DIV","classes":"_main_18ixn_17","clipX":true,"clipY":true,"box":{"x":0,"y":0,"right":412.19049072265625,"bottom":732.1904907226562}},{"tag":"DIV","classes":"_appShell_18ixn_1","clipX":true,"clipY":true,"box":{"x":0,"y":0,"right":412.19049072265625,"bottom":732.1904907226562}},{"tag":"BODY","classes":"","clipX":true,"clipY":true,"box":{"x":0,"y":0,"right":412.19049072265625,"bottom":732.1904907226562}},{"tag":"HTML","classes":"","clipX":true,"clipY":true,"box":{"x":0,"y":0,"right":412.19049072265625,"bottom":732.1904907226562}}],"clipped":true}
	at org.junit.Assert.fail(Assert.java:89)
	at org.junit.Assert.assertTrue(Assert.java:42)
	at org.junit.Assert.assertFalse(Assert.java:65)
	at com.solosoul.app.AndroidHomeInstrumentedTest.captureTypography(AndroidHomeInstrumentedTest.kt:326)
	at com.solosoul.app.AndroidHomeInstrumentedTest.capture(AndroidHomeInstrumentedTest.kt:258)
	at com.solosoul.app.AndroidHomeInstrumentedTest.capture$default(AndroidHomeInstrumentedTest.kt:230)
	at com.solosoul.app.AndroidHomeInstrumentedTest.realHomePreservesGlassAndCopyAcrossLockUnlock(AndroidHomeInstrumentedTest.kt:1538)

INSTRUMENTATION_STATUS: test=realHomePreservesGlassAndCopyAcrossLockUnlock
INSTRUMENTATION_STATUS_CODE: -2
INSTRUMENTATION_RESULT: stream=

Time: 48.673
There was 1 failure:
1) realHomePreservesGlassAndCopyAcrossLockUnlock(com.solosoul.app.AndroidHomeInstrumentedTest)
java.lang.AssertionError: 系统放大后文字不能被自身容器截断: {"selector":".android-overview-copy strong","found":true,"text":"0","fontSize":"104px","lineHeight":"104px","glyph":{"x":44,"y":523.672607421875,"width":59.41667175292969,"height":121.90478515625,"right":103.41667175292969,"bottom":645.577392578125},"box":{"x":44,"y":532.8154907226562,"right":103.41666793823242,"bottom":636.8154907226562},"clippers":[{"tag":"SECTION","classes":"android-overview","clipX":true,"clipY":true,"box":{"x":20,"y":444.0178527832031,"right":386.4761962890625,"bottom":758.4107055664062}},{"tag":"MAIN","classes":"_content_18ixn_12","clipX":true,"clipY":true,"box":{"x":0,"y":88.0297622680664,"right":412.19049072265625,"bottom":622.1607437133789}},{"tag":"DIV","classes":"_main_18ixn_17","clipX":true,"clipY":true,"box":{"x":0,"y":0,"right":412.19049072265625,"bottom":732.1904907226562}},{"tag":"DIV","classes":"_appShell_18ixn_1","clipX":true,"clipY":true,"box":{"x":0,"y":0,"right":412.19049072265625,"bottom":732.1904907226562}},{"tag":"BODY","classes":"","clipX":true,"clipY":true,"box":{"x":0,"y":0,"right":412.19049072265625,"bottom":732.1904907226562}},{"tag":"HTML","classes":"","clipX":true,"clipY":true,"box":{"x":0,"y":0,"right":412.19049072265625,"bottom":732.1904907226562}}],"clipped":true}
	at org.junit.Assert.fail(Assert.java:89)
	at org.junit.Assert.assertTrue(Assert.java:42)
	at org.junit.Assert.assertFalse(Assert.java:65)
	at com.solosoul.app.AndroidHomeInstrumentedTest.captureTypography(AndroidHomeInstrumentedTest.kt:326)
	at com.solosoul.app.AndroidHomeInstrumentedTest.capture(AndroidHomeInstrumentedTest.kt:258)
	at com.solosoul.app.AndroidHomeInstrumentedTest.capture$default(AndroidHomeInstrumentedTest.kt:230)
	at com.solosoul.app.AndroidHomeInstrumentedTest.realHomePreservesGlassAndCopyAcrossLockUnlock(AndroidHomeInstrumentedTest.kt:1538)

FAILURES!!!
Tests run: 1,  Failures: 1


INSTRUMENTATION_CODE: -1
