Exported 135 attachments for: ProbeTests/testCurrentProductionNativeFilesAndPreviews():
File: 2E92BCE3-3074-42C4-ABC0-11E414E96CE7.txt, suggested name: "App UI hierarchy for com.solosoul_0_1857FA6A-4193-474D-A65C-FC46E5B6DF66.app"
File: 3D39FADF-3431-40E9-AC55-EB0B4F8B8173, suggested name: "UI Snapshot 2026-10-08 at 09.26.32 上午"
File: 9EB02A22-6788-4E07-828C-F3A07B3C8471.txt, suggested name: "Debug description for `"FE2-public-note.txt" StaticText`_0_188005CC-A8AA-4852-A09D-1251D12C237F.txt"
File: 5057DF1F-CD08-458D-84DA-1F0E229A1EC0.txt, suggested name: "Debug description for `"FE2-public-note.txt" StaticText`_0_8E0EF319-F374-482C-B9E2-F3D088EC4DF8.txt"
File: 7F907F9D-854F-489D-981B-3A66DFB6C34C.txt, suggested name: "Debug description for `"FE2-public-note.txt" StaticText`_0_47D6462D-6A1F-44CA-966E-3EC4EF573A1A.txt"
File: C92F6F35-1D65-4392-B5D3-6B0D0DADDA65.txt, suggested name: "Debug description for `"FE2-public-note.txt" StaticText`_0_7096058F-B78F-4963-881E-02BFE1109864.txt"
File: 0D850304-582C-48D1-86F1-5927876090B0.txt, suggested name: "Debug description for `"FE2-public-note.txt" StaticText`_0_0D9B7DB7-2C9C-4169-BE93-CDCBE6F837B6.txt"
File: 3B0483D4-BF30-4CD9-A66F-CB9C461B4212.txt, suggested name: "Debug description for `"FE2-public-note.txt" StaticText`_0_FA91B0A2-FEFE-412F-931F-48474DBE4F6E.txt"
File: AAABA9BF-DD08-49CE-9BE7-96D236D20C13.txt, suggested name: "Debug description for `"FE2-public-note.txt" StaticText`_0_B769E0C1-CD85-4AA4-ABAB-936786447499.txt"
File: 8B8DEA9B-7A3F-4396-AB78-C25D9CC470E2.txt, suggested name: "Debug description for `"FE2-public-note.txt" StaticText`_0_3B91EB4D-3922-4BA9-B840-C09F328E266D.txt"
File: 30926702-0D46-4904-A783-6E68D91162F0.txt, suggested name: "Debug description for `"FE2-public-note.txt" StaticText`_0_0777832F-5A96-404C-88A6-B8FB4C023515.txt"
File: F01EA376-49C6-45CC-9B78-6B94C0437C10.txt, suggested name: "Debug description for `"FE2-public-note.txt" StaticText`_0_BFB9F74F-96D2-4759-B89F-B64F4319D8C8.txt"
File: 2E1BFE57-CF9C-4964-8937-801B49B907AD.txt, suggested name: "Debug description for `"FE2-public-note.txt" StaticText`_0_CFA12552-BE4E-434E-93B6-4E8DE70FB3B3.txt"
File: A0375360-9E97-4E81-B483-E611D039E904.txt, suggested name: "Debug description for `"FE2-public-note.txt" StaticText`_0_D814B5E2-6C82-479E-9C76-932625F48A99.txt"
File: 79DA6EF2-E1D7-4F6F-81F2-7E76056158BB.txt, suggested name: "Debug description for `"FE2-public-note.txt" StaticText`_0_5AFD7457-662B-479B-9FA1-E7A3A03ACD55.txt"
File: 6DB25606-098C-41B6-BFE8-2BEC15F24430.txt, suggested name: "Debug description for `"FE2-public-note.txt" StaticText`_0_743D615A-D244-4F4C-B316-5630AFB12B7C.txt"
File: 77290CF5-2EDA-4A51-8279-4EA03224F96A.txt, suggested name: "Debug description for `"FE2-public-note.txt" StaticText`_0_94679C44-62A4-4592-A659-FA394313AC98.txt"
File: 2DCC103C-EF1C-4534-B5DA-C7845DFB935E.txt, suggested name: "Debug description for `"FE2-public-note.txt" StaticText`_0_D32EEED8-78DE-4050-8440-6F06A94DE098.txt"
File: 454C5F89-967A-4996-A409-D075730E49E0.txt, suggested name: "Debug description for `"FE2-public-note.txt" StaticText`_0_0FD5DCE3-C5A1-4A54-A80E-5988BB2B24A1.txt"
File: 1FD417B8-C1D5-4EDA-AA44-46AB7316366E.txt, suggested name: "Debug description for `"FE2-public-note.txt" StaticText`_0_8474A077-CF69-44C8-9155-2F53B9AA1384.txt"
File: 2F2D6D06-1E2B-4D89-8440-15C6EC19A007.txt, suggested name: "Debug description for `"FE2-public-note.txt" StaticText`_0_F1E4D526-0CCB-4BEB-AAD8-058F41BAAE4F.txt"
File: FF33D452-6A0B-4F0C-AC4C-D41F63363BE5.txt, suggested name: "Debug description for `"FE2-public-note.txt" StaticText`_0_CFFB08CB-7072-40B6-98CF-46AA15514280.txt"
File: 7EBE6808-9AF6-4C38-BDBE-253308222FFD.txt, suggested name: "Debug description for `"FE2-public-note.txt" StaticText`_0_CEE5D9CA-435D-4135-B609-C735E0DF4984.txt"
File: 046B8C04-A28E-4AAA-BE3A-5DA2F65E58C9.txt, suggested name: "Debug description for `"FE2-public-note.txt" StaticText`_0_D636BDB5-6F4A-4EE7-83AC-C2EDF588B999.txt"
File: DF4A8DDE-3161-43C2-82B4-BAC03124316B.txt, suggested name: "Debug description for `"FE2-public-note.txt" StaticText`_0_AAA191A3-7FE2-4D57-BCE3-D010EE45D5A8.txt"
File: 29CB20F8-5DC5-4D2B-AD5D-30958020BDD3.txt, suggested name: "Debug description for `"FE2-public-note.txt" StaticText`_0_8949805E-CDA5-405C-A876-4EB496FD4144.txt"
File: 2BE1B1AF-13CC-41E9-BE27-88E64B2FCC55.txt, suggested name: "Debug description for `"FE2-public-note.txt" StaticText`_0_516B9478-DC18-44F0-83DD-941018885672.txt"
File: E4C39CBD-19DF-45F0-BC7C-462DD994C596.txt, suggested name: "Debug description for `"FE2-public-note.txt" StaticText`_0_6AC52861-141D-445D-8CE0-1DDAFA775245.txt"
File: 9CA2ED7A-108B-4133-8C54-882632C52FCA.txt, suggested name: "Debug description for `"FE2-public-note.txt" StaticText`_0_002A4B17-A573-491C-A857-535920674056.txt"
File: 2997E716-BCC8-41AB-8DB9-7BA08DF3D317.txt, suggested name: "Debug description for `"FE2-public-note.txt" StaticText`_0_3BAFF2BE-08F2-4ABE-8B9D-9C107517034F.txt"
File: 78F82192-6553-4773-A897-4E1E01D1A901.txt, suggested name: "Debug description for `"FE2-public-note.txt" StaticText`_0_427F5051-8AAB-4B7F-9F19-4B75A4AB2470.txt"
File: 0B4DD709-EBD1-4FC5-9165-66F808A182A0.txt, suggested name: "Debug description for `"FE2-public-note.txt" StaticText`_0_5419A22B-3B8E-4AF8-8163-94FC3F7FF7C2.txt"
File: 739996E0-2696-4067-B483-B76E313F5080.txt, suggested name: "note-native-picker-file-selected-hierarchy_0_798CBFCC-BD45-405D-94A0-F10A7E760BA8.txt"
File: DFD8789B-021C-408F-8EA9-B9BC57DA5589.png, suggested name: "note-native-picker-file-selected_0_317AC266-DE70-468B-9027-B88AC96DC337.png"
File: 9604C0AB-BDA5-4E6D-8012-416E48A1BC4F, suggested name: "UI Snapshot 2026-10-08 at 09.26.01 上午"
File: BF4C6D27-0599-4C76-AF09-13C5FA0059DA, suggested name: "Synthesized Event 2026-10-08 at 09.26.01 上午"
File: 7EB9B312-EF4C-47FA-AA1D-928056AD3151.txt, suggested name: "note-native-picker-public-files-hierarchy_0_7D6776E4-91E4-4B88-A20D-9314B5AEB8B0.txt"
File: DB61EDEC-D2B1-49AB-AB9D-FC9D6C0AD75C.png, suggested name: "note-native-picker-public-files_0_22C1444C-7E00-4576-A92C-905C18017CFD.png"
File: 2FDADBB5-8CC5-4540-AF40-9C6BC2C50130, suggested name: "UI Snapshot 2026-10-08 at 09.25.58 上午"
File: 86FBEA78-74A5-429F-AA45-DDAC6916EF2A, suggested name: "Synthesized Event 2026-10-08 at 09.25.58 上午"
File: BE2EC78D-8D89-4E3C-B357-352B36AE72D2.txt, suggested name: "note-native-picker-local-hierarchy_0_7CAFFF59-DB64-407F-A748-DEDA6CB650B7.txt"
File: 852665D7-A5B9-4997-9350-A7C5F2F31BE9.png, suggested name: "note-native-picker-local_0_DA3FDB87-AD7A-4151-A532-E7D5670235D7.png"
File: 5EB64A0E-3CC3-44C3-9BC5-F5227F810723.txt, suggested name: "note-native-picker-open-hierarchy_0_EE450379-975A-425B-A0EC-48F21623C8B6.txt"
File: 53435E8E-1827-4649-AEAA-5BD491E11B20.png, suggested name: "note-native-picker-open_0_73DB05AE-B4BE-4EF6-8F95-2CC9C0706402.png"
File: 3BB632B8-4EA9-4257-9812-9F56E3575484, suggested name: "UI Snapshot 2026-10-08 at 09.25.50 上午"
File: 5CA56C4C-08F1-4974-8224-EDEACC5CF8BC, suggested name: "Synthesized Event 2026-10-08 at 09.25.51 上午"
File: 12C01B55-F92B-435E-9899-CACD4D2878ED.txt, suggested name: "empty-attachments-panel-hierarchy_0_D6750EAA-93F9-4045-BE7D-9159A2439B6C.txt"
File: 4D03B7B4-D3C8-4A9E-84A9-E1090ECFA50C.png, suggested name: "empty-attachments-panel_0_866F1EA9-683E-4CE0-B510-1C575B8F11EF.png"
File: A8C89E4B-4571-4173-96DD-2C0DD65F671D, suggested name: "UI Snapshot 2026-10-08 at 09.25.49 上午"
File: F2E16B82-D473-4EFD-9FBE-DF4923F6D60F, suggested name: "Synthesized Event 2026-10-08 at 09.25.49 上午"
File: 8528913C-068D-424D-835B-61EA69573579.txt, suggested name: "identity-detail-hierarchy_0_536AEA13-C4D3-457C-9179-3AF765FC53A4.txt"
File: BD4AACE3-CF20-4257-9891-65555E22BC1F.png, suggested name: "identity-detail_0_32F144DA-F977-4FBC-81E9-3CAAF5EAD50C.png"
File: 5A4E65E4-231A-452D-B0A7-E6BBD93E426B, suggested name: "UI Snapshot 2026-10-08 at 09.25.46 上午"
File: D2F798CD-031C-4ADA-A613-CAD93472928D, suggested name: "Synthesized Event 2026-10-08 at 09.25.46 上午"
File: 27BBB601-5D23-41AC-9DBC-D484039C5834.txt, suggested name: "populated-identity-workspace-hierarchy_0_B1890C6D-CBBD-4860-B7CC-9F2B1280E474.txt"
File: B74D3BF5-8548-4994-A16E-AF5C11348838.png, suggested name: "populated-identity-workspace_0_98A8BF94-1F24-4D8C-BEC2-9780CEF89768.png"
File: 16C63F93-01FE-484F-ADC9-032B745F362A, suggested name: "UI Snapshot 2026-10-08 at 09.25.44 上午"
File: 0F1A2712-0A77-4F3B-AE60-A383A917B401, suggested name: "Synthesized Event 2026-10-08 at 09.25.44 上午"
File: C9536635-DEA6-4653-AA7C-6090B89C4D59.txt, suggested name: "editor-save-reachable-hierarchy_0_1AA95CBA-4557-44A4-AF8C-3875DD63D338.txt"
File: 0C35DD65-6D0E-4600-A5FB-45D9BAA4D25C.png, suggested name: "editor-save-reachable_0_E69944AB-DFEB-45A2-860E-CC3F0D558B50.png"
File: 20502B88-2CEB-4FC3-900A-3835A0363089.txt, suggested name: "editor-after-real-viewport-scroll-hierarchy_0_A1E3FA2B-36BE-4571-89A9-BE239CF4A36A.txt"
File: E29388D0-B812-4224-AC19-DD18666B2C0F.png, suggested name: "editor-after-real-viewport-scroll_0_E5F04E5F-3E3E-4F72-951A-69061F8FEB14.png"
File: BE81BB25-CD25-421E-B113-D03E5E7AD675, suggested name: "UI Snapshot 2026-10-08 at 09.25.41 上午"
File: AEDBA139-7E28-4FBC-8E29-BE99A0F1354F, suggested name: "Synthesized Event 2026-10-08 at 09.25.42 上午"
File: 8E410221-DB2E-4643-A95B-20AB2C201F73, suggested name: "UI Snapshot 2026-10-08 at 09.25.38 上午"
File: B461C5F3-C451-4F71-870E-46B240EDB423, suggested name: "Synthesized Event 2026-10-08 at 09.25.39 上午"
File: 8A5F1F86-07E9-4044-B776-AFA6C2AF9DDA.txt, suggested name: "filled-identity-editor-hierarchy_0_B4E3FF1C-AD22-414E-8A95-5843994DC5C1.txt"
File: EDCF416F-0151-4043-B88D-EB986F85637E.png, suggested name: "filled-identity-editor_0_DDEEC334-7EB0-475C-A912-53BEA6BEE657.png"
File: 02C2A9AB-4512-485E-B499-0BBB18CF0AF2, suggested name: "UI Snapshot 2026-10-08 at 09.25.36 上午"
File: 235E94C5-1093-4071-950A-F7C629EAD2F9, suggested name: "Synthesized Event 2026-10-08 at 09.25.37 上午"
File: BA319752-C522-41C5-81AC-B60D039B3216.txt, suggested name: "public-name-focused-before-typing-hierarchy_0_34E918D9-D6AA-4681-B032-B322735113B8.txt"
File: 851A6CFE-AD13-4143-8C7D-7295B74CA919.png, suggested name: "public-name-focused-before-typing_0_83B5D5F2-CD43-4017-9307-A6098C269214.png"
File: 3A3C6AA1-A01B-4FE5-B7F4-C455742A62FE, suggested name: "UI Snapshot 2026-10-08 at 09.25.34 上午"
File: 85845054-5516-4256-A503-3548FE6EBC79, suggested name: "Synthesized Event 2026-10-08 at 09.25.34 上午"
File: B6EA387F-7E28-43DC-88DA-5CAB586A4BA8.txt, suggested name: "public-name-before-focus-hierarchy_0_A3F79BF6-78AA-4EF9-8465-7F74A28C1BAD.txt"
File: 2B5799A9-DDC2-471A-86D2-4E36E0803698.png, suggested name: "public-name-before-focus_0_BCDEAE81-CF0A-488D-AA40-72808E2B8F3A.png"
File: BC8A69D8-D584-4747-8925-812D3DFE18A9.txt, suggested name: "public-name-scroll-3-hierarchy_0_6E010955-38FC-4261-BDA1-2C444CD6E06A.txt"
File: 7FF9C04A-7116-4444-A5BF-0F755288A72A.png, suggested name: "public-name-scroll-3_0_7E7AE1C4-2F84-4DD1-B2F5-ED5434AB900C.png"
File: B7361704-4510-403D-875F-BA8DA2813C85, suggested name: "UI Snapshot 2026-10-08 at 09.25.31 上午"
File: AB8D0A6A-A6C7-474D-B345-35D8D5042C62, suggested name: "Synthesized Event 2026-10-08 at 09.25.32 上午"
File: BFEA86F4-4FDB-49CE-A387-F56648B54A4C.txt, suggested name: "public-name-scroll-2-hierarchy_0_491D7F2B-9E0F-4A12-AEBF-1B4C374017E2.txt"
File: A410B5AB-5503-4F99-9FA0-57F028D38ACD.png, suggested name: "public-name-scroll-2_0_2D68001E-FFB5-4191-832B-933CCB52085B.png"
File: 376A21A6-313B-4B5A-847E-95AC5694B201, suggested name: "UI Snapshot 2026-10-08 at 09.25.28 上午"
File: AA897B8B-27A3-46E8-A876-9DDA563EEB30, suggested name: "Synthesized Event 2026-10-08 at 09.25.28 上午"
File: E03B3200-8046-4471-93D8-BDE087EF6855.txt, suggested name: "public-name-scroll-1-hierarchy_0_3CA90EAA-A7BA-44C8-90BC-7F8FD6D7EED2.txt"
File: 39D9E3C1-DA2D-4D9D-8B3C-24E95FC6EABE.png, suggested name: "public-name-scroll-1_0_F9319CD7-5C54-46CC-AED7-93A22090D37B.png"
File: A4C70DF1-0974-461C-A0E6-4179AE7C45B9, suggested name: "UI Snapshot 2026-10-08 at 09.25.25 上午"
File: 15D90016-4036-4A8D-98E1-E57750B5F072, suggested name: "Synthesized Event 2026-10-08 at 09.25.25 上午"
File: E4FEB9B4-9AA9-420B-BD98-D5FCD5A881FB.txt, suggested name: "public-name-scroll-0-hierarchy_0_ABE0F12D-E261-43E9-B735-3DE3E97969EC.txt"
File: 34270D45-A0B9-41B0-A233-1CB9B67AB88B.png, suggested name: "public-name-scroll-0_0_DBEFB0C8-5108-48E3-A2F1-F13366CDFF48.png"
File: 49AD0E0A-B2EC-4D55-85B0-B0F9DE06807F.txt, suggested name: "object-name-with-keyboard-hierarchy_0_7679180B-7C37-45EA-89A3-417C151B7B86.txt"
File: 2BFDC1CC-C4A9-4566-96B2-5CA1F0ED9454.png, suggested name: "object-name-with-keyboard_0_468B57DB-4903-441F-A68A-0D7B92D691E3.png"
File: 120CFD0E-5CD7-4A1B-8789-DBD298D7B799, suggested name: "UI Snapshot 2026-10-08 at 09.25.22 上午"
File: BD58C87B-4433-4A0A-A863-A085CAE38213, suggested name: "Synthesized Event 2026-10-08 at 09.25.22 上午"
File: 5A6C3DA9-5E52-4AAD-BC28-545BBE39B45B, suggested name: "UI Snapshot 2026-10-08 at 09.25.21 上午"
File: 79DFF7A7-6F8C-4A0B-9FA4-C17479D6BA23, suggested name: "Synthesized Event 2026-10-08 at 09.25.21 上午"
File: 4BC6B2AA-3485-4E32-9B46-31D3EA4F5D79, suggested name: "UI Snapshot 2026-10-08 at 09.25.19 上午"
File: 5DCBCA0C-3F63-4377-8C8F-D6B478684756, suggested name: "Synthesized Event 2026-10-08 at 09.25.20 上午"
File: 9D1A3EB5-5B99-43C7-94DA-2FE6588272BC.txt, suggested name: "identity-template-editor-hierarchy_0_B153B939-2F6B-41BB-A034-9B71FEB564ED.txt"
File: B8494C2C-DC1F-4D97-AC72-AA0F0E2D7B6E.png, suggested name: "identity-template-editor_0_FB23F100-4F7E-424E-BBFB-DE3B91FC77B0.png"
File: 4DA53533-4D49-490D-BACA-C822FE3E7736, suggested name: "UI Snapshot 2026-10-08 at 09.25.18 上午"
File: E0455DC6-6ACD-4D4E-9802-06DD4C9F6432, suggested name: "Synthesized Event 2026-10-08 at 09.25.18 上午"
File: 3C61CC8A-EA32-4912-9071-D6DDBC7E9BEE.txt, suggested name: "empty-identity-workspace-hierarchy_0_A5F4CAC6-C07F-4A44-95F1-7F63CED586ED.txt"
File: 2CEA269A-8C2E-4A57-A9CD-C0D7C97D4D4D.png, suggested name: "empty-identity-workspace_0_325BD425-3321-4835-876B-61880A61D8EC.png"
File: 195F9556-983B-487B-953C-A2B571EC2BD3, suggested name: "UI Snapshot 2026-10-08 at 09.25.16 上午"
File: 1082E657-22D3-4207-B706-092B24000FE5, suggested name: "Synthesized Event 2026-10-08 at 09.25.16 上午"
File: 39C250E7-8278-455B-93F4-45DE0AF0CB29, suggested name: "UI Snapshot 2026-10-08 at 09.25.14 上午"
File: F1EF33F5-2892-48DA-B3C5-FBC9DFD99AEE, suggested name: "Synthesized Event 2026-10-08 at 09.25.15 上午"
File: A3EBB1AA-D7DF-4809-8FA5-EB1783672D3A.txt, suggested name: "expanded-mobile-navigation-hierarchy_0_F4B8769D-EB6C-4B07-B36B-337205092A58.txt"
File: FA7D40B7-63E8-4E76-A382-207F23A8F4E2.png, suggested name: "expanded-mobile-navigation_0_4A5B3A4E-E0D9-44C1-BC6E-F9BA5629CAC8.png"
File: 009158AE-D71E-47C3-A9AF-4DE1F035AABA, suggested name: "UI Snapshot 2026-10-08 at 09.25.14 上午"
File: D6447C4B-E706-4042-9B66-FA0D6A0E2B9A, suggested name: "Synthesized Event 2026-10-08 at 09.25.14 上午"
File: 0EACD8E5-A2C6-4B31-B7AD-D67CEAD3F70B.txt, suggested name: "current-created-home-hierarchy_0_E486FCE6-E307-4806-A859-B395E3F2C6EB.txt"
File: 2EC66880-61D4-417C-9073-8148F6D96FAB.png, suggested name: "current-created-home_0_8CB9FC9B-6F22-4165-A16A-5D3EDF67F208.png"
File: 5C3A2A77-0023-406A-8883-4AFA8877521C, suggested name: "UI Snapshot 2026-10-08 at 09.25.01 上午"
File: 2EDEE971-09DF-4314-8BB8-FA5A22B63AC6, suggested name: "Synthesized Event 2026-10-08 at 09.25.02 上午"
File: 29C1F7F4-7031-4BB6-A9C6-D483B178C64D, suggested name: "UI Snapshot 2026-10-08 at 09.25.01 上午"
File: 72E0C722-456A-44BB-A839-C8E513C78275, suggested name: "Synthesized Event 2026-10-08 at 09.25.01 上午"
File: 7201EC17-19D7-46F0-B86B-5E22616162B1, suggested name: "UI Snapshot 2026-10-08 at 09.25.00 上午"
File: DA111570-5F84-4A58-B34C-2F9475E97F8A, suggested name: "Synthesized Event 2026-10-08 at 09.25.01 上午"
File: A83A5E30-C0D7-40D0-AC96-429417786A71, suggested name: "UI Snapshot 2026-10-08 at 09.25.00 上午"
File: E6129EE2-A212-45F5-9461-6FFBFC1F64FF, suggested name: "Synthesized Event 2026-10-08 at 09.25.00 上午"
File: 5CA094E6-EE6A-4D80-96C9-927B63C40870, suggested name: "UI Snapshot 2026-10-08 at 09.24.59 上午"
File: 5C0DA166-9AFF-4681-AB85-8797BD606DD6, suggested name: "Synthesized Event 2026-10-08 at 09.24.59 上午"
File: 10EF645E-EDA8-41F7-9B6E-9611CB43F761, suggested name: "UI Snapshot 2026-10-08 at 09.24.58 上午"
File: 159B78BC-CEFE-4D6F-A99E-557C1A5EF357, suggested name: "Synthesized Event 2026-10-08 at 09.24.58 上午"
File: D2BBE440-83E5-440E-9636-5F4082BD39DD.txt, suggested name: "current-registration-hierarchy_0_C0D27073-7C6E-4DFB-8357-931AE90CCD4F.txt"
File: 0287C8D2-7C3E-4540-AF2D-5620B642F394.png, suggested name: "current-registration_0_784954CE-EAE7-4F11-95C3-0D3E47BA964A.png"
File: DF0537F5-0CD1-4DD4-8CEF-C6EC2CF0AA08, suggested name: "Synthesized Event 2026-10-08 at 09.24.56 上午"
File: EBFB62EA-21C9-4889-93B1-83DCAE2CA157, suggested name: "Synthesized Event 2026-10-08 at 09.24.55 上午"
File: 36B65B35-33A1-4454-812E-78BCE93BBF60, suggested name: "Synthesized Event 2026-10-08 at 09.24.53 上午"
File: 608985EB-F618-4BC5-A9B7-CA729CAA3C89, suggested name: "Synthesized Event 2026-10-08 at 09.24.52 上午"
File: 2C14BCFD-6F4F-46DB-AD3D-E8C08D6187EF, suggested name: "Synthesized Event 2026-10-08 at 09.24.51 上午"
File: CE213A60-ED66-4945-A0A1-9F3AAFAF61B4, suggested name: "Synthesized Event 2026-10-08 at 09.24.49 上午"
File: E0F160C5-1826-49FD-8737-10A397E204E6.mp4, suggested name: "Screen Recording 2026-10-08 at 09.24.44 上午.mp4"

Generated manifest file with attachment details: /tmp/solosoul-fe2-ios-current-native-previews-ui-20261008/attachments/manifest.json
