# 原始来源：工具 exec/write_stdin 会话 85904 的 stdout；按本轮工具返回文本归档。
# 运行命令：node node_modules/@playwright/test/cli.js test --config /tmp/solosoul-css-hover-regression-20261008.config.cjs --output /tmp/solosoul-css-hover-regression-20261008-verified-results --reporter list
Running 32 tests using 2 workers

  ✓   2 [chromium] › e2e/scroll-region.spec.ts:35:1 › pure mouse movement switches regions even when all JS move events are blocked (758ms)
  ✓   3 [chromium] › e2e/scroll-region.spec.ts:105:1 › horizontal child keeps only the effective vertical parent highlighted (218ms)
  ✓   4 [chromium] › e2e/scroll-region.spec.ts:119:1 › nearest same-axis child owns highlight and non-overflowing child yields it (259ms)
  ✓   1 [webkit] › e2e/scroll-region.spec.ts:35:1 › pure mouse movement switches regions even when all JS move events are blocked (1.6s)
  ✓   5 [chromium] › e2e/scroll-region.spec.ts:136:1 › each nested axis paints independently when parent and child can scroll (371ms)
  ✓   7 [chromium] › e2e/scroll-region.spec.ts:168:1 › keyboard focus and synthetic events cannot replace native hover (204ms)
  ✓   6 [webkit] › e2e/scroll-region.spec.ts:105:1 › horizontal child keeps only the effective vertical parent highlighted (471ms)
  ✓   8 [chromium] › e2e/scroll-region.spec.ts:186:1 › style-only overlay changes recompute stationary native hover (402ms)
  ✓  10 [chromium] › e2e/scroll-region.spec.ts:208:3 › nested role boundary suppresses hover outside dialog (210ms)
  ✓   9 [webkit] › e2e/scroll-region.spec.ts:119:1 › nearest same-axis child owns highlight and non-overflowing child yields it (427ms)
  ✓  11 [chromium] › e2e/scroll-region.spec.ts:208:3 › nested aria-modal boundary suppresses hover outside dialog (207ms)
  ✓  13 [chromium] › e2e/scroll-region.spec.ts:208:3 › nested data-macos-glass-backdrop boundary suppresses hover outside dialog (193ms)
  ✓  12 [webkit] › e2e/scroll-region.spec.ts:136:1 › each nested axis paints independently when parent and child can scroll (547ms)
  ✓  14 [chromium] › e2e/scroll-region.spec.ts:242:1 › content becoming scrollable updates each axis without moving pointer (239ms)
  ✓  16 [chromium] › e2e/scroll-region.spec.ts:269:1 › text node updates and viewport resizing refresh overflow registration (273ms)
  ✓  15 [webkit] › e2e/scroll-region.spec.ts:168:1 › keyboard focus and synthetic events cannot replace native hover (429ms)
  ✓  17 [chromium] › e2e/scroll-region.spec.ts:303:1 › textarea input changes yield vertical axis and input/select remain excluded (279ms)
  ✓  19 [chromium] › e2e/scroll-region.spec.ts:347:1 › platform registration works before desktop material initialization (205ms)
  ✓  18 [webkit] › e2e/scroll-region.spec.ts:186:1 › style-only overlay changes recompute stationary native hover (873ms)
  ✓  21 [webkit] › e2e/scroll-region.spec.ts:208:3 › nested role boundary suppresses hover outside dialog (440ms)
  ✓  22 [webkit] › e2e/scroll-region.spec.ts:208:3 › nested aria-modal boundary suppresses hover outside dialog (441ms)
  ✓  20 [chromium] › e2e/scroll-region.spec.ts:362:1 › continuous main, sidebar, tools and chrome transitions paint light and dark thumbs (1.8s)
  ✓  23 [webkit] › e2e/scroll-region.spec.ts:208:3 › nested data-macos-glass-backdrop boundary suppresses hover outside dialog (442ms)
  ✓  24 [chromium] › e2e/scroll-region.spec.ts:437:5 › touch platforms › android touch never enables desktop hover colors (227ms)
  ✓  26 [chromium] › e2e/scroll-region.spec.ts:437:5 › touch platforms › ios touch never enables desktop hover colors (204ms)
  ✓  25 [webkit] › e2e/scroll-region.spec.ts:242:1 › content becoming scrollable updates each axis without moving pointer (493ms)
  ✓  27 [webkit] › e2e/scroll-region.spec.ts:269:1 › text node updates and viewport resizing refresh overflow registration (493ms)
  ✓  28 [webkit] › e2e/scroll-region.spec.ts:303:1 › textarea input changes yield vertical axis and input/select remain excluded (495ms)
  ✓  29 [webkit] › e2e/scroll-region.spec.ts:347:1 › platform registration works before desktop material initialization (375ms)
  ✓  30 [webkit] › e2e/scroll-region.spec.ts:362:1 › continuous main, sidebar, tools and chrome transitions paint light and dark thumbs (1.6s)
  ✓  31 [webkit] › e2e/scroll-region.spec.ts:437:5 › touch platforms › android touch never enables desktop hover colors (410ms)
  ✓  32 [webkit] › e2e/scroll-region.spec.ts:437:5 › touch platforms › ios touch never enables desktop hover colors (428ms)

  32 passed (11.0s)
