> Task :buildSrc:checkKotlinGradlePluginConfigurationErrors SKIPPED
> Task :buildSrc:compileKotlin UP-TO-DATE
> Task :buildSrc:compileJava NO-SOURCE
> Task :buildSrc:compileGroovy NO-SOURCE
> Task :buildSrc:pluginDescriptors UP-TO-DATE
> Task :buildSrc:processResources UP-TO-DATE
> Task :buildSrc:classes UP-TO-DATE
> Task :buildSrc:jar UP-TO-DATE
> Task :app:checkKotlinGradlePluginConfigurationErrors
> Task :app:generateAppLevelNames UP-TO-DATE
> Task :app:preBuild UP-TO-DATE
> Task :app:preArm64DebugBuild UP-TO-DATE
> Task :app:generateArm64DebugBuildConfig UP-TO-DATE
> Task :tauri-android:preBuild UP-TO-DATE
> Task :tauri-android:preDebugBuild UP-TO-DATE
> Task :tauri-android:writeDebugAarMetadata UP-TO-DATE
> Task :tauri-plugin-biometric:preBuild UP-TO-DATE
> Task :tauri-plugin-biometric:preDebugBuild UP-TO-DATE
> Task :tauri-plugin-biometric:writeDebugAarMetadata UP-TO-DATE
> Task :tauri-plugin-dialog:preBuild UP-TO-DATE
> Task :tauri-plugin-dialog:preDebugBuild UP-TO-DATE
> Task :tauri-plugin-dialog:writeDebugAarMetadata UP-TO-DATE
> Task :tauri-plugin-fs:preBuild UP-TO-DATE
> Task :tauri-plugin-fs:preDebugBuild UP-TO-DATE
> Task :tauri-plugin-fs:writeDebugAarMetadata UP-TO-DATE
> Task :tauri-plugin-notification:preBuild UP-TO-DATE
> Task :tauri-plugin-notification:preDebugBuild UP-TO-DATE
> Task :tauri-plugin-notification:writeDebugAarMetadata UP-TO-DATE
> Task :tauri-plugin-shell:preBuild UP-TO-DATE
> Task :tauri-plugin-shell:preDebugBuild UP-TO-DATE
> Task :tauri-plugin-shell:writeDebugAarMetadata UP-TO-DATE
> Task :app:checkArm64DebugAarMetadata UP-TO-DATE
> Task :app:generateArm64DebugResValues UP-TO-DATE
> Task :tauri-android:generateDebugResValues UP-TO-DATE
> Task :tauri-android:generateDebugResources UP-TO-DATE
> Task :tauri-android:packageDebugResources UP-TO-DATE
> Task :tauri-plugin-biometric:generateDebugResValues UP-TO-DATE
> Task :tauri-plugin-biometric:generateDebugResources UP-TO-DATE
> Task :tauri-plugin-biometric:packageDebugResources UP-TO-DATE
> Task :tauri-plugin-dialog:generateDebugResValues UP-TO-DATE
> Task :tauri-plugin-dialog:generateDebugResources UP-TO-DATE
> Task :tauri-plugin-dialog:packageDebugResources UP-TO-DATE
> Task :tauri-plugin-fs:generateDebugResValues UP-TO-DATE
> Task :tauri-plugin-fs:generateDebugResources UP-TO-DATE
> Task :tauri-plugin-fs:packageDebugResources UP-TO-DATE
> Task :tauri-plugin-notification:generateDebugResValues UP-TO-DATE
> Task :tauri-plugin-notification:generateDebugResources UP-TO-DATE
> Task :tauri-plugin-notification:packageDebugResources UP-TO-DATE
> Task :tauri-plugin-shell:generateDebugResValues UP-TO-DATE
> Task :tauri-plugin-shell:generateDebugResources UP-TO-DATE
> Task :tauri-plugin-shell:packageDebugResources UP-TO-DATE
> Task :app:mapArm64DebugSourceSetPaths UP-TO-DATE
> Task :app:generateArm64DebugResources UP-TO-DATE
> Task :app:mergeArm64DebugResources UP-TO-DATE
> Task :app:packageArm64DebugResources UP-TO-DATE
> Task :app:parseArm64DebugLocalResources UP-TO-DATE
> Task :app:createArm64DebugCompatibleScreenManifests UP-TO-DATE
> Task :app:extractDeepLinksArm64Debug UP-TO-DATE
> Task :tauri-android:extractDeepLinksDebug UP-TO-DATE
> Task :tauri-android:processDebugManifest UP-TO-DATE
> Task :tauri-plugin-biometric:extractDeepLinksDebug UP-TO-DATE
> Task :tauri-plugin-biometric:processDebugManifest UP-TO-DATE
> Task :tauri-plugin-dialog:extractDeepLinksDebug UP-TO-DATE
> Task :tauri-plugin-dialog:processDebugManifest UP-TO-DATE
> Task :tauri-plugin-fs:extractDeepLinksDebug UP-TO-DATE
> Task :tauri-plugin-fs:processDebugManifest UP-TO-DATE
> Task :tauri-plugin-notification:extractDeepLinksDebug UP-TO-DATE
> Task :tauri-plugin-notification:processDebugManifest UP-TO-DATE
> Task :tauri-plugin-shell:extractDeepLinksDebug UP-TO-DATE
> Task :tauri-plugin-shell:processDebugManifest UP-TO-DATE
> Task :app:processArm64DebugMainManifest UP-TO-DATE
> Task :app:processArm64DebugManifest UP-TO-DATE
> Task :app:processArm64DebugManifestForPackage UP-TO-DATE
> Task :tauri-android:compileDebugLibraryResources UP-TO-DATE
> Task :tauri-android:parseDebugLocalResources UP-TO-DATE
> Task :tauri-android:generateDebugRFile UP-TO-DATE
> Task :tauri-plugin-biometric:compileDebugLibraryResources UP-TO-DATE
> Task :tauri-plugin-biometric:parseDebugLocalResources UP-TO-DATE
> Task :tauri-plugin-biometric:generateDebugRFile UP-TO-DATE
> Task :tauri-plugin-dialog:compileDebugLibraryResources UP-TO-DATE
> Task :tauri-plugin-dialog:parseDebugLocalResources UP-TO-DATE
> Task :tauri-plugin-dialog:generateDebugRFile UP-TO-DATE
> Task :tauri-plugin-fs:compileDebugLibraryResources UP-TO-DATE
> Task :tauri-plugin-fs:parseDebugLocalResources UP-TO-DATE
> Task :tauri-plugin-fs:generateDebugRFile UP-TO-DATE
> Task :tauri-plugin-notification:compileDebugLibraryResources UP-TO-DATE
> Task :tauri-plugin-notification:parseDebugLocalResources UP-TO-DATE
> Task :tauri-plugin-notification:generateDebugRFile UP-TO-DATE
> Task :tauri-plugin-shell:compileDebugLibraryResources UP-TO-DATE
> Task :tauri-plugin-shell:parseDebugLocalResources UP-TO-DATE
> Task :tauri-plugin-shell:generateDebugRFile UP-TO-DATE
> Task :app:processArm64DebugResources UP-TO-DATE
> Task :patchTauriAndroidPluginManager
> Task :tauri-android:checkKotlinGradlePluginConfigurationErrors
> Task :tauri-android:generateDebugBuildConfig UP-TO-DATE
> Task :tauri-android:compileDebugKotlin UP-TO-DATE
> Task :tauri-android:javaPreCompileDebug UP-TO-DATE
> Task :tauri-android:compileDebugJavaWithJavac UP-TO-DATE
> Task :tauri-android:bundleLibCompileToJarDebug UP-TO-DATE
> Task :tauri-plugin-biometric:checkKotlinGradlePluginConfigurationErrors
> Task :tauri-plugin-biometric:compileDebugKotlin UP-TO-DATE
> Task :tauri-plugin-biometric:javaPreCompileDebug UP-TO-DATE
> Task :tauri-plugin-biometric:compileDebugJavaWithJavac NO-SOURCE
> Task :tauri-plugin-biometric:bundleLibCompileToJarDebug UP-TO-DATE
> Task :tauri-plugin-dialog:checkKotlinGradlePluginConfigurationErrors
> Task :tauri-plugin-dialog:compileDebugKotlin UP-TO-DATE
> Task :tauri-plugin-dialog:javaPreCompileDebug UP-TO-DATE
> Task :tauri-plugin-dialog:compileDebugJavaWithJavac NO-SOURCE
> Task :tauri-plugin-dialog:bundleLibCompileToJarDebug UP-TO-DATE
> Task :tauri-plugin-fs:checkKotlinGradlePluginConfigurationErrors
> Task :tauri-plugin-fs:compileDebugKotlin UP-TO-DATE
> Task :tauri-plugin-fs:javaPreCompileDebug UP-TO-DATE
> Task :tauri-plugin-fs:compileDebugJavaWithJavac NO-SOURCE
> Task :tauri-plugin-fs:bundleLibCompileToJarDebug UP-TO-DATE
> Task :tauri-plugin-notification:checkKotlinGradlePluginConfigurationErrors
> Task :tauri-plugin-notification:compileDebugKotlin UP-TO-DATE
> Task :tauri-plugin-notification:javaPreCompileDebug UP-TO-DATE
> Task :tauri-plugin-notification:compileDebugJavaWithJavac NO-SOURCE
> Task :tauri-plugin-notification:bundleLibCompileToJarDebug UP-TO-DATE
> Task :tauri-plugin-shell:checkKotlinGradlePluginConfigurationErrors
> Task :tauri-plugin-shell:compileDebugKotlin UP-TO-DATE
> Task :tauri-plugin-shell:javaPreCompileDebug UP-TO-DATE
> Task :tauri-plugin-shell:compileDebugJavaWithJavac NO-SOURCE
> Task :tauri-plugin-shell:bundleLibCompileToJarDebug UP-TO-DATE
> Task :app:compileArm64DebugKotlin UP-TO-DATE
> Task :app:javaPreCompileArm64Debug UP-TO-DATE
> Task :app:compileArm64DebugJavaWithJavac UP-TO-DATE
> Task :app:bundleArm64DebugClassesToCompileJar UP-TO-DATE
> Task :app:preArm64DebugAndroidTestBuild SKIPPED
> Task :app:processArm64DebugAndroidTestManifest UP-TO-DATE
> Task :app:generateArm64DebugAndroidTestBuildConfig UP-TO-DATE
> Task :app:checkArm64DebugAndroidTestAarMetadata UP-TO-DATE
> Task :app:generateArm64DebugAndroidTestResValues UP-TO-DATE
> Task :app:mapArm64DebugAndroidTestSourceSetPaths UP-TO-DATE
> Task :app:generateArm64DebugAndroidTestResources UP-TO-DATE
> Task :app:mergeArm64DebugAndroidTestResources UP-TO-DATE
> Task :app:processArm64DebugAndroidTestResources UP-TO-DATE
> Task :app:javaPreCompileArm64DebugAndroidTest UP-TO-DATE
> Task :app:mergeArm64DebugAndroidTestShaders UP-TO-DATE
> Task :app:compileArm64DebugAndroidTestShaders NO-SOURCE
> Task :app:generateArm64DebugAndroidTestAssets UP-TO-DATE
> Task :tauri-android:mergeDebugShaders UP-TO-DATE
> Task :tauri-android:compileDebugShaders NO-SOURCE
> Task :tauri-android:generateDebugAssets UP-TO-DATE
> Task :tauri-android:mergeDebugAssets UP-TO-DATE
> Task :tauri-plugin-biometric:mergeDebugShaders UP-TO-DATE
> Task :tauri-plugin-biometric:compileDebugShaders NO-SOURCE
> Task :tauri-plugin-biometric:generateDebugAssets UP-TO-DATE
> Task :tauri-plugin-biometric:mergeDebugAssets UP-TO-DATE
> Task :tauri-plugin-dialog:mergeDebugShaders UP-TO-DATE
> Task :tauri-plugin-dialog:compileDebugShaders NO-SOURCE
> Task :tauri-plugin-dialog:generateDebugAssets UP-TO-DATE
> Task :tauri-plugin-dialog:mergeDebugAssets UP-TO-DATE
> Task :tauri-plugin-fs:mergeDebugShaders UP-TO-DATE
> Task :tauri-plugin-fs:compileDebugShaders NO-SOURCE
> Task :tauri-plugin-fs:generateDebugAssets UP-TO-DATE
> Task :tauri-plugin-fs:mergeDebugAssets UP-TO-DATE
> Task :tauri-plugin-notification:mergeDebugShaders UP-TO-DATE
> Task :tauri-plugin-notification:compileDebugShaders NO-SOURCE
> Task :tauri-plugin-notification:generateDebugAssets UP-TO-DATE
> Task :tauri-plugin-notification:mergeDebugAssets UP-TO-DATE
> Task :tauri-plugin-shell:mergeDebugShaders UP-TO-DATE
> Task :tauri-plugin-shell:compileDebugShaders NO-SOURCE
> Task :tauri-plugin-shell:generateDebugAssets UP-TO-DATE
> Task :tauri-plugin-shell:mergeDebugAssets UP-TO-DATE
> Task :app:mergeArm64DebugAndroidTestAssets UP-TO-DATE
> Task :app:compressArm64DebugAndroidTestAssets UP-TO-DATE
> Task :tauri-android:processDebugJavaRes UP-TO-DATE
> Task :tauri-plugin-biometric:processDebugJavaRes UP-TO-DATE
> Task :tauri-plugin-dialog:processDebugJavaRes UP-TO-DATE
> Task :tauri-plugin-fs:processDebugJavaRes UP-TO-DATE
> Task :tauri-plugin-notification:processDebugJavaRes UP-TO-DATE
> Task :tauri-plugin-shell:processDebugJavaRes UP-TO-DATE
> Task :app:checkArm64DebugAndroidTestDuplicateClasses UP-TO-DATE
> Task :app:desugarArm64DebugAndroidTestFileDependencies UP-TO-DATE
> Task :app:mergeExtDexArm64DebugAndroidTest UP-TO-DATE
> Task :tauri-plugin-biometric:bundleLibRuntimeToDirDebug UP-TO-DATE
> Task :tauri-plugin-dialog:bundleLibRuntimeToDirDebug UP-TO-DATE
> Task :tauri-plugin-fs:bundleLibRuntimeToDirDebug UP-TO-DATE
> Task :tauri-plugin-notification:bundleLibRuntimeToDirDebug UP-TO-DATE
> Task :tauri-plugin-shell:bundleLibRuntimeToDirDebug UP-TO-DATE
> Task :tauri-android:bundleLibRuntimeToDirDebug UP-TO-DATE
> Task :app:mergeArm64DebugAndroidTestJniLibFolders UP-TO-DATE
> Task :app:mergeArm64DebugJniLibFolders UP-TO-DATE
> Task :tauri-android:mergeDebugJniLibFolders UP-TO-DATE
> Task :tauri-android:mergeDebugNativeLibs NO-SOURCE
> Task :app:mergeLibDexArm64DebugAndroidTest UP-TO-DATE
> Task :tauri-android:copyDebugJniLibsProjectOnly UP-TO-DATE
> Task :tauri-plugin-biometric:mergeDebugJniLibFolders UP-TO-DATE
> Task :tauri-plugin-biometric:mergeDebugNativeLibs NO-SOURCE
> Task :tauri-plugin-biometric:copyDebugJniLibsProjectOnly UP-TO-DATE
> Task :tauri-plugin-dialog:mergeDebugJniLibFolders UP-TO-DATE
> Task :tauri-plugin-dialog:mergeDebugNativeLibs NO-SOURCE
> Task :tauri-plugin-dialog:copyDebugJniLibsProjectOnly UP-TO-DATE
> Task :tauri-plugin-fs:mergeDebugJniLibFolders UP-TO-DATE
> Task :tauri-plugin-fs:mergeDebugNativeLibs NO-SOURCE
> Task :tauri-plugin-fs:copyDebugJniLibsProjectOnly UP-TO-DATE
> Task :tauri-plugin-notification:mergeDebugJniLibFolders UP-TO-DATE
> Task :tauri-plugin-notification:mergeDebugNativeLibs NO-SOURCE
> Task :tauri-plugin-notification:copyDebugJniLibsProjectOnly UP-TO-DATE
> Task :tauri-plugin-shell:mergeDebugJniLibFolders UP-TO-DATE
> Task :tauri-plugin-shell:mergeDebugNativeLibs NO-SOURCE
> Task :tauri-plugin-shell:copyDebugJniLibsProjectOnly UP-TO-DATE
> Task :app:mergeArm64DebugNativeLibs UP-TO-DATE
> Task :app:mergeArm64DebugAndroidTestNativeLibs NO-SOURCE
> Task :app:stripArm64DebugAndroidTestDebugSymbols NO-SOURCE
> Task :app:validateSigningArm64DebugAndroidTest UP-TO-DATE
> Task :app:writeArm64DebugAndroidTestSigningConfigVersions UP-TO-DATE

> Task :app:compileArm64DebugAndroidTestKotlin
w: file:///Users/zzc/PycharmProjects/SoloSoul/tauri/src-tauri/gen/android/app/src/androidTest/java/com/solosoul/app/AndroidHomeInstrumentedTest.kt:98:20 Variable 'last' initializer is redundant

> Task :app:compileArm64DebugAndroidTestJavaWithJavac UP-TO-DATE
Java compiler version 21 has deprecated support for compiling with source/target version 8.
Try one of the following options:
    1. [Recommended] Use Java toolchain with a lower language version
    2. Set a higher source/target version
    3. Use a lower version of the JDK running the build (if you're not using Java toolchain)
For more details on how to configure these settings, see https://developer.android.com/build/jdks.
To suppress this warning, set android.javaCompile.suppressSourceTargetDeprecationWarning=true in gradle.properties.

> Task :app:processArm64DebugAndroidTestJavaRes UP-TO-DATE
> Task :app:mergeArm64DebugAndroidTestJavaResource UP-TO-DATE
> Task :app:dexBuilderArm64DebugAndroidTest
> Task :app:mergeProjectDexArm64DebugAndroidTest
> Task :app:packageArm64DebugAndroidTest
> Task :app:createArm64DebugAndroidTestApkListingFileRedirect UP-TO-DATE
> Task :app:assembleArm64DebugAndroidTest

[Incubating] Problems report is available at: file:///Users/zzc/PycharmProjects/SoloSoul/tauri/src-tauri/gen/android/build/reports/problems/problems-report.html

Deprecated Gradle features were used in this build, making it incompatible with Gradle 9.0.

You can use '--warning-mode all' to show the individual deprecation warnings and determine if they come from your own scripts or plugins.

For more on this, please refer to https://docs.gradle.org/8.14.3/userguide/command_line_interface.html#sec:command_line_warnings in the Gradle documentation.

BUILD SUCCESSFUL in 2s
170 actionable tasks: 12 executed, 158 up-to-date
