[2m[WebServer] [22m(node:47207) Warning: The 'NO_COLOR' env is ignored due to the 'FORCE_COLOR' env being set.
[2m[WebServer] [22m(Use `node --trace-warnings ...` to show where the warning was created)

Running 2 tests using 1 worker

(node:47217) Warning: The 'NO_COLOR' env is ignored due to the 'FORCE_COLOR' env being set.
(Use `node --trace-warnings ...` to show where the warning was created)
(node:47217) Warning: The 'NO_COLOR' env is ignored due to the 'FORCE_COLOR' env being set.
(Use `node --trace-warnings ...` to show where the warning was created)
[2m[WebServer] [22m10:05:52 PM [vite] (client) [console.warn] [updater] android check failed: TypeError: Cannot read properties of undefined (reading 'latestVersion')
[2m[WebServer] [22m    at androidCheckForUpdate (http://localhost:1420/src/lib/updater.ts:177:12)
[2m[WebServer] [22m    at async http://localhost:1420/src/stores/updateStore.ts:94:65
[2m[WebServer] [22m10:05:53 PM [vite] (client) [console.warn] [updater] android check failed: TypeError: Cannot read properties of undefined (reading 'latestVersion')
[2m[WebServer] [22m    at androidCheckForUpdate (http://localhost:1420/src/lib/updater.ts:177:12)
[2m[WebServer] [22m    at async http://localhost:1420/src/stores/updateStore.ts:94:65
  ✘  1 [mobile] › e2e/android-material.spec.ts:251:1 › Android reminders occupy layout and follow the active sheet without covering actions (2.2s)
(node:47252) Warning: The 'NO_COLOR' env is ignored due to the 'FORCE_COLOR' env being set.
(Use `node --trace-warnings ...` to show where the warning was created)
(node:47252) Warning: The 'NO_COLOR' env is ignored due to the 'FORCE_COLOR' env being set.
(Use `node --trace-warnings ...` to show where the warning was created)
[2m[WebServer] [22m10:05:54 PM [vite] (client) [console.warn] [updater] android check failed: TypeError: Cannot read properties of undefined (reading 'latestVersion')
[2m[WebServer] [22m    at androidCheckForUpdate (http://localhost:1420/src/lib/updater.ts:177:12)
[2m[WebServer] [22m    at async http://localhost:1420/src/stores/updateStore.ts:94:65
[2m[WebServer] [22m10:05:55 PM [vite] (client) [console.warn] [updater] android check failed: TypeError: Cannot read properties of undefined (reading 'latestVersion')
[2m[WebServer] [22m    at androidCheckForUpdate (http://localhost:1420/src/lib/updater.ts:177:12)
[2m[WebServer] [22m    at async http://localhost:1420/src/stores/updateStore.ts:94:65
[2m[WebServer] [22m10:05:55 PM [vite] (client) [console.warn] [ObjectEditor] Load field suggestions failed: {"code":"LEGACY_ERROR"}
  ✓  2 [mobile] › e2e/android-material.spec.ts:297:1 › Android editor save stays reachable with a reminder and enlarged text (1.5s)


  1) [mobile] › e2e/android-material.spec.ts:251:1 › Android reminders occupy layout and follow the active sheet without covering actions 

    Error: [2mexpect([22m[31mreceived[39m[2m).[22mtoBeLessThanOrEqual[2m([22m[32mexpected[39m[2m)[22m

    Expected: <= [32m365.9732666015625[39m
    Received:    [31m375.5[39m

      280 |   const reminder = (await toast.boundingBox())!;
      281 |   const actionRect = (await action.boundingBox())!;
    > 282 |   expect(reminder.y + reminder.height).toBeLessThanOrEqual(actionRect.y);
          |                                        ^
      283 |   await page.screenshot({ path: test.info().outputPath('toast-sheet-320.png') });
      284 |   await page.keyboard.press('Escape');
      285 |   await expect(page.locator('[data-shell-notifications] [data-toast-container]')).toBeVisible();
        at /Users/zzc/PycharmProjects/SoloSoul/tauri/e2e/android-material.spec.ts:282:40

    Error Context: test-results/android-material-Android-r-61a01-et-without-covering-actions-mobile/error-context.md

  1 failed
    [mobile] › e2e/android-material.spec.ts:251:1 › Android reminders occupy layout and follow the active sheet without covering actions 
  1 passed (5.5s)
