[2m[WebServer] [22m(node:45457) Warning: The 'NO_COLOR' env is ignored due to the 'FORCE_COLOR' env being set.
[2m[WebServer] [22m(Use `node --trace-warnings ...` to show where the warning was created)

Running 2 tests using 1 worker

(node:45466) Warning: The 'NO_COLOR' env is ignored due to the 'FORCE_COLOR' env being set.
(Use `node --trace-warnings ...` to show where the warning was created)
(node:45466) Warning: The 'NO_COLOR' env is ignored due to the 'FORCE_COLOR' env being set.
(Use `node --trace-warnings ...` to show where the warning was created)
[2m[WebServer] [22m10:03:38 PM [vite] (client) [console.warn] [updater] android check failed: TypeError: Cannot read properties of undefined (reading 'latestVersion')
[2m[WebServer] [22m    at androidCheckForUpdate (http://localhost:1420/src/lib/updater.ts:177:12)
[2m[WebServer] [22m    at async http://localhost:1420/src/stores/updateStore.ts:94:65
[2m[WebServer] [22m10:03:38 PM [vite] (client) [console.warn] [updater] android check failed: TypeError: Cannot read properties of undefined (reading 'latestVersion')
[2m[WebServer] [22m    at androidCheckForUpdate (http://localhost:1420/src/lib/updater.ts:177:12)
[2m[WebServer] [22m    at async http://localhost:1420/src/stores/updateStore.ts:94:65
  ✓  1 [mobile] › e2e/android-material.spec.ts:251:1 › Android reminders occupy layout and follow the active sheet without covering actions (2.3s)
[2m[WebServer] [22m10:03:39 PM [vite] (client) [console.warn] [updater] android check failed: TypeError: Cannot read properties of undefined (reading 'latestVersion')
[2m[WebServer] [22m    at androidCheckForUpdate (http://localhost:1420/src/lib/updater.ts:177:12)
[2m[WebServer] [22m    at async http://localhost:1420/src/stores/updateStore.ts:94:65
[2m[WebServer] [22m10:03:40 PM [vite] (client) [console.warn] [updater] android check failed: TypeError: Cannot read properties of undefined (reading 'latestVersion')
[2m[WebServer] [22m    at androidCheckForUpdate (http://localhost:1420/src/lib/updater.ts:177:12)
[2m[WebServer] [22m    at async http://localhost:1420/src/stores/updateStore.ts:94:65
  ✘  2 [mobile] › e2e/android-material.spec.ts:297:1 › Android editor save stays reachable with a reminder and enlarged text (30.0s)


  1) [mobile] › e2e/android-material.spec.ts:297:1 › Android editor save stays reachable with a reminder and enlarged text 

    [31mTest timeout of 30000ms exceeded.[39m

    Error: locator.scrollIntoViewIfNeeded: Test timeout of 30000ms exceeded.
    Call log:
    [2m  - waiting for getByRole('button', { name: 'Save', exact: true })[22m


      309 |   });
      310 |   const save = page.getByRole('button', { name: 'Save', exact: true });
    > 311 |   await save.scrollIntoViewIfNeeded();
          |              ^
      312 |   const toastRect = (await page.locator('[data-toast-container]').boundingBox())!;
      313 |   const saveRect = (await save.boundingBox())!;
      314 |   expect(toastRect.y + toastRect.height).toBeLessThanOrEqual(saveRect.y);
        at /Users/zzc/PycharmProjects/SoloSoul/tauri/e2e/android-material.spec.ts:311:14

    Error Context: test-results/android-material-Android-e-b5c24--reminder-and-enlarged-text-mobile/error-context.md

  1 failed
    [mobile] › e2e/android-material.spec.ts:297:1 › Android editor save stays reachable with a reminder and enlarged text 
  1 passed (34.7s)
