[2m[WebServer] [22m(node:48022) Warning: The 'NO_COLOR' env is ignored due to the 'FORCE_COLOR' env being set.
[2m[WebServer] [22m(Use `node --trace-warnings ...` to show where the warning was created)

Running 14 tests using 1 worker

(node:48030) Warning: The 'NO_COLOR' env is ignored due to the 'FORCE_COLOR' env being set.
(Use `node --trace-warnings ...` to show where the warning was created)
(node:48030) Warning: The 'NO_COLOR' env is ignored due to the 'FORCE_COLOR' env being set.
(Use `node --trace-warnings ...` to show where the warning was created)
[2m[WebServer] [22m10:06:57 PM [vite] (client) [console.warn] [updater] android check failed: TypeError: Cannot read properties of undefined (reading 'latestVersion')
[2m[WebServer] [22m    at androidCheckForUpdate (http://localhost:1420/src/lib/updater.ts:177:12)
[2m[WebServer] [22m    at async http://localhost:1420/src/stores/updateStore.ts:94:65
[2m[WebServer] [22m10:06:57 PM [vite] (client) [console.warn] [updater] android check failed: TypeError: Cannot read properties of undefined (reading 'latestVersion')
[2m[WebServer] [22m    at androidCheckForUpdate (http://localhost:1420/src/lib/updater.ts:177:12)
[2m[WebServer] [22m    at async http://localhost:1420/src/stores/updateStore.ts:94:65
  ✓   1 [mobile] › e2e/android-material.spec.ts:77:1 › Android navigation stays mounted and icons keep their geometry (2.2s)
[2m[WebServer] [22m10:06:58 PM [vite] (client) [console.warn] [updater] android check failed: TypeError: Cannot read properties of undefined (reading 'latestVersion')
[2m[WebServer] [22m    at androidCheckForUpdate (http://localhost:1420/src/lib/updater.ts:177:12)
[2m[WebServer] [22m    at async http://localhost:1420/src/stores/updateStore.ts:94:65
[2m[WebServer] [22m10:06:58 PM [vite] (client) [console.warn] [updater] android check failed: TypeError: Cannot read properties of undefined (reading 'latestVersion')
[2m[WebServer] [22m    at androidCheckForUpdate (http://localhost:1420/src/lib/updater.ts:177:12)
[2m[WebServer] [22m    at async http://localhost:1420/src/stores/updateStore.ts:94:65
  ✓   2 [mobile] › e2e/android-material.spec.ts:95:1 › responsive surfaces and navigation rail have no horizontal overflow (1.2s)
[2m[WebServer] [22m10:06:59 PM [vite] (client) [console.warn] [updater] android check failed: TypeError: Cannot read properties of undefined (reading 'latestVersion')
[2m[WebServer] [22m    at androidCheckForUpdate (http://localhost:1420/src/lib/updater.ts:177:12)
[2m[WebServer] [22m    at async http://localhost:1420/src/stores/updateStore.ts:94:65
[2m[WebServer] [22m10:07:00 PM [vite] (client) [console.warn] [updater] android check failed: TypeError: Cannot read properties of undefined (reading 'latestVersion')
[2m[WebServer] [22m    at androidCheckForUpdate (http://localhost:1420/src/lib/updater.ts:177:12)
[2m[WebServer] [22m    at async http://localhost:1420/src/stores/updateStore.ts:94:65
  ✓   3 [mobile] › e2e/android-material.spec.ts:114:1 › page sheets keep focus, stay within the viewport and preserve create/edit routes (3.3s)
[2m[WebServer] [22m10:07:02 PM [vite] (client) [console.warn] [updater] android check failed: TypeError: Cannot read properties of undefined (reading 'latestVersion')
[2m[WebServer] [22m    at androidCheckForUpdate (http://localhost:1420/src/lib/updater.ts:177:12)
[2m[WebServer] [22m    at async http://localhost:1420/src/stores/updateStore.ts:94:65
[2m[WebServer] [22m10:07:03 PM [vite] (client) [console.warn] [updater] android check failed: TypeError: Cannot read properties of undefined (reading 'latestVersion')
[2m[WebServer] [22m    at androidCheckForUpdate (http://localhost:1420/src/lib/updater.ts:177:12)
[2m[WebServer] [22m    at async http://localhost:1420/src/stores/updateStore.ts:94:65
[2m[WebServer] [22m10:07:03 PM [vite] (client) [console.warn] [ObjectEditor] Load field suggestions failed: {"code":"LEGACY_ERROR"}
  ✓   4 [mobile] › e2e/android-material.spec.ts:229:1 › all objects, filters, search, details and contextual creation reuse business routes (2.3s)
[2m[WebServer] [22m10:07:05 PM [vite] (client) [console.warn] [updater] android check failed: TypeError: Cannot read properties of undefined (reading 'latestVersion')
[2m[WebServer] [22m    at androidCheckForUpdate (http://localhost:1420/src/lib/updater.ts:177:12)
[2m[WebServer] [22m    at async http://localhost:1420/src/stores/updateStore.ts:94:65
[2m[WebServer] [22m10:07:05 PM [vite] (client) [console.warn] [updater] android check failed: TypeError: Cannot read properties of undefined (reading 'latestVersion')
[2m[WebServer] [22m    at androidCheckForUpdate (http://localhost:1420/src/lib/updater.ts:177:12)
[2m[WebServer] [22m    at async http://localhost:1420/src/stores/updateStore.ts:94:65
  ✓   5 [mobile] › e2e/android-material.spec.ts:251:1 › Android reminders occupy layout and follow the active sheet without covering actions (2.9s)
[2m[WebServer] [22m10:07:08 PM [vite] (client) [console.warn] [updater] android check failed: TypeError: Cannot read properties of undefined (reading 'latestVersion')
[2m[WebServer] [22m    at androidCheckForUpdate (http://localhost:1420/src/lib/updater.ts:177:12)
[2m[WebServer] [22m    at async http://localhost:1420/src/stores/updateStore.ts:94:65
[2m[WebServer] [22m10:07:08 PM [vite] (client) [console.warn] [updater] android check failed: TypeError: Cannot read properties of undefined (reading 'latestVersion')
[2m[WebServer] [22m    at androidCheckForUpdate (http://localhost:1420/src/lib/updater.ts:177:12)
[2m[WebServer] [22m    at async http://localhost:1420/src/stores/updateStore.ts:94:65
[2m[WebServer] [22m10:07:09 PM [vite] (client) [console.warn] [ObjectEditor] Load field suggestions failed: {"code":"LEGACY_ERROR"}
  ✓   6 [mobile] › e2e/android-material.spec.ts:327:1 › Android editor save stays reachable with a reminder and enlarged text (1.4s)
[2m[WebServer] [22m10:07:09 PM [vite] (client) [console.warn] [updater] android check failed: TypeError: Cannot read properties of undefined (reading 'latestVersion')
[2m[WebServer] [22m    at androidCheckForUpdate (http://localhost:1420/src/lib/updater.ts:177:12)
[2m[WebServer] [22m    at async http://localhost:1420/src/stores/updateStore.ts:94:65
[2m[WebServer] [22m10:07:10 PM [vite] (client) [console.warn] [updater] android check failed: TypeError: Cannot read properties of undefined (reading 'latestVersion')
[2m[WebServer] [22m    at androidCheckForUpdate (http://localhost:1420/src/lib/updater.ts:177:12)
[2m[WebServer] [22m    at async http://localhost:1420/src/stores/updateStore.ts:94:65
[2m[WebServer] [22m10:07:10 PM [vite] (client) [console.warn] [updater] android check failed: TypeError: Cannot read properties of undefined (reading 'latestVersion')
[2m[WebServer] [22m    at androidCheckForUpdate (http://localhost:1420/src/lib/updater.ts:177:12)
[2m[WebServer] [22m    at async http://localhost:1420/src/stores/updateStore.ts:94:65
[2m[WebServer] [22m10:07:11 PM [vite] (client) [console.warn] [updater] android check failed: TypeError: Cannot read properties of undefined (reading 'latestVersion')
[2m[WebServer] [22m    at androidCheckForUpdate (http://localhost:1420/src/lib/updater.ts:177:12)
[2m[WebServer] [22m    at async http://localhost:1420/src/stores/updateStore.ts:94:65
[2m[WebServer] [22m10:07:11 PM [vite] (client) [console.warn] [updater] android check failed: TypeError: Cannot read properties of undefined (reading 'latestVersion')
[2m[WebServer] [22m    at androidCheckForUpdate (http://localhost:1420/src/lib/updater.ts:177:12)
[2m[WebServer] [22m    at async http://localhost:1420/src/stores/updateStore.ts:94:65
  ✓   7 [mobile] › e2e/android-material.spec.ts:361:1 › appearance persists across reload and a locked vault drops cached names (2.4s)
[2m[WebServer] [22m10:07:12 PM [vite] (client) [console.warn] [updater] android check failed: TypeError: Cannot read properties of undefined (reading 'latestVersion')
[2m[WebServer] [22m    at androidCheckForUpdate (http://localhost:1420/src/lib/updater.ts:177:12)
[2m[WebServer] [22m    at async http://localhost:1420/src/stores/updateStore.ts:94:65
[2m[WebServer] [22m10:07:12 PM [vite] (client) [console.warn] [updater] android check failed: TypeError: Cannot read properties of undefined (reading 'latestVersion')
[2m[WebServer] [22m    at androidCheckForUpdate (http://localhost:1420/src/lib/updater.ts:177:12)
[2m[WebServer] [22m    at async http://localhost:1420/src/stores/updateStore.ts:94:65
[2m[WebServer] [22m10:07:14 PM [vite] (client) [console.warn] [updater] android check failed: TypeError: Cannot read properties of undefined (reading 'latestVersion')
[2m[WebServer] [22m    at androidCheckForUpdate (http://localhost:1420/src/lib/updater.ts:177:12)
[2m[WebServer] [22m    at async http://localhost:1420/src/stores/updateStore.ts:94:65
[2m[WebServer] [22m10:07:14 PM [vite] (client) [console.warn] [updater] android check failed: TypeError: Cannot read properties of undefined (reading 'latestVersion')
[2m[WebServer] [22m    at androidCheckForUpdate (http://localhost:1420/src/lib/updater.ts:177:12)
[2m[WebServer] [22m    at async http://localhost:1420/src/stores/updateStore.ts:94:65
  ✓   8 [mobile] › e2e/android-material.spec.ts:389:1 › shared schemes and custom accents reach CSS, artwork and native menu together (3.0s)
[2m[WebServer] [22m10:07:15 PM [vite] (client) [console.warn] [updater] android check failed: TypeError: Cannot read properties of undefined (reading 'latestVersion')
[2m[WebServer] [22m    at androidCheckForUpdate (http://localhost:1420/src/lib/updater.ts:177:12)
[2m[WebServer] [22m    at async http://localhost:1420/src/stores/updateStore.ts:94:65
[2m[WebServer] [22m10:07:15 PM [vite] (client) [console.warn] [updater] android check failed: TypeError: Cannot read properties of undefined (reading 'latestVersion')
[2m[WebServer] [22m    at androidCheckForUpdate (http://localhost:1420/src/lib/updater.ts:177:12)
[2m[WebServer] [22m    at async http://localhost:1420/src/stores/updateStore.ts:94:65
[2m[WebServer] [22m10:07:16 PM [vite] (client) [console.warn] [updater] android check failed: TypeError: Cannot read properties of undefined (reading 'latestVersion')
[2m[WebServer] [22m    at androidCheckForUpdate (http://localhost:1420/src/lib/updater.ts:177:12)
[2m[WebServer] [22m    at async http://localhost:1420/src/stores/updateStore.ts:94:65
[2m[WebServer] [22m10:07:16 PM [vite] (client) [console.warn] [updater] android check failed: TypeError: Cannot read properties of undefined (reading 'latestVersion')
[2m[WebServer] [22m    at androidCheckForUpdate (http://localhost:1420/src/lib/updater.ts:177:12)
[2m[WebServer] [22m    at async http://localhost:1420/src/stores/updateStore.ts:94:65
  ✓   9 [mobile] › e2e/android-material.spec.ts:501:1 › glass switches retain navigation geometry, forced colors use solid surfaces (2.0s)
[2m[WebServer] [22m10:07:17 PM [vite] (client) [console.warn] [updater] android check failed: TypeError: Cannot read properties of undefined (reading 'latestVersion')
[2m[WebServer] [22m    at androidCheckForUpdate (http://localhost:1420/src/lib/updater.ts:177:12)
[2m[WebServer] [22m    at async http://localhost:1420/src/stores/updateStore.ts:94:65
[2m[WebServer] [22m10:07:17 PM [vite] (client) [console.warn] [updater] android check failed: TypeError: Cannot read properties of undefined (reading 'latestVersion')
[2m[WebServer] [22m    at androidCheckForUpdate (http://localhost:1420/src/lib/updater.ts:177:12)
[2m[WebServer] [22m    at async http://localhost:1420/src/stores/updateStore.ts:94:65
  ✓  10 [mobile] › e2e/android-material.spec.ts:525:1 › enhanced home has its final artwork on the first visible frame after navigation (3.3s)
[2m[WebServer] [22m10:07:20 PM [vite] (client) [console.warn] [updater] android check failed: TypeError: Cannot read properties of undefined (reading 'latestVersion')
[2m[WebServer] [22m    at androidCheckForUpdate (http://localhost:1420/src/lib/updater.ts:177:12)
[2m[WebServer] [22m    at async http://localhost:1420/src/stores/updateStore.ts:94:65
[2m[WebServer] [22m10:07:20 PM [vite] (client) [console.warn] [updater] android check failed: TypeError: Cannot read properties of undefined (reading 'latestVersion')
[2m[WebServer] [22m    at androidCheckForUpdate (http://localhost:1420/src/lib/updater.ts:177:12)
[2m[WebServer] [22m    at async http://localhost:1420/src/stores/updateStore.ts:94:65
[2m[WebServer] [22m10:07:22 PM [vite] (client) [console.warn] [updater] android check failed: TypeError: Cannot read properties of undefined (reading 'latestVersion')
[2m[WebServer] [22m    at androidCheckForUpdate (http://localhost:1420/src/lib/updater.ts:177:12)
[2m[WebServer] [22m    at async http://localhost:1420/src/stores/updateStore.ts:94:65
  ✓  11 [mobile] › e2e/android-material.spec.ts:556:1 › liquid artwork recovers context loss, stops when hidden and clears on lock (2.2s)
[2m[WebServer] [22m10:07:22 PM [vite] (client) [console.warn] [updater] android check failed: TypeError: Cannot read properties of undefined (reading 'latestVersion')
[2m[WebServer] [22m    at androidCheckForUpdate (http://localhost:1420/src/lib/updater.ts:177:12)
[2m[WebServer] [22m    at async http://localhost:1420/src/stores/updateStore.ts:94:65
[2m[WebServer] [22m10:07:23 PM [vite] (client) [console.warn] [updater] android check failed: TypeError: Cannot read properties of undefined (reading 'latestVersion')
[2m[WebServer] [22m    at androidCheckForUpdate (http://localhost:1420/src/lib/updater.ts:177:12)
[2m[WebServer] [22m    at async http://localhost:1420/src/stores/updateStore.ts:94:65
  ✓  12 [mobile] › e2e/android-material.spec.ts:600:1 › enhanced glass follows Android WebView system theme and ignores desktop theme events (2.1s)
[2m[WebServer] [22m10:07:24 PM [vite] (client) [console.warn] [updater] android check failed: TypeError: Cannot read properties of undefined (reading 'latestVersion')
[2m[WebServer] [22m    at androidCheckForUpdate (http://localhost:1420/src/lib/updater.ts:177:12)
[2m[WebServer] [22m    at async http://localhost:1420/src/stores/updateStore.ts:94:65
[2m[WebServer] [22m10:07:25 PM [vite] (client) [console.warn] [updater] android check failed: TypeError: Cannot read properties of undefined (reading 'latestVersion')
[2m[WebServer] [22m    at androidCheckForUpdate (http://localhost:1420/src/lib/updater.ts:177:12)
[2m[WebServer] [22m    at async http://localhost:1420/src/stores/updateStore.ts:94:65
[2m[WebServer] [22m10:07:25 PM [vite] (client) [console.warn] [ObjectEditor] Load field suggestions failed: {"code":"LEGACY_ERROR"}
  ✓  13 [mobile] › e2e/android-material.spec.ts:665:1 › native menu returns contextual actions and uses web fallback when unavailable (1.8s)
[2m[WebServer] [22m10:07:26 PM [vite] (client) [console.warn] [updater] android check failed: TypeError: Cannot read properties of undefined (reading 'latestVersion')
[2m[WebServer] [22m    at androidCheckForUpdate (http://localhost:1420/src/lib/updater.ts:177:12)
[2m[WebServer] [22m    at async http://localhost:1420/src/stores/updateStore.ts:94:65
[2m[WebServer] [22m10:07:26 PM [vite] (client) [console.warn] [updater] android check failed: TypeError: Cannot read properties of undefined (reading 'latestVersion')
[2m[WebServer] [22m    at androidCheckForUpdate (http://localhost:1420/src/lib/updater.ts:177:12)
[2m[WebServer] [22m    at async http://localhost:1420/src/stores/updateStore.ts:94:65
[2m[WebServer] [22m10:07:27 PM [vite] (client) [console.warn] [updater] android check failed: TypeError: Cannot read properties of undefined (reading 'latestVersion')
[2m[WebServer] [22m    at androidCheckForUpdate (http://localhost:1420/src/lib/updater.ts:177:12)
[2m[WebServer] [22m    at async http://localhost:1420/src/stores/updateStore.ts:94:65
  ✓  14 [mobile] › e2e/android-material.spec.ts:708:1 › late native menu results cannot navigate after route change or lock (1.6s)

  14 passed (33.3s)
