[2m[WebServer] [22m(node:46178) Warning: The 'NO_COLOR' env is ignored due to the 'FORCE_COLOR' env being set.
[2m[WebServer] [22m(Use `node --trace-warnings ...` to show where the warning was created)

Running 2 tests using 1 worker

(node:46188) Warning: The 'NO_COLOR' env is ignored due to the 'FORCE_COLOR' env being set.
(Use `node --trace-warnings ...` to show where the warning was created)
(node:46188) Warning: The 'NO_COLOR' env is ignored due to the 'FORCE_COLOR' env being set.
(Use `node --trace-warnings ...` to show where the warning was created)
[2m[WebServer] [22m10:04:41 PM [vite] (client) [console.warn] [updater] android check failed: TypeError: Cannot read properties of undefined (reading 'latestVersion')
[2m[WebServer] [22m    at androidCheckForUpdate (http://localhost:1420/src/lib/updater.ts:177:12)
[2m[WebServer] [22m    at async http://localhost:1420/src/stores/updateStore.ts:94:65
[2m[WebServer] [22m10:04:42 PM [vite] (client) [console.warn] [updater] android check failed: TypeError: Cannot read properties of undefined (reading 'latestVersion')
[2m[WebServer] [22m    at androidCheckForUpdate (http://localhost:1420/src/lib/updater.ts:177:12)
[2m[WebServer] [22m    at async http://localhost:1420/src/stores/updateStore.ts:94:65
  ✓  1 [mobile] › e2e/android-material.spec.ts:251:1 › Android reminders occupy layout and follow the active sheet without covering actions (2.0s)
[2m[WebServer] [22m10:04:42 PM [vite] (client) [console.warn] [updater] android check failed: TypeError: Cannot read properties of undefined (reading 'latestVersion')
[2m[WebServer] [22m    at androidCheckForUpdate (http://localhost:1420/src/lib/updater.ts:177:12)
[2m[WebServer] [22m    at async http://localhost:1420/src/stores/updateStore.ts:94:65
[2m[WebServer] [22m10:04:43 PM [vite] (client) [console.warn] [updater] android check failed: TypeError: Cannot read properties of undefined (reading 'latestVersion')
[2m[WebServer] [22m    at androidCheckForUpdate (http://localhost:1420/src/lib/updater.ts:177:12)
[2m[WebServer] [22m    at async http://localhost:1420/src/stores/updateStore.ts:94:65
  ✘  2 [mobile] › e2e/android-material.spec.ts:297:1 › Android editor save stays reachable with a reminder and enlarged text (30.0s)


  1) [mobile] › e2e/android-material.spec.ts:297:1 › Android editor save stays reachable with a reminder and enlarged text 

    [31mTest timeout of 30000ms exceeded.[39m

    Error: locator.click: Test timeout of 30000ms exceeded.
    Call log:
    [2m  - waiting for getByTestId('object-detail-modal').getByRole('button', { name: 'More', exact: true })[22m


      299 |   await page.locator('.android-navigation a[href="/workspace"]').click();
      300 |   await page.getByRole('button', { name: /^Passport/ }).click();
    > 301 |   await page.getByTestId('object-detail-modal').getByRole('button', { name: 'More', exact: true }).click();
          |                                                                                                    ^
      302 |   await page.locator('.android-sheet').getByRole('button', { name: 'Edit', exact: true }).click();
      303 |   await expect(page).toHaveURL(/\/editor/);
      304 |   await page.evaluate(async () => {
        at /Users/zzc/PycharmProjects/SoloSoul/tauri/e2e/android-material.spec.ts:301:100

    Error Context: test-results/android-material-Android-e-b5c24--reminder-and-enlarged-text-mobile/error-context.md

  1 failed
    [mobile] › e2e/android-material.spec.ts:297:1 › Android editor save stays reachable with a reminder and enlarged text 
  1 passed (33.6s)
