
Running 35 tests using 1 worker

(node:76723) Warning: The 'NO_COLOR' env is ignored due to the 'FORCE_COLOR' env being set.
(Use `node --trace-warnings ...` to show where the warning was created)
(node:76723) Warning: The 'NO_COLOR' env is ignored due to the 'FORCE_COLOR' env being set.
(Use `node --trace-warnings ...` to show where the warning was created)
  ✓   1 [chromium] › e2e/android-attachment-actions.spec.ts:95:1 › reminders follow object attachments and history without being trapped below the overlay (3.0s)
  ✓   2 [chromium] › e2e/android-attachment-actions.spec.ts:157:1 › Android Back closes object details and preserves the current filtered workspace (1.6s)
  ✓   3 [chromium] › e2e/android-attachment-actions.spec.ts:188:1 › global attachment menus preserve actions, confirmations and the trash menu (6.3s)
  ✓   4 [chromium] › e2e/android-attachment-actions.spec.ts:281:1 › object attachment menu stays above its host and closes without dismissing details (2.5s)
  ✓   5 [chromium] › e2e/android-attachment-actions.spec.ts:318:1 › object detail keeps primary actions visible and groups secondary actions safely (3.1s)
  ✓   6 [chromium] › e2e/android-attachment-actions.spec.ts:418:1 › object attachment count refreshes after deleting an attachment (1.9s)
  ✓   7 [chromium] › e2e/android-material.spec.ts:77:1 › Android navigation stays mounted and icons keep their geometry (1.1s)
  ✓   8 [chromium] › e2e/android-material.spec.ts:95:1 › responsive surfaces and navigation rail have no horizontal overflow (916ms)
  ✓   9 [chromium] › e2e/android-material.spec.ts:114:1 › page sheets keep focus, stay within the viewport and preserve create/edit routes (3.1s)
  ✓  10 [chromium] › e2e/android-material.spec.ts:229:1 › all objects, filters, search, details and contextual creation reuse business routes (2.4s)
  ✓  11 [chromium] › e2e/android-material.spec.ts:251:1 › Android reminders occupy layout and follow the active sheet without covering actions (3.0s)
  ✓  12 [chromium] › e2e/android-material.spec.ts:327:1 › Android editor save stays reachable with a reminder and enlarged text (1.1s)
  ✓  13 [chromium] › e2e/android-material.spec.ts:361:1 › appearance persists across reload and a locked vault drops cached names (1.8s)
  ✓  14 [chromium] › e2e/android-material.spec.ts:389:1 › shared schemes and custom accents reach CSS, artwork and native menu together (2.5s)
  ✓  15 [chromium] › e2e/android-material.spec.ts:501:1 › glass switches retain navigation geometry, forced colors use solid surfaces (1.6s)
  ✓  16 [chromium] › e2e/android-material.spec.ts:525:1 › enhanced home has its final artwork on the first visible frame after navigation (2.5s)
  ✓  17 [chromium] › e2e/android-material.spec.ts:556:1 › liquid artwork recovers context loss, stops when hidden and clears on lock (1.8s)
  ✓  18 [chromium] › e2e/android-material.spec.ts:600:1 › enhanced glass follows Android WebView system theme and ignores desktop theme events (1.6s)
  ✓  19 [chromium] › e2e/android-material.spec.ts:665:1 › native menu returns contextual actions and uses web fallback when unavailable (1.4s)
  ✓  20 [chromium] › e2e/android-material.spec.ts:708:1 › late native menu results cannot navigate after route change or lock (1.3s)
  ✓  21 [chromium] › e2e/history-keyboard.spec.ts:4:1 › 隐藏历史字段支持 Enter 和 Space，揭示前无原文 DOM (900ms)
  ✓  22 [chromium] › e2e/macos-preview-titlebar.spec.ts:228:3 › Android light reminders follow file preview, album and photo viewer (2.7s)
  ✓  23 [chromium] › e2e/macos-preview-titlebar.spec.ts:228:3 › Android dark reminders follow file preview, album and photo viewer (2.6s)
  ✓  24 [chromium] › e2e/macos-preview-titlebar.spec.ts:332:5 › macOS light text preview preserves traffic lights and native hit regions (1.6s)
  ✓  25 [chromium] › e2e/macos-preview-titlebar.spec.ts:332:5 › macOS light pdf preview preserves traffic lights and native hit regions (1.8s)
  ✓  26 [chromium] › e2e/macos-preview-titlebar.spec.ts:332:5 › macOS light image preview preserves traffic lights and native hit regions (1.7s)
  ✓  27 [chromium] › e2e/macos-preview-titlebar.spec.ts:332:5 › macOS dark text preview preserves traffic lights and native hit regions (1.6s)
  ✓  28 [chromium] › e2e/macos-preview-titlebar.spec.ts:332:5 › macOS dark pdf preview preserves traffic lights and native hit regions (1.7s)
  ✓  29 [chromium] › e2e/macos-preview-titlebar.spec.ts:332:5 › macOS dark image preview preserves traffic lights and native hit regions (1.6s)
  ✓  30 [chromium] › e2e/macos-preview-titlebar.spec.ts:385:1 › macOS photo viewer returns through album and restores each titlebar hit region (3.1s)
  ✓  31 [chromium] › e2e/macos-preview-titlebar.spec.ts:416:1 › macOS preview also removes the object attachment card backdrop from the traffic lights (2.4s)
  ✓  32 [chromium] › e2e/macos-preview-titlebar.spec.ts:446:3 › windows preview keeps its existing top spacing (1.0s)
  ✓  33 [chromium] › e2e/macos-preview-titlebar.spec.ts:446:3 › android preview keeps its existing top spacing (956ms)
  ✓  34 [chromium] › e2e/macos-preview-titlebar.spec.ts:463:3 › Windows light photo preview and album keep the AppBar surface (2.1s)
  ✓  35 [chromium] › e2e/macos-preview-titlebar.spec.ts:463:3 › Windows dark photo preview and album keep the AppBar surface (2.1s)

  35 passed (1.2m)
