INSTRUMENTATION_STATUS: class=com.solosoul.app.AndroidHomeInstrumentedTest
INSTRUMENTATION_STATUS: current=1
INSTRUMENTATION_STATUS: id=AndroidJUnitRunner
INSTRUMENTATION_STATUS: numtests=1
INSTRUMENTATION_STATUS: stream=
com.solosoul.app.AndroidHomeInstrumentedTest:
INSTRUMENTATION_STATUS: test=realHomePreservesGlassAndCopyAcrossLockUnlock
INSTRUMENTATION_STATUS_CODE: 1
s_glBindAttribLocation: bind attrib 0 name position
s_glBindAttribLocation: bind attrib 1 name color
s_glBindAttribLocation: bind attrib 2 name localCoord
INSTRUMENTATION_STATUS: class=com.solosoul.app.AndroidHomeInstrumentedTest
INSTRUMENTATION_STATUS: current=1
INSTRUMENTATION_STATUS: id=AndroidJUnitRunner
INSTRUMENTATION_STATUS: numtests=1
INSTRUMENTATION_STATUS: stack=java.lang.AssertionError: 放大字号时标题不能遮挡或挤出顶栏操作: {"headingRight":224.57142639160156,"actionsLeft":256.19049072265625,"controls":[{"label":"Lock Vault","x":256.19049072265625,"y":32.029762268066406,"right":304.19049072265625,"bottom":80.0297622680664,"width":48,"height":48,"visible":true,"hittable":true},{"label":"Account management","x":304.19049072265625,"y":32.029762268066406,"right":352.19049072265625,"bottom":80.0297622680664,"width":48,"height":48,"visible":true,"hittable":true},{"label":"More actions","x":352.19049072265625,"y":32.029762268066406,"right":400.19049072265625,"bottom":80.0297622680664,"width":48,"height":48,"visible":true,"hittable":true},{"label":"Guide","x":343.4285888671875,"y":96.79167175292969,"right":391.4285888671875,"bottom":144.7916717529297,"width":48,"height":48,"visible":true,"hittable":false}]}
	at org.junit.Assert.fail(Assert.java:89)
	at org.junit.Assert.assertTrue(Assert.java:42)
	at com.solosoul.app.AndroidHomeInstrumentedTest.captureTypography(AndroidHomeInstrumentedTest.kt:378)
	at com.solosoul.app.AndroidHomeInstrumentedTest.capture(AndroidHomeInstrumentedTest.kt:267)
	at com.solosoul.app.AndroidHomeInstrumentedTest.capture$default(AndroidHomeInstrumentedTest.kt:230)
	at com.solosoul.app.AndroidHomeInstrumentedTest.realHomePreservesGlassAndCopyAcrossLockUnlock(AndroidHomeInstrumentedTest.kt:1594)

INSTRUMENTATION_STATUS: stream=
Error in realHomePreservesGlassAndCopyAcrossLockUnlock(com.solosoul.app.AndroidHomeInstrumentedTest):
java.lang.AssertionError: 放大字号时标题不能遮挡或挤出顶栏操作: {"headingRight":224.57142639160156,"actionsLeft":256.19049072265625,"controls":[{"label":"Lock Vault","x":256.19049072265625,"y":32.029762268066406,"right":304.19049072265625,"bottom":80.0297622680664,"width":48,"height":48,"visible":true,"hittable":true},{"label":"Account management","x":304.19049072265625,"y":32.029762268066406,"right":352.19049072265625,"bottom":80.0297622680664,"width":48,"height":48,"visible":true,"hittable":true},{"label":"More actions","x":352.19049072265625,"y":32.029762268066406,"right":400.19049072265625,"bottom":80.0297622680664,"width":48,"height":48,"visible":true,"hittable":true},{"label":"Guide","x":343.4285888671875,"y":96.79167175292969,"right":391.4285888671875,"bottom":144.7916717529297,"width":48,"height":48,"visible":true,"hittable":false}]}
	at org.junit.Assert.fail(Assert.java:89)
	at org.junit.Assert.assertTrue(Assert.java:42)
	at com.solosoul.app.AndroidHomeInstrumentedTest.captureTypography(AndroidHomeInstrumentedTest.kt:378)
	at com.solosoul.app.AndroidHomeInstrumentedTest.capture(AndroidHomeInstrumentedTest.kt:267)
	at com.solosoul.app.AndroidHomeInstrumentedTest.capture$default(AndroidHomeInstrumentedTest.kt:230)
	at com.solosoul.app.AndroidHomeInstrumentedTest.realHomePreservesGlassAndCopyAcrossLockUnlock(AndroidHomeInstrumentedTest.kt:1594)

INSTRUMENTATION_STATUS: test=realHomePreservesGlassAndCopyAcrossLockUnlock
INSTRUMENTATION_STATUS_CODE: -2
INSTRUMENTATION_RESULT: stream=

Time: 50.142
There was 1 failure:
1) realHomePreservesGlassAndCopyAcrossLockUnlock(com.solosoul.app.AndroidHomeInstrumentedTest)
java.lang.AssertionError: 放大字号时标题不能遮挡或挤出顶栏操作: {"headingRight":224.57142639160156,"actionsLeft":256.19049072265625,"controls":[{"label":"Lock Vault","x":256.19049072265625,"y":32.029762268066406,"right":304.19049072265625,"bottom":80.0297622680664,"width":48,"height":48,"visible":true,"hittable":true},{"label":"Account management","x":304.19049072265625,"y":32.029762268066406,"right":352.19049072265625,"bottom":80.0297622680664,"width":48,"height":48,"visible":true,"hittable":true},{"label":"More actions","x":352.19049072265625,"y":32.029762268066406,"right":400.19049072265625,"bottom":80.0297622680664,"width":48,"height":48,"visible":true,"hittable":true},{"label":"Guide","x":343.4285888671875,"y":96.79167175292969,"right":391.4285888671875,"bottom":144.7916717529297,"width":48,"height":48,"visible":true,"hittable":false}]}
	at org.junit.Assert.fail(Assert.java:89)
	at org.junit.Assert.assertTrue(Assert.java:42)
	at com.solosoul.app.AndroidHomeInstrumentedTest.captureTypography(AndroidHomeInstrumentedTest.kt:378)
	at com.solosoul.app.AndroidHomeInstrumentedTest.capture(AndroidHomeInstrumentedTest.kt:267)
	at com.solosoul.app.AndroidHomeInstrumentedTest.capture$default(AndroidHomeInstrumentedTest.kt:230)
	at com.solosoul.app.AndroidHomeInstrumentedTest.realHomePreservesGlassAndCopyAcrossLockUnlock(AndroidHomeInstrumentedTest.kt:1594)

FAILURES!!!
Tests run: 1,  Failures: 1


INSTRUMENTATION_CODE: -1
