[2m[WebServer] [22m(node:84220) Warning: The 'NO_COLOR' env is ignored due to the 'FORCE_COLOR' env being set.
[2m[WebServer] [22m(Use `node --trace-warnings ...` to show where the warning was created)

Running 1 test using 1 worker

(node:84228) Warning: The 'NO_COLOR' env is ignored due to the 'FORCE_COLOR' env being set.
(Use `node --trace-warnings ...` to show where the warning was created)
(node:84228) Warning: The 'NO_COLOR' env is ignored due to the 'FORCE_COLOR' env being set.
(Use `node --trace-warnings ...` to show where the warning was created)
[2m[WebServer] [22m7:00:11 AM [vite] (client) [console.warn] [syncStore] sync_list_conflicts 返回非数组，已归一化为空列表（返回类型: undefined)
  ✘  1 [mobile] › e2e/mobile-editor-actions.spec.ts:6:5 › ios 390px: editor save and cancel remain above navigation (1.8s)


  1) [mobile] › e2e/mobile-editor-actions.spec.ts:6:5 › ios 390px: editor save and cancel remain above navigation 

    Error: [2mexpect([22m[31mreceived[39m[2m).[22mtoBeLessThanOrEqual[2m([22m[32mexpected[39m[2m)[22m

    Expected: <= [32m584[39m
    Received:    [31m628[39m

      66 |         expect(rect.height).toBeGreaterThanOrEqual(44);
      67 |         expect(rect.y).toBeGreaterThanOrEqual(0);
    > 68 |         expect(rect.y + rect.height).toBeLessThanOrEqual(navRect.y);
         |                                      ^
      69 |         expect(
      70 |           await button.evaluate((node) => {
      71 |             const r = node.getBoundingClientRect();
        at /Users/zzc/PycharmProjects/SoloSoul/tauri/e2e/mobile-editor-actions.spec.ts:68:38

    Error Context: test-results/mobile-editor-actions-ios--b0520-cel-remain-above-navigation-mobile/error-context.md

  1 failed
    [mobile] › e2e/mobile-editor-actions.spec.ts:6:5 › ios 390px: editor save and cancel remain above navigation 
