
> solosoul@2.13.2 tauri
> tauri android build --debug --target aarch64 --split-per-abi --apk --ci

        Info Using installed NDK: /Users/zzc/Library/Android/sdk/ndk/30.0.14904198
        Info Looking up installed tauri packages to check mismatched versions...
        Warn The bundle identifier "com.solosoul.app" set in `"tauri.conf.json" identifier` ends with `.app`. This is not recommended because it conflicts with the application bundle extension on macOS.
     Running beforeBuildCommand `npm run build`

> solosoul@2.13.2 build
> npm run gen-nsis-assets && node scripts/build-search-index.js && node scripts/stage-mobile-resources.cjs && node scripts/stage-desktop-resources.cjs && tsc --noEmit && vite build


> solosoul@2.13.2 gen-nsis-assets
> python3 scripts/generate-nsis-assets.py || python scripts/generate-nsis-assets.py

Pillow not installed; using existing NSIS assets.
Search index built: 3387 words, 21 guides
[stage-mobile-resources] 已生成移动端插件市场资源: /Users/zzc/PycharmProjects/SoloSoul/tauri/src-tauri/resources-mobile/SoloSoul_plugin_market
[stage-mobile-resources] 资源版本 0ea5bd93dd11abafd625e241db82695204a8f502a8cc6f6efe7e8a5a635f3ac1，89 文件
[stage-desktop-resources] 已生成桌面端插件市场资源: /Users/zzc/PycharmProjects/SoloSoul/tauri/src-tauri/resources-desktop/SoloSoul_plugin_market
vite v8.0.16 building client environment for production...
[2Ktransforming...✓ 4190 modules transformed.
rendering chunks...
computing gzip size...
dist/index.html                                           1.46 kB │ gzip:   0.72 kB
dist/assets/128x128@2x-lsnePcND.png                      13.59 kB
dist/assets/is-prop-valid_framer-motion-BVADqg-m.css      0.16 kB │ gzip:   0.12 kB
dist/assets/useLlmChatCore-DmTdtc80.css                   0.97 kB │ gzip:   0.48 kB
dist/assets/RecoveryQrScanner-C7HdV_uH.css                1.58 kB │ gzip:   0.51 kB
dist/assets/index-B_i18wfL.css                            2.54 kB │ gzip:   0.92 kB
dist/assets/photoAlbumPreview-Djhl_LIP.css                3.35 kB │ gzip:   0.83 kB
dist/assets/Dialog-UeLObrkG.css                           7.80 kB │ gzip:   2.17 kB
dist/assets/bootstrapApp-DkuYoK3C.css                   262.22 kB │ gzip:  37.79 kB
dist/assets/vaultDirectory-C8lyJhAk.js                    0.08 kB │ gzip:   0.09 kB
dist/assets/loginAvailabilityPreflight-DG8U4Uz7.js        0.08 kB │ gzip:   0.09 kB
dist/assets/dialog-DWF2XHcr.js                            0.10 kB │ gzip:   0.10 kB
dist/assets/is-prop-valid_framer-motion-RolTZejQ.js       0.66 kB │ gzip:   0.43 kB
dist/assets/rolldown-runtime-Cyuzqnbw.js                  0.82 kB │ gzip:   0.47 kB
dist/assets/constants-OmM7_JPu.js                         2.43 kB │ gzip:   1.31 kB
dist/assets/core-BAM5JyGC.js                              2.48 kB │ gzip:   1.01 kB
dist/assets/webviewWindow-BaY-yrZB.js                     4.66 kB │ gzip:   1.37 kB
dist/assets/jsx-runtime-SbdI_6nE.js                       5.14 kB │ gzip:   2.43 kB
dist/assets/react-SqCrPCpP.js                             8.13 kB │ gzip:   3.14 kB
dist/assets/Dialog-OyG_Mvo4.js                            8.22 kB │ gzip:   3.25 kB
dist/assets/PhotoViewerOverlay-BVs_4O9e.js                8.23 kB │ gzip:   3.11 kB
dist/assets/photoAlbumPreview-CijmY2iP.js                12.04 kB │ gzip:   4.62 kB
dist/assets/window-CbKAmSN3.js                           12.99 kB │ gzip:   3.13 kB
dist/assets/AiQuickChatPopover-3JcQGQvv.js               14.84 kB │ gzip:   4.35 kB
dist/assets/useLlmChatCore-id6WsQ6q.js                   20.25 kB │ gzip:   7.40 kB
dist/assets/index-MTgGDDJi.js                            25.81 kB │ gzip:   9.10 kB
dist/assets/RecoveryReceiveDialog-BziS3nL8.js            31.54 kB │ gzip:   8.13 kB
dist/assets/backendError-BlfOE1IY.js                     53.26 kB │ gzip:  18.00 kB
dist/assets/motion-vendor-B9L30KpL.js                   125.02 kB │ gzip:  40.72 kB
dist/assets/notification-XjFoNnM-.js                    138.60 kB │ gzip:  41.56 kB
dist/assets/authStore-B5JPK1-o.js                       312.15 kB │ gzip:  96.76 kB
dist/assets/markdown-vendor-DRw5OW1J.js                 318.00 kB │ gzip:  97.55 kB
dist/assets/RecoveryQrScanner-D9IWV9nW.js               377.18 kB │ gzip: 111.50 kB
dist/assets/bootstrapApp-6dOHilbg.js                  1,274.91 kB │ gzip: 339.11 kB

[33m[INEFFECTIVE_DYNAMIC_IMPORT] [0msrc/lib/vaultDirectory.ts is dynamically imported by src/App/useSessionLifecycle.ts but also statically imported by src/hooks/useOnboarding.ts, src/pages/settings/useVaultDirectory.ts, dynamic import will not move module into another chunk.

[plugin builtin:vite-reporter] 
(!) Some chunks are larger than 500 kB after minification. Consider:
- Using dynamic import() to code-split the application
- Use build.rolldownOptions.output.codeSplitting to improve chunking: https://rolldown.rs/reference/OutputOptions.codeSplitting
- Adjust chunk size limit for this warning via build.chunkSizeWarningLimit.
[33m[INEFFECTIVE_DYNAMIC_IMPORT] [0msrc/lib/dialog.ts is dynamically imported by src/components/export/ExportSection.tsx, src/components/import/ImportFileSelectorCard.tsx, src/components/object/useAttachmentBatchOps.tsx, src/hooks/useAttachmentManagerBatchOps.ts, src/hooks/useImportState.ts, ... but also statically imported by src/App/useSessionLifecycle.ts, src/components/export/useExportDocumentSection.ts, src/components/layout/OcrQuickScanPopover.tsx, src/components/plugin/PluginResultPanel.tsx, src/components/plugin/WatermarkPluginConfig.tsx, ..., dynamic import will not move module into another chunk.

[33m[INEFFECTIVE_DYNAMIC_IMPORT] [0msrc/lib/loginAvailabilityPreflight.ts is dynamically imported by src/bootstrapApp.tsx but also statically imported by src/components/settings/BiometricSection.tsx, src/hooks/usePinDisable.ts, src/hooks/usePinSetup.ts, src/pages/auth/useLoginPage.tsx, dynamic import will not move module into another chunk.

[33m[INEFFECTIVE_DYNAMIC_IMPORT] [0mnode_modules/@tauri-apps/api/event.js is dynamically imported by src/lib/theme.ts but also statically imported by node_modules/@tauri-apps/api/webview.js, node_modules/@tauri-apps/api/webviewWindow.js, node_modules/@tauri-apps/api/window.js, src/App/useNativeAppEvents.ts, src/App/useSessionLifecycle.ts, ..., dynamic import will not move module into another chunk.

✓ built in 627ms
[1m[33mwarning[0m[1m: unused variable: `lock_path`[0m
  [1m[94m--> [0mcrates/solosoul-core/src/process_lock.rs:26:13
   [1m[94m|[0m
[1m[94m26[0m [1m[94m|[0m         let lock_path = base_path.join(".lock");
   [1m[94m|[0m             [1m[33m^^^^^^^^^[0m [1m[33mhelp: if this is intentional, prefix it with an underscore: `_lock_path`[0m
   [1m[94m|[0m
   [1m[94m= [0m[1mnote[0m: `#[warn(unused_variables)]` (part of `#[warn(unused)]`) on by default

[1m[33mwarning[0m: `solosoul-core` (lib) generated 1 warning (run `cargo fix --lib -p solosoul-core` to apply 1 suggestion)
[1m[33mwarning[0m[1m: methods `reopen` and `wait_stopping` are never used[0m
  [1m[94m--> [0mcrates/solosoul-sync/src/workers.rs:42:19
   [1m[94m|[0m
[1m[94m26[0m [1m[94m|[0m impl SyncWorkers {
   [1m[94m|[0m [1m[94m----------------[0m [1m[94mmethods in this implementation[0m
[1m[94m...[0m
[1m[94m42[0m [1m[94m|[0m     pub(crate) fn reopen(&self) -> Result<(), String> {
   [1m[94m|[0m                   [1m[33m^^^^^^[0m
[1m[94m...[0m
[1m[94m97[0m [1m[94m|[0m     pub(crate) async fn wait_stopping(&self) -> Result<(), String> {
   [1m[94m|[0m                         [1m[33m^^^^^^^^^^^^^[0m
   [1m[94m|[0m
   [1m[94m= [0m[1mnote[0m: `#[warn(dead_code)]` (part of `#[warn(unused)]`) on by default

[1m[33mwarning[0m[1m: method `is_finished` is never used[0m
   [1m[94m--> [0mcrates/solosoul-sync/src/workers.rs:303:8
    [1m[94m|[0m
[1m[94m296[0m [1m[94m|[0m impl StopCompletion {
    [1m[94m|[0m [1m[94m-------------------[0m [1m[94mmethod in this implementation[0m
[1m[94m...[0m
[1m[94m303[0m [1m[94m|[0m     fn is_finished(&self) -> bool {
    [1m[94m|[0m        [1m[33m^^^^^^^^^^^[0m

[1m[92m   Compiling[0m solo_soul v2.13.2 (/Users/zzc/PycharmProjects/SoloSoul/tauri/src-tauri)
[1m[33mwarning[0m: `solosoul-sync` (lib) generated 2 warnings
[1m[33mwarning[0m[1m: unused import: `Manager`[0m
  [1m[94m--> [0msrc-tauri/src/commands/recovery.rs:20:22
   [1m[94m|[0m
[1m[94m20[0m [1m[94m|[0m use tauri::{Emitter, Manager, State};
   [1m[94m|[0m                      [1m[33m^^^^^^^[0m
   [1m[94m|[0m
   [1m[94m= [0m[1mnote[0m: `#[warn(unused_imports)]` (part of `#[warn(unused)]`) on by default

[1m[33mwarning[0m[1m: unused import: `tauri::Emitter`[0m
 [1m[94m--> [0msrc-tauri/src/setup/mod.rs:6:5
  [1m[94m|[0m
[1m[94m6[0m [1m[94m|[0m use tauri::Emitter;
  [1m[94m|[0m     [1m[33m^^^^^^^^^^^^^^[0m

[1m[33mwarning[0m[1m: unused variable: `app`[0m
  [1m[94m--> [0msrc-tauri/src/commands/recovery.rs:39:5
   [1m[94m|[0m
[1m[94m39[0m [1m[94m|[0m     app: tauri::AppHandle,
   [1m[94m|[0m     [1m[33m^^^[0m [1m[33mhelp: if this is intentional, prefix it with an underscore: `_app`[0m
   [1m[94m|[0m
   [1m[94m= [0m[1mnote[0m: `#[warn(unused_variables)]` (part of `#[warn(unused)]`) on by default

[1m[33mwarning[0m[1m: unused variable: `instance_name`[0m
   [1m[94m--> [0msrc-tauri/src/commands/recovery.rs:225:21
    [1m[94m|[0m
[1m[94m225[0m [1m[94m|[0m         if let Some(instance_name) = mdns_name {
    [1m[94m|[0m                     [1m[33m^^^^^^^^^^^^^[0m [1m[33mhelp: if this is intentional, prefix it with an underscore: `_instance_name`[0m

[1m[33mwarning[0m[1m: constant `MDNS_SERVICE_TYPE` is never used[0m
  [1m[94m--> [0msrc-tauri/src/commands/discovery.rs:22:7
   [1m[94m|[0m
[1m[94m22[0m [1m[94m|[0m const MDNS_SERVICE_TYPE: &str = "_solosoul._tcp.local.";
   [1m[94m|[0m       [1m[33m^^^^^^^^^^^^^^^^^[0m
   [1m[94m|[0m
   [1m[94m= [0m[1mnote[0m: `#[warn(dead_code)]` (part of `#[warn(unused)]`) on by default

[1m[33mwarning[0m[1m: constant `RECOVERY_MDNS_SERVICE_TYPE` is never used[0m
  [1m[94m--> [0msrc-tauri/src/commands/discovery.rs:24:7
   [1m[94m|[0m
[1m[94m24[0m [1m[94m|[0m const RECOVERY_MDNS_SERVICE_TYPE: &str = "_solosoul_recovery._tcp.local.";
   [1m[94m|[0m       [1m[33m^^^^^^^^^^^^^^^^^^^^^^^^^^[0m

[1m[33mwarning[0m[1m: function `advertise_recovery_mdns` is never used[0m
   [1m[94m--> [0msrc-tauri/src/commands/recovery.rs:202:10
    [1m[94m|[0m
[1m[94m202[0m [1m[94m|[0m async fn advertise_recovery_mdns(
    [1m[94m|[0m          [1m[33m^^^^^^^^^^^^^^^^^^^^^^^[0m

[1m[33mwarning[0m[1m: function `poll_accessibility` is never used[0m
   [1m[94m--> [0msrc-tauri/src/commands/window.rs:205:15
    [1m[94m|[0m
[1m[94m205[0m [1m[94m|[0m pub(crate) fn poll_accessibility(app: &tauri::AppHandle) {
    [1m[94m|[0m               [1m[33m^^^^^^^^^^^^^^^^^^[0m

[1m[33mwarning[0m[1m: function `setup_spawn_registry_refresh` is never used[0m
   [1m[94m--> [0msrc-tauri/src/setup/mod.rs:263:4
    [1m[94m|[0m
[1m[94m263[0m [1m[94m|[0m fn setup_spawn_registry_refresh(app: &tauri::AppHandle) {
    [1m[94m|[0m    [1m[33m^^^^^^^^^^^^^^^^^^^^^^^^^^^^[0m

[1m[33mwarning[0m: `solo_soul` (lib) generated 9 warnings (run `cargo fix --lib -p solo_soul` to apply 4 suggestions)
[1m[92m    Finished[0m `dev` profile [optimized + debuginfo] target(s) in 43.30s
        Info symlinking lib "/Users/zzc/PycharmProjects/SoloSoul/tauri/target/aarch64-linux-android/debug/libsolo_soul.so" in jniLibs dir "/Users/zzc/PycharmProjects/SoloSoul/tauri/src-tauri/gen/android/app/src/main/jniLibs/arm64-v8a"
        Info "/Users/zzc/PycharmProjects/SoloSoul/tauri/target/aarch64-linux-android/debug/libsolo_soul.so" requires shared lib "libandroid.so"
        Info "/Users/zzc/PycharmProjects/SoloSoul/tauri/target/aarch64-linux-android/debug/libsolo_soul.so" requires shared lib "libdl.so"
        Info "/Users/zzc/PycharmProjects/SoloSoul/tauri/target/aarch64-linux-android/debug/libsolo_soul.so" requires shared lib "liblog.so"
        Info "/Users/zzc/PycharmProjects/SoloSoul/tauri/target/aarch64-linux-android/debug/libsolo_soul.so" requires shared lib "libm.so"
        Info "/Users/zzc/PycharmProjects/SoloSoul/tauri/target/aarch64-linux-android/debug/libsolo_soul.so" requires shared lib "libc.so"
        Info symlink at "/Users/zzc/PycharmProjects/SoloSoul/tauri/src-tauri/gen/android/app/src/main/jniLibs/arm64-v8a/libsolo_soul.so" points to "/Users/zzc/PycharmProjects/SoloSoul/tauri/target/aarch64-linux-android/debug/libsolo_soul.so"
        Info symlink at "/Users/zzc/PycharmProjects/SoloSoul/tauri/src-tauri/gen/android/app/src/main/jniLibs/armeabi-v7a/libsolo_soul.so" points to "/Users/zzc/PycharmProjects/SoloSoul/tauri/target/armv7-linux-androideabi/release/libsolo_soul.so"
        Info symlink at "/Users/zzc/PycharmProjects/SoloSoul/tauri/src-tauri/gen/android/app/src/main/jniLibs/x86/libsolo_soul.so" points to "/Users/zzc/PycharmProjects/SoloSoul/tauri/target/i686-linux-android/release/libsolo_soul.so"
        Info symlink at "/Users/zzc/PycharmProjects/SoloSoul/tauri/src-tauri/gen/android/app/src/main/jniLibs/x86_64/libsolo_soul.so" points to "/Users/zzc/PycharmProjects/SoloSoul/tauri/target/x86_64-linux-android/release/libsolo_soul.so"
vite v8.0.16 building client environment for production...
[2Ktransforming...✓ 30 modules transformed.
rendering chunks...
✓ built in 133ms
Card fixture: /Users/zzc/PycharmProjects/SoloSoul/tauri/src-tauri/gen/android/app/src/debug/assets/rf121-card-surfaces.html; 276646 bytes

> solosoul@2.13.2 tauri
> tauri android android-studio-script --target aarch64

        Info connection; remote_addr=127.0.0.1:60777 conn_id=0
[1m[32m        Info[0m Using installed NDK: /Users/zzc/Library/Android/sdk/ndk/30.0.14904198
[1m[33mwarning[0m[1m: unused variable: `lock_path`[0m
  [1m[94m--> [0mcrates/solosoul-core/src/process_lock.rs:26:13
   [1m[94m|[0m
[1m[94m26[0m [1m[94m|[0m         let lock_path = base_path.join(".lock");
   [1m[94m|[0m             [1m[33m^^^^^^^^^[0m [1m[33mhelp: if this is intentional, prefix it with an underscore: `_lock_path`[0m
   [1m[94m|[0m
   [1m[94m= [0m[1mnote[0m: `#[warn(unused_variables)]` (part of `#[warn(unused)]`) on by default

[1m[33mwarning[0m: `solosoul-core` (lib) generated 1 warning (run `cargo fix --lib -p solosoul-core` to apply 1 suggestion)
[1m[33mwarning[0m[1m: methods `reopen` and `wait_stopping` are never used[0m
  [1m[94m--> [0mcrates/solosoul-sync/src/workers.rs:42:19
   [1m[94m|[0m
[1m[94m26[0m [1m[94m|[0m impl SyncWorkers {
   [1m[94m|[0m [1m[94m----------------[0m [1m[94mmethods in this implementation[0m
[1m[94m...[0m
[1m[94m42[0m [1m[94m|[0m     pub(crate) fn reopen(&self) -> Result<(), String> {
   [1m[94m|[0m                   [1m[33m^^^^^^[0m
[1m[94m...[0m
[1m[94m97[0m [1m[94m|[0m     pub(crate) async fn wait_stopping(&self) -> Result<(), String> {
   [1m[94m|[0m                         [1m[33m^^^^^^^^^^^^^[0m
   [1m[94m|[0m
   [1m[94m= [0m[1mnote[0m: `#[warn(dead_code)]` (part of `#[warn(unused)]`) on by default

[1m[33mwarning[0m[1m: method `is_finished` is never used[0m
   [1m[94m--> [0mcrates/solosoul-sync/src/workers.rs:303:8
    [1m[94m|[0m
[1m[94m296[0m [1m[94m|[0m impl StopCompletion {
    [1m[94m|[0m [1m[94m-------------------[0m [1m[94mmethod in this implementation[0m
[1m[94m...[0m
[1m[94m303[0m [1m[94m|[0m     fn is_finished(&self) -> bool {
    [1m[94m|[0m        [1m[33m^^^^^^^^^^^[0m

[1m[33mwarning[0m: `solosoul-sync` (lib) generated 2 warnings
[1m[92m   Compiling[0m solo_soul v2.13.2 (/Users/zzc/PycharmProjects/SoloSoul/tauri/src-tauri)
[1m[33mwarning[0m[1m: unused import: `Manager`[0m
  [1m[94m--> [0msrc-tauri/src/commands/recovery.rs:20:22
   [1m[94m|[0m
[1m[94m20[0m [1m[94m|[0m use tauri::{Emitter, Manager, State};
   [1m[94m|[0m                      [1m[33m^^^^^^^[0m
   [1m[94m|[0m
   [1m[94m= [0m[1mnote[0m: `#[warn(unused_imports)]` (part of `#[warn(unused)]`) on by default

[1m[33mwarning[0m[1m: unused import: `tauri::Emitter`[0m
 [1m[94m--> [0msrc-tauri/src/setup/mod.rs:6:5
  [1m[94m|[0m
[1m[94m6[0m [1m[94m|[0m use tauri::Emitter;
  [1m[94m|[0m     [1m[33m^^^^^^^^^^^^^^[0m

[1m[33mwarning[0m[1m: unused variable: `app`[0m
  [1m[94m--> [0msrc-tauri/src/commands/recovery.rs:39:5
   [1m[94m|[0m
[1m[94m39[0m [1m[94m|[0m     app: tauri::AppHandle,
   [1m[94m|[0m     [1m[33m^^^[0m [1m[33mhelp: if this is intentional, prefix it with an underscore: `_app`[0m
   [1m[94m|[0m
   [1m[94m= [0m[1mnote[0m: `#[warn(unused_variables)]` (part of `#[warn(unused)]`) on by default

[1m[33mwarning[0m[1m: unused variable: `instance_name`[0m
   [1m[94m--> [0msrc-tauri/src/commands/recovery.rs:225:21
    [1m[94m|[0m
[1m[94m225[0m [1m[94m|[0m         if let Some(instance_name) = mdns_name {
    [1m[94m|[0m                     [1m[33m^^^^^^^^^^^^^[0m [1m[33mhelp: if this is intentional, prefix it with an underscore: `_instance_name`[0m

[1m[33mwarning[0m[1m: constant `MDNS_SERVICE_TYPE` is never used[0m
  [1m[94m--> [0msrc-tauri/src/commands/discovery.rs:22:7
   [1m[94m|[0m
[1m[94m22[0m [1m[94m|[0m const MDNS_SERVICE_TYPE: &str = "_solosoul._tcp.local.";
   [1m[94m|[0m       [1m[33m^^^^^^^^^^^^^^^^^[0m
   [1m[94m|[0m
   [1m[94m= [0m[1mnote[0m: `#[warn(dead_code)]` (part of `#[warn(unused)]`) on by default

[1m[33mwarning[0m[1m: constant `RECOVERY_MDNS_SERVICE_TYPE` is never used[0m
  [1m[94m--> [0msrc-tauri/src/commands/discovery.rs:24:7
   [1m[94m|[0m
[1m[94m24[0m [1m[94m|[0m const RECOVERY_MDNS_SERVICE_TYPE: &str = "_solosoul_recovery._tcp.local.";
   [1m[94m|[0m       [1m[33m^^^^^^^^^^^^^^^^^^^^^^^^^^[0m

[1m[33mwarning[0m[1m: function `advertise_recovery_mdns` is never used[0m
   [1m[94m--> [0msrc-tauri/src/commands/recovery.rs:202:10
    [1m[94m|[0m
[1m[94m202[0m [1m[94m|[0m async fn advertise_recovery_mdns(
    [1m[94m|[0m          [1m[33m^^^^^^^^^^^^^^^^^^^^^^^[0m

[1m[33mwarning[0m[1m: function `poll_accessibility` is never used[0m
   [1m[94m--> [0msrc-tauri/src/commands/window.rs:205:15
    [1m[94m|[0m
[1m[94m205[0m [1m[94m|[0m pub(crate) fn poll_accessibility(app: &tauri::AppHandle) {
    [1m[94m|[0m               [1m[33m^^^^^^^^^^^^^^^^^^[0m

[1m[33mwarning[0m[1m: function `setup_spawn_registry_refresh` is never used[0m
   [1m[94m--> [0msrc-tauri/src/setup/mod.rs:263:4
    [1m[94m|[0m
[1m[94m263[0m [1m[94m|[0m fn setup_spawn_registry_refresh(app: &tauri::AppHandle) {
    [1m[94m|[0m    [1m[33m^^^^^^^^^^^^^^^^^^^^^^^^^^^^[0m

[1m[33mwarning[0m: `solo_soul` (lib) generated 9 warnings (run `cargo fix --lib -p solo_soul` to apply 4 suggestions)
[1m[92m    Finished[0m `dev` profile [optimized + debuginfo] target(s) in 12.18s
[1m[32m        Info[0m symlinking lib "/Users/zzc/PycharmProjects/SoloSoul/tauri/target/aarch64-linux-android/debug/libsolo_soul.so" in jniLibs dir "/Users/zzc/PycharmProjects/SoloSoul/tauri/src-tauri/gen/android/app/src/main/jniLibs/arm64-v8a"
[1m[32m        Info[0m "/Users/zzc/PycharmProjects/SoloSoul/tauri/target/aarch64-linux-android/debug/libsolo_soul.so" requires shared lib "libandroid.so"
[1m[32m        Info[0m "/Users/zzc/PycharmProjects/SoloSoul/tauri/target/aarch64-linux-android/debug/libsolo_soul.so" requires shared lib "libdl.so"
[1m[32m        Info[0m "/Users/zzc/PycharmProjects/SoloSoul/tauri/target/aarch64-linux-android/debug/libsolo_soul.so" requires shared lib "liblog.so"
[1m[32m        Info[0m "/Users/zzc/PycharmProjects/SoloSoul/tauri/target/aarch64-linux-android/debug/libsolo_soul.so" requires shared lib "libm.so"
[1m[32m        Info[0m "/Users/zzc/PycharmProjects/SoloSoul/tauri/target/aarch64-linux-android/debug/libsolo_soul.so" requires shared lib "libc.so"

[Incubating] Problems report is available at: file:///Users/zzc/PycharmProjects/SoloSoul/tauri/src-tauri/gen/android/build/reports/problems/problems-report.html

Deprecated Gradle features were used in this build, making it incompatible with Gradle 9.0.

You can use '--warning-mode all' to show the individual deprecation warnings and determine if they come from your own scripts or plugins.

For more on this, please refer to https://docs.gradle.org/8.14.3/userguide/command_line_interface.html#sec:command_line_warnings in the Gradle documentation.
    Finished 1 APK at:
        /Users/zzc/PycharmProjects/SoloSoul/tauri/src-tauri/gen/android/app/build/outputs/apk/arm64/debug/app-arm64-debug.apk

