INSTRUMENTATION_STATUS: class=com.solosoul.app.AndroidHomeInstrumentedTest
INSTRUMENTATION_STATUS: current=1
INSTRUMENTATION_STATUS: id=AndroidJUnitRunner
INSTRUMENTATION_STATUS: numtests=1
INSTRUMENTATION_STATUS: stream=
com.solosoul.app.AndroidHomeInstrumentedTest:
INSTRUMENTATION_STATUS: test=realHomePreservesGlassAndCopyAcrossLockUnlock
INSTRUMENTATION_STATUS_CODE: 1
s_glBindAttribLocation: bind attrib 0 name position
s_glBindAttribLocation: bind attrib 1 name color
s_glBindAttribLocation: bind attrib 2 name localCoord
INSTRUMENTATION_STATUS: class=com.solosoul.app.AndroidHomeInstrumentedTest
INSTRUMENTATION_STATUS: current=1
INSTRUMENTATION_STATUS: id=AndroidJUnitRunner
INSTRUMENTATION_STATUS: numtests=1
INSTRUMENTATION_STATUS: stack=java.lang.AssertionError: 控件不能被遮挡: safe-home-portrait / {"tag":"BUTTON","rect":{"x":343.4285888671875,"y":96.79167175292969,"right":391.4285888671875,"bottom":144.7916717529297},"hittable":false}
	at org.junit.Assert.fail(Assert.java:89)
	at org.junit.Assert.assertTrue(Assert.java:42)
	at com.solosoul.app.AndroidHomeInstrumentedTest.captureInsets(AndroidHomeInstrumentedTest.kt:479)
	at com.solosoul.app.AndroidHomeInstrumentedTest.captureInsets$default(AndroidHomeInstrumentedTest.kt:452)
	at com.solosoul.app.AndroidHomeInstrumentedTest.verifyInsets(AndroidHomeInstrumentedTest.kt:490)
	at com.solosoul.app.AndroidHomeInstrumentedTest.realHomePreservesGlassAndCopyAcrossLockUnlock(AndroidHomeInstrumentedTest.kt:1021)

INSTRUMENTATION_STATUS: stream=
Error in realHomePreservesGlassAndCopyAcrossLockUnlock(com.solosoul.app.AndroidHomeInstrumentedTest):
java.lang.AssertionError: 控件不能被遮挡: safe-home-portrait / {"tag":"BUTTON","rect":{"x":343.4285888671875,"y":96.79167175292969,"right":391.4285888671875,"bottom":144.7916717529297},"hittable":false}
	at org.junit.Assert.fail(Assert.java:89)
	at org.junit.Assert.assertTrue(Assert.java:42)
	at com.solosoul.app.AndroidHomeInstrumentedTest.captureInsets(AndroidHomeInstrumentedTest.kt:479)
	at com.solosoul.app.AndroidHomeInstrumentedTest.captureInsets$default(AndroidHomeInstrumentedTest.kt:452)
	at com.solosoul.app.AndroidHomeInstrumentedTest.verifyInsets(AndroidHomeInstrumentedTest.kt:490)
	at com.solosoul.app.AndroidHomeInstrumentedTest.realHomePreservesGlassAndCopyAcrossLockUnlock(AndroidHomeInstrumentedTest.kt:1021)

INSTRUMENTATION_STATUS: test=realHomePreservesGlassAndCopyAcrossLockUnlock
INSTRUMENTATION_STATUS_CODE: -2
INSTRUMENTATION_RESULT: stream=

Time: 68.107
There was 1 failure:
1) realHomePreservesGlassAndCopyAcrossLockUnlock(com.solosoul.app.AndroidHomeInstrumentedTest)
java.lang.AssertionError: 控件不能被遮挡: safe-home-portrait / {"tag":"BUTTON","rect":{"x":343.4285888671875,"y":96.79167175292969,"right":391.4285888671875,"bottom":144.7916717529297},"hittable":false}
	at org.junit.Assert.fail(Assert.java:89)
	at org.junit.Assert.assertTrue(Assert.java:42)
	at com.solosoul.app.AndroidHomeInstrumentedTest.captureInsets(AndroidHomeInstrumentedTest.kt:479)
	at com.solosoul.app.AndroidHomeInstrumentedTest.captureInsets$default(AndroidHomeInstrumentedTest.kt:452)
	at com.solosoul.app.AndroidHomeInstrumentedTest.verifyInsets(AndroidHomeInstrumentedTest.kt:490)
	at com.solosoul.app.AndroidHomeInstrumentedTest.realHomePreservesGlassAndCopyAcrossLockUnlock(AndroidHomeInstrumentedTest.kt:1021)

FAILURES!!!
Tests run: 1,  Failures: 1


INSTRUMENTATION_CODE: -1
