[2m[WebServer] [22m(node:99123) Warning: The 'NO_COLOR' env is ignored due to the 'FORCE_COLOR' env being set.
[2m[WebServer] [22m(Use `node --trace-warnings ...` to show where the warning was created)

Running 25 tests using 1 worker

(node:99150) Warning: The 'NO_COLOR' env is ignored due to the 'FORCE_COLOR' env being set.
(Use `node --trace-warnings ...` to show where the warning was created)
(node:99150) Warning: The 'NO_COLOR' env is ignored due to the 'FORCE_COLOR' env being set.
(Use `node --trace-warnings ...` to show where the warning was created)
  ✓   1 [chromium] › e2e/sidebar-tools.spec.ts:69:3 › left 展开侧栏悬停显示全部工具，入口及主导航不移动 (3.3s)
  ✓   2 [chromium] › e2e/sidebar-tools.spec.ts:69:3 › right 展开侧栏悬停显示全部工具，入口及主导航不移动 (2.9s)
[2m[WebServer] [22m7:18:18 AM [vite] (client) [console.warn] [useLlmChatCore] Load config failed: Cannot read properties of undefined (reading 'activeProviderId')
[2m[WebServer] [22m7:18:18 AM [vite] (client) [console.warn] [useLlmChatCore] Load config failed: Cannot read properties of undefined (reading 'activeProviderId')
[2m[WebServer] [22m7:18:18 AM [vite] (client) [console.warn] [useLlmChatCore] Load config failed: Cannot read properties of undefined (reading 'activeProviderId')
  ✓   3 [chromium] › e2e/sidebar-tools.spec.ts:132:3 › left 折叠侧栏使用向上玻璃菜单，缩放和操作卡片不挤动导航 (2.6s)
[2m[WebServer] [22m7:18:21 AM [vite] (client) [console.warn] [useLlmChatCore] Load config failed: Cannot read properties of undefined (reading 'activeProviderId')
[2m[WebServer] [22m7:18:21 AM [vite] (client) [console.warn] [useLlmChatCore] Load config failed: Cannot read properties of undefined (reading 'activeProviderId')
[2m[WebServer] [22m7:18:21 AM [vite] (client) [console.warn] [useLlmChatCore] Load config failed: Cannot read properties of undefined (reading 'activeProviderId')
  ✓   4 [chromium] › e2e/sidebar-tools.spec.ts:132:3 › right 折叠侧栏使用向上玻璃菜单，缩放和操作卡片不挤动导航 (2.6s)
  ✓   5 [chromium] › e2e/sidebar-tools.spec.ts:176:1 › 添加页面在折叠侧栏复用导航的提示卡片，展开后不重复显示提示 (1.4s)
  ✓   6 [chromium] › e2e/sidebar-tools.spec.ts:197:5 › left 展开侧栏添加页面向上利用空间，缩放后表单与图标仍可操作 (1.6s)
  ✓   7 [chromium] › e2e/sidebar-tools.spec.ts:197:5 › left 折叠侧栏添加页面向上利用空间，缩放后表单与图标仍可操作 (2.0s)
  ✓   8 [chromium] › e2e/sidebar-tools.spec.ts:197:5 › right 展开侧栏添加页面向上利用空间，缩放后表单与图标仍可操作 (1.6s)
  ✓   9 [chromium] › e2e/sidebar-tools.spec.ts:197:5 › right 折叠侧栏添加页面向上利用空间，缩放后表单与图标仍可操作 (1.6s)
  ✓  10 [chromium] › e2e/sidebar-tools.spec.ts:259:3 › top 横向导航添加页面打开后位置固定，缩放后表单和操作保持可见 (2.3s)
  ✓  11 [chromium] › e2e/sidebar-tools.spec.ts:259:3 › bottom 横向导航添加页面打开后位置固定，缩放后表单和操作保持可见 (2.5s)
  ✓  12 [chromium] › e2e/sidebar-tools.spec.ts:341:5 › left 展开侧栏打开搜索后能再次点击搜索及直接切换卡片 (1.7s)
  ✓  13 [chromium] › e2e/sidebar-tools.spec.ts:341:5 › left 折叠侧栏打开搜索后能再次点击搜索及直接切换卡片 (1.7s)
  ✓  14 [chromium] › e2e/sidebar-tools.spec.ts:341:5 › right 展开侧栏打开搜索后能再次点击搜索及直接切换卡片 (1.7s)
  ✓  15 [chromium] › e2e/sidebar-tools.spec.ts:341:5 › right 折叠侧栏打开搜索后能再次点击搜索及直接切换卡片 (1.7s)
  ✓  16 [chromium] › e2e/sidebar-tools.spec.ts:374:1 › 工具菜单随原生玻璃与辅助功能切换材质 (1.2s)
[2m[WebServer] [22m7:18:45 AM [vite] (client) [console.warn] [useLlmChatCore] Load config failed: Cannot read properties of undefined (reading 'activeProviderId')
[2m[WebServer] [22m7:18:45 AM [vite] (client) [console.warn] [useLlmChatCore] Load config failed: Cannot read properties of undefined (reading 'activeProviderId')
[2m[WebServer] [22m7:18:45 AM [vite] (client) [console.warn] [useLlmChatCore] Load config failed: Cannot read properties of undefined (reading 'activeProviderId')
  ✓  17 [chromium] › e2e/sidebar-tools.spec.ts:409:1 › 小窗口工具列表利用剩余高度，卡片打开期间保持菜单且不遮挡固定操作 (2.2s)
  ✓  18 [chromium] › e2e/sidebar-tools.spec.ts:438:1 › 工具入口支持点击、键盘和 Escape，关闭后菜单退出 Tab 顺序 (2.1s)
  ✓  19 [chromium] › e2e/sidebar-tools.spec.ts:535:5 › macos 展开侧栏工具沿底边向上展开、向下收起且不缩放按钮 (2.9s)
  ✓  20 [chromium] › e2e/sidebar-tools.spec.ts:535:5 › macos 折叠侧栏工具沿底边向上展开、向下收起且不缩放按钮 (2.9s)
  ✓  21 [chromium] › e2e/sidebar-tools.spec.ts:535:5 › windows 展开侧栏工具沿底边向上展开、向下收起且不缩放按钮 (2.6s)
  ✓  22 [chromium] › e2e/sidebar-tools.spec.ts:535:5 › windows 折叠侧栏工具沿底边向上展开、向下收起且不缩放按钮 (2.9s)
  ✓  23 [chromium] › e2e/sidebar-tools.spec.ts:575:1 › 系统和应用减少动态效果时，工具菜单立即展开/收起 (1.4s)
  ✓  24 [chromium] › e2e/sidebar-tools.spec.ts:597:3 › RF1088 top 工具栏离开窗口安全收起 (1.4s)
  ✓  25 [chromium] › e2e/sidebar-tools.spec.ts:597:3 › RF1088 bottom 工具栏离开窗口安全收起 (1.2s)

  25 passed (53.4s)
