INSTRUMENTATION_STATUS: class=com.solosoul.app.AndroidHomeInstrumentedTest
INSTRUMENTATION_STATUS: current=1
INSTRUMENTATION_STATUS: id=AndroidJUnitRunner
INSTRUMENTATION_STATUS: numtests=1
INSTRUMENTATION_STATUS: stream=
com.solosoul.app.AndroidHomeInstrumentedTest:
INSTRUMENTATION_STATUS: test=realHomePreservesGlassAndCopyAcrossLockUnlock
INSTRUMENTATION_STATUS_CODE: 1
s_glBindAttribLocation: bind attrib 0 name position
s_glBindAttribLocation: bind attrib 1 name localCoord
INSTRUMENTATION_STATUS: class=com.solosoul.app.AndroidHomeInstrumentedTest
INSTRUMENTATION_STATUS: current=1
INSTRUMENTATION_STATUS: id=AndroidJUnitRunner
INSTRUMENTATION_STATUS: numtests=1
INSTRUMENTATION_STATUS: stack=java.lang.AssertionError: 提醒不能覆盖底部操作: {"label":"Edit","found":true,"rect":{"x":36,"y":402.125,"right":376.19049072265625,"bottom":462.125},"ancestors":[{"tag":"BUTTON","classes":"","position":"static","transform":"none","filter":"none","backdrop":"none","height":"60px","top":402.125,"bottom":462.125},{"tag":"DIV","classes":"android-create-options","position":"static","transform":"none","filter":"none","backdrop":"none","height":"252px","top":402.125,"bottom":654.125},{"tag":"DIV","classes":"android-sheet android-glass-surface","position":"relative","transform":"none","filter":"none","backdrop":"blur(24px) saturate(1.08)","height":"593.143px","top":84.98214721679688,"bottom":678.1250305175781},{"tag":"DIV","classes":"android-sheet-layer","position":"fixed","transform":"none","filter":"none","backdrop":"none","height":"732.19px","top":0,"bottom":732.1904907226562},{"tag":"BODY","classes":"","position":"static","transform":"none","filter":"none","backdrop":"none","height":"732.19px","top":0,"bottom":732.1904907226562},{"tag":"HTML","classes":"","position":"static","transform":"none","filter":"none","backdrop":"none","height":"732.19px","top":0,"bottom":732.1904907226562}],"visible":true,"hittable":true,"overlapped":true}
	at org.junit.Assert.fail(Assert.java:89)
	at org.junit.Assert.assertTrue(Assert.java:42)
	at org.junit.Assert.assertFalse(Assert.java:65)
	at com.solosoul.app.AndroidHomeInstrumentedTest.captureContent(AndroidHomeInstrumentedTest.kt:355)
	at com.solosoul.app.AndroidHomeInstrumentedTest.verifyPopulatedContent(AndroidHomeInstrumentedTest.kt:441)
	at com.solosoul.app.AndroidHomeInstrumentedTest.realHomePreservesGlassAndCopyAcrossLockUnlock(AndroidHomeInstrumentedTest.kt:1483)

INSTRUMENTATION_STATUS: stream=
Error in realHomePreservesGlassAndCopyAcrossLockUnlock(com.solosoul.app.AndroidHomeInstrumentedTest):
java.lang.AssertionError: 提醒不能覆盖底部操作: {"label":"Edit","found":true,"rect":{"x":36,"y":402.125,"right":376.19049072265625,"bottom":462.125},"ancestors":[{"tag":"BUTTON","classes":"","position":"static","transform":"none","filter":"none","backdrop":"none","height":"60px","top":402.125,"bottom":462.125},{"tag":"DIV","classes":"android-create-options","position":"static","transform":"none","filter":"none","backdrop":"none","height":"252px","top":402.125,"bottom":654.125},{"tag":"DIV","classes":"android-sheet android-glass-surface","position":"relative","transform":"none","filter":"none","backdrop":"blur(24px) saturate(1.08)","height":"593.143px","top":84.98214721679688,"bottom":678.1250305175781},{"tag":"DIV","classes":"android-sheet-layer","position":"fixed","transform":"none","filter":"none","backdrop":"none","height":"732.19px","top":0,"bottom":732.1904907226562},{"tag":"BODY","classes":"","position":"static","transform":"none","filter":"none","backdrop":"none","height":"732.19px","top":0,"bottom":732.1904907226562},{"tag":"HTML","classes":"","position":"static","transform":"none","filter":"none","backdrop":"none","height":"732.19px","top":0,"bottom":732.1904907226562}],"visible":true,"hittable":true,"overlapped":true}
	at org.junit.Assert.fail(Assert.java:89)
	at org.junit.Assert.assertTrue(Assert.java:42)
	at org.junit.Assert.assertFalse(Assert.java:65)
	at com.solosoul.app.AndroidHomeInstrumentedTest.captureContent(AndroidHomeInstrumentedTest.kt:355)
	at com.solosoul.app.AndroidHomeInstrumentedTest.verifyPopulatedContent(AndroidHomeInstrumentedTest.kt:441)
	at com.solosoul.app.AndroidHomeInstrumentedTest.realHomePreservesGlassAndCopyAcrossLockUnlock(AndroidHomeInstrumentedTest.kt:1483)

INSTRUMENTATION_STATUS: test=realHomePreservesGlassAndCopyAcrossLockUnlock
INSTRUMENTATION_STATUS_CODE: -2
INSTRUMENTATION_RESULT: stream=

Time: 56.654
There was 1 failure:
1) realHomePreservesGlassAndCopyAcrossLockUnlock(com.solosoul.app.AndroidHomeInstrumentedTest)
java.lang.AssertionError: 提醒不能覆盖底部操作: {"label":"Edit","found":true,"rect":{"x":36,"y":402.125,"right":376.19049072265625,"bottom":462.125},"ancestors":[{"tag":"BUTTON","classes":"","position":"static","transform":"none","filter":"none","backdrop":"none","height":"60px","top":402.125,"bottom":462.125},{"tag":"DIV","classes":"android-create-options","position":"static","transform":"none","filter":"none","backdrop":"none","height":"252px","top":402.125,"bottom":654.125},{"tag":"DIV","classes":"android-sheet android-glass-surface","position":"relative","transform":"none","filter":"none","backdrop":"blur(24px) saturate(1.08)","height":"593.143px","top":84.98214721679688,"bottom":678.1250305175781},{"tag":"DIV","classes":"android-sheet-layer","position":"fixed","transform":"none","filter":"none","backdrop":"none","height":"732.19px","top":0,"bottom":732.1904907226562},{"tag":"BODY","classes":"","position":"static","transform":"none","filter":"none","backdrop":"none","height":"732.19px","top":0,"bottom":732.1904907226562},{"tag":"HTML","classes":"","position":"static","transform":"none","filter":"none","backdrop":"none","height":"732.19px","top":0,"bottom":732.1904907226562}],"visible":true,"hittable":true,"overlapped":true}
	at org.junit.Assert.fail(Assert.java:89)
	at org.junit.Assert.assertTrue(Assert.java:42)
	at org.junit.Assert.assertFalse(Assert.java:65)
	at com.solosoul.app.AndroidHomeInstrumentedTest.captureContent(AndroidHomeInstrumentedTest.kt:355)
	at com.solosoul.app.AndroidHomeInstrumentedTest.verifyPopulatedContent(AndroidHomeInstrumentedTest.kt:441)
	at com.solosoul.app.AndroidHomeInstrumentedTest.realHomePreservesGlassAndCopyAcrossLockUnlock(AndroidHomeInstrumentedTest.kt:1483)

FAILURES!!!
Tests run: 1,  Failures: 1


INSTRUMENTATION_CODE: -1
