[2m[WebServer] [22m(node:45806) Warning: The 'NO_COLOR' env is ignored due to the 'FORCE_COLOR' env being set.
[2m[WebServer] [22m(Use `node --trace-warnings ...` to show where the warning was created)

Running 44 tests using 2 workers

(node:45813) Warning: The 'NO_COLOR' env is ignored due to the 'FORCE_COLOR' env being set.
(Use `node --trace-warnings ...` to show where the warning was created)
(node:45812) Warning: The 'NO_COLOR' env is ignored due to the 'FORCE_COLOR' env being set.
(Use `node --trace-warnings ...` to show where the warning was created)
(node:45813) Warning: The 'NO_COLOR' env is ignored due to the 'FORCE_COLOR' env being set.
(Use `node --trace-warnings ...` to show where the warning was created)
(node:45812) Warning: The 'NO_COLOR' env is ignored due to the 'FORCE_COLOR' env being set.
(Use `node --trace-warnings ...` to show where the warning was created)
  ✓   2 [chromium] › e2e/desktop-functional-colors.spec.ts:9:5 › macos warm-stone: functional labels remain neutral and navigation separates from content (2.7s)
  ✓   1 [chromium] › e2e/macos-titlebar.spec.ts:65:3 › macOS left 导航背景铺至顶部，控件避开交通灯 (3.0s)
  ✓   3 [chromium] › e2e/desktop-functional-colors.spec.ts:9:5 › macos soft-cream: functional labels remain neutral and navigation separates from content (1.7s)
  ✓   4 [chromium] › e2e/macos-titlebar.spec.ts:65:3 › macOS right 导航背景铺至顶部，控件避开交通灯 (2.0s)
  ✓   5 [chromium] › e2e/desktop-functional-colors.spec.ts:9:5 › macos warm-stone-dark: functional labels remain neutral and navigation separates from content (1.9s)
  ✓   6 [chromium] › e2e/macos-titlebar.spec.ts:65:3 › macOS top 导航背景铺至顶部，控件避开交通灯 (2.1s)
  ✓   7 [chromium] › e2e/desktop-functional-colors.spec.ts:9:5 › macos deep-ocean: functional labels remain neutral and navigation separates from content (1.6s)
  ✓   8 [chromium] › e2e/macos-titlebar.spec.ts:65:3 › macOS bottom 导航背景铺至顶部，控件避开交通灯 (1.3s)
  ✓   9 [chromium] › e2e/desktop-functional-colors.spec.ts:9:5 › windows warm-stone: functional labels remain neutral and navigation separates from content (2.0s)
[2m[WebServer] [22m4:48:36 PM [vite] (client) [console.warn] [ObjectEditor] Load field suggestions failed: {"code":"LEGACY_ERROR"}
  ✓  10 [chromium] › e2e/macos-titlebar.spec.ts:153:1 › macOS 切页、折叠和缩放后更新顶部按钮命中区 (2.9s)
  ✓  11 [chromium] › e2e/desktop-functional-colors.spec.ts:9:5 › windows soft-cream: functional labels remain neutral and navigation separates from content (1.6s)
  ✓  12 [chromium] › e2e/macos-titlebar.spec.ts:182:1 › macOS 全屏往返保持单行 AppBar，无重复顶部留白 (1.9s)
  ✓  13 [chromium] › e2e/desktop-functional-colors.spec.ts:9:5 › windows warm-stone-dark: functional labels remain neutral and navigation separates from content (2.4s)
  ✓  14 [chromium] › e2e/macos-titlebar.spec.ts:200:1 › macOS 交通灯范围变宽时折叠侧栏和正文同步避让 (1.9s)
  ✓  15 [chromium] › e2e/desktop-functional-colors.spec.ts:9:5 › windows deep-ocean: functional labels remain neutral and navigation separates from content (1.8s)
  ✓  16 [chromium] › e2e/macos-titlebar.spec.ts:213:1 › macOS 小窗口登录卡片保留上下留白及完整圆角 (940ms)
  ✓  17 [chromium] › e2e/desktop-functional-colors.spec.ts:148:1 › Android top bar removes the brand image and preserves account and lock controls (1.1s)
[2m[WebServer] [22m4:48:44 PM [vite] (client) [console.warn] [useLlmChatCore] Load config failed: Cannot read properties of undefined (reading 'activeProviderId')
[2m[WebServer] [22m4:48:44 PM [vite] (client) [console.warn] [useLlmChatCore] Load config failed: Cannot read properties of undefined (reading 'activeProviderId')
[2m[WebServer] [22m4:48:44 PM [vite] (client) [console.warn] [useLlmChatCore] Load config failed: Cannot read properties of undefined (reading 'activeProviderId')
  ✓  18 [chromium] › e2e/macos-titlebar.spec.ts:228:3 › left 侧栏快捷卡片覆盖正文和顶部栏，输入区不被遮挡 (2.6s)
  ✓  19 [chromium] › e2e/sidebar-tools.spec.ts:76:3 › left 展开侧栏悬停显示全部工具，入口及主导航不移动 (3.6s)
  ✓  21 [chromium] › e2e/sidebar-tools.spec.ts:76:3 › right 展开侧栏悬停显示全部工具，入口及主导航不移动 (2.9s)
[2m[WebServer] [22m4:48:50 PM [vite] (client) [console.warn] [useLlmChatCore] Load config failed: Cannot read properties of undefined (reading 'activeProviderId')
[2m[WebServer] [22m4:48:50 PM [vite] (client) [console.warn] [useLlmChatCore] Load config failed: Cannot read properties of undefined (reading 'activeProviderId')
[2m[WebServer] [22m4:48:50 PM [vite] (client) [console.warn] [useLlmChatCore] Load config failed: Cannot read properties of undefined (reading 'activeProviderId')
[2m[WebServer] [22m4:48:51 PM [vite] (client) [console.warn] [useLlmChatCore] Load config failed: Cannot read properties of undefined (reading 'activeProviderId')
[2m[WebServer] [22m4:48:51 PM [vite] (client) [console.warn] [useLlmChatCore] Load config failed: Cannot read properties of undefined (reading 'activeProviderId')
[2m[WebServer] [22m4:48:51 PM [vite] (client) [console.warn] [useLlmChatCore] Load config failed: Cannot read properties of undefined (reading 'activeProviderId')
  ✓  20 [chromium] › e2e/macos-titlebar.spec.ts:228:3 › right 侧栏快捷卡片覆盖正文和顶部栏，输入区不被遮挡 (7.5s)
  ✓  22 [chromium] › e2e/sidebar-tools.spec.ts:139:3 › left 折叠侧栏使用向上玻璃菜单，缩放和操作卡片不挤动导航 (2.8s)
[2m[WebServer] [22m4:48:53 PM [vite] (client) [console.warn] [useLlmChatCore] Load config failed: Cannot read properties of undefined (reading 'activeProviderId')
[2m[WebServer] [22m4:48:53 PM [vite] (client) [console.warn] [useLlmChatCore] Load config failed: Cannot read properties of undefined (reading 'activeProviderId')
[2m[WebServer] [22m4:48:53 PM [vite] (client) [console.warn] [useLlmChatCore] Load config failed: Cannot read properties of undefined (reading 'activeProviderId')
  ✓  23 [chromium] › e2e/sidebar-tools.spec.ts:139:3 › right 折叠侧栏使用向上玻璃菜单，缩放和操作卡片不挤动导航 (2.9s)
  ✓  24 [chromium] › e2e/sidebar-tools.spec.ts:191:1 › 添加页面在折叠侧栏复用导航的提示卡片，展开后不重复显示提示 (1.5s)
  ✓  25 [chromium] › e2e/sidebar-tools.spec.ts:212:5 › left 展开侧栏添加页面向上利用空间，缩放后表单与图标仍可操作 (1.8s)
  ✓  26 [chromium] › e2e/sidebar-tools.spec.ts:212:5 › left 折叠侧栏添加页面向上利用空间，缩放后表单与图标仍可操作 (2.0s)
  ✓  27 [chromium] › e2e/sidebar-tools.spec.ts:212:5 › right 展开侧栏添加页面向上利用空间，缩放后表单与图标仍可操作 (1.6s)
  ✓  28 [chromium] › e2e/sidebar-tools.spec.ts:212:5 › right 折叠侧栏添加页面向上利用空间，缩放后表单与图标仍可操作 (1.7s)
  ✓  29 [chromium] › e2e/sidebar-tools.spec.ts:274:3 › top 横向导航添加页面打开后位置固定，缩放后表单和操作保持可见 (2.4s)
  ✓  30 [chromium] › e2e/sidebar-tools.spec.ts:274:3 › bottom 横向导航添加页面打开后位置固定，缩放后表单和操作保持可见 (2.6s)
  ✓  31 [chromium] › e2e/sidebar-tools.spec.ts:356:5 › left 展开侧栏打开搜索后能再次点击搜索及直接切换卡片 (1.8s)
  ✓  32 [chromium] › e2e/sidebar-tools.spec.ts:356:5 › left 折叠侧栏打开搜索后能再次点击搜索及直接切换卡片 (1.8s)
  ✓  33 [chromium] › e2e/sidebar-tools.spec.ts:356:5 › right 展开侧栏打开搜索后能再次点击搜索及直接切换卡片 (1.7s)
  ✓  34 [chromium] › e2e/sidebar-tools.spec.ts:356:5 › right 折叠侧栏打开搜索后能再次点击搜索及直接切换卡片 (1.7s)
  ✓  35 [chromium] › e2e/sidebar-tools.spec.ts:389:1 › 工具菜单随原生玻璃与辅助功能切换材质 (1.3s)
[2m[WebServer] [22m4:49:18 PM [vite] (client) [console.warn] [useLlmChatCore] Load config failed: Cannot read properties of undefined (reading 'activeProviderId')
[2m[WebServer] [22m4:49:18 PM [vite] (client) [console.warn] [useLlmChatCore] Load config failed: Cannot read properties of undefined (reading 'activeProviderId')
[2m[WebServer] [22m4:49:18 PM [vite] (client) [console.warn] [useLlmChatCore] Load config failed: Cannot read properties of undefined (reading 'activeProviderId')
  ✓  36 [chromium] › e2e/sidebar-tools.spec.ts:424:1 › 小窗口工具列表利用剩余高度，卡片打开期间保持菜单且不遮挡固定操作 (1.8s)
  ✓  37 [chromium] › e2e/sidebar-tools.spec.ts:456:1 › 工具入口支持点击、键盘和 Escape，关闭后菜单退出 Tab 顺序 (2.2s)
  ✓  38 [chromium] › e2e/sidebar-tools.spec.ts:553:5 › macos 展开侧栏工具沿底边向上展开、向下收起且不缩放按钮 (2.6s)
  ✓  39 [chromium] › e2e/sidebar-tools.spec.ts:553:5 › macos 折叠侧栏工具沿底边向上展开、向下收起且不缩放按钮 (2.7s)
  ✓  40 [chromium] › e2e/sidebar-tools.spec.ts:553:5 › windows 展开侧栏工具沿底边向上展开、向下收起且不缩放按钮 (2.5s)
  ✓  41 [chromium] › e2e/sidebar-tools.spec.ts:553:5 › windows 折叠侧栏工具沿底边向上展开、向下收起且不缩放按钮 (2.5s)
  ✓  42 [chromium] › e2e/sidebar-tools.spec.ts:593:1 › 系统和应用减少动态效果时，工具菜单立即展开/收起 (1.5s)
  ✓  43 [chromium] › e2e/sidebar-tools.spec.ts:615:3 › RF1088 top 工具栏离开窗口安全收起 (1.1s)
  ✓  44 [chromium] › e2e/sidebar-tools.spec.ts:615:3 › RF1088 bottom 工具栏离开窗口安全收起 (1.3s)

  44 passed (1.2m)
