[2m[WebServer] [22m(node:45712) Warning: The 'NO_COLOR' env is ignored due to the 'FORCE_COLOR' env being set.
[2m[WebServer] [22m(Use `node --trace-warnings ...` to show where the warning was created)

Running 18 tests using 2 workers

(node:45725) Warning: The 'NO_COLOR' env is ignored due to the 'FORCE_COLOR' env being set.
(Use `node --trace-warnings ...` to show where the warning was created)
(node:45726) Warning: The 'NO_COLOR' env is ignored due to the 'FORCE_COLOR' env being set.
(Use `node --trace-warnings ...` to show where the warning was created)
(node:45725) Warning: The 'NO_COLOR' env is ignored due to the 'FORCE_COLOR' env being set.
(Use `node --trace-warnings ...` to show where the warning was created)
(node:45726) Warning: The 'NO_COLOR' env is ignored due to the 'FORCE_COLOR' env being set.
(Use `node --trace-warnings ...` to show where the warning was created)
  ✓   2 [webkit] › e2e/sidebar-label-scroll.spec.ts:71:5 › macos left: long names scroll alone, reveal tail and reset; rename stays usable (7.0s)
  ✓   1 [chromium] › e2e/sidebar-label-scroll.spec.ts:71:5 › macos left: long names scroll alone, reveal tail and reset; rename stays usable (7.5s)
  ✓   4 [chromium] › e2e/sidebar-label-scroll.spec.ts:71:5 › macos right: long names scroll alone, reveal tail and reset; rename stays usable (6.6s)
  ✓   3 [webkit] › e2e/sidebar-label-scroll.spec.ts:71:5 › macos right: long names scroll alone, reveal tail and reset; rename stays usable (8.0s)
  ✓   5 [chromium] › e2e/sidebar-label-scroll.spec.ts:71:5 › windows left: long names scroll alone, reveal tail and reset; rename stays usable (6.0s)
  ✓   6 [webkit] › e2e/sidebar-label-scroll.spec.ts:71:5 › windows left: long names scroll alone, reveal tail and reset; rename stays usable (6.8s)
  ✓   7 [chromium] › e2e/sidebar-label-scroll.spec.ts:71:5 › windows right: long names scroll alone, reveal tail and reset; rename stays usable (6.4s)
  ✓   8 [webkit] › e2e/sidebar-label-scroll.spec.ts:71:5 › windows right: long names scroll alone, reveal tail and reset; rename stays usable (6.1s)
  ✓   9 [chromium] › e2e/sidebar-label-scroll.spec.ts:124:1 › keyboard focus scrolls; system and native reduced motion cancel and show complete name (2.9s)
  ✓  11 [chromium] › e2e/sidebar-label-scroll.spec.ts:160:1 › application reduced motion keeps the whole name in the hover card (1.4s)
  ✓  10 [webkit] › e2e/sidebar-label-scroll.spec.ts:124:1 › keyboard focus scrolls; system and native reduced motion cancel and show complete name (3.3s)
  ✓  12 [chromium] › e2e/sidebar-label-scroll.spec.ts:171:3 › top: horizontal navigation retains its complete-name tooltip (1.2s)
  ✓  13 [webkit] › e2e/sidebar-label-scroll.spec.ts:160:1 › application reduced motion keeps the whole name in the hover card (2.2s)
  ✓  14 [chromium] › e2e/sidebar-label-scroll.spec.ts:171:3 › bottom: horizontal navigation retains its complete-name tooltip (1.8s)
  ✓  16 [chromium] › e2e/sidebar-label-scroll.spec.ts:182:1 › label remeasures font/container changes and falls back when animation is unavailable (1.9s)
  ✓  15 [webkit] › e2e/sidebar-label-scroll.spec.ts:171:3 › top: horizontal navigation retains its complete-name tooltip (2.5s)
  ✓  17 [webkit] › e2e/sidebar-label-scroll.spec.ts:171:3 › bottom: horizontal navigation retains its complete-name tooltip (1.5s)
  ✓  18 [webkit] › e2e/sidebar-label-scroll.spec.ts:182:1 › label remeasures font/container changes and falls back when animation is unavailable (1.7s)

  18 passed (40.7s)
