[2m[WebServer] [22m(node:42317) Warning: The 'NO_COLOR' env is ignored due to the 'FORCE_COLOR' env being set.
[2m[WebServer] [22m(Use `node --trace-warnings ...` to show where the warning was created)

Running 18 tests using 2 workers

(node:42318) Warning: The 'NO_COLOR' env is ignored due to the 'FORCE_COLOR' env being set.
(Use `node --trace-warnings ...` to show where the warning was created)
(node:42319) Warning: The 'NO_COLOR' env is ignored due to the 'FORCE_COLOR' env being set.
(Use `node --trace-warnings ...` to show where the warning was created)
(node:42318) Warning: The 'NO_COLOR' env is ignored due to the 'FORCE_COLOR' env being set.
(Use `node --trace-warnings ...` to show where the warning was created)
(node:42319) Warning: The 'NO_COLOR' env is ignored due to the 'FORCE_COLOR' env being set.
(Use `node --trace-warnings ...` to show where the warning was created)
  ✘   2 [chromium] › e2e/sidebar-label-scroll.spec.ts:69:5 › macos left: long names scroll alone, reveal tail and reset; rename stays usable (3.1s)
  ✘   1 [webkit] › e2e/sidebar-label-scroll.spec.ts:69:5 › macos left: long names scroll alone, reveal tail and reset; rename stays usable (3.3s)
(node:42382) Warning: The 'NO_COLOR' env is ignored due to the 'FORCE_COLOR' env being set.
(Use `node --trace-warnings ...` to show where the warning was created)
(node:42382) Warning: The 'NO_COLOR' env is ignored due to the 'FORCE_COLOR' env being set.
(Use `node --trace-warnings ...` to show where the warning was created)
(node:42383) Warning: The 'NO_COLOR' env is ignored due to the 'FORCE_COLOR' env being set.
(Use `node --trace-warnings ...` to show where the warning was created)
(node:42383) Warning: The 'NO_COLOR' env is ignored due to the 'FORCE_COLOR' env being set.
(Use `node --trace-warnings ...` to show where the warning was created)
  ✘   3 [chromium] › e2e/sidebar-label-scroll.spec.ts:69:5 › macos right: long names scroll alone, reveal tail and reset; rename stays usable (1.4s)
(node:42522) Warning: The 'NO_COLOR' env is ignored due to the 'FORCE_COLOR' env being set.
(Use `node --trace-warnings ...` to show where the warning was created)
(node:42522) Warning: The 'NO_COLOR' env is ignored due to the 'FORCE_COLOR' env being set.
(Use `node --trace-warnings ...` to show where the warning was created)
  ✘   4 [webkit] › e2e/sidebar-label-scroll.spec.ts:69:5 › macos right: long names scroll alone, reveal tail and reset; rename stays usable (2.2s)
(node:42534) Warning: The 'NO_COLOR' env is ignored due to the 'FORCE_COLOR' env being set.
(Use `node --trace-warnings ...` to show where the warning was created)
(node:42534) Warning: The 'NO_COLOR' env is ignored due to the 'FORCE_COLOR' env being set.
(Use `node --trace-warnings ...` to show where the warning was created)
  ✘   5 [chromium] › e2e/sidebar-label-scroll.spec.ts:69:5 › windows left: long names scroll alone, reveal tail and reset; rename stays usable (1.3s)
(node:42557) Warning: The 'NO_COLOR' env is ignored due to the 'FORCE_COLOR' env being set.
(Use `node --trace-warnings ...` to show where the warning was created)
(node:42557) Warning: The 'NO_COLOR' env is ignored due to the 'FORCE_COLOR' env being set.
(Use `node --trace-warnings ...` to show where the warning was created)
  ✘   7 [chromium] › e2e/sidebar-label-scroll.spec.ts:69:5 › windows right: long names scroll alone, reveal tail and reset; rename stays usable (1.6s)
  ✘   6 [webkit] › e2e/sidebar-label-scroll.spec.ts:69:5 › windows left: long names scroll alone, reveal tail and reset; rename stays usable (2.8s)
(node:42672) Warning: The 'NO_COLOR' env is ignored due to the 'FORCE_COLOR' env being set.
(Use `node --trace-warnings ...` to show where the warning was created)
(node:42676) Warning: The 'NO_COLOR' env is ignored due to the 'FORCE_COLOR' env being set.
(Use `node --trace-warnings ...` to show where the warning was created)
(node:42672) Warning: The 'NO_COLOR' env is ignored due to the 'FORCE_COLOR' env being set.
(Use `node --trace-warnings ...` to show where the warning was created)
(node:42676) Warning: The 'NO_COLOR' env is ignored due to the 'FORCE_COLOR' env being set.
(Use `node --trace-warnings ...` to show where the warning was created)
  ✘   8 [chromium] › e2e/sidebar-label-scroll.spec.ts:122:1 › keyboard focus scrolls; system and native reduced motion cancel and show complete name (2.4s)
(node:42821) Warning: The 'NO_COLOR' env is ignored due to the 'FORCE_COLOR' env being set.
(Use `node --trace-warnings ...` to show where the warning was created)
(node:42821) Warning: The 'NO_COLOR' env is ignored due to the 'FORCE_COLOR' env being set.
(Use `node --trace-warnings ...` to show where the warning was created)
  ✘   9 [webkit] › e2e/sidebar-label-scroll.spec.ts:69:5 › windows right: long names scroll alone, reveal tail and reset; rename stays usable (3.2s)
(node:42866) Warning: The 'NO_COLOR' env is ignored due to the 'FORCE_COLOR' env being set.
(Use `node --trace-warnings ...` to show where the warning was created)
(node:42866) Warning: The 'NO_COLOR' env is ignored due to the 'FORCE_COLOR' env being set.
(Use `node --trace-warnings ...` to show where the warning was created)
  ✘  10 [chromium] › e2e/sidebar-label-scroll.spec.ts:153:1 › application reduced motion keeps the whole name in the hover card (1.4s)
(node:42931) Warning: The 'NO_COLOR' env is ignored due to the 'FORCE_COLOR' env being set.
(Use `node --trace-warnings ...` to show where the warning was created)
(node:42931) Warning: The 'NO_COLOR' env is ignored due to the 'FORCE_COLOR' env being set.
(Use `node --trace-warnings ...` to show where the warning was created)
  ✘  11 [webkit] › e2e/sidebar-label-scroll.spec.ts:122:1 › keyboard focus scrolls; system and native reduced motion cancel and show complete name (2.0s)
  ✘  12 [chromium] › e2e/sidebar-label-scroll.spec.ts:164:3 › top: horizontal navigation retains its complete-name tooltip (1.5s)
(node:42996) Warning: The 'NO_COLOR' env is ignored due to the 'FORCE_COLOR' env being set.
(Use `node --trace-warnings ...` to show where the warning was created)
(node:42996) Warning: The 'NO_COLOR' env is ignored due to the 'FORCE_COLOR' env being set.
(Use `node --trace-warnings ...` to show where the warning was created)
(node:43021) Warning: The 'NO_COLOR' env is ignored due to the 'FORCE_COLOR' env being set.
(Use `node --trace-warnings ...` to show where the warning was created)
(node:43021) Warning: The 'NO_COLOR' env is ignored due to the 'FORCE_COLOR' env being set.
(Use `node --trace-warnings ...` to show where the warning was created)
  ✘  14 [chromium] › e2e/sidebar-label-scroll.spec.ts:164:3 › bottom: horizontal navigation retains its complete-name tooltip (1.4s)
(node:43143) Warning: The 'NO_COLOR' env is ignored due to the 'FORCE_COLOR' env being set.
(Use `node --trace-warnings ...` to show where the warning was created)
(node:43143) Warning: The 'NO_COLOR' env is ignored due to the 'FORCE_COLOR' env being set.
(Use `node --trace-warnings ...` to show where the warning was created)
  ✘  13 [webkit] › e2e/sidebar-label-scroll.spec.ts:153:1 › application reduced motion keeps the whole name in the hover card (2.1s)
(node:43171) Warning: The 'NO_COLOR' env is ignored due to the 'FORCE_COLOR' env being set.
(Use `node --trace-warnings ...` to show where the warning was created)
(node:43171) Warning: The 'NO_COLOR' env is ignored due to the 'FORCE_COLOR' env being set.
(Use `node --trace-warnings ...` to show where the warning was created)
  ✘  15 [chromium] › e2e/sidebar-label-scroll.spec.ts:173:1 › label remeasures font/container changes and falls back when animation is unavailable (1.4s)
  ✘  16 [webkit] › e2e/sidebar-label-scroll.spec.ts:164:3 › top: horizontal navigation retains its complete-name tooltip (1.9s)
(node:43207) Warning: The 'NO_COLOR' env is ignored due to the 'FORCE_COLOR' env being set.
(Use `node --trace-warnings ...` to show where the warning was created)
(node:43207) Warning: The 'NO_COLOR' env is ignored due to the 'FORCE_COLOR' env being set.
(Use `node --trace-warnings ...` to show where the warning was created)
  ✘  17 [webkit] › e2e/sidebar-label-scroll.spec.ts:164:3 › bottom: horizontal navigation retains its complete-name tooltip (1ms)


  1) [chromium] › e2e/sidebar-label-scroll.spec.ts:69:5 › macos left: long names scroll alone, reveal tail and reset; rename stays usable 

    Error: [2mexpect([22m[31mlocator[39m[2m).[22mtoBeVisible[2m([22m[2m)[22m failed

    Locator: getByRole('button', { name: '公开页面名称和个人资料备注', exact: true })
    Expected: visible
    Error: strict mode violation: getByRole('button', { name: '公开页面名称和个人资料备注', exact: true }) resolved to 2 elements:
        1) <button aria-label="公开页面名称和个人资料备注" class="_navButton_gromb_12 " data-tauri-drag-region="false">…</button> aka getByLabel('公开页面名称和个人资料备注')
        2) <div tabindex="0" role="button" data-ui-card="default" class="_card_1fuaw_1 _interactive_1fuaw_9 ">…</div> aka getByRole('main').getByRole('button', { name: '公开页面名称和个人资料备注' })

    Call log:
    [2m  - Expect "toBeVisible" with timeout 5000ms[22m
    [2m  - waiting for getByRole('button', { name: '公开页面名称和个人资料备注', exact: true })[22m


      62 |   );
      63 |   await login(page);
    > 64 |   await expect(page.getByRole('button', { name: longName, exact: true })).toBeVisible();
         |                                                                           ^
      65 | }
      66 |
      67 | for (const platform of ['macos', 'windows']) {
        at prepare (/Users/zzc/PycharmProjects/SoloSoul/tauri/e2e/sidebar-label-scroll.spec.ts:64:75)
        at /Users/zzc/PycharmProjects/SoloSoul/tauri/e2e/sidebar-label-scroll.spec.ts:72:7

    Error Context: ../../../../../tmp/solosoul-sidebar-label-20261008/results/sidebar-label-scroll-macos-d04b3-d-reset-rename-stays-usable-chromium/error-context.md

  2) [chromium] › e2e/sidebar-label-scroll.spec.ts:69:5 › macos right: long names scroll alone, reveal tail and reset; rename stays usable 

    Error: [2mexpect([22m[31mlocator[39m[2m).[22mtoBeVisible[2m([22m[2m)[22m failed

    Locator: getByRole('button', { name: '公开页面名称和个人资料备注', exact: true })
    Expected: visible
    Error: strict mode violation: getByRole('button', { name: '公开页面名称和个人资料备注', exact: true }) resolved to 2 elements:
        1) <button aria-label="公开页面名称和个人资料备注" class="_navButton_gromb_12 " data-tauri-drag-region="false">…</button> aka getByLabel('公开页面名称和个人资料备注')
        2) <div tabindex="0" role="button" data-ui-card="default" class="_card_1fuaw_1 _interactive_1fuaw_9 ">…</div> aka getByRole('main').getByRole('button', { name: '公开页面名称和个人资料备注' })

    Call log:
    [2m  - Expect "toBeVisible" with timeout 5000ms[22m
    [2m  - waiting for getByRole('button', { name: '公开页面名称和个人资料备注', exact: true })[22m


      62 |   );
      63 |   await login(page);
    > 64 |   await expect(page.getByRole('button', { name: longName, exact: true })).toBeVisible();
         |                                                                           ^
      65 | }
      66 |
      67 | for (const platform of ['macos', 'windows']) {
        at prepare (/Users/zzc/PycharmProjects/SoloSoul/tauri/e2e/sidebar-label-scroll.spec.ts:64:75)
        at /Users/zzc/PycharmProjects/SoloSoul/tauri/e2e/sidebar-label-scroll.spec.ts:72:7

    Error Context: ../../../../../tmp/solosoul-sidebar-label-20261008/results/sidebar-label-scroll-macos-82bb4-d-reset-rename-stays-usable-chromium/error-context.md

  3) [chromium] › e2e/sidebar-label-scroll.spec.ts:69:5 › windows left: long names scroll alone, reveal tail and reset; rename stays usable 

    Error: [2mexpect([22m[31mlocator[39m[2m).[22mtoBeVisible[2m([22m[2m)[22m failed

    Locator: getByRole('button', { name: '公开页面名称和个人资料备注', exact: true })
    Expected: visible
    Error: strict mode violation: getByRole('button', { name: '公开页面名称和个人资料备注', exact: true }) resolved to 2 elements:
        1) <button aria-label="公开页面名称和个人资料备注" class="_navButton_gromb_12 " data-tauri-drag-region="false">…</button> aka getByLabel('公开页面名称和个人资料备注')
        2) <div tabindex="0" role="button" data-ui-card="default" class="_card_1fuaw_1 _interactive_1fuaw_9 ">…</div> aka getByRole('main').getByRole('button', { name: '公开页面名称和个人资料备注' })

    Call log:
    [2m  - Expect "toBeVisible" with timeout 5000ms[22m
    [2m  - waiting for getByRole('button', { name: '公开页面名称和个人资料备注', exact: true })[22m


      62 |   );
      63 |   await login(page);
    > 64 |   await expect(page.getByRole('button', { name: longName, exact: true })).toBeVisible();
         |                                                                           ^
      65 | }
      66 |
      67 | for (const platform of ['macos', 'windows']) {
        at prepare (/Users/zzc/PycharmProjects/SoloSoul/tauri/e2e/sidebar-label-scroll.spec.ts:64:75)
        at /Users/zzc/PycharmProjects/SoloSoul/tauri/e2e/sidebar-label-scroll.spec.ts:72:7

    Error Context: ../../../../../tmp/solosoul-sidebar-label-20261008/results/sidebar-label-scroll-windo-e6094-d-reset-rename-stays-usable-chromium/error-context.md

  4) [chromium] › e2e/sidebar-label-scroll.spec.ts:69:5 › windows right: long names scroll alone, reveal tail and reset; rename stays usable 

    Error: [2mexpect([22m[31mlocator[39m[2m).[22mtoBeVisible[2m([22m[2m)[22m failed

    Locator: getByRole('button', { name: '公开页面名称和个人资料备注', exact: true })
    Expected: visible
    Error: strict mode violation: getByRole('button', { name: '公开页面名称和个人资料备注', exact: true }) resolved to 2 elements:
        1) <button aria-label="公开页面名称和个人资料备注" class="_navButton_gromb_12 " data-tauri-drag-region="false">…</button> aka getByLabel('公开页面名称和个人资料备注')
        2) <div tabindex="0" role="button" data-ui-card="default" class="_card_1fuaw_1 _interactive_1fuaw_9 ">…</div> aka getByRole('main').getByRole('button', { name: '公开页面名称和个人资料备注' })

    Call log:
    [2m  - Expect "toBeVisible" with timeout 5000ms[22m
    [2m  - waiting for getByRole('button', { name: '公开页面名称和个人资料备注', exact: true })[22m


      62 |   );
      63 |   await login(page);
    > 64 |   await expect(page.getByRole('button', { name: longName, exact: true })).toBeVisible();
         |                                                                           ^
      65 | }
      66 |
      67 | for (const platform of ['macos', 'windows']) {
        at prepare (/Users/zzc/PycharmProjects/SoloSoul/tauri/e2e/sidebar-label-scroll.spec.ts:64:75)
        at /Users/zzc/PycharmProjects/SoloSoul/tauri/e2e/sidebar-label-scroll.spec.ts:72:7

    Error Context: ../../../../../tmp/solosoul-sidebar-label-20261008/results/sidebar-label-scroll-windo-68c41-d-reset-rename-stays-usable-chromium/error-context.md

  5) [chromium] › e2e/sidebar-label-scroll.spec.ts:122:1 › keyboard focus scrolls; system and native reduced motion cancel and show complete name 

    Error: [2mexpect([22m[31mlocator[39m[2m).[22mtoBeVisible[2m([22m[2m)[22m failed

    Locator: getByRole('button', { name: '公开页面名称和个人资料备注', exact: true })
    Expected: visible
    Error: strict mode violation: getByRole('button', { name: '公开页面名称和个人资料备注', exact: true }) resolved to 2 elements:
        1) <button aria-label="公开页面名称和个人资料备注" class="_navButton_gromb_12 " data-tauri-drag-region="false">…</button> aka getByLabel('公开页面名称和个人资料备注')
        2) <div tabindex="0" role="button" data-ui-card="default" class="_card_1fuaw_1 _interactive_1fuaw_9 ">…</div> aka getByRole('main').getByRole('button', { name: '公开页面名称和个人资料备注' })

    Call log:
    [2m  - Expect "toBeVisible" with timeout 5000ms[22m
    [2m  - waiting for getByRole('button', { name: '公开页面名称和个人资料备注', exact: true })[22m


      62 |   );
      63 |   await login(page);
    > 64 |   await expect(page.getByRole('button', { name: longName, exact: true })).toBeVisible();
         |                                                                           ^
      65 | }
      66 |
      67 | for (const platform of ['macos', 'windows']) {
        at prepare (/Users/zzc/PycharmProjects/SoloSoul/tauri/e2e/sidebar-label-scroll.spec.ts:64:75)
        at /Users/zzc/PycharmProjects/SoloSoul/tauri/e2e/sidebar-label-scroll.spec.ts:125:3

    Error Context: ../../../../../tmp/solosoul-sidebar-label-20261008/results/sidebar-label-scroll-keybo-53147-ncel-and-show-complete-name-chromium/error-context.md

  6) [chromium] › e2e/sidebar-label-scroll.spec.ts:153:1 › application reduced motion keeps the whole name in the hover card 

    Error: [2mexpect([22m[31mlocator[39m[2m).[22mtoBeVisible[2m([22m[2m)[22m failed

    Locator: getByRole('button', { name: '公开页面名称和个人资料备注', exact: true })
    Expected: visible
    Error: strict mode violation: getByRole('button', { name: '公开页面名称和个人资料备注', exact: true }) resolved to 2 elements:
        1) <button aria-label="公开页面名称和个人资料备注" class="_navButton_gromb_12 " data-tauri-drag-region="false">…</button> aka getByLabel('公开页面名称和个人资料备注')
        2) <div tabindex="0" role="button" data-ui-card="default" class="_card_1fuaw_1 _interactive_1fuaw_9 ">…</div> aka getByRole('main').getByRole('button', { name: '公开页面名称和个人资料备注' })

    Call log:
    [2m  - Expect "toBeVisible" with timeout 5000ms[22m
    [2m  - waiting for getByRole('button', { name: '公开页面名称和个人资料备注', exact: true })[22m


      62 |   );
      63 |   await login(page);
    > 64 |   await expect(page.getByRole('button', { name: longName, exact: true })).toBeVisible();
         |                                                                           ^
      65 | }
      66 |
      67 | for (const platform of ['macos', 'windows']) {
        at prepare (/Users/zzc/PycharmProjects/SoloSoul/tauri/e2e/sidebar-label-scroll.spec.ts:64:75)
        at /Users/zzc/PycharmProjects/SoloSoul/tauri/e2e/sidebar-label-scroll.spec.ts:154:3

    Error Context: ../../../../../tmp/solosoul-sidebar-label-20261008/results/sidebar-label-scroll-appli-32beb-hole-name-in-the-hover-card-chromium/error-context.md

  7) [chromium] › e2e/sidebar-label-scroll.spec.ts:164:3 › top: horizontal navigation retains its complete-name tooltip 

    Error: [2mexpect([22m[31mlocator[39m[2m).[22mtoBeVisible[2m([22m[2m)[22m failed

    Locator: getByRole('button', { name: '公开页面名称和个人资料备注', exact: true })
    Expected: visible
    Error: strict mode violation: getByRole('button', { name: '公开页面名称和个人资料备注', exact: true }) resolved to 2 elements:
        1) <button aria-label="公开页面名称和个人资料备注" class="_navButton_gromb_12 " data-tauri-drag-region="false">…</button> aka getByLabel('公开页面名称和个人资料备注')
        2) <div tabindex="0" role="button" data-ui-card="default" class="_card_1fuaw_1 _interactive_1fuaw_9 ">…</div> aka getByRole('main').getByRole('button', { name: '公开页面名称和个人资料备注' })

    Call log:
    [2m  - Expect "toBeVisible" with timeout 5000ms[22m
    [2m  - waiting for getByRole('button', { name: '公开页面名称和个人资料备注', exact: true })[22m


      62 |   );
      63 |   await login(page);
    > 64 |   await expect(page.getByRole('button', { name: longName, exact: true })).toBeVisible();
         |                                                                           ^
      65 | }
      66 |
      67 | for (const platform of ['macos', 'windows']) {
        at prepare (/Users/zzc/PycharmProjects/SoloSoul/tauri/e2e/sidebar-label-scroll.spec.ts:64:75)
        at /Users/zzc/PycharmProjects/SoloSoul/tauri/e2e/sidebar-label-scroll.spec.ts:165:5

    Error Context: ../../../../../tmp/solosoul-sidebar-label-20261008/results/sidebar-label-scroll-top-h-31ee3-s-its-complete-name-tooltip-chromium/error-context.md

  8) [chromium] › e2e/sidebar-label-scroll.spec.ts:164:3 › bottom: horizontal navigation retains its complete-name tooltip 

    Error: [2mexpect([22m[31mlocator[39m[2m).[22mtoBeVisible[2m([22m[2m)[22m failed

    Locator: getByRole('button', { name: '公开页面名称和个人资料备注', exact: true })
    Expected: visible
    Error: strict mode violation: getByRole('button', { name: '公开页面名称和个人资料备注', exact: true }) resolved to 2 elements:
        1) <button aria-label="公开页面名称和个人资料备注" class="_navButton_gromb_12 " data-tauri-drag-region="false">…</button> aka getByLabel('公开页面名称和个人资料备注')
        2) <div tabindex="0" role="button" data-ui-card="default" class="_card_1fuaw_1 _interactive_1fuaw_9 ">…</div> aka getByRole('main').getByRole('button', { name: '公开页面名称和个人资料备注' })

    Call log:
    [2m  - Expect "toBeVisible" with timeout 5000ms[22m
    [2m  - waiting for getByRole('button', { name: '公开页面名称和个人资料备注', exact: true })[22m


      62 |   );
      63 |   await login(page);
    > 64 |   await expect(page.getByRole('button', { name: longName, exact: true })).toBeVisible();
         |                                                                           ^
      65 | }
      66 |
      67 | for (const platform of ['macos', 'windows']) {
        at prepare (/Users/zzc/PycharmProjects/SoloSoul/tauri/e2e/sidebar-label-scroll.spec.ts:64:75)
        at /Users/zzc/PycharmProjects/SoloSoul/tauri/e2e/sidebar-label-scroll.spec.ts:165:5

    Error Context: ../../../../../tmp/solosoul-sidebar-label-20261008/results/sidebar-label-scroll-botto-ae3de-s-its-complete-name-tooltip-chromium/error-context.md

  9) [chromium] › e2e/sidebar-label-scroll.spec.ts:173:1 › label remeasures font/container changes and falls back when animation is unavailable 

    Error: [2mexpect([22m[31mlocator[39m[2m).[22mtoBeVisible[2m([22m[2m)[22m failed

    Locator: getByRole('button', { name: '公开页面名称和个人资料备注', exact: true })
    Expected: visible
    Error: strict mode violation: getByRole('button', { name: '公开页面名称和个人资料备注', exact: true }) resolved to 2 elements:
        1) <button aria-label="公开页面名称和个人资料备注" class="_navButton_gromb_12 " data-tauri-drag-region="false">…</button> aka getByLabel('公开页面名称和个人资料备注')
        2) <div tabindex="0" role="button" data-ui-card="default" class="_card_1fuaw_1 _interactive_1fuaw_9 ">…</div> aka getByRole('main').getByRole('button', { name: '公开页面名称和个人资料备注' })

    Call log:
    [2m  - Expect "toBeVisible" with timeout 5000ms[22m
    [2m  - waiting for getByRole('button', { name: '公开页面名称和个人资料备注', exact: true })[22m


      62 |   );
      63 |   await login(page);
    > 64 |   await expect(page.getByRole('button', { name: longName, exact: true })).toBeVisible();
         |                                                                           ^
      65 | }
      66 |
      67 | for (const platform of ['macos', 'windows']) {
        at prepare (/Users/zzc/PycharmProjects/SoloSoul/tauri/e2e/sidebar-label-scroll.spec.ts:64:75)
        at /Users/zzc/PycharmProjects/SoloSoul/tauri/e2e/sidebar-label-scroll.spec.ts:176:3

    Error Context: ../../../../../tmp/solosoul-sidebar-label-20261008/results/sidebar-label-scroll-label-ebeb0-en-animation-is-unavailable-chromium/error-context.md

  10) [webkit] › e2e/sidebar-label-scroll.spec.ts:69:5 › macos left: long names scroll alone, reveal tail and reset; rename stays usable 

    Error: [2mexpect([22m[31mlocator[39m[2m).[22mtoBeVisible[2m([22m[2m)[22m failed

    Locator: getByRole('button', { name: '公开页面名称和个人资料备注', exact: true })
    Expected: visible
    Error: strict mode violation: getByRole('button', { name: '公开页面名称和个人资料备注', exact: true }) resolved to 2 elements:
        1) <button aria-label="公开页面名称和个人资料备注" class="_navButton_gromb_12 " data-tauri-drag-region="false">…</button> aka getByLabel('公开页面名称和个人资料备注')
        2) <div tabindex="0" role="button" data-ui-card="default" class="_card_1fuaw_1 _interactive_1fuaw_9 ">…</div> aka getByRole('main').getByRole('button', { name: '公开页面名称和个人资料备注' })

    Call log:
    [2m  - Expect "toBeVisible" with timeout 5000ms[22m
    [2m  - waiting for getByRole('button', { name: '公开页面名称和个人资料备注', exact: true })[22m


      62 |   );
      63 |   await login(page);
    > 64 |   await expect(page.getByRole('button', { name: longName, exact: true })).toBeVisible();
         |                                                                           ^
      65 | }
      66 |
      67 | for (const platform of ['macos', 'windows']) {
        at prepare (/Users/zzc/PycharmProjects/SoloSoul/tauri/e2e/sidebar-label-scroll.spec.ts:64:75)
        at /Users/zzc/PycharmProjects/SoloSoul/tauri/e2e/sidebar-label-scroll.spec.ts:72:7

    Error Context: ../../../../../tmp/solosoul-sidebar-label-20261008/results/sidebar-label-scroll-macos-d04b3-d-reset-rename-stays-usable-webkit/error-context.md

  11) [webkit] › e2e/sidebar-label-scroll.spec.ts:69:5 › macos right: long names scroll alone, reveal tail and reset; rename stays usable 

    Error: [2mexpect([22m[31mlocator[39m[2m).[22mtoBeVisible[2m([22m[2m)[22m failed

    Locator: getByRole('button', { name: '公开页面名称和个人资料备注', exact: true })
    Expected: visible
    Error: strict mode violation: getByRole('button', { name: '公开页面名称和个人资料备注', exact: true }) resolved to 2 elements:
        1) <button aria-label="公开页面名称和个人资料备注" class="_navButton_gromb_12 " data-tauri-drag-region="false">…</button> aka getByLabel('公开页面名称和个人资料备注')
        2) <div tabindex="0" role="button" data-ui-card="default" class="_card_1fuaw_1 _interactive_1fuaw_9 ">…</div> aka getByRole('main').getByRole('button', { name: '公开页面名称和个人资料备注' })

    Call log:
    [2m  - Expect "toBeVisible" with timeout 5000ms[22m
    [2m  - waiting for getByRole('button', { name: '公开页面名称和个人资料备注', exact: true })[22m


      62 |   );
      63 |   await login(page);
    > 64 |   await expect(page.getByRole('button', { name: longName, exact: true })).toBeVisible();
         |                                                                           ^
      65 | }
      66 |
      67 | for (const platform of ['macos', 'windows']) {
        at prepare (/Users/zzc/PycharmProjects/SoloSoul/tauri/e2e/sidebar-label-scroll.spec.ts:64:75)
        at /Users/zzc/PycharmProjects/SoloSoul/tauri/e2e/sidebar-label-scroll.spec.ts:72:7

    Error Context: ../../../../../tmp/solosoul-sidebar-label-20261008/results/sidebar-label-scroll-macos-82bb4-d-reset-rename-stays-usable-webkit/error-context.md

  12) [webkit] › e2e/sidebar-label-scroll.spec.ts:69:5 › windows left: long names scroll alone, reveal tail and reset; rename stays usable 

    Error: [2mexpect([22m[31mlocator[39m[2m).[22mtoBeVisible[2m([22m[2m)[22m failed

    Locator: getByRole('button', { name: '公开页面名称和个人资料备注', exact: true })
    Expected: visible
    Error: strict mode violation: getByRole('button', { name: '公开页面名称和个人资料备注', exact: true }) resolved to 2 elements:
        1) <button aria-label="公开页面名称和个人资料备注" class="_navButton_gromb_12 " data-tauri-drag-region="false">…</button> aka getByLabel('公开页面名称和个人资料备注')
        2) <div tabindex="0" role="button" data-ui-card="default" class="_card_1fuaw_1 _interactive_1fuaw_9 ">…</div> aka getByRole('main').getByRole('button', { name: '公开页面名称和个人资料备注' })

    Call log:
    [2m  - Expect "toBeVisible" with timeout 5000ms[22m
    [2m  - waiting for getByRole('button', { name: '公开页面名称和个人资料备注', exact: true })[22m


      62 |   );
      63 |   await login(page);
    > 64 |   await expect(page.getByRole('button', { name: longName, exact: true })).toBeVisible();
         |                                                                           ^
      65 | }
      66 |
      67 | for (const platform of ['macos', 'windows']) {
        at prepare (/Users/zzc/PycharmProjects/SoloSoul/tauri/e2e/sidebar-label-scroll.spec.ts:64:75)
        at /Users/zzc/PycharmProjects/SoloSoul/tauri/e2e/sidebar-label-scroll.spec.ts:72:7

    Error Context: ../../../../../tmp/solosoul-sidebar-label-20261008/results/sidebar-label-scroll-windo-e6094-d-reset-rename-stays-usable-webkit/error-context.md

  13) [webkit] › e2e/sidebar-label-scroll.spec.ts:69:5 › windows right: long names scroll alone, reveal tail and reset; rename stays usable 

    Error: [2mexpect([22m[31mlocator[39m[2m).[22mtoBeVisible[2m([22m[2m)[22m failed

    Locator: getByRole('button', { name: '公开页面名称和个人资料备注', exact: true })
    Expected: visible
    Error: strict mode violation: getByRole('button', { name: '公开页面名称和个人资料备注', exact: true }) resolved to 2 elements:
        1) <button aria-label="公开页面名称和个人资料备注" class="_navButton_gromb_12 " data-tauri-drag-region="false">…</button> aka getByLabel('公开页面名称和个人资料备注')
        2) <div tabindex="0" role="button" data-ui-card="default" class="_card_1fuaw_1 _interactive_1fuaw_9 ">…</div> aka getByRole('main').getByRole('button', { name: '公开页面名称和个人资料备注' })

    Call log:
    [2m  - Expect "toBeVisible" with timeout 5000ms[22m
    [2m  - waiting for getByRole('button', { name: '公开页面名称和个人资料备注', exact: true })[22m


      62 |   );
      63 |   await login(page);
    > 64 |   await expect(page.getByRole('button', { name: longName, exact: true })).toBeVisible();
         |                                                                           ^
      65 | }
      66 |
      67 | for (const platform of ['macos', 'windows']) {
        at prepare (/Users/zzc/PycharmProjects/SoloSoul/tauri/e2e/sidebar-label-scroll.spec.ts:64:75)
        at /Users/zzc/PycharmProjects/SoloSoul/tauri/e2e/sidebar-label-scroll.spec.ts:72:7

    Error Context: ../../../../../tmp/solosoul-sidebar-label-20261008/results/sidebar-label-scroll-windo-68c41-d-reset-rename-stays-usable-webkit/error-context.md

  14) [webkit] › e2e/sidebar-label-scroll.spec.ts:122:1 › keyboard focus scrolls; system and native reduced motion cancel and show complete name 

    Error: [2mexpect([22m[31mlocator[39m[2m).[22mtoBeVisible[2m([22m[2m)[22m failed

    Locator: getByRole('button', { name: '公开页面名称和个人资料备注', exact: true })
    Expected: visible
    Error: strict mode violation: getByRole('button', { name: '公开页面名称和个人资料备注', exact: true }) resolved to 2 elements:
        1) <button aria-label="公开页面名称和个人资料备注" class="_navButton_gromb_12 " data-tauri-drag-region="false">…</button> aka getByLabel('公开页面名称和个人资料备注')
        2) <div tabindex="0" role="button" data-ui-card="default" class="_card_1fuaw_1 _interactive_1fuaw_9 ">…</div> aka getByRole('main').getByRole('button', { name: '公开页面名称和个人资料备注' })

    Call log:
    [2m  - Expect "toBeVisible" with timeout 5000ms[22m
    [2m  - waiting for getByRole('button', { name: '公开页面名称和个人资料备注', exact: true })[22m


      62 |   );
      63 |   await login(page);
    > 64 |   await expect(page.getByRole('button', { name: longName, exact: true })).toBeVisible();
         |                                                                           ^
      65 | }
      66 |
      67 | for (const platform of ['macos', 'windows']) {
        at prepare (/Users/zzc/PycharmProjects/SoloSoul/tauri/e2e/sidebar-label-scroll.spec.ts:64:75)
        at /Users/zzc/PycharmProjects/SoloSoul/tauri/e2e/sidebar-label-scroll.spec.ts:125:3

    Error Context: ../../../../../tmp/solosoul-sidebar-label-20261008/results/sidebar-label-scroll-keybo-53147-ncel-and-show-complete-name-webkit/error-context.md

  15) [webkit] › e2e/sidebar-label-scroll.spec.ts:153:1 › application reduced motion keeps the whole name in the hover card 

    Error: [2mexpect([22m[31mlocator[39m[2m).[22mtoBeVisible[2m([22m[2m)[22m failed

    Locator: getByRole('button', { name: '公开页面名称和个人资料备注', exact: true })
    Expected: visible
    Error: strict mode violation: getByRole('button', { name: '公开页面名称和个人资料备注', exact: true }) resolved to 2 elements:
        1) <button aria-label="公开页面名称和个人资料备注" class="_navButton_gromb_12 " data-tauri-drag-region="false">…</button> aka getByLabel('公开页面名称和个人资料备注')
        2) <div tabindex="0" role="button" data-ui-card="default" class="_card_1fuaw_1 _interactive_1fuaw_9 ">…</div> aka getByRole('main').getByRole('button', { name: '公开页面名称和个人资料备注' })

    Call log:
    [2m  - Expect "toBeVisible" with timeout 5000ms[22m
    [2m  - waiting for getByRole('button', { name: '公开页面名称和个人资料备注', exact: true })[22m


      62 |   );
      63 |   await login(page);
    > 64 |   await expect(page.getByRole('button', { name: longName, exact: true })).toBeVisible();
         |                                                                           ^
      65 | }
      66 |
      67 | for (const platform of ['macos', 'windows']) {
        at prepare (/Users/zzc/PycharmProjects/SoloSoul/tauri/e2e/sidebar-label-scroll.spec.ts:64:75)
        at /Users/zzc/PycharmProjects/SoloSoul/tauri/e2e/sidebar-label-scroll.spec.ts:154:3

    Error Context: ../../../../../tmp/solosoul-sidebar-label-20261008/results/sidebar-label-scroll-appli-32beb-hole-name-in-the-hover-card-webkit/error-context.md

  16) [webkit] › e2e/sidebar-label-scroll.spec.ts:164:3 › top: horizontal navigation retains its complete-name tooltip 

    Error: [2mexpect([22m[31mlocator[39m[2m).[22mtoBeVisible[2m([22m[2m)[22m failed

    Locator: getByRole('button', { name: '公开页面名称和个人资料备注', exact: true })
    Expected: visible
    Error: strict mode violation: getByRole('button', { name: '公开页面名称和个人资料备注', exact: true }) resolved to 2 elements:
        1) <button aria-label="公开页面名称和个人资料备注" class="_navButton_gromb_12 " data-tauri-drag-region="false">…</button> aka getByLabel('公开页面名称和个人资料备注')
        2) <div tabindex="0" role="button" data-ui-card="default" class="_card_1fuaw_1 _interactive_1fuaw_9 ">…</div> aka getByRole('main').getByRole('button', { name: '公开页面名称和个人资料备注' })

    Call log:
    [2m  - Expect "toBeVisible" with timeout 5000ms[22m
    [2m  - waiting for getByRole('button', { name: '公开页面名称和个人资料备注', exact: true })[22m


      62 |   );
      63 |   await login(page);
    > 64 |   await expect(page.getByRole('button', { name: longName, exact: true })).toBeVisible();
         |                                                                           ^
      65 | }
      66 |
      67 | for (const platform of ['macos', 'windows']) {
        at prepare (/Users/zzc/PycharmProjects/SoloSoul/tauri/e2e/sidebar-label-scroll.spec.ts:64:75)
        at /Users/zzc/PycharmProjects/SoloSoul/tauri/e2e/sidebar-label-scroll.spec.ts:165:5

    Error Context: ../../../../../tmp/solosoul-sidebar-label-20261008/results/sidebar-label-scroll-top-h-31ee3-s-its-complete-name-tooltip-webkit/error-context.md

  16 failed
    [chromium] › e2e/sidebar-label-scroll.spec.ts:69:5 › macos left: long names scroll alone, reveal tail and reset; rename stays usable 
    [chromium] › e2e/sidebar-label-scroll.spec.ts:69:5 › macos right: long names scroll alone, reveal tail and reset; rename stays usable 
    [chromium] › e2e/sidebar-label-scroll.spec.ts:69:5 › windows left: long names scroll alone, reveal tail and reset; rename stays usable 
    [chromium] › e2e/sidebar-label-scroll.spec.ts:69:5 › windows right: long names scroll alone, reveal tail and reset; rename stays usable 
    [chromium] › e2e/sidebar-label-scroll.spec.ts:122:1 › keyboard focus scrolls; system and native reduced motion cancel and show complete name 
    [chromium] › e2e/sidebar-label-scroll.spec.ts:153:1 › application reduced motion keeps the whole name in the hover card 
    [chromium] › e2e/sidebar-label-scroll.spec.ts:164:3 › top: horizontal navigation retains its complete-name tooltip 
    [chromium] › e2e/sidebar-label-scroll.spec.ts:164:3 › bottom: horizontal navigation retains its complete-name tooltip 
    [chromium] › e2e/sidebar-label-scroll.spec.ts:173:1 › label remeasures font/container changes and falls back when animation is unavailable 
    [webkit] › e2e/sidebar-label-scroll.spec.ts:69:5 › macos left: long names scroll alone, reveal tail and reset; rename stays usable 
    [webkit] › e2e/sidebar-label-scroll.spec.ts:69:5 › macos right: long names scroll alone, reveal tail and reset; rename stays usable 
    [webkit] › e2e/sidebar-label-scroll.spec.ts:69:5 › windows left: long names scroll alone, reveal tail and reset; rename stays usable 
    [webkit] › e2e/sidebar-label-scroll.spec.ts:69:5 › windows right: long names scroll alone, reveal tail and reset; rename stays usable 
    [webkit] › e2e/sidebar-label-scroll.spec.ts:122:1 › keyboard focus scrolls; system and native reduced motion cancel and show complete name 
    [webkit] › e2e/sidebar-label-scroll.spec.ts:153:1 › application reduced motion keeps the whole name in the hover card 
    [webkit] › e2e/sidebar-label-scroll.spec.ts:164:3 › top: horizontal navigation retains its complete-name tooltip 
  1 interrupted
    [webkit] › e2e/sidebar-label-scroll.spec.ts:164:3 › bottom: horizontal navigation retains its complete-name tooltip 
  1 did not run
