[2m[WebServer] [22m(node:41364) Warning: The 'NO_COLOR' env is ignored due to the 'FORCE_COLOR' env being set.
[2m[WebServer] [22m(Use `node --trace-warnings ...` to show where the warning was created)

Running 16 tests using 2 workers

(node:41372) Warning: The 'NO_COLOR' env is ignored due to the 'FORCE_COLOR' env being set.
(Use `node --trace-warnings ...` to show where the warning was created)
(node:41373) Warning: The 'NO_COLOR' env is ignored due to the 'FORCE_COLOR' env being set.
(Use `node --trace-warnings ...` to show where the warning was created)
(node:41372) Warning: The 'NO_COLOR' env is ignored due to the 'FORCE_COLOR' env being set.
(Use `node --trace-warnings ...` to show where the warning was created)
(node:41373) Warning: The 'NO_COLOR' env is ignored due to the 'FORCE_COLOR' env being set.
(Use `node --trace-warnings ...` to show where the warning was created)
  ✓   1 [chromium] › e2e/sidebar-label-scroll.spec.ts:71:5 › macos left: long names scroll alone, reveal tail and reset; rename stays usable (7.5s)
  ✓   2 [webkit] › e2e/sidebar-label-scroll.spec.ts:71:5 › macos left: long names scroll alone, reveal tail and reset; rename stays usable (7.4s)
  ✓   3 [chromium] › e2e/sidebar-label-scroll.spec.ts:71:5 › macos right: long names scroll alone, reveal tail and reset; rename stays usable (5.7s)
  ✓   4 [webkit] › e2e/sidebar-label-scroll.spec.ts:71:5 › macos right: long names scroll alone, reveal tail and reset; rename stays usable (6.2s)
  ✓   5 [chromium] › e2e/sidebar-label-scroll.spec.ts:71:5 › windows left: long names scroll alone, reveal tail and reset; rename stays usable (5.7s)
  ✓   6 [webkit] › e2e/sidebar-label-scroll.spec.ts:71:5 › windows left: long names scroll alone, reveal tail and reset; rename stays usable (5.9s)
  ✓   7 [chromium] › e2e/sidebar-label-scroll.spec.ts:71:5 › windows right: long names scroll alone, reveal tail and reset; rename stays usable (5.7s)
  ✓   8 [webkit] › e2e/sidebar-label-scroll.spec.ts:71:5 › windows right: long names scroll alone, reveal tail and reset; rename stays usable (5.8s)
  ✓   9 [chromium] › e2e/sidebar-label-scroll.spec.ts:124:1 › keyboard focus scrolls; system and native reduced motion cancel and show complete name (2.8s)
  ✓  11 [chromium] › e2e/sidebar-label-scroll.spec.ts:155:1 › application reduced motion keeps the whole name in the hover card (1.2s)
[2m[WebServer] [22m4:44:54 PM [vite] (client) [console.error] Cannot update a component (`AppNotifications`) while rendering a different component (`OcrInstallBanner`). To locate the bad setState() call inside `OcrInstallBanner`, follow the stack trace as described in https://react.dev/link/setstate-in-render
  ✘  10 [webkit] › e2e/sidebar-label-scroll.spec.ts:124:1 › keyboard focus scrolls; system and native reduced motion cancel and show complete name (6.4s)
(node:41795) Warning: The 'NO_COLOR' env is ignored due to the 'FORCE_COLOR' env being set.
(Use `node --trace-warnings ...` to show where the warning was created)
(node:41795) Warning: The 'NO_COLOR' env is ignored due to the 'FORCE_COLOR' env being set.
(Use `node --trace-warnings ...` to show where the warning was created)
  ✓  13 [webkit] › e2e/sidebar-label-scroll.spec.ts:155:1 › application reduced motion keeps the whole name in the hover card (1.7s)
[2m[WebServer] [22m4:44:57 PM [vite] (client) [console.error] Cannot update a component (`AppNotifications`) while rendering a different component (`OcrInstallBanner`). To locate the bad setState() call inside `OcrInstallBanner`, follow the stack trace as described in https://react.dev/link/setstate-in-render
  ✘  12 [chromium] › e2e/sidebar-label-scroll.spec.ts:166:3 › top: horizontal navigation retains its complete-name tooltip (6.1s)
(node:41855) Warning: The 'NO_COLOR' env is ignored due to the 'FORCE_COLOR' env being set.
(Use `node --trace-warnings ...` to show where the warning was created)
(node:41855) Warning: The 'NO_COLOR' env is ignored due to the 'FORCE_COLOR' env being set.
(Use `node --trace-warnings ...` to show where the warning was created)
[2m[WebServer] [22m4:45:02 PM [vite] (client) [console.error] Cannot update a component (`AppNotifications`) while rendering a different component (`OcrInstallBanner`). To locate the bad setState() call inside `OcrInstallBanner`, follow the stack trace as described in https://react.dev/link/setstate-in-render
  ✘  14 [webkit] › e2e/sidebar-label-scroll.spec.ts:166:3 › top: horizontal navigation retains its complete-name tooltip (6.4s)
(node:41913) Warning: The 'NO_COLOR' env is ignored due to the 'FORCE_COLOR' env being set.
(Use `node --trace-warnings ...` to show where the warning was created)
(node:41913) Warning: The 'NO_COLOR' env is ignored due to the 'FORCE_COLOR' env being set.
(Use `node --trace-warnings ...` to show where the warning was created)
[2m[WebServer] [22m4:45:03 PM [vite] (client) [console.error] Cannot update a component (`AppNotifications`) while rendering a different component (`OcrInstallBanner`). To locate the bad setState() call inside `OcrInstallBanner`, follow the stack trace as described in https://react.dev/link/setstate-in-render
  ✘  15 [chromium] › e2e/sidebar-label-scroll.spec.ts:166:3 › bottom: horizontal navigation retains its complete-name tooltip (6.2s)
[2m[WebServer] [22m4:45:10 PM [vite] (client) [console.error] Cannot update a component (`AppNotifications`) while rendering a different component (`OcrInstallBanner`). To locate the bad setState() call inside `OcrInstallBanner`, follow the stack trace as described in https://react.dev/link/setstate-in-render
  ✘  16 [webkit] › e2e/sidebar-label-scroll.spec.ts:166:3 › bottom: horizontal navigation retains its complete-name tooltip (6.6s)


  1) [chromium] › e2e/sidebar-label-scroll.spec.ts:166:3 › top: horizontal navigation retains its complete-name tooltip 

    Error: [2mexpect([22m[31mlocator[39m[2m).[22mtoBeVisible[2m([22m[2m)[22m failed

    Locator: locator('#desktop-navigation').getByRole('button', { name: '公开页面名称和个人资料备注', exact: true })
    Expected: visible
    Timeout: 5000ms
    Error: element(s) not found

    Call log:
    [2m  - Expect "toBeVisible" with timeout 5000ms[22m
    [2m  - waiting for locator('#desktop-navigation').getByRole('button', { name: '公开页面名称和个人资料备注', exact: true })[22m


      64 |   await expect(
      65 |     page.locator('#desktop-navigation').getByRole('button', { name: longName, exact: true }),
    > 66 |   ).toBeVisible();
         |     ^
      67 | }
      68 |
      69 | for (const platform of ['macos', 'windows']) {
        at prepare (/Users/zzc/PycharmProjects/SoloSoul/tauri/e2e/sidebar-label-scroll.spec.ts:66:5)
        at /Users/zzc/PycharmProjects/SoloSoul/tauri/e2e/sidebar-label-scroll.spec.ts:167:5

    Error Context: ../../../../../tmp/solosoul-sidebar-label-20261008/results/sidebar-label-scroll-top-h-31ee3-s-its-complete-name-tooltip-chromium/error-context.md

  2) [chromium] › e2e/sidebar-label-scroll.spec.ts:166:3 › bottom: horizontal navigation retains its complete-name tooltip 

    Error: [2mexpect([22m[31mlocator[39m[2m).[22mtoBeVisible[2m([22m[2m)[22m failed

    Locator: locator('#desktop-navigation').getByRole('button', { name: '公开页面名称和个人资料备注', exact: true })
    Expected: visible
    Timeout: 5000ms
    Error: element(s) not found

    Call log:
    [2m  - Expect "toBeVisible" with timeout 5000ms[22m
    [2m  - waiting for locator('#desktop-navigation').getByRole('button', { name: '公开页面名称和个人资料备注', exact: true })[22m


      64 |   await expect(
      65 |     page.locator('#desktop-navigation').getByRole('button', { name: longName, exact: true }),
    > 66 |   ).toBeVisible();
         |     ^
      67 | }
      68 |
      69 | for (const platform of ['macos', 'windows']) {
        at prepare (/Users/zzc/PycharmProjects/SoloSoul/tauri/e2e/sidebar-label-scroll.spec.ts:66:5)
        at /Users/zzc/PycharmProjects/SoloSoul/tauri/e2e/sidebar-label-scroll.spec.ts:167:5

    Error Context: ../../../../../tmp/solosoul-sidebar-label-20261008/results/sidebar-label-scroll-botto-ae3de-s-its-complete-name-tooltip-chromium/error-context.md

  3) [webkit] › e2e/sidebar-label-scroll.spec.ts:124:1 › keyboard focus scrolls; system and native reduced motion cancel and show complete name 

    Error: [2mexpect([22m[31mlocator[39m[2m).[22mtoBeFocused[2m([22m[2m)[22m failed

    Locator:  locator('#desktop-navigation').getByRole('button', { name: '公开页面名称和个人资料备注', exact: true })
    Expected: focused
    Received: inactive
    Timeout:  5000ms

    Call log:
    [2m  - Expect "toBeFocused" with timeout 5000ms[22m
    [2m  - waiting for locator('#desktop-navigation').getByRole('button', { name: '公开页面名称和个人资料备注', exact: true })[22m
    [2m    14 × locator resolved to <button aria-label="公开页面名称和个人资料备注" class="_navButton_gromb_12 " data-tauri-drag-region="false">…</button>[22m
    [2m       - unexpected value "inactive"[22m


      133 |   await nav.getByRole('button', { name: '短页', exact: true }).focus();
      134 |   await page.keyboard.press('Tab');
    > 135 |   await expect(button).toBeFocused();
          |                        ^
      136 |   await expect(viewport).toHaveAttribute('data-scroll-state', 'forward');
      137 |   await page.emulateMedia({ reducedMotion: 'reduce' });
      138 |   await expect(track).toHaveCSS('transform', 'none');
        at /Users/zzc/PycharmProjects/SoloSoul/tauri/e2e/sidebar-label-scroll.spec.ts:135:24

    Error Context: ../../../../../tmp/solosoul-sidebar-label-20261008/results/sidebar-label-scroll-keybo-53147-ncel-and-show-complete-name-webkit/error-context.md

  4) [webkit] › e2e/sidebar-label-scroll.spec.ts:166:3 › top: horizontal navigation retains its complete-name tooltip 

    Error: [2mexpect([22m[31mlocator[39m[2m).[22mtoBeVisible[2m([22m[2m)[22m failed

    Locator: locator('#desktop-navigation').getByRole('button', { name: '公开页面名称和个人资料备注', exact: true })
    Expected: visible
    Timeout: 5000ms
    Error: element(s) not found

    Call log:
    [2m  - Expect "toBeVisible" with timeout 5000ms[22m
    [2m  - waiting for locator('#desktop-navigation').getByRole('button', { name: '公开页面名称和个人资料备注', exact: true })[22m


      64 |   await expect(
      65 |     page.locator('#desktop-navigation').getByRole('button', { name: longName, exact: true }),
    > 66 |   ).toBeVisible();
         |     ^
      67 | }
      68 |
      69 | for (const platform of ['macos', 'windows']) {
        at prepare (/Users/zzc/PycharmProjects/SoloSoul/tauri/e2e/sidebar-label-scroll.spec.ts:66:5)
        at /Users/zzc/PycharmProjects/SoloSoul/tauri/e2e/sidebar-label-scroll.spec.ts:167:5

    Error Context: ../../../../../tmp/solosoul-sidebar-label-20261008/results/sidebar-label-scroll-top-h-31ee3-s-its-complete-name-tooltip-webkit/error-context.md

  5) [webkit] › e2e/sidebar-label-scroll.spec.ts:166:3 › bottom: horizontal navigation retains its complete-name tooltip 

    Error: [2mexpect([22m[31mlocator[39m[2m).[22mtoBeVisible[2m([22m[2m)[22m failed

    Locator: locator('#desktop-navigation').getByRole('button', { name: '公开页面名称和个人资料备注', exact: true })
    Expected: visible
    Timeout: 5000ms
    Error: element(s) not found

    Call log:
    [2m  - Expect "toBeVisible" with timeout 5000ms[22m
    [2m  - waiting for locator('#desktop-navigation').getByRole('button', { name: '公开页面名称和个人资料备注', exact: true })[22m


      64 |   await expect(
      65 |     page.locator('#desktop-navigation').getByRole('button', { name: longName, exact: true }),
    > 66 |   ).toBeVisible();
         |     ^
      67 | }
      68 |
      69 | for (const platform of ['macos', 'windows']) {
        at prepare (/Users/zzc/PycharmProjects/SoloSoul/tauri/e2e/sidebar-label-scroll.spec.ts:66:5)
        at /Users/zzc/PycharmProjects/SoloSoul/tauri/e2e/sidebar-label-scroll.spec.ts:167:5

    Error Context: ../../../../../tmp/solosoul-sidebar-label-20261008/results/sidebar-label-scroll-botto-ae3de-s-its-complete-name-tooltip-webkit/error-context.md

  5 failed
    [chromium] › e2e/sidebar-label-scroll.spec.ts:166:3 › top: horizontal navigation retains its complete-name tooltip 
    [chromium] › e2e/sidebar-label-scroll.spec.ts:166:3 › bottom: horizontal navigation retains its complete-name tooltip 
    [webkit] › e2e/sidebar-label-scroll.spec.ts:124:1 › keyboard focus scrolls; system and native reduced motion cancel and show complete name 
    [webkit] › e2e/sidebar-label-scroll.spec.ts:166:3 › top: horizontal navigation retains its complete-name tooltip 
    [webkit] › e2e/sidebar-label-scroll.spec.ts:166:3 › bottom: horizontal navigation retains its complete-name tooltip 
  11 passed (49.0s)
