[2m[WebServer] [22m(node:43389) Warning: The 'NO_COLOR' env is ignored due to the 'FORCE_COLOR' env being set.
[2m[WebServer] [22m(Use `node --trace-warnings ...` to show where the warning was created)

Running 18 tests using 2 workers

(node:43393) Warning: The 'NO_COLOR' env is ignored due to the 'FORCE_COLOR' env being set.
(Use `node --trace-warnings ...` to show where the warning was created)
(node:43392) Warning: The 'NO_COLOR' env is ignored due to the 'FORCE_COLOR' env being set.
(Use `node --trace-warnings ...` to show where the warning was created)
(node:43393) Warning: The 'NO_COLOR' env is ignored due to the 'FORCE_COLOR' env being set.
(Use `node --trace-warnings ...` to show where the warning was created)
(node:43392) Warning: The 'NO_COLOR' env is ignored due to the 'FORCE_COLOR' env being set.
(Use `node --trace-warnings ...` to show where the warning was created)
  ✓   1 [chromium] › e2e/sidebar-label-scroll.spec.ts:71:5 › macos left: long names scroll alone, reveal tail and reset; rename stays usable (7.5s)
  ✓   2 [webkit] › e2e/sidebar-label-scroll.spec.ts:71:5 › macos left: long names scroll alone, reveal tail and reset; rename stays usable (7.5s)
  ✓   3 [chromium] › e2e/sidebar-label-scroll.spec.ts:71:5 › macos right: long names scroll alone, reveal tail and reset; rename stays usable (5.7s)
  ✓   4 [webkit] › e2e/sidebar-label-scroll.spec.ts:71:5 › macos right: long names scroll alone, reveal tail and reset; rename stays usable (6.1s)
  ✓   5 [chromium] › e2e/sidebar-label-scroll.spec.ts:71:5 › windows left: long names scroll alone, reveal tail and reset; rename stays usable (5.9s)
  ✓   6 [webkit] › e2e/sidebar-label-scroll.spec.ts:71:5 › windows left: long names scroll alone, reveal tail and reset; rename stays usable (6.2s)
  ✓   7 [chromium] › e2e/sidebar-label-scroll.spec.ts:71:5 › windows right: long names scroll alone, reveal tail and reset; rename stays usable (5.9s)
  ✓   8 [webkit] › e2e/sidebar-label-scroll.spec.ts:71:5 › windows right: long names scroll alone, reveal tail and reset; rename stays usable (6.5s)
  ✓   9 [chromium] › e2e/sidebar-label-scroll.spec.ts:124:1 › keyboard focus scrolls; system and native reduced motion cancel and show complete name (4.7s)
  ✓  10 [webkit] › e2e/sidebar-label-scroll.spec.ts:124:1 › keyboard focus scrolls; system and native reduced motion cancel and show complete name (4.9s)
  ✓  11 [chromium] › e2e/sidebar-label-scroll.spec.ts:156:1 › application reduced motion keeps the whole name in the hover card (2.4s)
  ✓  13 [chromium] › e2e/sidebar-label-scroll.spec.ts:167:3 › top: horizontal navigation retains its complete-name tooltip (2.0s)
  ✓  12 [webkit] › e2e/sidebar-label-scroll.spec.ts:156:1 › application reduced motion keeps the whole name in the hover card (3.2s)
  ✓  14 [chromium] › e2e/sidebar-label-scroll.spec.ts:167:3 › bottom: horizontal navigation retains its complete-name tooltip (2.1s)
  ✓  15 [webkit] › e2e/sidebar-label-scroll.spec.ts:167:3 › top: horizontal navigation retains its complete-name tooltip (2.9s)
  ✓  16 [chromium] › e2e/sidebar-label-scroll.spec.ts:178:1 › label remeasures font/container changes and falls back when animation is unavailable (2.2s)
  ✓  17 [webkit] › e2e/sidebar-label-scroll.spec.ts:167:3 › bottom: horizontal navigation retains its complete-name tooltip (2.6s)
  ✓  18 [webkit] › e2e/sidebar-label-scroll.spec.ts:178:1 › label remeasures font/container changes and falls back when animation is unavailable (2.4s)

  18 passed (44.8s)
