
Running 16 tests using 2 workers

(node:40743) Warning: The 'NO_COLOR' env is ignored due to the 'FORCE_COLOR' env being set.
(Use `node --trace-warnings ...` to show where the warning was created)
(node:40744) Warning: The 'NO_COLOR' env is ignored due to the 'FORCE_COLOR' env being set.
(Use `node --trace-warnings ...` to show where the warning was created)
(node:40743) Warning: The 'NO_COLOR' env is ignored due to the 'FORCE_COLOR' env being set.
(Use `node --trace-warnings ...` to show where the warning was created)
(node:40744) Warning: The 'NO_COLOR' env is ignored due to the 'FORCE_COLOR' env being set.
(Use `node --trace-warnings ...` to show where the warning was created)
  ✘   1 [chromium] › e2e/sidebar-label-scroll.spec.ts:71:5 › macos left: long names scroll alone, reveal tail and reset; rename stays usable (10.2s)
(node:40848) Warning: The 'NO_COLOR' env is ignored due to the 'FORCE_COLOR' env being set.
(Use `node --trace-warnings ...` to show where the warning was created)
(node:40848) Warning: The 'NO_COLOR' env is ignored due to the 'FORCE_COLOR' env being set.
(Use `node --trace-warnings ...` to show where the warning was created)
  ✘   2 [webkit] › e2e/sidebar-label-scroll.spec.ts:71:5 › macos left: long names scroll alone, reveal tail and reset; rename stays usable (10.8s)
(node:40860) Warning: The 'NO_COLOR' env is ignored due to the 'FORCE_COLOR' env being set.
(Use `node --trace-warnings ...` to show where the warning was created)
(node:40860) Warning: The 'NO_COLOR' env is ignored due to the 'FORCE_COLOR' env being set.
(Use `node --trace-warnings ...` to show where the warning was created)
  ✘   3 [chromium] › e2e/sidebar-label-scroll.spec.ts:71:5 › macos right: long names scroll alone, reveal tail and reset; rename stays usable (10.1s)
(node:41010) Warning: The 'NO_COLOR' env is ignored due to the 'FORCE_COLOR' env being set.
(Use `node --trace-warnings ...` to show where the warning was created)
(node:41010) Warning: The 'NO_COLOR' env is ignored due to the 'FORCE_COLOR' env being set.
(Use `node --trace-warnings ...` to show where the warning was created)
  ✘   4 [webkit] › e2e/sidebar-label-scroll.spec.ts:71:5 › macos right: long names scroll alone, reveal tail and reset; rename stays usable (10.5s)
(node:41027) Warning: The 'NO_COLOR' env is ignored due to the 'FORCE_COLOR' env being set.
(Use `node --trace-warnings ...` to show where the warning was created)
(node:41027) Warning: The 'NO_COLOR' env is ignored due to the 'FORCE_COLOR' env being set.
(Use `node --trace-warnings ...` to show where the warning was created)
  ✘   5 [chromium] › e2e/sidebar-label-scroll.spec.ts:71:5 › windows left: long names scroll alone, reveal tail and reset; rename stays usable (10.1s)
(node:41171) Warning: The 'NO_COLOR' env is ignored due to the 'FORCE_COLOR' env being set.
(Use `node --trace-warnings ...` to show where the warning was created)
(node:41171) Warning: The 'NO_COLOR' env is ignored due to the 'FORCE_COLOR' env being set.
(Use `node --trace-warnings ...` to show where the warning was created)
  ✘   6 [webkit] › e2e/sidebar-label-scroll.spec.ts:71:5 › windows left: long names scroll alone, reveal tail and reset; rename stays usable (10.5s)
(node:41197) Warning: The 'NO_COLOR' env is ignored due to the 'FORCE_COLOR' env being set.
(Use `node --trace-warnings ...` to show where the warning was created)
(node:41197) Warning: The 'NO_COLOR' env is ignored due to the 'FORCE_COLOR' env being set.
(Use `node --trace-warnings ...` to show where the warning was created)
  ✘   8 [webkit] › e2e/sidebar-label-scroll.spec.ts:71:5 › windows right: long names scroll alone, reveal tail and reset; rename stays usable (2.2s)
  ✘   7 [chromium] › e2e/sidebar-label-scroll.spec.ts:71:5 › windows right: long names scroll alone, reveal tail and reset; rename stays usable (4.3s)


  1) [chromium] › e2e/sidebar-label-scroll.spec.ts:71:5 › macos left: long names scroll alone, reveal tail and reset; rename stays usable 

    TimeoutError: page.waitForSelector: Timeout 10000ms exceeded.
    Call log:
    [2m  - waiting for locator('input[type="text"]') to be visible[22m


       at fixtures/auth.ts:9

       7 | export async function login(page: Page) {
       8 |   await page.goto('/login');
    >  9 |   await page.waitForSelector('input[type="text"]', { timeout: 10000 });
         |              ^
      10 |   await page.locator('input[type="text"]').fill('any-password');
      11 |   await page.locator('button[type="submit"]').click();
      12 |   await page.waitForURL('/', { timeout: 10000 });
        at login (/Users/zzc/PycharmProjects/SoloSoul/tauri/e2e/fixtures/auth.ts:9:14)
        at prepare (/Users/zzc/PycharmProjects/SoloSoul/tauri/e2e/sidebar-label-scroll.spec.ts:63:3)
        at /Users/zzc/PycharmProjects/SoloSoul/tauri/e2e/sidebar-label-scroll.spec.ts:74:7

    Error Context: ../../../../../tmp/solosoul-sidebar-label-20261008/results/sidebar-label-scroll-macos-d04b3-d-reset-rename-stays-usable-chromium/error-context.md

  2) [chromium] › e2e/sidebar-label-scroll.spec.ts:71:5 › macos right: long names scroll alone, reveal tail and reset; rename stays usable 

    TimeoutError: page.waitForSelector: Timeout 10000ms exceeded.
    Call log:
    [2m  - waiting for locator('input[type="text"]') to be visible[22m


       at fixtures/auth.ts:9

       7 | export async function login(page: Page) {
       8 |   await page.goto('/login');
    >  9 |   await page.waitForSelector('input[type="text"]', { timeout: 10000 });
         |              ^
      10 |   await page.locator('input[type="text"]').fill('any-password');
      11 |   await page.locator('button[type="submit"]').click();
      12 |   await page.waitForURL('/', { timeout: 10000 });
        at login (/Users/zzc/PycharmProjects/SoloSoul/tauri/e2e/fixtures/auth.ts:9:14)
        at prepare (/Users/zzc/PycharmProjects/SoloSoul/tauri/e2e/sidebar-label-scroll.spec.ts:63:3)
        at /Users/zzc/PycharmProjects/SoloSoul/tauri/e2e/sidebar-label-scroll.spec.ts:74:7

    Error Context: ../../../../../tmp/solosoul-sidebar-label-20261008/results/sidebar-label-scroll-macos-82bb4-d-reset-rename-stays-usable-chromium/error-context.md

  3) [chromium] › e2e/sidebar-label-scroll.spec.ts:71:5 › windows left: long names scroll alone, reveal tail and reset; rename stays usable 

    TimeoutError: page.waitForSelector: Timeout 10000ms exceeded.
    Call log:
    [2m  - waiting for locator('input[type="text"]') to be visible[22m


       at fixtures/auth.ts:9

       7 | export async function login(page: Page) {
       8 |   await page.goto('/login');
    >  9 |   await page.waitForSelector('input[type="text"]', { timeout: 10000 });
         |              ^
      10 |   await page.locator('input[type="text"]').fill('any-password');
      11 |   await page.locator('button[type="submit"]').click();
      12 |   await page.waitForURL('/', { timeout: 10000 });
        at login (/Users/zzc/PycharmProjects/SoloSoul/tauri/e2e/fixtures/auth.ts:9:14)
        at prepare (/Users/zzc/PycharmProjects/SoloSoul/tauri/e2e/sidebar-label-scroll.spec.ts:63:3)
        at /Users/zzc/PycharmProjects/SoloSoul/tauri/e2e/sidebar-label-scroll.spec.ts:74:7

    Error Context: ../../../../../tmp/solosoul-sidebar-label-20261008/results/sidebar-label-scroll-windo-e6094-d-reset-rename-stays-usable-chromium/error-context.md

  4) [webkit] › e2e/sidebar-label-scroll.spec.ts:71:5 › macos left: long names scroll alone, reveal tail and reset; rename stays usable 

    TimeoutError: page.waitForSelector: Timeout 10000ms exceeded.
    Call log:
    [2m  - waiting for locator('input[type="text"]') to be visible[22m


       at fixtures/auth.ts:9

       7 | export async function login(page: Page) {
       8 |   await page.goto('/login');
    >  9 |   await page.waitForSelector('input[type="text"]', { timeout: 10000 });
         |              ^
      10 |   await page.locator('input[type="text"]').fill('any-password');
      11 |   await page.locator('button[type="submit"]').click();
      12 |   await page.waitForURL('/', { timeout: 10000 });
        at login (/Users/zzc/PycharmProjects/SoloSoul/tauri/e2e/fixtures/auth.ts:9:14)
        at prepare (/Users/zzc/PycharmProjects/SoloSoul/tauri/e2e/sidebar-label-scroll.spec.ts:63:3)
        at /Users/zzc/PycharmProjects/SoloSoul/tauri/e2e/sidebar-label-scroll.spec.ts:74:7

    Error Context: ../../../../../tmp/solosoul-sidebar-label-20261008/results/sidebar-label-scroll-macos-d04b3-d-reset-rename-stays-usable-webkit/error-context.md

  5) [webkit] › e2e/sidebar-label-scroll.spec.ts:71:5 › macos right: long names scroll alone, reveal tail and reset; rename stays usable 

    TimeoutError: page.waitForSelector: Timeout 10000ms exceeded.
    Call log:
    [2m  - waiting for locator('input[type="text"]') to be visible[22m


       at fixtures/auth.ts:9

       7 | export async function login(page: Page) {
       8 |   await page.goto('/login');
    >  9 |   await page.waitForSelector('input[type="text"]', { timeout: 10000 });
         |              ^
      10 |   await page.locator('input[type="text"]').fill('any-password');
      11 |   await page.locator('button[type="submit"]').click();
      12 |   await page.waitForURL('/', { timeout: 10000 });
        at login (/Users/zzc/PycharmProjects/SoloSoul/tauri/e2e/fixtures/auth.ts:9:14)
        at prepare (/Users/zzc/PycharmProjects/SoloSoul/tauri/e2e/sidebar-label-scroll.spec.ts:63:3)
        at /Users/zzc/PycharmProjects/SoloSoul/tauri/e2e/sidebar-label-scroll.spec.ts:74:7

    Error Context: ../../../../../tmp/solosoul-sidebar-label-20261008/results/sidebar-label-scroll-macos-82bb4-d-reset-rename-stays-usable-webkit/error-context.md

  6) [webkit] › e2e/sidebar-label-scroll.spec.ts:71:5 › windows left: long names scroll alone, reveal tail and reset; rename stays usable 

    TimeoutError: page.waitForSelector: Timeout 10000ms exceeded.
    Call log:
    [2m  - waiting for locator('input[type="text"]') to be visible[22m


       at fixtures/auth.ts:9

       7 | export async function login(page: Page) {
       8 |   await page.goto('/login');
    >  9 |   await page.waitForSelector('input[type="text"]', { timeout: 10000 });
         |              ^
      10 |   await page.locator('input[type="text"]').fill('any-password');
      11 |   await page.locator('button[type="submit"]').click();
      12 |   await page.waitForURL('/', { timeout: 10000 });
        at login (/Users/zzc/PycharmProjects/SoloSoul/tauri/e2e/fixtures/auth.ts:9:14)
        at prepare (/Users/zzc/PycharmProjects/SoloSoul/tauri/e2e/sidebar-label-scroll.spec.ts:63:3)
        at /Users/zzc/PycharmProjects/SoloSoul/tauri/e2e/sidebar-label-scroll.spec.ts:74:7

    Error Context: ../../../../../tmp/solosoul-sidebar-label-20261008/results/sidebar-label-scroll-windo-e6094-d-reset-rename-stays-usable-webkit/error-context.md

  7) [chromium] › e2e/sidebar-label-scroll.spec.ts:71:5 › windows right: long names scroll alone, reveal tail and reset; rename stays usable 

    Test was interrupted.

    Error: page.waitForSelector: Test ended.
    Call log:
    [2m  - waiting for locator('input[type="text"]') to be visible[22m


       at fixtures/auth.ts:9

       7 | export async function login(page: Page) {
       8 |   await page.goto('/login');
    >  9 |   await page.waitForSelector('input[type="text"]', { timeout: 10000 });
         |              ^
      10 |   await page.locator('input[type="text"]').fill('any-password');
      11 |   await page.locator('button[type="submit"]').click();
      12 |   await page.waitForURL('/', { timeout: 10000 });
        at login (/Users/zzc/PycharmProjects/SoloSoul/tauri/e2e/fixtures/auth.ts:9:14)
        at prepare (/Users/zzc/PycharmProjects/SoloSoul/tauri/e2e/sidebar-label-scroll.spec.ts:63:3)
        at /Users/zzc/PycharmProjects/SoloSoul/tauri/e2e/sidebar-label-scroll.spec.ts:74:7

    Error Context: ../../../../../tmp/solosoul-sidebar-label-20261008/results/sidebar-label-scroll-windo-68c41-d-reset-rename-stays-usable-chromium/error-context.md

  8) [webkit] › e2e/sidebar-label-scroll.spec.ts:71:5 › windows right: long names scroll alone, reveal tail and reset; rename stays usable 

    Test was interrupted.

    Error: page.waitForSelector: Test ended.
    Call log:
    [2m  - waiting for locator('input[type="text"]') to be visible[22m


       at fixtures/auth.ts:9

       7 | export async function login(page: Page) {
       8 |   await page.goto('/login');
    >  9 |   await page.waitForSelector('input[type="text"]', { timeout: 10000 });
         |              ^
      10 |   await page.locator('input[type="text"]').fill('any-password');
      11 |   await page.locator('button[type="submit"]').click();
      12 |   await page.waitForURL('/', { timeout: 10000 });
        at login (/Users/zzc/PycharmProjects/SoloSoul/tauri/e2e/fixtures/auth.ts:9:14)
        at prepare (/Users/zzc/PycharmProjects/SoloSoul/tauri/e2e/sidebar-label-scroll.spec.ts:63:3)
        at /Users/zzc/PycharmProjects/SoloSoul/tauri/e2e/sidebar-label-scroll.spec.ts:74:7

    Error Context: ../../../../../tmp/solosoul-sidebar-label-20261008/results/sidebar-label-scroll-windo-68c41-d-reset-rename-stays-usable-webkit/error-context.md

  6 failed
    [chromium] › e2e/sidebar-label-scroll.spec.ts:71:5 › macos left: long names scroll alone, reveal tail and reset; rename stays usable 
    [chromium] › e2e/sidebar-label-scroll.spec.ts:71:5 › macos right: long names scroll alone, reveal tail and reset; rename stays usable 
    [chromium] › e2e/sidebar-label-scroll.spec.ts:71:5 › windows left: long names scroll alone, reveal tail and reset; rename stays usable 
    [webkit] › e2e/sidebar-label-scroll.spec.ts:71:5 › macos left: long names scroll alone, reveal tail and reset; rename stays usable 
    [webkit] › e2e/sidebar-label-scroll.spec.ts:71:5 › macos right: long names scroll alone, reveal tail and reset; rename stays usable 
    [webkit] › e2e/sidebar-label-scroll.spec.ts:71:5 › windows left: long names scroll alone, reveal tail and reset; rename stays usable 
  2 interrupted
    [chromium] › e2e/sidebar-label-scroll.spec.ts:71:5 › windows right: long names scroll alone, reveal tail and reset; rename stays usable 
    [webkit] › e2e/sidebar-label-scroll.spec.ts:71:5 › windows right: long names scroll alone, reveal tail and reset; rename stays usable 
  8 did not run
