Exported 90 attachments for: ProbeTests/testCurrentProductionNativeFilesAndPreviews():
File: FDEF7D36-AA5E-4169-BCC7-C3F360788D7C.txt, suggested name: "final-state-hierarchy_0_384ACCB9-D8CA-4444-8C2F-AFDBA7B3AF2C.txt"
File: 59E6B789-FAB7-410D-A4D6-D4689A6C6B0A.png, suggested name: "final-state_0_C3E1BE48-9F3E-40ED-A1A9-E68E49D7C55D.png"
File: C3A6C862-03A3-4D06-AB02-6572A83AC674.txt, suggested name: "dark-returned-to-workspace-hierarchy_0_AB59E14E-041B-4093-8B38-C035732D68D2.txt"
File: F04FA625-E538-4F16-A94C-5BAB6D5E564B.png, suggested name: "dark-returned-to-workspace_0_073A0683-C747-46D8-968F-7B94A3C0EEA1.png"
File: 7F987179-680F-45ED-A35B-41774B16951B.txt, suggested name: "dark-returned-to-object-detail-hierarchy_0_00C2BE2D-338A-4943-97A9-C8FC275FA224.txt"
File: 333ECFAD-6C3B-480E-9CFA-AED5FF86C635.png, suggested name: "dark-returned-to-object-detail_0_9A701AAB-1030-47A5-80E3-3AA42D199CFB.png"
File: CDF4E173-E4A3-4163-A443-BCE0FDC8CF72.txt, suggested name: "dark-album-returned-to-attachments-hierarchy_0_640CBDC6-C7FB-4EF1-B744-33107ADFCA71.txt"
File: EE499C55-3C93-4795-B2C0-84C15E97E75C.png, suggested name: "dark-album-returned-to-attachments_0_30B08A77-BF2E-467A-997D-4AB6E5E54C58.png"
File: 5569ABCA-3AF5-4818-9534-5B096ACE295D.txt, suggested name: "dark-viewer-returned-to-album-hierarchy_0_8D8F0F09-A7CB-4338-A734-1DEB41F1DC62.txt"
File: 3F954EEE-E070-4F9D-9E39-2A568A10FEFF.png, suggested name: "dark-viewer-returned-to-album_0_70235379-943F-449D-ADF8-5451803FB534.png"
File: CDC666FC-D0CB-4B66-8F50-00C2AD3A4273.txt, suggested name: "dark-public-photo-viewer-hierarchy_0_DB908B3A-6691-4E87-8B73-38C874F4BD29.txt"
File: 3580480F-7969-4E06-997E-BF430D788AEF.png, suggested name: "dark-public-photo-viewer_0_2FC5B44F-AD97-4058-8B26-A4684A250DD6.png"
File: 290F699B-DDD9-423B-BAF7-A1AA03D1A27C.txt, suggested name: "dark-public-photo-album-hierarchy_0_A2F3A6FA-85BC-4840-AD4C-D097B2036386.txt"
File: E7C74B9D-5E53-42AE-AA8D-034CD2C8BCAF.png, suggested name: "dark-public-photo-album_0_088DBABC-AE89-494F-9579-DE828702FBD7.png"
File: 78DAF811-133B-4B4E-9AAD-2DD564E8048A.txt, suggested name: "dark-text-returned-to-attachments-hierarchy_0_42A0872A-AB9E-4675-9451-5AC9E437ACC6.txt"
File: 5AD8AB22-A0D2-4F6D-8CB1-77E224D4C2F5.png, suggested name: "dark-text-returned-to-attachments_0_5F6601FC-E8D4-4A5A-AA18-287C3F63F465.png"
File: BFC666D3-BCAB-4A58-9284-3E1E2A7D76C2.txt, suggested name: "dark-public-text-preview-hierarchy_0_CF8C69E6-DA61-4203-9D14-088AD6C258B3.txt"
File: 70E121DD-DA15-4377-9E53-0A9DA7E9129D.png, suggested name: "dark-public-text-preview_0_AF876269-B24D-441D-8FDD-E3CF6E8F67A8.png"
File: 4D97183D-3AAD-4905-B4C0-A7BCE37A950A.txt, suggested name: "dark-nonempty-attachments-hierarchy_0_ACB4FBA1-6060-45CA-8F1D-71D02CBA8394.txt"
File: 1CB49C89-833A-420C-9699-1D381533A8F1.png, suggested name: "dark-nonempty-attachments_0_E4F7127E-A2F0-46AE-905E-0FBB21582557.png"
File: 83AAA0A1-42DB-44E0-AB36-EEF2C86737E8.txt, suggested name: "actual-dark-theme-selected-hierarchy_0_072A6835-106D-45A8-8751-A6655B89E361.txt"
File: B70DD11D-F769-4FCB-B32C-141B3FCE0A8C.png, suggested name: "actual-dark-theme-selected_0_93DFB36E-CCEE-42B4-8B25-B5D7084F9AD7.png"
File: 6642BD78-5AA1-441F-A0EB-E75BB30CAE88.txt, suggested name: "light-returned-to-workspace-hierarchy_0_1D0DBAEC-8273-4B8D-8210-2E5D95E4A398.txt"
File: 1CE3AD64-1FCB-4709-B1AA-B527A50541AD.png, suggested name: "light-returned-to-workspace_0_9857E9B5-6FB9-4E87-885B-D7C8C1964E2C.png"
File: ADE3F177-C8E6-4DDA-B4CB-F93050D4A1C6.txt, suggested name: "light-returned-to-object-detail-hierarchy_0_14ACEA24-722E-4DE5-9748-CE49E9CB0EE4.txt"
File: A59B7BD3-738F-40DB-8FF9-843789EF6566.png, suggested name: "light-returned-to-object-detail_0_46E40D94-538D-4578-8AED-BC3C0C3CF679.png"
File: 0ACAF87D-2CEC-4D0D-A4F7-06DC6AD86DEF.txt, suggested name: "light-album-returned-to-attachments-hierarchy_0_FEABC95C-853F-404E-B7EE-39814FE06169.txt"
File: A5927118-541F-4D36-86AB-FB295E1FE9B6.png, suggested name: "light-album-returned-to-attachments_0_878F2780-355F-4D57-9D73-25C1994FC99E.png"
File: D5EB08B1-DA49-4348-A734-98E64564E3BF.txt, suggested name: "light-viewer-returned-to-album-hierarchy_0_A22DBEB2-7FF4-43CA-8123-97B74214B055.txt"
File: 63C9AC7B-E181-4FAE-8758-15B51385A18E.png, suggested name: "light-viewer-returned-to-album_0_4E189462-7C0D-47BC-93D1-DAFAA6BD3FD1.png"
File: 425EB4B6-9DCA-4D74-BBAC-BE5B100CAA17.txt, suggested name: "light-public-photo-viewer-hierarchy_0_5DBD6761-D42B-41D4-8EE6-B05FC0E4036A.txt"
File: A6A7384F-2088-4E21-B0C3-05BF395308D3.png, suggested name: "light-public-photo-viewer_0_C81C7ADC-209D-438A-AF43-3AC2A4F12D43.png"
File: 5E1D8D70-A782-4348-BD94-8D71259A74F2.txt, suggested name: "light-public-photo-album-hierarchy_0_9716CE93-D18B-4F6E-84EF-CAFC1C374995.txt"
File: 859639B1-4DD2-473D-A39E-07363A1B02C6.png, suggested name: "light-public-photo-album_0_AAFA3444-88B0-4ED6-BE6E-27B77C351EEF.png"
File: 0B95AA0A-98C7-4030-8207-7D5C2D62ED6E.txt, suggested name: "imported-public-photo-hierarchy_0_36506CEF-8253-4BB0-9A5D-054107F71C92.txt"
File: 13143D0B-290C-458D-87DE-3EF1E589E5CB.png, suggested name: "imported-public-photo_0_EA3A666F-3C1B-43E3-A94B-411DCBC49FB0.png"
File: 3661D887-DDB9-4AB2-98D8-7CF00525E1D2.txt, suggested name: "photo-native-picker-file-selected-hierarchy_0_AF3D7BE9-B79A-4520-A530-5476F74F23FE.txt"
File: B3332292-7C4A-4839-BE35-7EFB6D48A7E1.png, suggested name: "photo-native-picker-file-selected_0_EF15EC76-735C-44F8-9C61-A381FAA3E1FC.png"
File: 7C341B7D-11C2-44C6-83CD-663A3E5ADA56.txt, suggested name: "photo-native-picker-public-files-hierarchy_0_7802D5E2-B172-45CD-9431-5C2C999AA4C3.txt"
File: D494285A-EC29-498B-95FE-6BC23A8E931E.png, suggested name: "photo-native-picker-public-files_0_8BC0C237-0B09-493D-A1B1-40ED2BCFA431.png"
File: 8E2BEE0F-36F9-432D-99DE-4D8432E7D9B5.txt, suggested name: "photo-native-picker-open-hierarchy_0_01FC51CA-59D7-4BA7-94E8-75EBEEEA4319.txt"
File: 712FE493-B4CE-4CFE-B965-C3070EE541CF.png, suggested name: "photo-native-picker-open_0_91A1E694-24B5-4E0C-8F8C-41BB707453F8.png"
File: D94CEBF0-B813-4F9B-89B9-62D83A592DB8.txt, suggested name: "light-text-returned-to-attachments-hierarchy_0_C496732D-6CD5-4BCD-B1C2-22E05106EE2B.txt"
File: 626D45C3-7987-41F0-ADF6-A556510A151B.png, suggested name: "light-text-returned-to-attachments_0_434F43F0-9441-4867-848A-7E47741A993E.png"
File: 6F04716D-C01F-4D77-B4D8-644851781D4E.txt, suggested name: "light-public-text-preview-hierarchy_0_A516A38B-FD31-4427-BDEF-DAFCB31A558A.txt"
File: 618A94D3-B525-44E4-BA0F-0710A60688D2.png, suggested name: "light-public-text-preview_0_84214A6F-993B-41C3-A9B3-9E3A3DCC7CF1.png"
File: 22395AC1-4CFC-4561-9CBC-2ABAC30C6FAA.txt, suggested name: "imported-public-note-hierarchy_0_9142974C-96B5-496C-9A8D-ABF66D98D19F.txt"
File: 23A9FD0A-04E6-4861-9BD5-8DE367E81C41.png, suggested name: "imported-public-note_0_00E11B84-1463-4C02-AB23-F810CEA9EFD7.png"
File: A9AAA56A-2F55-4469-846E-2D1447451B46.txt, suggested name: "note-native-picker-file-selected-hierarchy_0_52905786-145A-48DA-8371-1C0CB7EB3238.txt"
File: 97FBCAAC-A160-4A67-8DAD-3E3247C0EEDC.png, suggested name: "note-native-picker-file-selected_0_00A1E487-403A-4E14-91A6-6474884E8243.png"
File: 0E9797B4-D07B-449E-BDEF-1D687F8C35D1.txt, suggested name: "note-native-picker-public-files-hierarchy_0_C36D5F40-27CF-4406-890A-6713EECB99F6.txt"
File: 033236E3-C520-462E-B3B7-9C14BE44E8BD.png, suggested name: "note-native-picker-public-files_0_692D0184-9A36-45DE-9E6F-3A410BE780FA.png"
File: E0C98AF3-6113-4B92-ACD3-1929515E1085.txt, suggested name: "note-native-picker-open-hierarchy_0_E9D96C7F-8E52-4E32-AE98-729251D2A4CA.txt"
File: 8AAF3C1B-FC6F-4293-8255-3DA597D2257F.png, suggested name: "note-native-picker-open_0_B392AC3A-23E0-4712-827B-F51F10CED77C.png"
File: 5EC94C13-56B0-442B-9B9D-7DFCA9359B06.txt, suggested name: "empty-attachments-panel-hierarchy_0_23509C67-C5FB-4B07-9640-5AE9CD611FB6.txt"
File: 7FEB39F3-920D-439F-872F-DF8C1E6B6298.png, suggested name: "empty-attachments-panel_0_0EC5D7ED-3390-492C-A1D6-8C30C699CD25.png"
File: 17CC95F5-E048-4D4B-BE8F-69C3603D54A0.txt, suggested name: "identity-detail-hierarchy_0_53A30516-8358-4E21-A0A5-1381CDE057CD.txt"
File: 2C89D210-9784-4F91-B360-8E873B3FE861.png, suggested name: "identity-detail_0_3661419C-FD93-4D1C-8400-420397D8E9E5.png"
File: 60AF2C44-19F3-402C-978A-EEE2E0601910.txt, suggested name: "populated-identity-workspace-hierarchy_0_991E9E74-46E2-4456-95D3-2C4C6D798648.txt"
File: 3FDAFC4E-9210-4141-87EE-9CD1D1847B64.png, suggested name: "populated-identity-workspace_0_A44A2DEB-B209-4A0B-8074-98809EE37AB0.png"
File: D4A35734-A6E6-4C8B-B4AF-3CD8F7A8A419.txt, suggested name: "editor-save-reachable-hierarchy_0_9ABD09C4-CB79-4918-8198-E8F5C6BB45AD.txt"
File: 5A70F864-8DAC-4746-B85F-C2D8C5855F6E.png, suggested name: "editor-save-reachable_0_CF9A80FA-68FE-4D2C-8D9C-EB8C6CBBE60F.png"
File: 4C5629CF-808F-48F7-A3D6-34B869C24042.txt, suggested name: "editor-after-real-viewport-scroll-hierarchy_0_5ACF3110-F424-46F7-AF9D-44752F08548D.txt"
File: 31E68B07-CB70-4044-9C03-001ADA4474A7.png, suggested name: "editor-after-real-viewport-scroll_0_06F00315-9DD0-449B-AD41-74E5A501718B.png"
File: CF51E1F4-D7C6-43B1-AF33-0D73A08A526F.txt, suggested name: "filled-identity-editor-hierarchy_0_CEA9EA5C-A6ED-490D-86EC-6A59BAB5C33D.txt"
File: 2DB5F3D6-E7EC-4773-9C6E-0A8E0595D765.png, suggested name: "filled-identity-editor_0_884152B6-9BAA-4C10-A502-F8862F42639D.png"
File: CC66F7A4-82F8-4DB3-A609-F4C1893356AB.txt, suggested name: "public-name-focused-before-typing-hierarchy_0_750B2E95-DEA8-4BCD-9D23-DEDF38EBA094.txt"
File: 37D820CC-874C-4324-B893-5D125CD69210.png, suggested name: "public-name-focused-before-typing_0_B364A4BC-7811-42DF-9CBF-9392105E84E3.png"
File: 6A9730AD-5EBD-402B-81FB-1D3D9E7BE8FD.txt, suggested name: "public-name-before-focus-hierarchy_0_F6190CAC-4CFC-4FB8-AADA-3FC5C7EB0D34.txt"
File: 5D8139B5-9BBC-4EAA-B1FC-6BD2DD9ED43F.png, suggested name: "public-name-before-focus_0_730A2601-045E-4A58-B968-09F699E99ABE.png"
File: 4F220598-67F5-435E-BE88-51DC90594ED2.txt, suggested name: "public-name-scroll-3-hierarchy_0_29134134-1A2D-459C-A202-72723CF02CD9.txt"
File: 3EF8221E-BA10-45A5-A819-D4C71BAD8DC6.png, suggested name: "public-name-scroll-3_0_31BF7A63-713D-4F09-898B-F9D877EF2A17.png"
File: 46423195-9A9B-48A7-9E76-D9E6DD589300.txt, suggested name: "public-name-scroll-2-hierarchy_0_6925F006-360D-40F2-B685-7895DDE2AF68.txt"
File: CC3FD9A8-7DEF-4A8B-807F-C6066EDFEAE3.png, suggested name: "public-name-scroll-2_0_9E377190-9019-4DF0-81F4-3737CBCA7E29.png"
File: 9FFF47F9-ADB7-466A-A769-5E14E223C0B1.txt, suggested name: "public-name-scroll-1-hierarchy_0_68EE8BA1-E6CB-4A1B-B90E-B7042BD39A92.txt"
File: 8D94A02B-8CCF-4AD6-9B91-A73B4393EA65.png, suggested name: "public-name-scroll-1_0_49CD3694-7831-4DAF-946B-693E4CFB3749.png"
File: F993A522-E3E1-4ABC-9325-19E1A70085D2.txt, suggested name: "public-name-scroll-0-hierarchy_0_5173B60D-76F8-44E7-9651-3E244B9D2AB8.txt"
File: C05C0D34-4C1B-4825-89FD-68CE11A366D5.png, suggested name: "public-name-scroll-0_0_31441CF2-DEA5-4CD9-8F96-491802B7947A.png"
File: 600220AC-74B2-4D19-AE65-6BF386A23959.txt, suggested name: "object-name-with-keyboard-hierarchy_0_AABB3B5F-814F-4430-ACC6-EA39B2D7BE17.txt"
File: D33617D7-5E3C-48FA-8D75-0757DA087EDF.png, suggested name: "object-name-with-keyboard_0_CE334D10-D1F1-4039-B07D-690C27C98E28.png"
File: 1B70323D-135F-485D-BD5F-B575CE93EFCA.txt, suggested name: "identity-template-editor-hierarchy_0_BEE752F7-C70E-43D5-B9F9-B0E99A4BB866.txt"
File: EF1FDA5E-BDD8-4F37-AE57-514B88A5BE02.png, suggested name: "identity-template-editor_0_A4457BA0-DD72-43B8-9E46-884DC6F9F59B.png"
File: F1643CCB-2C40-45DD-9938-568288502BFE.txt, suggested name: "empty-identity-workspace-hierarchy_0_75BC0E3B-8E63-418C-B6A9-1D920CFA313D.txt"
File: BAB7421B-AEC0-4A4B-898B-CEC3809ADE6E.png, suggested name: "empty-identity-workspace_0_73E955E7-2A68-444F-9096-2F4A2E5E0F8B.png"
File: C36CBD06-7686-4DE5-BEC8-6A1454EF779E.txt, suggested name: "expanded-mobile-navigation-hierarchy_0_2A7862DD-2C5E-496C-810E-25BCFA97D52C.txt"
File: 89EEA559-894C-4CEC-B6EA-44EF03012A3E.png, suggested name: "expanded-mobile-navigation_0_22374C83-8C2C-429F-8B9E-4375D73D9767.png"
File: 2D57F1AD-38F8-4E7A-9148-55592AB69B3B.txt, suggested name: "current-created-home-hierarchy_0_7E4BE5F5-35E6-4A45-BEBB-D3D2C70D3710.txt"
File: CAB0D8CA-C978-4323-AA36-CD6B879EA7ED.png, suggested name: "current-created-home_0_921845B8-0D41-4A7E-AE26-A8750F8F7504.png"
File: 0617A389-F7A0-4493-B3D6-EB50DE2587CF.txt, suggested name: "current-registration-hierarchy_0_13A7E6D0-606B-4332-8D3B-2A9467A4C078.txt"
File: 257FBEE0-D532-4FBC-9DD0-C368FFB414C9.png, suggested name: "current-registration_0_0C5CBCD2-D0E0-4DC1-96BD-6C3E0024246E.png"

Generated manifest file with attachment details: /tmp/solosoul-fe2-ios-current-native-previews-final-ui-20261008/attachments/manifest.json
