device-inventory 0
boot 0
boot-status 0
initial-appearance 0
data-container 0
installed-app 0
Full private backup verified 99
install-current-app 0
current-installed-app 0
current-data-container 0
launch-current-app 0
native-ui-test 65
ERROR native-ui-test failed: 2026-10-08 07:05:50.891 xcodebuild[88969:246579739] [MT] IDETestOperationsObserverDebug: 72.527 elapsed -- Testing started completed.
2026-10-08 07:05:50.891 xcodebuild[88969:246579739] [MT] IDETestOperationsObserverDebug: 0.000 sec, +0.000 sec -- start
2026-10-08 07:05:50.891 xcodebuild[88969:246579739] [MT] IDETestOperationsObserverDebug: 72.527 sec, +72.527 sec -- end
** TEST EXECUTE FAILED **


terminate-tested-app 0
restore-appearance 0
restored-appearance 0
uninstall-probe-host 0
uninstall-probe-runner 0
shutdown 0
{"passed": false, "restored": true, "error": "native-ui-test failed: 2026-10-08 07:05:50.891 xcodebuild[88969:246579739] [MT] IDETestOperationsObserverDebug: 72.527 elapsed -- Testing started completed.\n2026-10-08 07:05:50.891 xcodebuild[88969:246579739] [MT] IDETestOperationsObserverDebug: 0.000 sec, +0.000 sec -- start\n2026-10-08 07:05:50.891 xcodebuild[88969:246579739] [MT] IDETestOperationsObserverDebug: 72.527 sec, +72.527 sec -- end\n** TEST EXECUTE FAILED **\n\n", "restore_error": null, "simulator_shutdown_restored": true}
