Exported 93 attachments for: ProbeTests/testCurrentProductionNativeFilePickerAndPreview():
File: 996D479B-131D-4CB2-B647-91AEF9193B15.txt, suggested name: "native-file-picker-open-hierarchy_0_88BAA3E8-7918-4205-8CB9-1D368624516B.txt"
File: 384D2F1E-993F-45F0-8A52-075D1AADC341.png, suggested name: "native-file-picker-open_0_24304349-FB27-4BC8-A39C-615E9FFD146A.png"
File: E6713D32-9672-4F55-B2DC-502EBE76E963, suggested name: "UI Snapshot 2026-10-08 at 09.19.35 上午"
File: 83FDCAF8-DA05-4C31-A327-70F1FD5CF2E2, suggested name: "Synthesized Event 2026-10-08 at 09.19.36 上午"
File: 13E71C2F-6F47-40BA-B58C-05696A6D9618.txt, suggested name: "empty-attachments-panel-hierarchy_0_7D1E04B8-ADB7-4867-A42F-3F4A87E46184.txt"
File: FC2F526F-9A05-4684-85AC-886FED0A1076.png, suggested name: "empty-attachments-panel_0_44DBDC91-D7C0-41DD-8289-C9D65494C0D7.png"
File: C2659EB8-B0D0-4B9C-86E3-9B02E6D05DC5, suggested name: "UI Snapshot 2026-10-08 at 09.19.33 上午"
File: C273DDC0-B125-45C7-BF0D-0D45F3637C1E, suggested name: "Synthesized Event 2026-10-08 at 09.19.34 上午"
File: 90A55EBE-0EC3-4E5B-A373-013BD9741FBC.txt, suggested name: "identity-detail-hierarchy_0_81451646-F096-453E-B8A1-F96032ECDBBB.txt"
File: 0039F36D-7263-4DF8-9073-39033D2E45F2.png, suggested name: "identity-detail_0_74FD8614-574F-4AF9-8077-63DC11AA93DA.png"
File: A63C5567-2EDB-40BE-A608-A0D78728CE7E, suggested name: "UI Snapshot 2026-10-08 at 09.19.30 上午"
File: BE8334C7-8D42-4B7F-826A-1FA5E39DECFB, suggested name: "Synthesized Event 2026-10-08 at 09.19.31 上午"
File: BB61BAE6-F717-4911-8C8C-820DD9CA1BB9.txt, suggested name: "populated-identity-workspace-hierarchy_0_7EABD48F-245C-4C5D-8F5F-0B66C26B9985.txt"
File: 82FEBCD6-90C9-4DB2-B8BB-884365B71EF1.png, suggested name: "populated-identity-workspace_0_EA6795F3-A5DD-4D6A-A6B9-C5CF2D97510C.png"
File: 4B80AD39-1180-4AE1-B212-A426B4A1B09F, suggested name: "UI Snapshot 2026-10-08 at 09.19.28 上午"
File: 00FA664F-FBE9-409B-88E3-2AD09E082E70, suggested name: "Synthesized Event 2026-10-08 at 09.19.29 上午"
File: 48C5F8AE-ADE4-4557-B867-89F033190442.txt, suggested name: "editor-save-reachable-hierarchy_0_CBF3F69A-641A-4507-AB2C-5925C738BC51.txt"
File: FF462A31-C0A1-4F02-A779-4889D8B95977.png, suggested name: "editor-save-reachable_0_36BA716E-3DE2-4FB2-8CAB-C94EB2BABD97.png"
File: 9092D2FF-08C7-455D-A5E6-4A728B177E8C.txt, suggested name: "editor-after-real-viewport-scroll-hierarchy_0_3D7FA320-16AB-4090-AC35-8F3AC88E2183.txt"
File: 29ABAD00-FA3E-40D0-ADEA-CBE4FEDC1BB8.png, suggested name: "editor-after-real-viewport-scroll_0_E63A6FF5-2C66-4073-B994-45B3E9BE1FEB.png"
File: 31215A81-501E-4BA3-AFCF-930BB7E61C3D, suggested name: "UI Snapshot 2026-10-08 at 09.19.24 上午"
File: FDE869CA-E392-4A52-9189-F5462217F315, suggested name: "Synthesized Event 2026-10-08 at 09.19.25 上午"
File: FBF5DA24-8E00-4480-9DBA-1ADF18DF3C84, suggested name: "UI Snapshot 2026-10-08 at 09.19.21 上午"
File: 3E189E65-6EB2-4FB6-BB67-E64BFB649101, suggested name: "Synthesized Event 2026-10-08 at 09.19.22 上午"
File: 456BA9CC-75F1-423C-8F6E-41FD5560C742.txt, suggested name: "filled-identity-editor-hierarchy_0_17959A72-4677-4F66-9189-BD683A9138E4.txt"
File: C7A59DD8-8600-43BD-A04C-7469A4AC2F2C.png, suggested name: "filled-identity-editor_0_47441C02-1D15-44A7-8971-EDF0B07DD634.png"
File: E55A1256-BA4A-446B-8D30-A8C5AAE6CEB2, suggested name: "UI Snapshot 2026-10-08 at 09.19.19 上午"
File: D6A811C8-C78F-4A3D-BB77-69A3924FD645, suggested name: "Synthesized Event 2026-10-08 at 09.19.20 上午"
File: 213DE83A-D2C2-45FA-BAFC-546D64591FF9.txt, suggested name: "public-name-focused-before-typing-hierarchy_0_55485F35-E0B6-479E-8431-74A9B48E4A1D.txt"
File: 354F7449-6396-4733-AF9A-656E00D417DE.png, suggested name: "public-name-focused-before-typing_0_368178A1-B4C3-4112-96C9-5E96FEBFC6BC.png"
File: 6FBFF9D6-28C3-43A2-834E-6DA73AA48B85, suggested name: "UI Snapshot 2026-10-08 at 09.19.17 上午"
File: EAA4D15D-8983-4924-AF37-CBA3E4BBC28E, suggested name: "Synthesized Event 2026-10-08 at 09.19.17 上午"
File: 2F6A59C0-FDE4-4486-8D91-7F448427E0C9.txt, suggested name: "public-name-before-focus-hierarchy_0_DA47FF20-B2F3-4D61-9D65-626CF990C6A2.txt"
File: 05E160A0-A73A-4807-AF91-4B4A034981B4.png, suggested name: "public-name-before-focus_0_B0CEB43C-C91D-4409-81D2-C76CD260A3AA.png"
File: CF651C53-F8AC-45BF-A0EB-B71386B9F571.txt, suggested name: "public-name-scroll-3-hierarchy_0_E905077D-3A36-4A8F-A9AF-1F2745C1FC12.txt"
File: 4566A383-1B90-40A1-8316-C400C337BEAB.png, suggested name: "public-name-scroll-3_0_25FE6275-E211-4BD8-B601-AC3C637AE652.png"
File: FD8FFAFD-5276-419C-9B7F-44CDE161CC05, suggested name: "UI Snapshot 2026-10-08 at 09.19.13 上午"
File: A4B0961B-79E5-4808-8F7F-49C148F8EB33, suggested name: "Synthesized Event 2026-10-08 at 09.19.14 上午"
File: 06FA5610-9FFA-4971-98B8-86614EADEE70.txt, suggested name: "public-name-scroll-2-hierarchy_0_BF79E704-D2E3-4C88-BA4B-35688EBC1803.txt"
File: 2778417F-B2B2-4FBA-9C29-6D524686CB25.png, suggested name: "public-name-scroll-2_0_C23F3DDF-F9E7-47A7-B65C-E10B94188C3F.png"
File: E4BA82CC-5EDE-4649-BFE7-9C4B2E773609, suggested name: "UI Snapshot 2026-10-08 at 09.19.09 上午"
File: A1239C92-1530-4E9F-90CB-AA1F9E05D602, suggested name: "Synthesized Event 2026-10-08 at 09.19.10 上午"
File: 0883C814-DEBD-420B-8A4D-8784C4929847.txt, suggested name: "public-name-scroll-1-hierarchy_0_E724FEA1-9018-4BB9-81AE-B81BB946D043.txt"
File: A29D2624-8366-402F-B6BA-8B4D2F78DDE2.png, suggested name: "public-name-scroll-1_0_9F94E03B-0115-4C36-9880-9B159E7A4FA2.png"
File: CD4F7424-75DD-4980-86A9-F2BC4E1C3F95, suggested name: "UI Snapshot 2026-10-08 at 09.19.07 上午"
File: 8D57DF4C-C16A-4D06-A900-82EE54C4F2CA, suggested name: "Synthesized Event 2026-10-08 at 09.19.07 上午"
File: 75499B12-71BF-4A9F-9753-79A72DE96314.txt, suggested name: "public-name-scroll-0-hierarchy_0_A1981B0E-3EAF-437A-99BF-729A2EA9B35C.txt"
File: 6AD811F4-10C4-4D1E-AD17-CC391D7A1136.png, suggested name: "public-name-scroll-0_0_78365A75-1E9A-4482-A30C-F11B833BFF3A.png"
File: CE574E70-4C74-4CBE-B2A2-A46A5FE5A950.txt, suggested name: "object-name-with-keyboard-hierarchy_0_DE933BBD-28C1-4594-9CEB-1A15C66EB952.txt"
File: 3A818FC7-DB77-4D0A-A7C7-34734E22FC72.png, suggested name: "object-name-with-keyboard_0_1EDD7399-B5E1-4E11-9EB8-E655CCB69253.png"
File: F7D1B387-528B-468C-BB3C-A26F7F9DB3B9, suggested name: "UI Snapshot 2026-10-08 at 09.19.03 上午"
File: DEAAFC2E-3BB3-4B7F-9AF1-88B35AEAE8B8, suggested name: "Synthesized Event 2026-10-08 at 09.19.04 上午"
File: B272234F-0181-411A-8781-741BC6718E34, suggested name: "UI Snapshot 2026-10-08 at 09.19.03 上午"
File: 6326AF6A-CE90-48A8-A643-C45D6362B70F, suggested name: "Synthesized Event 2026-10-08 at 09.19.03 上午"
File: A894801A-AE66-478F-A840-C162698B53D4, suggested name: "UI Snapshot 2026-10-08 at 09.19.01 上午"
File: 256FFAED-49F3-4450-9EB2-604D8CBA735D, suggested name: "Synthesized Event 2026-10-08 at 09.19.01 上午"
File: 7D0F7EF9-372F-419E-8274-C737E1FC5FDC.txt, suggested name: "identity-template-editor-hierarchy_0_2AAC113C-4604-4EDB-B103-AA1F65BABDF8.txt"
File: 6D1D6DD9-2251-489C-BDEA-624EFEFB956F.png, suggested name: "identity-template-editor_0_53AB21D8-AA71-42C0-88A0-1966EA267BB5.png"
File: 65AE49EA-BD60-4E87-9A5C-C235D2D24BEC, suggested name: "UI Snapshot 2026-10-08 at 09.18.59 上午"
File: 81BACD4F-3B53-4D59-B320-DC481ED1CCA8, suggested name: "Synthesized Event 2026-10-08 at 09.18.59 上午"
File: 4ACCEE12-8EDF-498F-83BE-1AF588E691E7.txt, suggested name: "empty-identity-workspace-hierarchy_0_A4E6E524-8DC8-4067-8449-05582925365B.txt"
File: 3EE3B52B-BB7D-4973-B7BC-33CCF371BCEE.png, suggested name: "empty-identity-workspace_0_D09F2E7B-C80A-4752-9015-80054D191C45.png"
File: 312D5B72-4561-4F03-B6F4-C23097BCEE19, suggested name: "UI Snapshot 2026-10-08 at 09.18.57 上午"
File: 01C9BD00-DFFA-41E9-8772-41C3A7B988C0, suggested name: "Synthesized Event 2026-10-08 at 09.18.58 上午"
File: 1501A2DC-15A5-4680-AD25-B39E901B4359, suggested name: "UI Snapshot 2026-10-08 at 09.18.56 上午"
File: A3290EC9-3580-4855-B693-8E8E75F5F914, suggested name: "Synthesized Event 2026-10-08 at 09.18.56 上午"
File: 75A1405E-9A0E-47D5-B483-106F80CF5682.txt, suggested name: "expanded-mobile-navigation-hierarchy_0_364686C1-81D4-4D3F-AD70-376CAD1C86A9.txt"
File: 1DDA2AB1-2A04-420A-A4C2-8FC98CC2DA65.png, suggested name: "expanded-mobile-navigation_0_430A4BB4-E910-43C8-B71C-7948CDFE139D.png"
File: ED06A82F-5694-4628-8B7D-2F0FF665F955, suggested name: "UI Snapshot 2026-10-08 at 09.18.55 上午"
File: 3A4872DD-3EE7-475A-8ABD-D6E7941057DB, suggested name: "Synthesized Event 2026-10-08 at 09.18.56 上午"
File: 80B37F10-EE12-4B9F-9C78-E8671F900920.txt, suggested name: "current-created-home-hierarchy_0_62401186-F8CE-44AE-A982-D7D5ADB5F25D.txt"
File: A80818D3-DCEE-471F-95F7-3DDC39613739.png, suggested name: "current-created-home_0_7B78F965-487F-4FFB-912C-232A314F4102.png"
File: ADEF51C5-F1E9-466A-97B6-FC39747ABC64, suggested name: "UI Snapshot 2026-10-08 at 09.18.43 上午"
File: 9D0F78FA-0F18-4796-B9C4-85EDF9CAE759, suggested name: "Synthesized Event 2026-10-08 at 09.18.43 上午"
File: CC48C430-BEF2-4A94-B3AA-AF9EDF45AD6E, suggested name: "UI Snapshot 2026-10-08 at 09.18.42 上午"
File: 0AEDA7D0-E928-481B-BDE6-1EC7069E44C1, suggested name: "Synthesized Event 2026-10-08 at 09.18.43 上午"
File: E71B545B-AF1D-4927-822F-4F2407E02725, suggested name: "UI Snapshot 2026-10-08 at 09.18.42 上午"
File: 2A97DFB1-388C-4551-B291-F56494028B22, suggested name: "Synthesized Event 2026-10-08 at 09.18.42 上午"
File: 7721A9EF-97AE-4BCA-939F-37D65E93153B, suggested name: "UI Snapshot 2026-10-08 at 09.18.41 上午"
File: 8C16C2FD-2A84-4FF9-9B11-D710BF6A221D, suggested name: "Synthesized Event 2026-10-08 at 09.18.41 上午"
File: 2D0AAAC5-FC2A-4D6D-A81D-F53D98848033, suggested name: "UI Snapshot 2026-10-08 at 09.18.40 上午"
File: 1D7D8D4C-90E3-42A6-8DD5-A24CD7AA228D, suggested name: "Synthesized Event 2026-10-08 at 09.18.41 上午"
File: 911E26CF-F3AA-4E98-A0D4-B394A9698579, suggested name: "UI Snapshot 2026-10-08 at 09.18.40 上午"
File: 78FCA0DC-5831-4E97-85B9-57BD04366C94, suggested name: "Synthesized Event 2026-10-08 at 09.18.40 上午"
File: F43EE497-5ED2-4DB6-9ECF-C8B0C42C4045.txt, suggested name: "current-registration-hierarchy_0_27BDE233-8E4E-430A-B824-9FD5CF4A0ABF.txt"
File: 4ED67351-BF53-45F8-894F-E404B5C3E508.png, suggested name: "current-registration_0_48959E77-704E-4D2F-80C8-0BC752E1CC44.png"
File: 33D96D4E-867C-4252-A785-213B97D1439F, suggested name: "Synthesized Event 2026-10-08 at 09.18.38 上午"
File: A37ECFC4-E053-4B5C-A034-C81EE18F4E48, suggested name: "Synthesized Event 2026-10-08 at 09.18.37 上午"
File: 15B4AB7F-1C52-49D0-BD77-57FBD581001C, suggested name: "Synthesized Event 2026-10-08 at 09.18.35 上午"
File: C1C94AD4-B565-497E-A38E-3522B127D017, suggested name: "Synthesized Event 2026-10-08 at 09.18.34 上午"
File: 34A244C2-1790-4196-A7D2-7C21A70229A3, suggested name: "Synthesized Event 2026-10-08 at 09.18.32 上午"
File: ECAE6E9C-53B8-4669-A4DE-CEEFCCCF9153, suggested name: "Synthesized Event 2026-10-08 at 09.18.30 上午"
File: 4D3473AD-77D7-4DC6-B374-50D1425A057E.mp4, suggested name: "Screen Recording 2026-10-08 at 09.18.26 上午.mp4"

Generated manifest file with attachment details: /tmp/solosoul-fe2-ios-current-file-picker-public-fixtures-ui-20261008/attachments/manifest.json
