[2m[WebServer] [22m(node:55356) Warning: The 'NO_COLOR' env is ignored due to the 'FORCE_COLOR' env being set.
[2m[WebServer] [22m(Use `node --trace-warnings ...` to show where the warning was created)

Running 1 test using 1 worker

(node:55369) Warning: The 'NO_COLOR' env is ignored due to the 'FORCE_COLOR' env being set.
(Use `node --trace-warnings ...` to show where the warning was created)
(node:55369) Warning: The 'NO_COLOR' env is ignored due to the 'FORCE_COLOR' env being set.
(Use `node --trace-warnings ...` to show where the warning was created)
[2m[WebServer] [22m12:18:40 AM [vite] (client) [console.warn] [updater] android check failed: TypeError: Cannot read properties of undefined (reading 'latestVersion')
[2m[WebServer] [22m    at androidCheckForUpdate (http://localhost:1420/src/lib/updater.ts:177:12)
[2m[WebServer] [22m    at async http://localhost:1420/src/stores/updateStore.ts:94:65
[2m[WebServer] [22m12:18:41 AM [vite] (client) [console.warn] [updater] android check failed: TypeError: Cannot read properties of undefined (reading 'latestVersion')
[2m[WebServer] [22m    at androidCheckForUpdate (http://localhost:1420/src/lib/updater.ts:177:12)
[2m[WebServer] [22m    at async http://localhost:1420/src/stores/updateStore.ts:94:65
[2m[WebServer] [22m12:18:41 AM [vite] (client) [console.warn] [updater] android check failed: TypeError: Cannot read properties of undefined (reading 'latestVersion')
[2m[WebServer] [22m    at androidCheckForUpdate (http://localhost:1420/src/lib/updater.ts:177:12)
[2m[WebServer] [22m    at async http://localhost:1420/src/stores/updateStore.ts:94:65
  ✘  1 [mobile] › e2e/android-material.spec.ts:389:1 › native safe-area lengths protect chrome, sheets and login without double padding (2.3s)


  1) [mobile] › e2e/android-material.spec.ts:389:1 › native safe-area lengths protect chrome, sheets and login without double padding 

    Error: [2mexpect([22m[31mreceived[39m[2m).[22mtoBeLessThanOrEqual[2m([22m[32mexpected[39m[2m)[22m

    Expected: <= [32m372[39m
    Received:    [31m373[39m

      452 |     const r = (await control.boundingBox())!;
      453 |     expect(r.y).toBeGreaterThanOrEqual(24);
    > 454 |     expect(r.y + r.height).toBeLessThanOrEqual(372);
          |                            ^
      455 |     expect(
      456 |       await control.evaluate((e) => {
      457 |         const box = e.getBoundingClientRect();
        at /Users/zzc/PycharmProjects/SoloSoul/tauri/e2e/android-material.spec.ts:454:28

    Error Context: test-results/android-material-native-sa-63a08-ogin-without-double-padding-mobile/error-context.md

  1 failed
    [mobile] › e2e/android-material.spec.ts:389:1 › native safe-area lengths protect chrome, sheets and login without double padding 
