[2m[WebServer] [22m(node:56344) Warning: The 'NO_COLOR' env is ignored due to the 'FORCE_COLOR' env being set.
[2m[WebServer] [22m(Use `node --trace-warnings ...` to show where the warning was created)

Running 1 test using 1 worker

(node:56345) Warning: The 'NO_COLOR' env is ignored due to the 'FORCE_COLOR' env being set.
(Use `node --trace-warnings ...` to show where the warning was created)
(node:56345) Warning: The 'NO_COLOR' env is ignored due to the 'FORCE_COLOR' env being set.
(Use `node --trace-warnings ...` to show where the warning was created)
[2m[WebServer] [22m12:20:03 AM [vite] (client) [console.warn] [updater] android check failed: TypeError: Cannot read properties of undefined (reading 'latestVersion')
[2m[WebServer] [22m    at androidCheckForUpdate (http://localhost:1420/src/lib/updater.ts:177:12)
[2m[WebServer] [22m    at async http://localhost:1420/src/stores/updateStore.ts:94:65
[2m[WebServer] [22m12:20:04 AM [vite] (client) [console.warn] [updater] android check failed: TypeError: Cannot read properties of undefined (reading 'latestVersion')
[2m[WebServer] [22m    at androidCheckForUpdate (http://localhost:1420/src/lib/updater.ts:177:12)
[2m[WebServer] [22m    at async http://localhost:1420/src/stores/updateStore.ts:94:65
  ✘  1 [mobile] › e2e/android-material.spec.ts:389:1 › native safe-area lengths protect chrome, sheets and login without double padding (2.0s)


  1) [mobile] › e2e/android-material.spec.ts:389:1 › native safe-area lengths protect chrome, sheets and login without double padding 

    Error: [2mexpect([22m[31mreceived[39m[2m).[22mtoBeGreaterThanOrEqual[2m([22m[32mexpected[39m[2m)[22m

    Expected: >= [32m20[39m
    Received:    [31m0[39m

      410 |     expect(boxes.length).toBeGreaterThanOrEqual(8);
      411 |     for (const r of boxes) {
    > 412 |       expect(r.left).toBeGreaterThanOrEqual(20);
          |                      ^
      413 |       expect(r.right).toBeLessThanOrEqual(width - 32);
      414 |       expect(r.top).toBeGreaterThanOrEqual(24);
      415 |       expect(r.bottom).toBeLessThanOrEqual(height - 28);
        at /Users/zzc/PycharmProjects/SoloSoul/tauri/e2e/android-material.spec.ts:412:22

    Error Context: test-results/android-material-native-sa-63a08-ogin-without-double-padding-mobile/error-context.md

  1 failed
    [mobile] › e2e/android-material.spec.ts:389:1 › native safe-area lengths protect chrome, sheets and login without double padding 
