INSTRUMENTATION_STATUS: class=com.solosoul.app.AndroidHomeInstrumentedTest
INSTRUMENTATION_STATUS: current=1
INSTRUMENTATION_STATUS: id=AndroidJUnitRunner
INSTRUMENTATION_STATUS: numtests=1
INSTRUMENTATION_STATUS: stream=
com.solosoul.app.AndroidHomeInstrumentedTest:
INSTRUMENTATION_STATUS: test=realHomePreservesGlassAndCopyAcrossLockUnlock
INSTRUMENTATION_STATUS_CODE: 1
s_glBindAttribLocation: bind attrib 0 name position
s_glBindAttribLocation: bind attrib 1 name localCoord
INSTRUMENTATION_STATUS: class=com.solosoul.app.AndroidHomeInstrumentedTest
INSTRUMENTATION_STATUS: current=1
INSTRUMENTATION_STATUS: id=AndroidJUnitRunner
INSTRUMENTATION_STATUS: numtests=1
INSTRUMENTATION_STATUS: stack=java.lang.AssertionError: 横屏必须包含真实限时备份提醒，不能靠提醒到期跳过通知安全区
	at org.junit.Assert.fail(Assert.java:89)
	at org.junit.Assert.assertTrue(Assert.java:42)
	at com.solosoul.app.AndroidHomeInstrumentedTest.captureInsets(AndroidHomeInstrumentedTest.kt:903)
	at com.solosoul.app.AndroidHomeInstrumentedTest.captureInsets$default(AndroidHomeInstrumentedTest.kt:875)
	at com.solosoul.app.AndroidHomeInstrumentedTest.verifyInsets(AndroidHomeInstrumentedTest.kt:929)
	at com.solosoul.app.AndroidHomeInstrumentedTest.realHomePreservesGlassAndCopyAcrossLockUnlock(AndroidHomeInstrumentedTest.kt:1722)

INSTRUMENTATION_STATUS: stream=
Error in realHomePreservesGlassAndCopyAcrossLockUnlock(com.solosoul.app.AndroidHomeInstrumentedTest):
java.lang.AssertionError: 横屏必须包含真实限时备份提醒，不能靠提醒到期跳过通知安全区
	at org.junit.Assert.fail(Assert.java:89)
	at org.junit.Assert.assertTrue(Assert.java:42)
	at com.solosoul.app.AndroidHomeInstrumentedTest.captureInsets(AndroidHomeInstrumentedTest.kt:903)
	at com.solosoul.app.AndroidHomeInstrumentedTest.captureInsets$default(AndroidHomeInstrumentedTest.kt:875)
	at com.solosoul.app.AndroidHomeInstrumentedTest.verifyInsets(AndroidHomeInstrumentedTest.kt:929)
	at com.solosoul.app.AndroidHomeInstrumentedTest.realHomePreservesGlassAndCopyAcrossLockUnlock(AndroidHomeInstrumentedTest.kt:1722)

INSTRUMENTATION_STATUS: test=realHomePreservesGlassAndCopyAcrossLockUnlock
INSTRUMENTATION_STATUS_CODE: -2
INSTRUMENTATION_RESULT: stream=

Time: 76.571
There was 1 failure:
1) realHomePreservesGlassAndCopyAcrossLockUnlock(com.solosoul.app.AndroidHomeInstrumentedTest)
java.lang.AssertionError: 横屏必须包含真实限时备份提醒，不能靠提醒到期跳过通知安全区
	at org.junit.Assert.fail(Assert.java:89)
	at org.junit.Assert.assertTrue(Assert.java:42)
	at com.solosoul.app.AndroidHomeInstrumentedTest.captureInsets(AndroidHomeInstrumentedTest.kt:903)
	at com.solosoul.app.AndroidHomeInstrumentedTest.captureInsets$default(AndroidHomeInstrumentedTest.kt:875)
	at com.solosoul.app.AndroidHomeInstrumentedTest.verifyInsets(AndroidHomeInstrumentedTest.kt:929)
	at com.solosoul.app.AndroidHomeInstrumentedTest.realHomePreservesGlassAndCopyAcrossLockUnlock(AndroidHomeInstrumentedTest.kt:1722)

FAILURES!!!
Tests run: 1,  Failures: 1


INSTRUMENTATION_CODE: -1
