
Running 30 tests using 2 workers

(node:40905) Warning: The 'NO_COLOR' env is ignored due to the 'FORCE_COLOR' env being set.
(Use `node --trace-warnings ...` to show where the warning was created)
(node:40904) Warning: The 'NO_COLOR' env is ignored due to the 'FORCE_COLOR' env being set.
(Use `node --trace-warnings ...` to show where the warning was created)
(node:40905) Warning: The 'NO_COLOR' env is ignored due to the 'FORCE_COLOR' env being set.
(Use `node --trace-warnings ...` to show where the warning was created)
(node:40904) Warning: The 'NO_COLOR' env is ignored due to the 'FORCE_COLOR' env being set.
(Use `node --trace-warnings ...` to show where the warning was created)
  ✓   1 [chromium] › e2e/history-keyboard.spec.ts:4:1 › 隐藏历史字段支持 Enter 和 Space，揭示前无原文 DOM (2.1s)
  ✓   3 [chromium] › e2e/scroll-region.spec.ts:10:1 › horizontal child keeps the effective vertical parent highlighted (336ms)
  ✓   4 [chromium] › e2e/scroll-region.spec.ts:26:1 › keyboard focus does not override the current pointer scroll area (177ms)
  ✓   5 [chromium] › e2e/scroll-region.spec.ts:34:1 › style-only overlay changes recompute the stationary pointer (241ms)
  ✓   6 [chromium] › e2e/scroll-region.spec.ts:54:1 › an actually scrollable textarea takes the vertical wheel before the main area (187ms)
  ✓   7 [chromium] › e2e/scroll-region.spec.ts:62:1 › window focus restores the stationary pointer region (199ms)
  ✓   8 [chromium] › e2e/scroll-region.spec.ts:71:1 › content becoming scrollable updates without moving the pointer (231ms)
  ✓   2 [chromium] › e2e/object-ui-refinement.spec.ts:86:5 › macos light: password, localized counts, stable cached history and scoped scrollbar (3.6s)
  ✓   9 [chromium] › e2e/scroll-region.spec.ts:89:1 › direct scrollbar hover stays effective and Tab enables keyboard navigation (189ms)
  ✓  11 [chromium] › e2e/scroll-region.spec.ts:105:1 › separate axes also paint the actual scrollbar correctly (434ms)
(node:40967) Warning: The 'NO_COLOR' env is ignored due to the 'FORCE_COLOR' env being set.
(Use `node --trace-warnings ...` to show where the warning was created)
(node:40967) Warning: The 'NO_COLOR' env is ignored due to the 'FORCE_COLOR' env being set.
(Use `node --trace-warnings ...` to show where the warning was created)
  ✓  10 [chromium] › e2e/object-ui-refinement.spec.ts:86:5 › macos dark: password, localized counts, stable cached history and scoped scrollbar (2.6s)
  ✓  12 [webkit] › e2e/history-keyboard.spec.ts:4:1 › 隐藏历史字段支持 Enter 和 Space，揭示前无原文 DOM (2.1s)
  ✓  13 [chromium] › e2e/object-ui-refinement.spec.ts:86:5 › windows light: password, localized counts, stable cached history and scoped scrollbar (2.4s)
  ✓  14 [webkit] › e2e/object-ui-refinement.spec.ts:86:5 › macos light: password, localized counts, stable cached history and scoped scrollbar (3.1s)
  ✓  15 [chromium] › e2e/object-ui-refinement.spec.ts:86:5 › windows dark: password, localized counts, stable cached history and scoped scrollbar (2.4s)
  ✓  17 [chromium] › e2e/object-ui-refinement.spec.ts:185:3 › android: long password stays clear of controls at 320px (943ms)
  ✓  18 [chromium] › e2e/object-ui-refinement.spec.ts:185:3 › ios: long password stays clear of controls at 320px (944ms)
  ✓  16 [webkit] › e2e/object-ui-refinement.spec.ts:86:5 › macos dark: password, localized counts, stable cached history and scoped scrollbar (3.1s)
(node:41018) Warning: The 'NO_COLOR' env is ignored due to the 'FORCE_COLOR' env being set.
(Use `node --trace-warnings ...` to show where the warning was created)
(node:41018) Warning: The 'NO_COLOR' env is ignored due to the 'FORCE_COLOR' env being set.
(Use `node --trace-warnings ...` to show where the warning was created)
  ✓  20 [webkit] › e2e/scroll-region.spec.ts:10:1 › horizontal child keeps the effective vertical parent highlighted (732ms)
  ✓  21 [webkit] › e2e/scroll-region.spec.ts:26:1 › keyboard focus does not override the current pointer scroll area (442ms)
  ✓  22 [webkit] › e2e/scroll-region.spec.ts:34:1 › style-only overlay changes recompute the stationary pointer (465ms)
  ✓  23 [webkit] › e2e/scroll-region.spec.ts:54:1 › an actually scrollable textarea takes the vertical wheel before the main area (418ms)
  ✓  19 [webkit] › e2e/object-ui-refinement.spec.ts:86:5 › windows light: password, localized counts, stable cached history and scoped scrollbar (2.9s)
  ✓  24 [webkit] › e2e/scroll-region.spec.ts:62:1 › window focus restores the stationary pointer region (420ms)
  ✓  26 [webkit] › e2e/scroll-region.spec.ts:71:1 › content becoming scrollable updates without moving the pointer (432ms)
  ✓  27 [webkit] › e2e/scroll-region.spec.ts:89:1 › direct scrollbar hover stays effective and Tab enables keyboard navigation (394ms)
  ✓  28 [webkit] › e2e/scroll-region.spec.ts:105:1 › separate axes also paint the actual scrollbar correctly (510ms)
  ✓  25 [webkit] › e2e/object-ui-refinement.spec.ts:86:5 › windows dark: password, localized counts, stable cached history and scoped scrollbar (2.8s)
  ✓  29 [webkit] › e2e/object-ui-refinement.spec.ts:185:3 › android: long password stays clear of controls at 320px (1.2s)
  ✓  30 [webkit] › e2e/object-ui-refinement.spec.ts:185:3 › ios: long password stays clear of controls at 320px (1.3s)

  30 passed (22.1s)
