/sdcard/Android/data/com.solosoul.app/files/fe2-home-c5e95db8b67b4d8da1e7d60c4b345ee5/: 13 files pulled, 0 skipped. 21.3 MB/s (1723959 bytes in 0.077s)
/private/tmp/solosoul-fe2-preview-supported-fifth-20261008/private-data-before.tar: 1 file pushed, 0 skipped. 544.4 MB/s (4051456 bytes in 0.007s)
{
  "serial": "emulator-5586",
  "avd": "SoloSoul_RF201",
  "mode": "supported",
  "scenario": "previews",
  "motionPreferenceChecks": false,
  "startedAt": 1791424125.001508,
  "passed": false,
  "restored": true,
  "api": 34,
  "abi": "arm64-v8a",
  "notificationPermissionBefore": {
    "granted": false,
    "flags": [
      "USER_SENSITIVE_WHEN_DENIED",
      "USER_SENSITIVE_WHEN_GRANTED"
    ]
  },
  "artifacts": [
    {
      "path": "/Users/zzc/PycharmProjects/SoloSoul/tauri/src-tauri/gen/android/app/build/outputs/apk/arm64/debug/app-arm64-debug.apk",
      "sha256": "688e90599fe65bca72a89d31b5a319ffb856dc7b9e2545f75c2426118df566a9"
    },
    {
      "path": "/Users/zzc/PycharmProjects/SoloSoul/tauri/src-tauri/gen/android/app/build/outputs/apk/androidTest/arm64/debug/app-arm64-debug-androidTest.apk",
      "sha256": "0a689958786fbb1367e448f20a3cff1a4c6271661506d4b1f253862f72b2597e"
    }
  ],
  "backup": {
    "path": "/private/tmp/solosoul-fe2-preview-supported-fifth-20261008/private-data-before.tar",
    "sha256": "f3839bbc8a353599aeb1d30a5ce65eb426968a55d7a3cc4a041dbce9c876525b",
    "entries": 242
  },
  "error": "Missing exact successful one-test native report; skips are failures",
  "restoreVerification": {
    "entries": 242,
    "allFileContentsLinksAndModesMatch": true
  },
  "blurRestored": true,
  "notificationPermissionRestored": true,
  "finishedAt": 1791424194.112926
}
