Exported 44 attachments for: ProbeTests/testCurrentProductionTwoAccountThemeOwnership():
File: E051D822-E519-44EF-A6E3-0B2E525E9241.txt, suggested name: "final-state-hierarchy_0_F485070F-1954-4A70-97ED-DF6B40B11F44.txt"
File: 9D11EC86-8372-40A2-8B69-8326376AE237.png, suggested name: "final-state_0_B5AADD35-A41D-4BD9-AE94-5CDD49512B54.png"
File: 52676EDB-AD80-46B7-84A7-CED5550DFE11.txt, suggested name: "b-restored-dark-rose-hierarchy_0_B9730B01-1296-41FF-A9F5-B7681E2CA7BB.txt"
File: 0BF09F8D-B0C6-49EF-8014-7CBC6E81422C.png, suggested name: "b-restored-dark-rose_0_5E6958CD-EE13-40C6-8D1F-9F1525D29B94.png"
File: 9F72C359-7A41-42F7-BC2B-14B1D4D35AEF.txt, suggested name: "b-restored-identity-hierarchy_0_1F60C0BF-056C-48C8-9356-96BE385026DD.txt"
File: 548452AA-4934-4F84-AFDE-79F514F37750.png, suggested name: "b-restored-identity_0_ED8AF8FD-AFC4-4B5D-BB8E-C09AA3E832FF.png"
File: 5ADBD984-232D-4534-B84A-0102230F0425.txt, suggested name: "b-unlocked-home-hierarchy_0_17510E99-18FF-4499-B05F-9443AD5586CF.txt"
File: E732C1A5-E330-4B32-BD6A-373495F18679.png, suggested name: "b-unlocked-home_0_16253555-FB6B-415C-AA99-060A2F5282B0.png"
File: 9EE140E2-3D5E-4807-A432-D953043BCFD8.txt, suggested name: "switch-to-b-selected-account-login-hierarchy_0_059EBA7B-C2E5-450E-829E-8A2E30368239.txt"
File: 751D1C8F-7FD1-4532-9C58-71AB7DDFE01E.png, suggested name: "switch-to-b-selected-account-login_0_97D888CB-6809-4BC4-B851-DF48130D96DD.png"
File: BBF388B1-8A9A-46DD-839B-ABBE38135621.txt, suggested name: "switch-to-b-native-account-picker-open-hierarchy_0_211AA83C-C396-4CDE-853F-2C6A0B9F9E5E.txt"
File: A6D56A7C-8EC5-4C6A-AC9D-B699972ADE78.png, suggested name: "switch-to-b-native-account-picker-open_0_25504EFE-BFC6-49A5-A6FF-04C1C65CD058.png"
File: 2ACAE35C-81B9-400E-8C19-F793DB0B64B9.txt, suggested name: "switch-to-b-before-account-picker-hierarchy_0_5CA567E4-12D3-4FD9-A4A6-5DED86B12BB7.txt"
File: CC765458-29C3-4C1E-B4AC-A9704E22980C.png, suggested name: "switch-to-b-before-account-picker_0_6AAB5FB5-23C6-4188-8F03-013B589338BC.png"
File: 50E7F87D-3EF7-4854-8AAD-D9925AC12385.txt, suggested name: "a-relocked-login-hierarchy_0_7EF02E9B-13AA-4B63-8D3C-A76367C15A09.txt"
File: 52048BF5-11E2-4406-828D-65E2B71FEF8B.png, suggested name: "a-relocked-login_0_4243CAA7-D8D6-4EEE-A0E9-C3C8820A6DFE.png"
File: 8A500586-F206-4121-81C6-30A727089DBF.txt, suggested name: "a-restored-light-ocean-hierarchy_0_281C97B0-505B-49D8-A063-3DD88ED1C184.txt"
File: 4C2782C0-70D8-47AB-9B2E-FD513A0DCCE7.png, suggested name: "a-restored-light-ocean_0_D7FED69A-7C1D-4FA6-97F2-7499097C8069.png"
File: 840E7A6B-0AC8-484E-9622-6BBB8401C779.txt, suggested name: "a-restored-identity-hierarchy_0_FF4FF247-B6FA-4C45-B97C-FE6A8C25B954.txt"
File: B5236449-2792-4920-9008-F84509B0F552.png, suggested name: "a-restored-identity_0_A4E8CA37-E170-4714-A0A3-1740341BDA9F.png"
File: 49D3A426-85EB-4FCD-BD2C-9DA89DF9BB87.txt, suggested name: "a-unlocked-home-hierarchy_0_1F0A01FF-9636-4247-A9F9-1BD4C363050C.txt"
File: 5240A286-EBE0-4521-8E24-6A5424FE63BE.png, suggested name: "a-unlocked-home_0_E4E33E1D-35F0-43C2-BF11-CA33ACBD0F2F.png"
File: 089D924C-ACD5-4F0C-9B55-2DAC9216C55D.txt, suggested name: "switch-to-a-selected-account-login-hierarchy_0_08F98AB9-7455-4F9B-BA65-830399F441EF.txt"
File: 9670ED7D-74B9-4B9C-8C17-BDD81E5DCAF6.png, suggested name: "switch-to-a-selected-account-login_0_054F4BA4-36D6-458D-9F63-77A169A60970.png"
File: 3418EB48-7C29-4039-8C61-D898B666B2A8.txt, suggested name: "switch-to-a-native-account-picker-open-hierarchy_0_9823CAA0-0F05-4D03-8DCD-82F6B6C9A450.txt"
File: 59DA8A15-FCCD-43DB-8AC1-9D70F8051FB2.png, suggested name: "switch-to-a-native-account-picker-open_0_3DCFA0EA-DA66-4723-BC19-10659AFDA82F.png"
File: 2C659912-F46E-499C-A588-F755E9B37410.txt, suggested name: "switch-to-a-before-account-picker-hierarchy_0_36985D79-62C9-4AFF-9663-12D3D83EED0D.txt"
File: 2DED7CEA-15F4-4DCF-B4CE-ABC0F355BCCE.png, suggested name: "switch-to-a-before-account-picker_0_46F1904F-C649-48E7-B453-FD5D992EB3BF.png"
File: D7C339EC-3CBE-42F2-8CC4-9C4BE169EF86.txt, suggested name: "b-locked-login-hierarchy_0_C590D821-9AB0-4ECE-BB0D-B4137C36E704.txt"
File: 28935914-F63E-4ACC-99B0-52722423B045.png, suggested name: "b-locked-login_0_C33418E5-8730-424A-8CC5-B44DB519E83D.png"
File: 09F28234-6740-41D2-89AC-BEF599BD4A88.txt, suggested name: "b-dark-rose-selected-hierarchy_0_FAEDF38F-34A4-4F53-A676-60943491FABC.txt"
File: 7C315494-E6F6-4094-9B14-1F2C7B702D92.png, suggested name: "b-dark-rose-selected_0_D8AFD1C7-0473-4A95-B882-F06B1F64B33C.png"
File: C081D2D1-CB6C-4E47-BD1F-0FBBF6AB5D76.txt, suggested name: "b-created-identity-hierarchy_0_15362429-2767-4965-B3CE-3ED3DB1B47CC.txt"
File: 05BCB75D-E3EE-47F4-BD60-0D72359ABFA9.png, suggested name: "b-created-identity_0_31F35399-7E22-452E-8DD1-67A099320513.png"
File: 5932397F-EC7F-4478-BDD9-BB0F659CBB5C.txt, suggested name: "FE2 Theme B-created-home-hierarchy_0_0BB25EC6-52EA-4552-A62A-F54779376778.txt"
File: 54D24228-FBBA-4155-B524-A71D888B74B1.png, suggested name: "FE2 Theme B-created-home_0_28A0BFD6-850E-4B1F-9FCC-E9194BF620DA.png"
File: 488980F1-C4E7-4EDB-B50F-DBF5078D5785.txt, suggested name: "a-locked-login-hierarchy_0_C3D13449-7944-4866-8127-78D3A59BB3C4.txt"
File: 6519943F-EA0E-4729-93AB-7C8CF71CBA9B.png, suggested name: "a-locked-login_0_41E464FA-C3DA-4AB4-9E26-F2AF8E6E8B8D.png"
File: ADFF81D1-5C4D-4218-A508-B605732F1C2B.txt, suggested name: "a-light-ocean-selected-hierarchy_0_95A6B359-DD40-4300-8756-18D67436D167.txt"
File: FF2546B0-62BB-432B-A832-A28A56FA76B9.png, suggested name: "a-light-ocean-selected_0_E0B20C64-7306-45EB-8F9A-31FCA152F314.png"
File: C67C0604-B327-456F-970D-83C6CEAD6E5C.txt, suggested name: "a-created-identity-hierarchy_0_B6E58CD7-2E71-4224-811E-E58184F7C872.txt"
File: 8BD5E93F-900C-4300-96AA-1165B389FED1.png, suggested name: "a-created-identity_0_9C798248-9CA1-47C3-81C1-D49B72D5CA76.png"
File: 65D2B4CB-FF82-4A72-8701-D90E17A4479A.txt, suggested name: "FE2 Theme A-created-home-hierarchy_0_E75E7406-C827-463A-B73E-2FE9F55C698B.txt"
File: 2F0D23AA-1311-47B7-B9D6-138849F06A43.png, suggested name: "FE2 Theme A-created-home_0_2129D963-D59C-42B8-9FED-0CB0C9447DE2.png"

Generated manifest file with attachment details: /tmp/solosoul-fe2-ios-account-themes-final-ui-20261008/attachments/manifest.json
