/sdcard/Android/data/com.solosoul.app/files/fe2-home-abf6a0b035a24c90a3d6b4190cd7b8b0/: 13 files pulled, 0 skipped. 15.6 MB/s (1720490 bytes in 0.105s)
/private/tmp/solosoul-fe2-preview-supported-fourth-20261008/private-data-before.tar: 1 file pushed, 0 skipped. 465.3 MB/s (4051456 bytes in 0.008s)
{
  "serial": "emulator-5586",
  "avd": "SoloSoul_RF201",
  "mode": "supported",
  "scenario": "previews",
  "motionPreferenceChecks": false,
  "startedAt": 1791423914.817722,
  "passed": false,
  "restored": true,
  "api": 34,
  "abi": "arm64-v8a",
  "notificationPermissionBefore": {
    "granted": false,
    "flags": [
      "USER_SENSITIVE_WHEN_DENIED",
      "USER_SENSITIVE_WHEN_GRANTED"
    ]
  },
  "artifacts": [
    {
      "path": "/Users/zzc/PycharmProjects/SoloSoul/tauri/src-tauri/gen/android/app/build/outputs/apk/arm64/debug/app-arm64-debug.apk",
      "sha256": "688e90599fe65bca72a89d31b5a319ffb856dc7b9e2545f75c2426118df566a9"
    },
    {
      "path": "/Users/zzc/PycharmProjects/SoloSoul/tauri/src-tauri/gen/android/app/build/outputs/apk/androidTest/arm64/debug/app-arm64-debug-androidTest.apk",
      "sha256": "f6bf0523217462be5d3c9fe63fa0eb38b363548ee438b4c3f0d3482408d2542e"
    }
  ],
  "backup": {
    "path": "/private/tmp/solosoul-fe2-preview-supported-fourth-20261008/private-data-before.tar",
    "sha256": "f3839bbc8a353599aeb1d30a5ce65eb426968a55d7a3cc4a041dbce9c876525b",
    "entries": 242
  },
  "error": "Missing exact successful one-test native report; skips are failures",
  "restoreVerification": {
    "entries": 242,
    "allFileContentsLinksAndModesMatch": true
  },
  "blurRestored": true,
  "notificationPermissionRestored": true,
  "finishedAt": 1791423984.246676
}
