[2m[WebServer] [22m(node:49556) Warning: The 'NO_COLOR' env is ignored due to the 'FORCE_COLOR' env being set.
[2m[WebServer] [22m(Use `node --trace-warnings ...` to show where the warning was created)

Running 40 tests using 2 workers

(node:49565) Warning: The 'NO_COLOR' env is ignored due to the 'FORCE_COLOR' env being set.
(Use `node --trace-warnings ...` to show where the warning was created)
(node:49564) Warning: The 'NO_COLOR' env is ignored due to the 'FORCE_COLOR' env being set.
(Use `node --trace-warnings ...` to show where the warning was created)
(node:49565) Warning: The 'NO_COLOR' env is ignored due to the 'FORCE_COLOR' env being set.
(Use `node --trace-warnings ...` to show where the warning was created)
(node:49564) Warning: The 'NO_COLOR' env is ignored due to the 'FORCE_COLOR' env being set.
(Use `node --trace-warnings ...` to show where the warning was created)
[2m[WebServer] [22m4:14:34 AM [vite] (client) [console.warn] [updater] android check failed: TypeError: Cannot read properties of undefined (reading 'latestVersion')
[2m[WebServer] [22m    at androidCheckForUpdate (http://127.0.0.1:1459/src/lib/updater.ts:177:12)
[2m[WebServer] [22m    at async http://127.0.0.1:1459/src/stores/updateStore.ts:94:65
[2m[WebServer] [22m4:14:34 AM [vite] (client) [console.warn] [updater] android check failed: TypeError: Cannot read properties of undefined (reading 'latestVersion')
[2m[WebServer] [22m    at androidCheckForUpdate (http://127.0.0.1:1459/src/lib/updater.ts:177:12)
[2m[WebServer] [22m    at async http://127.0.0.1:1459/src/stores/updateStore.ts:94:65
[2m[WebServer] [22m4:14:35 AM [vite] (client) [console.warn] [updater] android check failed: TypeError: Cannot read properties of undefined (reading 'latestVersion')
[2m[WebServer] [22m    at androidCheckForUpdate (http://127.0.0.1:1459/src/lib/updater.ts:177:12)
[2m[WebServer] [22m    at async http://127.0.0.1:1459/src/stores/updateStore.ts:94:65
[2m[WebServer] [22m4:14:35 AM [vite] (client) [console.warn] [updater] android check failed: TypeError: Cannot read properties of undefined (reading 'latestVersion')
[2m[WebServer] [22m    at androidCheckForUpdate (http://127.0.0.1:1459/src/lib/updater.ts:177:12)
[2m[WebServer] [22m    at async http://127.0.0.1:1459/src/stores/updateStore.ts:94:65
[2m[WebServer] [22m4:14:35 AM [vite] (client) [console.warn] [syncStore] sync_list_conflicts 返回非数组，已归一化为空列表（返回类型: undefined)
[2m[WebServer] [22m4:14:35 AM [vite] (client) [console.warn] [syncStore] sync_list_conflicts 返回非数组，已归一化为空列表（返回类型: undefined)
  ✘   2 [chromium] › e2e/macos-preview-titlebar.spec.ts:230:3 › Android light reminders follow file preview, album and photo viewer (3.3s)
  ✘   1 [chromium] › e2e/macos-preview-titlebar.spec.ts:230:3 › Android dark reminders follow file preview, album and photo viewer (3.3s)
(node:49653) Warning: The 'NO_COLOR' env is ignored due to the 'FORCE_COLOR' env being set.
(Use `node --trace-warnings ...` to show where the warning was created)
(node:49652) Warning: The 'NO_COLOR' env is ignored due to the 'FORCE_COLOR' env being set.
(Use `node --trace-warnings ...` to show where the warning was created)
(node:49652) Warning: The 'NO_COLOR' env is ignored due to the 'FORCE_COLOR' env being set.
(Use `node --trace-warnings ...` to show where the warning was created)
(node:49653) Warning: The 'NO_COLOR' env is ignored due to the 'FORCE_COLOR' env being set.
(Use `node --trace-warnings ...` to show where the warning was created)
[2m[WebServer] [22m4:14:37 AM [vite] (client) [console.warn] [updater] android check failed: TypeError: Cannot read properties of undefined (reading 'latestVersion')
[2m[WebServer] [22m    at androidCheckForUpdate (http://127.0.0.1:1459/src/lib/updater.ts:177:12)
[2m[WebServer] [22m    at async http://127.0.0.1:1459/src/stores/updateStore.ts:94:65
[2m[WebServer] [22m4:14:37 AM [vite] (client) [console.warn] [updater] android check failed: TypeError: Cannot read properties of undefined (reading 'latestVersion')
[2m[WebServer] [22m    at androidCheckForUpdate (http://127.0.0.1:1459/src/lib/updater.ts:177:12)
[2m[WebServer] [22m    at async http://127.0.0.1:1459/src/stores/updateStore.ts:94:65
[2m[WebServer] [22m4:14:37 AM [vite] (client) [console.warn] [updater] android check failed: TypeError: Cannot read properties of undefined (reading 'latestVersion')
[2m[WebServer] [22m    at androidCheckForUpdate (http://127.0.0.1:1459/src/lib/updater.ts:177:12)
[2m[WebServer] [22m    at async http://127.0.0.1:1459/src/stores/updateStore.ts:94:65
[2m[WebServer] [22m4:14:37 AM [vite] (client) [console.warn] [updater] android check failed: TypeError: Cannot read properties of undefined (reading 'latestVersion')
[2m[WebServer] [22m    at androidCheckForUpdate (http://127.0.0.1:1459/src/lib/updater.ts:177:12)
[2m[WebServer] [22m    at async http://127.0.0.1:1459/src/stores/updateStore.ts:94:65
[2m[WebServer] [22m4:14:37 AM [vite] (client) [console.warn] [syncStore] sync_list_conflicts 返回非数组，已归一化为空列表（返回类型: undefined)
[2m[WebServer] [22m4:14:37 AM [vite] (client) [console.warn] [syncStore] sync_list_conflicts 返回非数组，已归一化为空列表（返回类型: undefined)
  ✓   3 [chromium] › e2e/macos-preview-titlebar.spec.ts:369:3 › Android dark preview controls respect native safe-area lengths (2.8s)
  ✓   4 [chromium] › e2e/macos-preview-titlebar.spec.ts:369:3 › Android light preview controls respect native safe-area lengths (2.8s)
[2m[WebServer] [22m4:14:40 AM [vite] (client) [console.warn] [syncStore] sync_list_conflicts 返回非数组，已归一化为空列表（返回类型: undefined)
[2m[WebServer] [22m4:14:40 AM [vite] (client) [console.warn] [syncStore] sync_list_conflicts 返回非数组，已归一化为空列表（返回类型: undefined)
  ✓   6 [chromium] › e2e/macos-preview-titlebar.spec.ts:429:5 › macOS light pdf preview preserves traffic lights and native hit regions (2.0s)
  ✓   5 [chromium] › e2e/macos-preview-titlebar.spec.ts:429:5 › macOS light text preview preserves traffic lights and native hit regions (2.1s)
[2m[WebServer] [22m4:14:42 AM [vite] (client) [console.warn] [syncStore] sync_list_conflicts 返回非数组，已归一化为空列表（返回类型: undefined)
[2m[WebServer] [22m4:14:42 AM [vite] (client) [console.warn] [syncStore] sync_list_conflicts 返回非数组，已归一化为空列表（返回类型: undefined)
  ✓   8 [chromium] › e2e/macos-preview-titlebar.spec.ts:429:5 › macOS dark text preview preserves traffic lights and native hit regions (1.9s)
  ✓   7 [chromium] › e2e/macos-preview-titlebar.spec.ts:429:5 › macOS light image preview preserves traffic lights and native hit regions (1.9s)
[2m[WebServer] [22m4:14:44 AM [vite] (client) [console.warn] [syncStore] sync_list_conflicts 返回非数组，已归一化为空列表（返回类型: undefined)
[2m[WebServer] [22m4:14:44 AM [vite] (client) [console.warn] [syncStore] sync_list_conflicts 返回非数组，已归一化为空列表（返回类型: undefined)
  ✓   9 [chromium] › e2e/macos-preview-titlebar.spec.ts:429:5 › macOS dark pdf preview preserves traffic lights and native hit regions (1.9s)
  ✓  10 [chromium] › e2e/macos-preview-titlebar.spec.ts:429:5 › macOS dark image preview preserves traffic lights and native hit regions (1.9s)
[2m[WebServer] [22m4:14:46 AM [vite] (client) [console.warn] [syncStore] sync_list_conflicts 返回非数组，已归一化为空列表（返回类型: undefined)
[2m[WebServer] [22m4:14:46 AM [vite] (client) [console.warn] [syncStore] sync_list_conflicts 返回非数组，已归一化为空列表（返回类型: undefined)
  ✓  12 [chromium] › e2e/macos-preview-titlebar.spec.ts:513:1 › macOS preview also removes the object attachment card backdrop from the traffic lights (2.1s)
  ✓  11 [chromium] › e2e/macos-preview-titlebar.spec.ts:482:1 › macOS photo viewer returns through album and restores each titlebar hit region (2.7s)
[2m[WebServer] [22m4:14:48 AM [vite] (client) [console.warn] [updater] android check failed: TypeError: Cannot read properties of undefined (reading 'latestVersion')
[2m[WebServer] [22m    at androidCheckForUpdate (http://127.0.0.1:1459/src/lib/updater.ts:177:12)
[2m[WebServer] [22m    at async http://127.0.0.1:1459/src/stores/updateStore.ts:94:65
[2m[WebServer] [22m4:14:48 AM [vite] (client) [console.warn] [syncStore] sync_list_conflicts 返回非数组，已归一化为空列表（返回类型: undefined)
  ✓  13 [chromium] › e2e/macos-preview-titlebar.spec.ts:543:3 › windows preview keeps its existing top spacing (1.3s)
[2m[WebServer] [22m4:14:48 AM [vite] (client) [console.warn] [updater] android check failed: TypeError: Cannot read properties of undefined (reading 'latestVersion')
[2m[WebServer] [22m    at androidCheckForUpdate (http://127.0.0.1:1459/src/lib/updater.ts:177:12)
[2m[WebServer] [22m    at async http://127.0.0.1:1459/src/stores/updateStore.ts:94:65
[2m[WebServer] [22m4:14:49 AM [vite] (client) [console.warn] [syncStore] sync_list_conflicts 返回非数组，已归一化为空列表（返回类型: undefined)
  ✓  14 [chromium] › e2e/macos-preview-titlebar.spec.ts:543:3 › android preview keeps its existing top spacing (1.6s)
[2m[WebServer] [22m4:14:49 AM [vite] (client) [console.warn] [syncStore] sync_list_conflicts 返回非数组，已归一化为空列表（返回类型: undefined)
[2m[WebServer] [22m4:14:50 AM [vite] (client) [console.warn] [syncStore] sync_list_conflicts 返回非数组，已归一化为空列表（返回类型: undefined)
  ✓  15 [chromium] › e2e/macos-preview-titlebar.spec.ts:560:3 › Windows light photo preview and album keep the AppBar surface (2.5s)
  ✓  16 [chromium] › e2e/macos-preview-titlebar.spec.ts:560:3 › Windows dark photo preview and album keep the AppBar surface (2.4s)
  ✓  17 [chromium] › e2e/windows-titlebar.spec.ts:6:3 › Windows Mica left 操作栏与正文同色、导航透出材质且正文独立滚动 (1.3s)
  ✓  18 [chromium] › e2e/windows-titlebar.spec.ts:6:3 › Windows Mica right 操作栏与正文同色、导航透出材质且正文独立滚动 (1.2s)
  ✓  19 [chromium] › e2e/windows-titlebar.spec.ts:6:3 › Windows Mica top 操作栏与正文同色、导航透出材质且正文独立滚动 (1.2s)
(node:49884) Warning: The 'NO_COLOR' env is ignored due to the 'FORCE_COLOR' env being set.
(Use `node --trace-warnings ...` to show where the warning was created)
(node:49884) Warning: The 'NO_COLOR' env is ignored due to the 'FORCE_COLOR' env being set.
(Use `node --trace-warnings ...` to show where the warning was created)
  ✓  20 [chromium] › e2e/windows-titlebar.spec.ts:6:3 › Windows Mica bottom 操作栏与正文同色、导航透出材质且正文独立滚动 (1.2s)
[2m[WebServer] [22m4:14:54 AM [vite] (client) [console.warn] [updater] android check failed: TypeError: Cannot read properties of undefined (reading 'latestVersion')
[2m[WebServer] [22m    at androidCheckForUpdate (http://127.0.0.1:1459/src/lib/updater.ts:177:12)
[2m[WebServer] [22m    at async http://127.0.0.1:1459/src/stores/updateStore.ts:94:65
(node:49905) Warning: The 'NO_COLOR' env is ignored due to the 'FORCE_COLOR' env being set.
(Use `node --trace-warnings ...` to show where the warning was created)
(node:49905) Warning: The 'NO_COLOR' env is ignored due to the 'FORCE_COLOR' env being set.
(Use `node --trace-warnings ...` to show where the warning was created)
[2m[WebServer] [22m4:14:54 AM [vite] (client) [console.warn] [updater] android check failed: TypeError: Cannot read properties of undefined (reading 'latestVersion')
[2m[WebServer] [22m    at androidCheckForUpdate (http://127.0.0.1:1459/src/lib/updater.ts:177:12)
[2m[WebServer] [22m    at async http://127.0.0.1:1459/src/stores/updateStore.ts:94:65
[2m[WebServer] [22m4:14:55 AM [vite] (client) [console.warn] [syncStore] sync_list_conflicts 返回非数组，已归一化为空列表（返回类型: undefined)
[2m[WebServer] [22m4:14:55 AM [vite] (client) [console.warn] [updater] android check failed: TypeError: Cannot read properties of undefined (reading 'latestVersion')
[2m[WebServer] [22m    at androidCheckForUpdate (http://127.0.0.1:1459/src/lib/updater.ts:177:12)
[2m[WebServer] [22m    at async http://127.0.0.1:1459/src/stores/updateStore.ts:94:65
  ✘  21 [mobile] › e2e/macos-preview-titlebar.spec.ts:230:3 › Android light reminders follow file preview, album and photo viewer (1.8s)
[2m[WebServer] [22m4:14:55 AM [vite] (client) [console.warn] [updater] android check failed: TypeError: Cannot read properties of undefined (reading 'latestVersion')
[2m[WebServer] [22m    at androidCheckForUpdate (http://127.0.0.1:1459/src/lib/updater.ts:177:12)
[2m[WebServer] [22m    at async http://127.0.0.1:1459/src/stores/updateStore.ts:94:65
[2m[WebServer] [22m4:14:55 AM [vite] (client) [console.warn] [syncStore] sync_list_conflicts 返回非数组，已归一化为空列表（返回类型: undefined)
(node:49919) Warning: The 'NO_COLOR' env is ignored due to the 'FORCE_COLOR' env being set.
(Use `node --trace-warnings ...` to show where the warning was created)
(node:49919) Warning: The 'NO_COLOR' env is ignored due to the 'FORCE_COLOR' env being set.
(Use `node --trace-warnings ...` to show where the warning was created)
  ✘  22 [mobile] › e2e/macos-preview-titlebar.spec.ts:230:3 › Android dark reminders follow file preview, album and photo viewer (1.8s)
[2m[WebServer] [22m4:14:56 AM [vite] (client) [console.warn] [updater] android check failed: TypeError: Cannot read properties of undefined (reading 'latestVersion')
[2m[WebServer] [22m    at androidCheckForUpdate (http://127.0.0.1:1459/src/lib/updater.ts:177:12)
[2m[WebServer] [22m    at async http://127.0.0.1:1459/src/stores/updateStore.ts:94:65
(node:49943) Warning: The 'NO_COLOR' env is ignored due to the 'FORCE_COLOR' env being set.
(Use `node --trace-warnings ...` to show where the warning was created)
(node:49943) Warning: The 'NO_COLOR' env is ignored due to the 'FORCE_COLOR' env being set.
(Use `node --trace-warnings ...` to show where the warning was created)
[2m[WebServer] [22m4:14:57 AM [vite] (client) [console.warn] [updater] android check failed: TypeError: Cannot read properties of undefined (reading 'latestVersion')
[2m[WebServer] [22m    at androidCheckForUpdate (http://127.0.0.1:1459/src/lib/updater.ts:177:12)
[2m[WebServer] [22m    at async http://127.0.0.1:1459/src/stores/updateStore.ts:94:65
[2m[WebServer] [22m4:14:57 AM [vite] (client) [console.warn] [syncStore] sync_list_conflicts 返回非数组，已归一化为空列表（返回类型: undefined)
[2m[WebServer] [22m4:14:57 AM [vite] (client) [console.warn] [updater] android check failed: TypeError: Cannot read properties of undefined (reading 'latestVersion')
[2m[WebServer] [22m    at androidCheckForUpdate (http://127.0.0.1:1459/src/lib/updater.ts:177:12)
[2m[WebServer] [22m    at async http://127.0.0.1:1459/src/stores/updateStore.ts:94:65
[2m[WebServer] [22m4:14:58 AM [vite] (client) [console.warn] [updater] android check failed: TypeError: Cannot read properties of undefined (reading 'latestVersion')
[2m[WebServer] [22m    at androidCheckForUpdate (http://127.0.0.1:1459/src/lib/updater.ts:177:12)
[2m[WebServer] [22m    at async http://127.0.0.1:1459/src/stores/updateStore.ts:94:65
[2m[WebServer] [22m4:14:58 AM [vite] (client) [console.warn] [syncStore] sync_list_conflicts 返回非数组，已归一化为空列表（返回类型: undefined)
  ✓  23 [mobile] › e2e/macos-preview-titlebar.spec.ts:369:3 › Android light preview controls respect native safe-area lengths (2.7s)
  ✓  24 [mobile] › e2e/macos-preview-titlebar.spec.ts:369:3 › Android dark preview controls respect native safe-area lengths (2.5s)
[2m[WebServer] [22m4:15:00 AM [vite] (client) [console.warn] [syncStore] sync_list_conflicts 返回非数组，已归一化为空列表（返回类型: undefined)
  ✓  25 [mobile] › e2e/macos-preview-titlebar.spec.ts:429:5 › macOS light text preview preserves traffic lights and native hit regions (1.9s)
[2m[WebServer] [22m4:15:00 AM [vite] (client) [console.warn] [syncStore] sync_list_conflicts 返回非数组，已归一化为空列表（返回类型: undefined)
  ✓  26 [mobile] › e2e/macos-preview-titlebar.spec.ts:429:5 › macOS light pdf preview preserves traffic lights and native hit regions (1.9s)
[2m[WebServer] [22m4:15:02 AM [vite] (client) [console.warn] [syncStore] sync_list_conflicts 返回非数组，已归一化为空列表（返回类型: undefined)
[2m[WebServer] [22m4:15:02 AM [vite] (client) [console.warn] [syncStore] sync_list_conflicts 返回非数组，已归一化为空列表（返回类型: undefined)
  ✓  27 [mobile] › e2e/macos-preview-titlebar.spec.ts:429:5 › macOS light image preview preserves traffic lights and native hit regions (1.9s)
  ✓  28 [mobile] › e2e/macos-preview-titlebar.spec.ts:429:5 › macOS dark text preview preserves traffic lights and native hit regions (1.9s)
[2m[WebServer] [22m4:15:03 AM [vite] (client) [console.warn] [syncStore] sync_list_conflicts 返回非数组，已归一化为空列表（返回类型: undefined)
  ✓  29 [mobile] › e2e/macos-preview-titlebar.spec.ts:429:5 › macOS dark pdf preview preserves traffic lights and native hit regions (1.9s)
[2m[WebServer] [22m4:15:04 AM [vite] (client) [console.warn] [syncStore] sync_list_conflicts 返回非数组，已归一化为空列表（返回类型: undefined)
  ✓  30 [mobile] › e2e/macos-preview-titlebar.spec.ts:429:5 › macOS dark image preview preserves traffic lights and native hit regions (2.0s)
[2m[WebServer] [22m4:15:05 AM [vite] (client) [console.warn] [syncStore] sync_list_conflicts 返回非数组，已归一化为空列表（返回类型: undefined)
[2m[WebServer] [22m4:15:06 AM [vite] (client) [console.warn] [syncStore] sync_list_conflicts 返回非数组，已归一化为空列表（返回类型: undefined)
  ✓  32 [mobile] › e2e/macos-preview-titlebar.spec.ts:513:1 › macOS preview also removes the object attachment card backdrop from the traffic lights (1.8s)
  ✓  31 [mobile] › e2e/macos-preview-titlebar.spec.ts:482:1 › macOS photo viewer returns through album and restores each titlebar hit region (2.8s)
[2m[WebServer] [22m4:15:08 AM [vite] (client) [console.warn] [updater] android check failed: TypeError: Cannot read properties of undefined (reading 'latestVersion')
[2m[WebServer] [22m    at androidCheckForUpdate (http://127.0.0.1:1459/src/lib/updater.ts:177:12)
[2m[WebServer] [22m    at async http://127.0.0.1:1459/src/stores/updateStore.ts:94:65
[2m[WebServer] [22m4:15:08 AM [vite] (client) [console.warn] [updater] android check failed: TypeError: Cannot read properties of undefined (reading 'latestVersion')
[2m[WebServer] [22m    at androidCheckForUpdate (http://127.0.0.1:1459/src/lib/updater.ts:177:12)
[2m[WebServer] [22m    at async http://127.0.0.1:1459/src/stores/updateStore.ts:94:65
[2m[WebServer] [22m4:15:08 AM [vite] (client) [console.warn] [syncStore] sync_list_conflicts 返回非数组，已归一化为空列表（返回类型: undefined)
[2m[WebServer] [22m4:15:08 AM [vite] (client) [console.warn] [syncStore] sync_list_conflicts 返回非数组，已归一化为空列表（返回类型: undefined)
  ✓  33 [mobile] › e2e/macos-preview-titlebar.spec.ts:543:3 › windows preview keeps its existing top spacing (1.4s)
  ✓  34 [mobile] › e2e/macos-preview-titlebar.spec.ts:543:3 › android preview keeps its existing top spacing (1.7s)
[2m[WebServer] [22m4:15:09 AM [vite] (client) [console.warn] [syncStore] sync_list_conflicts 返回非数组，已归一化为空列表（返回类型: undefined)
[2m[WebServer] [22m4:15:10 AM [vite] (client) [console.warn] [syncStore] sync_list_conflicts 返回非数组，已归一化为空列表（返回类型: undefined)
  ✓  35 [mobile] › e2e/macos-preview-titlebar.spec.ts:560:3 › Windows light photo preview and album keep the AppBar surface (2.6s)
  ✓  36 [mobile] › e2e/macos-preview-titlebar.spec.ts:560:3 › Windows dark photo preview and album keep the AppBar surface (2.5s)
  ✓  37 [mobile] › e2e/windows-titlebar.spec.ts:6:3 › Windows Mica left 操作栏与正文同色、导航透出材质且正文独立滚动 (1.2s)
  ✓  38 [mobile] › e2e/windows-titlebar.spec.ts:6:3 › Windows Mica right 操作栏与正文同色、导航透出材质且正文独立滚动 (1.2s)
  ✓  39 [mobile] › e2e/windows-titlebar.spec.ts:6:3 › Windows Mica top 操作栏与正文同色、导航透出材质且正文独立滚动 (1.2s)
  ✓  40 [mobile] › e2e/windows-titlebar.spec.ts:6:3 › Windows Mica bottom 操作栏与正文同色、导航透出材质且正文独立滚动 (1.2s)


  1) [chromium] › e2e/macos-preview-titlebar.spec.ts:230:3 › Android light reminders follow file preview, album and photo viewer 

    Error: [2mexpect([22m[31mreceived[39m[2m).[22mtoBeGreaterThanOrEqual[2m([22m[32mexpected[39m[2m)[22m

    Expected: >= [32m3[39m
    Received:    [31m2[39m

      283 |           });
      284 |       });
    > 285 |       expect(contrasts.length).toBeGreaterThanOrEqual(3);
          |                                ^
      286 |       for (const value of contrasts)
      287 |         expect(value.contrast, value.label || '').toBeGreaterThanOrEqual(4.5);
      288 |       const headerBox = (await header.boundingBox())!;
        at expectFrontToast (/Users/zzc/PycharmProjects/SoloSoul/tauri/e2e/macos-preview-titlebar.spec.ts:285:32)
        at /Users/zzc/PycharmProjects/SoloSoul/tauri/e2e/macos-preview-titlebar.spec.ts:320:5

    Error Context: ../../../../../tmp/solosoul-fe2-api31-browser-results-20261008/macos-preview-titlebar-And-2c52b-view-album-and-photo-viewer-chromium/error-context.md

  2) [chromium] › e2e/macos-preview-titlebar.spec.ts:230:3 › Android dark reminders follow file preview, album and photo viewer 

    Error: [2mexpect([22m[31mreceived[39m[2m).[22mtoBeGreaterThanOrEqual[2m([22m[32mexpected[39m[2m)[22m

    Expected: >= [32m3[39m
    Received:    [31m2[39m

      283 |           });
      284 |       });
    > 285 |       expect(contrasts.length).toBeGreaterThanOrEqual(3);
          |                                ^
      286 |       for (const value of contrasts)
      287 |         expect(value.contrast, value.label || '').toBeGreaterThanOrEqual(4.5);
      288 |       const headerBox = (await header.boundingBox())!;
        at expectFrontToast (/Users/zzc/PycharmProjects/SoloSoul/tauri/e2e/macos-preview-titlebar.spec.ts:285:32)
        at /Users/zzc/PycharmProjects/SoloSoul/tauri/e2e/macos-preview-titlebar.spec.ts:320:5

    Error Context: ../../../../../tmp/solosoul-fe2-api31-browser-results-20261008/macos-preview-titlebar-And-e2d1e-view-album-and-photo-viewer-chromium/error-context.md

  3) [mobile] › e2e/macos-preview-titlebar.spec.ts:230:3 › Android light reminders follow file preview, album and photo viewer 

    Error: [2mexpect([22m[31mreceived[39m[2m).[22mtoBeGreaterThanOrEqual[2m([22m[32mexpected[39m[2m)[22m

    Expected: >= [32m3[39m
    Received:    [31m2[39m

      283 |           });
      284 |       });
    > 285 |       expect(contrasts.length).toBeGreaterThanOrEqual(3);
          |                                ^
      286 |       for (const value of contrasts)
      287 |         expect(value.contrast, value.label || '').toBeGreaterThanOrEqual(4.5);
      288 |       const headerBox = (await header.boundingBox())!;
        at expectFrontToast (/Users/zzc/PycharmProjects/SoloSoul/tauri/e2e/macos-preview-titlebar.spec.ts:285:32)
        at /Users/zzc/PycharmProjects/SoloSoul/tauri/e2e/macos-preview-titlebar.spec.ts:320:5

    Error Context: ../../../../../tmp/solosoul-fe2-api31-browser-results-20261008/macos-preview-titlebar-And-2c52b-view-album-and-photo-viewer-mobile/error-context.md

  4) [mobile] › e2e/macos-preview-titlebar.spec.ts:230:3 › Android dark reminders follow file preview, album and photo viewer 

    Error: [2mexpect([22m[31mreceived[39m[2m).[22mtoBeGreaterThanOrEqual[2m([22m[32mexpected[39m[2m)[22m

    Expected: >= [32m3[39m
    Received:    [31m2[39m

      283 |           });
      284 |       });
    > 285 |       expect(contrasts.length).toBeGreaterThanOrEqual(3);
          |                                ^
      286 |       for (const value of contrasts)
      287 |         expect(value.contrast, value.label || '').toBeGreaterThanOrEqual(4.5);
      288 |       const headerBox = (await header.boundingBox())!;
        at expectFrontToast (/Users/zzc/PycharmProjects/SoloSoul/tauri/e2e/macos-preview-titlebar.spec.ts:285:32)
        at /Users/zzc/PycharmProjects/SoloSoul/tauri/e2e/macos-preview-titlebar.spec.ts:320:5

    Error Context: ../../../../../tmp/solosoul-fe2-api31-browser-results-20261008/macos-preview-titlebar-And-e2d1e-view-album-and-photo-viewer-mobile/error-context.md

  4 failed
    [chromium] › e2e/macos-preview-titlebar.spec.ts:230:3 › Android light reminders follow file preview, album and photo viewer 
    [chromium] › e2e/macos-preview-titlebar.spec.ts:230:3 › Android dark reminders follow file preview, album and photo viewer 
    [mobile] › e2e/macos-preview-titlebar.spec.ts:230:3 › Android light reminders follow file preview, album and photo viewer 
    [mobile] › e2e/macos-preview-titlebar.spec.ts:230:3 › Android dark reminders follow file preview, album and photo viewer 
  36 passed (43.1s)
