
Running 14 tests using 2 workers

(node:18204) Warning: The 'NO_COLOR' env is ignored due to the 'FORCE_COLOR' env being set.
(Use `node --trace-warnings ...` to show where the warning was created)
(node:18203) Warning: The 'NO_COLOR' env is ignored due to the 'FORCE_COLOR' env being set.
(Use `node --trace-warnings ...` to show where the warning was created)
(node:18204) Warning: The 'NO_COLOR' env is ignored due to the 'FORCE_COLOR' env being set.
(Use `node --trace-warnings ...` to show where the warning was created)
(node:18203) Warning: The 'NO_COLOR' env is ignored due to the 'FORCE_COLOR' env being set.
(Use `node --trace-warnings ...` to show where the warning was created)
  ✓   1 [chromium] › e2e/history-keyboard.spec.ts:4:1 › 隐藏历史字段支持 Enter 和 Space，揭示前无原文 DOM (1.3s)
(node:18224) Warning: The 'NO_COLOR' env is ignored due to the 'FORCE_COLOR' env being set.
(Use `node --trace-warnings ...` to show where the warning was created)
(node:18224) Warning: The 'NO_COLOR' env is ignored due to the 'FORCE_COLOR' env being set.
(Use `node --trace-warnings ...` to show where the warning was created)
  ✓   3 [webkit] › e2e/history-keyboard.spec.ts:4:1 › 隐藏历史字段支持 Enter 和 Space，揭示前无原文 DOM (1.9s)
  ✘   2 [chromium] › e2e/object-ui-refinement.spec.ts:86:5 › macos light: password, localized counts, stable cached history and scoped scrollbar (6.9s)
(node:18299) Warning: The 'NO_COLOR' env is ignored due to the 'FORCE_COLOR' env being set.
(Use `node --trace-warnings ...` to show where the warning was created)
(node:18299) Warning: The 'NO_COLOR' env is ignored due to the 'FORCE_COLOR' env being set.
(Use `node --trace-warnings ...` to show where the warning was created)
  ✘   4 [webkit] › e2e/object-ui-refinement.spec.ts:86:5 › macos light: password, localized counts, stable cached history and scoped scrollbar (7.2s)
(node:18359) Warning: The 'NO_COLOR' env is ignored due to the 'FORCE_COLOR' env being set.
(Use `node --trace-warnings ...` to show where the warning was created)
(node:18359) Warning: The 'NO_COLOR' env is ignored due to the 'FORCE_COLOR' env being set.
(Use `node --trace-warnings ...` to show where the warning was created)
  ✘   5 [chromium] › e2e/object-ui-refinement.spec.ts:86:5 › macos dark: password, localized counts, stable cached history and scoped scrollbar (6.7s)
(node:18378) Warning: The 'NO_COLOR' env is ignored due to the 'FORCE_COLOR' env being set.
(Use `node --trace-warnings ...` to show where the warning was created)
(node:18378) Warning: The 'NO_COLOR' env is ignored due to the 'FORCE_COLOR' env being set.
(Use `node --trace-warnings ...` to show where the warning was created)
  ✓   7 [chromium] › e2e/object-ui-refinement.spec.ts:86:5 › windows light: password, localized counts, stable cached history and scoped scrollbar (2.3s)
  ✘   6 [webkit] › e2e/object-ui-refinement.spec.ts:86:5 › macos dark: password, localized counts, stable cached history and scoped scrollbar (7.4s)
  ✓   8 [chromium] › e2e/object-ui-refinement.spec.ts:86:5 › windows dark: password, localized counts, stable cached history and scoped scrollbar (2.3s)
(node:18404) Warning: The 'NO_COLOR' env is ignored due to the 'FORCE_COLOR' env being set.
(Use `node --trace-warnings ...` to show where the warning was created)
(node:18404) Warning: The 'NO_COLOR' env is ignored due to the 'FORCE_COLOR' env being set.
(Use `node --trace-warnings ...` to show where the warning was created)
  ✓   9 [chromium] › e2e/object-ui-refinement.spec.ts:185:3 › android: long password stays clear of controls at 320px (1.1s)
  ✓  11 [chromium] › e2e/object-ui-refinement.spec.ts:185:3 › ios: long password stays clear of controls at 320px (984ms)
  ✓  10 [webkit] › e2e/object-ui-refinement.spec.ts:86:5 › windows light: password, localized counts, stable cached history and scoped scrollbar (2.8s)
  ✓  12 [webkit] › e2e/object-ui-refinement.spec.ts:86:5 › windows dark: password, localized counts, stable cached history and scoped scrollbar (2.7s)
  ✓  13 [webkit] › e2e/object-ui-refinement.spec.ts:185:3 › android: long password stays clear of controls at 320px (1.3s)
  ✓  14 [webkit] › e2e/object-ui-refinement.spec.ts:185:3 › ios: long password stays clear of controls at 320px (1.2s)


  1) [chromium] › e2e/object-ui-refinement.spec.ts:86:5 › macos light: password, localized counts, stable cached history and scoped scrollbar 

    Error: [2mexpect([22m[31mlocator[39m[2m).not.[22mtoHaveAttribute[2m([22m[32mexpected[39m[2m)[22m failed

    Locator:  locator('[data-shell-content]')
    Expected: not [32m"true"[39m
    Received: [31m"[7mtrue[27m"[39m
    Timeout:  5000ms

    Call log:
    [2m  - Expect "not toHaveAttribute" with timeout 5000ms[22m
    [2m  - waiting for locator('[data-shell-content]')[22m
    [2m    13 × locator resolved to <main class="_content_1i6v6_12" data-shell-content="true" data-scrollbar-active="true">…</main>[22m
    [2m       - unexpected value "true"[22m


      126 |       await main.getByRole('button', { name: /^Object 00/ }).click();
      127 |       const detail = page.getByTestId('object-detail-modal');
    > 128 |       await expect(main).not.toHaveAttribute('data-scrollbar-active', 'true');
          |                              ^
      129 |       await expect(detail.getByText('INTERNAL_DETAIL', { exact: true })).toBeVisible();
      130 |       expect(await detail.innerHTML()).not.toContain('SENSITIVE_DETAIL');
      131 |       expect(await detail.innerHTML()).not.toContain('CRITICAL_DETAIL');
        at /Users/zzc/PycharmProjects/SoloSoul/tauri/e2e/object-ui-refinement.spec.ts:128:30

    Error Context: ../../../../../tmp/solosoul-object-ui-browser-results/object-ui-refinement-macos-ce6c6-istory-and-scoped-scrollbar-chromium/error-context.md

  2) [chromium] › e2e/object-ui-refinement.spec.ts:86:5 › macos dark: password, localized counts, stable cached history and scoped scrollbar 

    Error: [2mexpect([22m[31mlocator[39m[2m).not.[22mtoHaveAttribute[2m([22m[32mexpected[39m[2m)[22m failed

    Locator:  locator('[data-shell-content]')
    Expected: not [32m"true"[39m
    Received: [31m"[7mtrue[27m"[39m
    Timeout:  5000ms

    Call log:
    [2m  - Expect "not toHaveAttribute" with timeout 5000ms[22m
    [2m  - waiting for locator('[data-shell-content]')[22m
    [2m    13 × locator resolved to <main class="_content_1i6v6_12" data-shell-content="true" data-scrollbar-active="true">…</main>[22m
    [2m       - unexpected value "true"[22m


      126 |       await main.getByRole('button', { name: /^Object 00/ }).click();
      127 |       const detail = page.getByTestId('object-detail-modal');
    > 128 |       await expect(main).not.toHaveAttribute('data-scrollbar-active', 'true');
          |                              ^
      129 |       await expect(detail.getByText('INTERNAL_DETAIL', { exact: true })).toBeVisible();
      130 |       expect(await detail.innerHTML()).not.toContain('SENSITIVE_DETAIL');
      131 |       expect(await detail.innerHTML()).not.toContain('CRITICAL_DETAIL');
        at /Users/zzc/PycharmProjects/SoloSoul/tauri/e2e/object-ui-refinement.spec.ts:128:30

    Error Context: ../../../../../tmp/solosoul-object-ui-browser-results/object-ui-refinement-macos-25b0a-istory-and-scoped-scrollbar-chromium/error-context.md

  3) [webkit] › e2e/object-ui-refinement.spec.ts:86:5 › macos light: password, localized counts, stable cached history and scoped scrollbar 

    Error: [2mexpect([22m[31mlocator[39m[2m).not.[22mtoHaveAttribute[2m([22m[32mexpected[39m[2m)[22m failed

    Locator:  locator('[data-shell-content]')
    Expected: not [32m"true"[39m
    Received: [31m"[7mtrue[27m"[39m
    Timeout:  5000ms

    Call log:
    [2m  - Expect "not toHaveAttribute" with timeout 5000ms[22m
    [2m  - waiting for locator('[data-shell-content]')[22m
    [2m    13 × locator resolved to <main class="_content_1i6v6_12" data-shell-content="true" data-scrollbar-active="true">…</main>[22m
    [2m       - unexpected value "true"[22m


      126 |       await main.getByRole('button', { name: /^Object 00/ }).click();
      127 |       const detail = page.getByTestId('object-detail-modal');
    > 128 |       await expect(main).not.toHaveAttribute('data-scrollbar-active', 'true');
          |                              ^
      129 |       await expect(detail.getByText('INTERNAL_DETAIL', { exact: true })).toBeVisible();
      130 |       expect(await detail.innerHTML()).not.toContain('SENSITIVE_DETAIL');
      131 |       expect(await detail.innerHTML()).not.toContain('CRITICAL_DETAIL');
        at /Users/zzc/PycharmProjects/SoloSoul/tauri/e2e/object-ui-refinement.spec.ts:128:30

    Error Context: ../../../../../tmp/solosoul-object-ui-browser-results/object-ui-refinement-macos-ce6c6-istory-and-scoped-scrollbar-webkit/error-context.md

  4) [webkit] › e2e/object-ui-refinement.spec.ts:86:5 › macos dark: password, localized counts, stable cached history and scoped scrollbar 

    Error: [2mexpect([22m[31mlocator[39m[2m).not.[22mtoHaveAttribute[2m([22m[32mexpected[39m[2m)[22m failed

    Locator:  locator('[data-shell-content]')
    Expected: not [32m"true"[39m
    Received: [31m"[7mtrue[27m"[39m
    Timeout:  5000ms

    Call log:
    [2m  - Expect "not toHaveAttribute" with timeout 5000ms[22m
    [2m  - waiting for locator('[data-shell-content]')[22m
    [2m    13 × locator resolved to <main class="_content_1i6v6_12" data-shell-content="true" data-scrollbar-active="true">…</main>[22m
    [2m       - unexpected value "true"[22m


      126 |       await main.getByRole('button', { name: /^Object 00/ }).click();
      127 |       const detail = page.getByTestId('object-detail-modal');
    > 128 |       await expect(main).not.toHaveAttribute('data-scrollbar-active', 'true');
          |                              ^
      129 |       await expect(detail.getByText('INTERNAL_DETAIL', { exact: true })).toBeVisible();
      130 |       expect(await detail.innerHTML()).not.toContain('SENSITIVE_DETAIL');
      131 |       expect(await detail.innerHTML()).not.toContain('CRITICAL_DETAIL');
        at /Users/zzc/PycharmProjects/SoloSoul/tauri/e2e/object-ui-refinement.spec.ts:128:30

    Error Context: ../../../../../tmp/solosoul-object-ui-browser-results/object-ui-refinement-macos-25b0a-istory-and-scoped-scrollbar-webkit/error-context.md

  4 failed
    [chromium] › e2e/object-ui-refinement.spec.ts:86:5 › macos light: password, localized counts, stable cached history and scoped scrollbar 
    [chromium] › e2e/object-ui-refinement.spec.ts:86:5 › macos dark: password, localized counts, stable cached history and scoped scrollbar 
    [webkit] › e2e/object-ui-refinement.spec.ts:86:5 › macos light: password, localized counts, stable cached history and scoped scrollbar 
    [webkit] › e2e/object-ui-refinement.spec.ts:86:5 › macos dark: password, localized counts, stable cached history and scoped scrollbar 
  10 passed (28.2s)
