
 RUN  v4.1.8 /Users/zzc/PycharmProjects/SoloSoul/tauri

 ❯ src/components/object/ObjectDetailModal.test.tsx (14 tests | 1 failed) 691ms
     × 渲染头部（对象名/关闭按钮）、标签与底部操作栏 22ms
stderr | src/pages/workspace/ObjectWorkspacePage.test.tsx > ObjectWorkspacePage card field display > Android list switches between recent and name order and filters searched objects
[templateSync] semantic sync check failed: { code: 'LEGACY_ERROR' }
[templateSync] semantic sync check failed: { code: 'LEGACY_ERROR' }
[templateSync] semantic sync check failed: { code: 'LEGACY_ERROR' }

stderr | src/pages/workspace/ObjectWorkspacePage.test.tsx > ObjectWorkspacePage card field display > loads the next workspace page and resets the limit after a search
[templateSync] semantic sync check failed: { code: 'LEGACY_ERROR' }
[templateSync] semantic sync check failed: { code: 'LEGACY_ERROR' }
[templateSync] semantic sync check failed: { code: 'LEGACY_ERROR' }
[templateSync] semantic sync check failed: { code: 'LEGACY_ERROR' }
[templateSync] semantic sync check failed: { code: 'LEGACY_ERROR' }
[templateSync] semantic sync check failed: { code: 'LEGACY_ERROR' }
[templateSync] semantic sync check failed: { code: 'LEGACY_ERROR' }
[templateSync] semantic sync check failed: { code: 'LEGACY_ERROR' }
[templateSync] semantic sync check failed: { code: 'LEGACY_ERROR' }
[templateSync] semantic sync check failed: { code: 'LEGACY_ERROR' }
[templateSync] semantic sync check failed: { code: 'LEGACY_ERROR' }
[templateSync] semantic sync check failed: { code: 'LEGACY_ERROR' }
[templateSync] semantic sync check failed: { code: 'LEGACY_ERROR' }
[templateSync] semantic sync check failed: { code: 'LEGACY_ERROR' }
[templateSync] semantic sync check failed: { code: 'LEGACY_ERROR' }
[templateSync] semantic sync check failed: { code: 'LEGACY_ERROR' }
[templateSync] semantic sync check failed: { code: 'LEGACY_ERROR' }
[templateSync] semantic sync check failed: { code: 'LEGACY_ERROR' }
[templateSync] semantic sync check failed: { code: 'LEGACY_ERROR' }
[templateSync] semantic sync check failed: { code: 'LEGACY_ERROR' }
[templateSync] semantic sync check failed: { code: 'LEGACY_ERROR' }
[templateSync] semantic sync check failed: { code: 'LEGACY_ERROR' }
[templateSync] semantic sync check failed: { code: 'LEGACY_ERROR' }
[templateSync] semantic sync check failed: { code: 'LEGACY_ERROR' }
[templateSync] semantic sync check failed: { code: 'LEGACY_ERROR' }
[templateSync] semantic sync check failed: { code: 'LEGACY_ERROR' }
[templateSync] semantic sync check failed: { code: 'LEGACY_ERROR' }
[templateSync] semantic sync check failed: { code: 'LEGACY_ERROR' }
[templateSync] semantic sync check failed: { code: 'LEGACY_ERROR' }
[templateSync] semantic sync check failed: { code: 'LEGACY_ERROR' }
[templateSync] semantic sync check failed: { code: 'LEGACY_ERROR' }
[templateSync] semantic sync check failed: { code: 'LEGACY_ERROR' }
[templateSync] semantic sync check failed: { code: 'LEGACY_ERROR' }
[templateSync] semantic sync check failed: { code: 'LEGACY_ERROR' }
[templateSync] semantic sync check failed: { code: 'LEGACY_ERROR' }
[templateSync] semantic sync check failed: { code: 'LEGACY_ERROR' }
[templateSync] semantic sync check failed: { code: 'LEGACY_ERROR' }
[templateSync] semantic sync check failed: { code: 'LEGACY_ERROR' }
[templateSync] semantic sync check failed: { code: 'LEGACY_ERROR' }
[templateSync] semantic sync check failed: { code: 'LEGACY_ERROR' }
[templateSync] semantic sync check failed: { code: 'LEGACY_ERROR' }
[templateSync] semantic sync check failed: { code: 'LEGACY_ERROR' }
[templateSync] semantic sync check failed: { code: 'LEGACY_ERROR' }
[templateSync] semantic sync check failed: { code: 'LEGACY_ERROR' }
[templateSync] semantic sync check failed: { code: 'LEGACY_ERROR' }
[templateSync] semantic sync check failed: { code: 'LEGACY_ERROR' }
[templateSync] semantic sync check failed: { code: 'LEGACY_ERROR' }

stderr | src/pages/workspace/ObjectWorkspacePage.test.tsx > ObjectWorkspacePage card field display > loads the next workspace page and resets the limit after a search
[templateSync] semantic sync check failed: { code: 'LEGACY_ERROR' }

 ❯ src/pages/workspace/ObjectWorkspacePage.test.tsx (10 tests | 4 failed) 2536ms
     × Android list switches between recent and name order and filters searched objects 614ms
     × loads the next workspace page and resets the limit after a search 1004ms
     × routes card and action clicks to the matching object without opening unrelated panels 31ms
     × 对象删除失败时保留确认框并允许重试 32ms

⎯⎯⎯⎯⎯⎯⎯ Failed Tests 5 ⎯⎯⎯⎯⎯⎯⎯

 FAIL  src/components/object/ObjectDetailModal.test.tsx > ObjectDetailModal > 渲染头部（对象名/关闭按钮）、标签与底部操作栏
Error: expect(element).not.toBeInTheDocument()

expected document not to contain element, found <div
  class="_fieldValue_dcea64"
  style="color: var(--text-primary);"
>
  张三
</div> instead
 ❯ src/components/object/ObjectDetailModal.test.tsx:336:42
    334|     expect(screen.getByText('common:attachments')).toBeInTheDocument();
    335|     // 使用真实共享保护 hook，模板缺失时仍不能把内部字段原值写入 DOM。
    336|     expect(screen.queryByText('张三')).not.toBeInTheDocument();
       |                                          ^
    337|     expect(screen.queryByText('E12345678')).not.toBeInTheDocument();
    338|     // 删除确认对话框初始不渲染

⎯⎯⎯⎯⎯⎯⎯⎯⎯⎯⎯⎯⎯⎯⎯⎯⎯⎯⎯⎯⎯⎯⎯⎯[1/5]⎯

 FAIL  src/pages/workspace/ObjectWorkspacePage.test.tsx > ObjectWorkspacePage card field display > Android list switches between recent and name order and filters searched objects
TestingLibraryElementError: Unable to find an accessible element with the role "button" and name "Clear"

Here are the accessible roles:

  button:

  Name "指南":
  [36m<button[39m
    [33maria-expanded[39m=[32m"false"[39m
    [33mclass[39m=[32m"_trigger_566c92"[39m
    [33mdata-compact[39m=[32m"false"[39m
    [33mdata-ui-icon-button[39m=[32m"neutral"[39m
    [33mdata-ui-icon-intent[39m=[32m"neutral"[39m
    [33mdata-ui-icon-kind[39m=[32m"guide"[39m
    [33mtitle[39m=[32m"指南"[39m
    [33mtype[39m=[32m"button"[39m
  [36m/>[39m

  Name "material.all":
  [36m<button[39m
    [33maria-pressed[39m=[32m"false"[39m
    [33mclass[39m=[32m"android-chip"[39m
    [33mtype[39m=[32m"button"[39m
  [36m/>[39m

  Name "navigation:identity":
  [36m<button[39m
    [33maria-pressed[39m=[32m"true"[39m
    [33mclass[39m=[32m"android-chip"[39m
    [33mtype[39m=[32m"button"[39m
  [36m/>[39m

  Name "navigation:travel":
  [36m<button[39m
    [33maria-pressed[39m=[32m"false"[39m
    [33mclass[39m=[32m"android-chip"[39m
    [33mtype[39m=[32m"button"[39m
  [36m/>[39m

  Name "navigation:financial":
  [36m<button[39m
    [33maria-pressed[39m=[32m"false"[39m
    [33mclass[39m=[32m"android-chip"[39m
    [33mtype[39m=[32m"button"[39m
  [36m/>[39m

  Name "navigation:professional":
  [36m<button[39m
    [33maria-pressed[39m=[32m"false"[39m
    [33mclass[39m=[32m"android-chip"[39m
    [33mtype[39m=[32m"button"[39m
  [36m/>[39m

  Name "navigation:document":
  [36m<button[39m
    [33maria-pressed[39m=[32m"false"[39m
    [33mclass[39m=[32m"android-chip"[39m
    [33mtype[39m=[32m"button"[39m
  [36m/>[39m

  Name "clear":
  [36m<button[39m
    [33maria-label[39m=[32m"clear"[39m
    [33mclass[39m=[32m"_clearBtn_f2abc1"[39m
    [33mtabindex[39m=[32m"-1"[39m
    [33mtype[39m=[32m"button"[39m
  [36m/>[39m

  Name "Mikenavigation:identity · 身份信息sensitivity_label: public sensitivity_label: internal editor:template_updated_hint":
  [36m<button[39m
    [33mclass[39m=[32m"android-row-button"[39m
    [33mtype[39m=[32m"button"[39m
  [36m/>[39m

  Name "material.object_actions":
  [36m<button[39m
    [33maria-expanded[39m=[32m"false"[39m
    [33maria-haspopup[39m=[32m"dialog"[39m
    [33maria-label[39m=[32m"material.object_actions"[39m
    [33mclass[39m=[32m"android-icon-button"[39m
    [33mtype[39m=[32m"button"[39m
  [36m/>[39m

  --------------------------------------------------
  textbox:

  Name "search_objects_placeholder":
  [36m<input[39m
    [33maria-label[39m=[32m"search_objects_placeholder"[39m
    [33mclass[39m=[32m"_input_f2abc1 _hasPrefix_f2abc1 _hasClear_f2abc1"[39m
    [33mdata-ui-input[39m=[32m"true"[39m
    [33mplaceholder[39m=[32m"search_objects_placeholder"[39m
    [33mvalue[39m=[32m"Mike"[39m
  [36m/>[39m

  --------------------------------------------------
  combobox:

  Name "material.sort":
  [36m<select[39m
    [33maria-label[39m=[32m"material.sort"[39m
  [36m/>[39m

  --------------------------------------------------
  option:

  Name "material.sort_updated":
  [36m<option[39m
    [33mvalue[39m=[32m"updated"[39m
  [36m/>[39m

  Name "material.sort_name":
  [36m<option[39m
    [33mvalue[39m=[32m"name"[39m
  [36m/>[39m

  --------------------------------------------------
  strong:

  Name "":
  [36m<strong />[39m

  --------------------------------------------------

Ignored nodes: comments, script, style
[36m<body>[39m
  [36m<div>[39m
    [36m<div[39m
      [33mdata-testid[39m=[32m"page-shell"[39m
      [33mdata-title[39m=[32m"navigation:identity"[39m
    [36m>[39m
      [36m<div[39m
        [33mstyle[39m=[32m"display: flex; gap: 8px; align-items: center;"[39m
      [36m>[39m
        [36m<button[39m
          [33maria-expanded[39m=[32m"false"[39m
          [33mclass[39m=[32m"_trigger_566c92"[39m
          [33mdata-compact[39m=[32m"false"[39m
          [33mdata-ui-icon-button[39m=[32m"neutral"[39m
          [33mdata-ui-icon-intent[39m=[32m"neutral"[39m
          [33mdata-ui-icon-kind[39m=[32m"guide"[39m
          [33mtitle[39m=[32m"指南"[39m
          [33mtype[39m=[32m"button"[39m
        [36m>[39m
          [36m<svg[39m
            [33maria-hidden[39m=[32m"true"[39m
            [33mclass[39m=[32m"lucide lucide-circle-question-mark"[39m
            [33mfill[39m=[32m"none"[39m
            [33mheight[39m=[32m"14"[39m
            [33mstroke[39m=[32m"currentColor"[39m
            [33mstroke-linecap[39m=[32m"round"[39m
            [33mstroke-linejoin[39m=[32m"round"[39m
            [33mstroke-width[39m=[32m"2"[39m
            [33mviewBox[39m=[32m"0 0 24 24"[39m
            [33mwidth[39m=[32m"14"[39m
            [33mxmlns[39m=[32m"http://www.w3.org/2000/svg"[39m
          [36m>[39m
            [36m<circle[39m
              [33mcx[39m=[32m"12"[39m
              [33mcy[39m=[32m"12"[39m
              [33mr[39m=[32m"10"[39m
            [36m/>[39m
            [36m<path[39m
              [33md[39m=[32m"M9.09 9a3 3 0 0 1 5.83 1c0 2-3 3-3 3"[39m
            [36m/>[39m
            [36m<path[39m
              [33md[39m=[32m"M12 17h.01"[39m
            [36m/>[39m
          [36m</svg>[39m
          [36m<span>[39m
            [0m指南[0m
          [36m</span>[39m
        [36m</button>[39m
      [36m</div>[39m
      [36m<div[39m
        [33mclass[39m=[32m"_container_bb5094 _medium_bb5094 _gap-default_bb5094 android-workspace"[39m
      [36m>[39m
        [36m<div[39m
          [33mclass[39m=[32m"_controls_142997"[39m
        [36m>[39m
          [36m<div[39m
            [33maria-label[39m=[32m"material.categories"[39m
            [33mclass[39m=[32m"android-chips"[39m
          [36m>[39m
            [36m<button[39m
              [33maria-pressed[39m=[32m"false"[39m
              [33mclass[39m=[32m"android-chip"[39m
              [33mtype[39m=[32m"button"[39m
            [36m>[39m
              [36m<svg[39m
                [33maria-hidden[39m=[32m"true"[39m
                [33mclass[39m=[32m"lucide lucide-layers"[39m
                [33mfill[39m=[32m"none"[39m
                [33mheight[39m=[32m"18"[39m
                [33mstroke[39m=[32m"currentColor"[39m
                [33mstroke-linecap[39m=[32m"round"[39m
                [33mstroke-linejoin[39m=[32m"round"[39m
                [33mstroke-width[39m=[32m"2"[39m
                [33mviewBox[39m=[32m"0 0 24 24"[39m
                [33mwidth[39m=[32m"18"[39m
                [33mxmlns[39m=[32m"http://www.w3.org/2000/svg"[39m
              [36m>[39m
                [36m<path[39m
                  [33md[39m=[32m"M12.83 2.18a2 2 0 0 0-1.66 0L2.6 6.08a1 1 0 0 0 0 1.83l8.58 3.91a2 2 0 0 0 1.66 0l8.58-3.9a1 1 0 0 0 0-1.83z"[39m
                [36m/>[39m
                [36m<path[39m
                  [33md[39m=[32m"M2 12a1 1 0 0 0 .58.91l8.6 3.91a2 2 0 0 0 1.65 0l8.58-3.9A1 1 0 0 0 22 12"[39m
                [36m/>[39m
                [36m<path[39m
                  [33md[39m=[32m"M2 17a1 1 0 0 0 .58.91l8.6 3.91a2 2 0 0 0 1.65 0l8.58-3.9A1 1 0 0 0 22 17"[39m
                [36m/>[39m
              [36m</svg>[39m
              [0mmaterial.all[0m
            [36m</button>[39m
            [36m<button[39m
              [33maria-pressed[39m=[32m"true"[39m
              [33mclass[39m=[32m"android-chip"[39m
              [33mtype[39m=[32m"button"[39m
            [36m>[39m
              [36m<svg[39m
                [33maria-hidden[39m=[32m"true"[39m
                [33mclass[39m=[32m"lucide lucide-check"[39m
                [33mfill[39m=[32m"none"[39m
                [33mheight[39m=[32m"18"[39m
                [33mstroke[39m=[32m"currentColor"[39m
                [33mstroke-linecap[39m=[32m"round"[39m
                [33mstroke-linejoin[39m=[32m"round"[39m
                [33mstroke-width[39m=[32m"2"[39m
                [33mviewBox[39m=[32m"0 0 24 24"[39m
                [33mwidth[39m=[32m"18"[39m
                [33mxmlns[39m=[32m"http://www.w3.org/2000/svg"[39m
              [36m>[39m
                [36m<path[39m
                  [33md[39m=[32m"M20 6 9 17l-5-5"[39m
                [36m/>[39m
              [36m</svg>[39m
              [0mnavigation:identity[0m
            [36m</button>[39m
            [36m<button[39m
              [33maria-pressed[39m=[32m"false"[39m
              [33mclass[39m=[32m"android-chip"[39m
              [33mtype[39m=[32m"button"[39m
            [36m>[39m
              [36m<svg[39m
                [33maria-hidden[39m=[32m"true"[39m
                [33mclass[39m=[32m"lucide lucide-plane"[39m
                [33mfill[39m=[32m"none"[39m
                [33mheight[39m=[32m"18"[39m
                [33mstroke[39m=[32m"currentColor"[39m
                [33mstroke-linecap[39m=[32m"round"[39m
                [33mstroke-linejoin[39m=[32m"round"[39m
                [33mstroke-width[39m=[32m"2"[39m
                [33mviewBox[39m=[32m"0 0 24 24"[39m
                [33mwidth[39m=[32m"18"[39m
                [33mxmlns[39m=[32m"http://www.w3.org/2000/svg"[39m
              [36m>[39m
                [36m<path[39m
                  [33md[39m=[32m"M17.8 19.2 16 11l3.5-3.5C21 6 21.5 4 21 3c-1-.5-3 0-4.5 1.5L13 8 4.8 6.2c-.5-.1-.9.1-1.1.5l-.3.5c-.2.5-.1 1 .3 1.3L9 12l-2 3H4l-1 1 3 2 2 3 1-1v-3l3-2 3.5 5.3c.3.4.8.5 1.3.3l.5-.2c.4-.3.6-.7.5-1.2z"[39m
                [36m/>[39m
              [36m</svg>[39m
              [0mnavigation:travel[0m
            [36m</button>[39m
            [36m<button[39m
              [33maria-pressed[39m=[32m"false"[39m
              [33mclass[39m=[32m"android-chip"[39m
              [33mtype[39m=[32m"button"[39m
            [36m>[39m
              [36m<svg[39m
                [33maria-hidden[39m=[32m"true"[39m
                [33mclass[39m=[32m"lucide lucide-banknote"[39m
                [33mfill[39m=[32m"none"[39m
                [33mheight[39m=[32m"18"[39m
                [33mstroke[39m=[32m"currentColor"[39m
                [33mstroke-linecap[39m=[32m"round"[39m
                [33mstroke-linejoin[39m=[32m"round"[39m
                [33mstroke-width[3...
 ❯ Object.getElementError node_modules/@testing-library/dom/dist/config.js:37:19
 ❯ node_modules/@testing-library/dom/dist/query-helpers.js:76:38
 ❯ node_modules/@testing-library/dom/dist/query-helpers.js:52:17
 ❯ node_modules/@testing-library/dom/dist/query-helpers.js:95:19
 ❯ src/pages/workspace/ObjectWorkspacePage.test.tsx:235:28
    233|     });
    234|     await waitFor(() => expect(cardNames()).toEqual(['Mike']));
    235|     fireEvent.click(screen.getByRole('button', { name: 'Clear' }));
       |                            ^
    236|     await waitFor(() => expect(cardNames()).toEqual(['Alpha', 'Mike', …
    237|   });

⎯⎯⎯⎯⎯⎯⎯⎯⎯⎯⎯⎯⎯⎯⎯⎯⎯⎯⎯⎯⎯⎯⎯⎯[2/5]⎯

 FAIL  src/pages/workspace/ObjectWorkspacePage.test.tsx > ObjectWorkspacePage card field display > loads the next workspace page and resets the limit after a search
TestingLibraryElementError: Unable to find an accessible element with the role "button" and name "Clear"

Here are the accessible roles:

  button:

  Name "指南":
  [36m<button[39m
    [33maria-expanded[39m=[32m"false"[39m
    [33mclass[39m=[32m"_trigger_566c92"[39m
    [33mdata-compact[39m=[32m"false"[39m
    [33mdata-ui-icon-button[39m=[32m"neutral"[39m
    [33mdata-ui-icon-intent[39m=[32m"neutral"[39m
    [33mdata-ui-icon-kind[39m=[32m"guide"[39m
    [33mtitle[39m=[32m"指南"[39m
    [33mtype[39m=[32m"button"[39m
  [36m/>[39m

  Name "material.all":
  [36m<button[39m
    [33maria-pressed[39m=[32m"false"[39m
    [33mclass[39m=[32m"android-chip"[39m
    [33mtype[39m=[32m"button"[39m
  [36m/>[39m

  Name "navigation:identity":
  [36m<button[39m
    [33maria-pressed[39m=[32m"true"[39m
    [33mclass[39m=[32m"android-chip"[39m
    [33mtype[39m=[32m"button"[39m
  [36m/>[39m

  Name "navigation:travel":
  [36m<button[39m
    [33maria-pressed[39m=[32m"false"[39m
    [33mclass[39m=[32m"android-chip"[39m
    [33mtype[39m=[32m"button"[39m
  [36m/>[39m

  Name "navigation:financial":
  [36m<button[39m
    [33maria-pressed[39m=[32m"false"[39m
    [33mclass[39m=[32m"android-chip"[39m
    [33mtype[39m=[32m"button"[39m
  [36m/>[39m

  Name "navigation:professional":
  [36m<button[39m
    [33maria-pressed[39m=[32m"false"[39m
    [33mclass[39m=[32m"android-chip"[39m
    [33mtype[39m=[32m"button"[39m
  [36m/>[39m

  Name "navigation:document":
  [36m<button[39m
    [33maria-pressed[39m=[32m"false"[39m
    [33mclass[39m=[32m"android-chip"[39m
    [33mtype[39m=[32m"button"[39m
  [36m/>[39m

  Name "clear":
  [36m<button[39m
    [33maria-label[39m=[32m"clear"[39m
    [33mclass[39m=[32m"_clearBtn_f2abc1"[39m
    [33mtabindex[39m=[32m"-1"[39m
    [33mtype[39m=[32m"button"[39m
  [36m/>[39m

  Name "Item 51navigation:identity · 身份信息sensitivity_label: public sensitivity_label: internal editor:template_updated_hint":
  [36m<button[39m
    [33mclass[39m=[32m"android-row-button"[39m
    [33mtype[39m=[32m"button"[39m
  [36m/>[39m

  Name "material.object_actions":
  [36m<button[39m
    [33maria-expanded[39m=[32m"false"[39m
    [33maria-haspopup[39m=[32m"dialog"[39m
    [33maria-label[39m=[32m"material.object_actions"[39m
    [33mclass[39m=[32m"android-icon-button"[39m
    [33mtype[39m=[32m"button"[39m
  [36m/>[39m

  --------------------------------------------------
  textbox:

  Name "search_objects_placeholder":
  [36m<input[39m
    [33maria-label[39m=[32m"search_objects_placeholder"[39m
    [33mclass[39m=[32m"_input_f2abc1 _hasPrefix_f2abc1 _hasClear_f2abc1"[39m
    [33mdata-ui-input[39m=[32m"true"[39m
    [33mplaceholder[39m=[32m"search_objects_placeholder"[39m
    [33mvalue[39m=[32m"Item 51"[39m
  [36m/>[39m

  --------------------------------------------------
  combobox:

  Name "material.sort":
  [36m<select[39m
    [33maria-label[39m=[32m"material.sort"[39m
  [36m/>[39m

  --------------------------------------------------
  option:

  Name "material.sort_updated":
  [36m<option[39m
    [33mvalue[39m=[32m"updated"[39m
  [36m/>[39m

  Name "material.sort_name":
  [36m<option[39m
    [33mvalue[39m=[32m"name"[39m
  [36m/>[39m

  --------------------------------------------------
  strong:

  Name "":
  [36m<strong />[39m

  --------------------------------------------------

Ignored nodes: comments, script, style
[36m<body>[39m
  [36m<div>[39m
    [36m<div[39m
      [33mdata-testid[39m=[32m"page-shell"[39m
      [33mdata-title[39m=[32m"navigation:identity"[39m
    [36m>[39m
      [36m<div[39m
        [33mstyle[39m=[32m"display: flex; gap: 8px; align-items: center;"[39m
      [36m>[39m
        [36m<button[39m
          [33maria-expanded[39m=[32m"false"[39m
          [33mclass[39m=[32m"_trigger_566c92"[39m
          [33mdata-compact[39m=[32m"false"[39m
          [33mdata-ui-icon-button[39m=[32m"neutral"[39m
          [33mdata-ui-icon-intent[39m=[32m"neutral"[39m
          [33mdata-ui-icon-kind[39m=[32m"guide"[39m
          [33mtitle[39m=[32m"指南"[39m
          [33mtype[39m=[32m"button"[39m
        [36m>[39m
          [36m<svg[39m
            [33maria-hidden[39m=[32m"true"[39m
            [33mclass[39m=[32m"lucide lucide-circle-question-mark"[39m
            [33mfill[39m=[32m"none"[39m
            [33mheight[39m=[32m"14"[39m
            [33mstroke[39m=[32m"currentColor"[39m
            [33mstroke-linecap[39m=[32m"round"[39m
            [33mstroke-linejoin[39m=[32m"round"[39m
            [33mstroke-width[39m=[32m"2"[39m
            [33mviewBox[39m=[32m"0 0 24 24"[39m
            [33mwidth[39m=[32m"14"[39m
            [33mxmlns[39m=[32m"http://www.w3.org/2000/svg"[39m
          [36m>[39m
            [36m<circle[39m
              [33mcx[39m=[32m"12"[39m
              [33mcy[39m=[32m"12"[39m
              [33mr[39m=[32m"10"[39m
            [36m/>[39m
            [36m<path[39m
              [33md[39m=[32m"M9.09 9a3 3 0 0 1 5.83 1c0 2-3 3-3 3"[39m
            [36m/>[39m
            [36m<path[39m
              [33md[39m=[32m"M12 17h.01"[39m
            [36m/>[39m
          [36m</svg>[39m
          [36m<span>[39m
            [0m指南[0m
          [36m</span>[39m
        [36m</button>[39m
      [36m</div>[39m
      [36m<div[39m
        [33mclass[39m=[32m"_container_bb5094 _medium_bb5094 _gap-default_bb5094 android-workspace"[39m
      [36m>[39m
        [36m<div[39m
          [33mclass[39m=[32m"_controls_142997"[39m
        [36m>[39m
          [36m<div[39m
            [33maria-label[39m=[32m"material.categories"[39m
            [33mclass[39m=[32m"android-chips"[39m
          [36m>[39m
            [36m<button[39m
              [33maria-pressed[39m=[32m"false"[39m
              [33mclass[39m=[32m"android-chip"[39m
              [33mtype[39m=[32m"button"[39m
            [36m>[39m
              [36m<svg[39m
                [33maria-hidden[39m=[32m"true"[39m
                [33mclass[39m=[32m"lucide lucide-layers"[39m
                [33mfill[39m=[32m"none"[39m
                [33mheight[39m=[32m"18"[39m
                [33mstroke[39m=[32m"currentColor"[39m
                [33mstroke-linecap[39m=[32m"round"[39m
                [33mstroke-linejoin[39m=[32m"round"[39m
                [33mstroke-width[39m=[32m"2"[39m
                [33mviewBox[39m=[32m"0 0 24 24"[39m
                [33mwidth[39m=[32m"18"[39m
                [33mxmlns[39m=[32m"http://www.w3.org/2000/svg"[39m
              [36m>[39m
                [36m<path[39m
                  [33md[39m=[32m"M12.83 2.18a2 2 0 0 0-1.66 0L2.6 6.08a1 1 0 0 0 0 1.83l8.58 3.91a2 2 0 0 0 1.66 0l8.58-3.9a1 1 0 0 0 0-1.83z"[39m
                [36m/>[39m
                [36m<path[39m
                  [33md[39m=[32m"M2 12a1 1 0 0 0 .58.91l8.6 3.91a2 2 0 0 0 1.65 0l8.58-3.9A1 1 0 0 0 22 12"[39m
                [36m/>[39m
                [36m<path[39m
                  [33md[39m=[32m"M2 17a1 1 0 0 0 .58.91l8.6 3.91a2 2 0 0 0 1.65 0l8.58-3.9A1 1 0 0 0 22 17"[39m
                [36m/>[39m
              [36m</svg>[39m
              [0mmaterial.all[0m
            [36m</button>[39m
            [36m<button[39m
              [33maria-pressed[39m=[32m"true"[39m
              [33mclass[39m=[32m"android-chip"[39m
              [33mtype[39m=[32m"button"[39m
            [36m>[39m
              [36m<svg[39m
                [33maria-hidden[39m=[32m"true"[39m
                [33mclass[39m=[32m"lucide lucide-check"[39m
                [33mfill[39m=[32m"none"[39m
                [33mheight[39m=[32m"18"[39m
                [33mstroke[39m=[32m"currentColor"[39m
                [33mstroke-linecap[39m=[32m"round"[39m
                [33mstroke-linejoin[39m=[32m"round"[39m
                [33mstroke-width[39m=[32m"2"[39m
                [33mviewBox[39m=[32m"0 0 24 24"[39m
                [33mwidth[39m=[32m"18"[39m
                [33mxmlns[39m=[32m"http://www.w3.org/2000/svg"[39m
              [36m>[39m
                [36m<path[39m
                  [33md[39m=[32m"M20 6 9 17l-5-5"[39m
                [36m/>[39m
              [36m</svg>[39m
              [0mnavigation:identity[0m
            [36m</button>[39m
            [36m<button[39m
              [33maria-pressed[39m=[32m"false"[39m
              [33mclass[39m=[32m"android-chip"[39m
              [33mtype[39m=[32m"button"[39m
            [36m>[39m
              [36m<svg[39m
                [33maria-hidden[39m=[32m"true"[39m
                [33mclass[39m=[32m"lucide lucide-plane"[39m
                [33mfill[39m=[32m"none"[39m
                [33mheight[39m=[32m"18"[39m
                [33mstroke[39m=[32m"currentColor"[39m
                [33mstroke-linecap[39m=[32m"round"[39m
                [33mstroke-linejoin[39m=[32m"round"[39m
                [33mstroke-width[39m=[32m"2"[39m
                [33mviewBox[39m=[32m"0 0 24 24"[39m
                [33mwidth[39m=[32m"18"[39m
                [33mxmlns[39m=[32m"http://www.w3.org/2000/svg"[39m
              [36m>[39m
                [36m<path[39m
                  [33md[39m=[32m"M17.8 19.2 16 11l3.5-3.5C21 6 21.5 4 21 3c-1-.5-3 0-4.5 1.5L13 8 4.8 6.2c-.5-.1-.9.1-1.1.5l-.3.5c-.2.5-.1 1 .3 1.3L9 12l-2 3H4l-1 1 3 2 2 3 1-1v-3l3-2 3.5 5.3c.3.4.8.5 1.3.3l.5-.2c.4-.3.6-.7.5-1.2z"[39m
                [36m/>[39m
              [36m</svg>[39m
              [0mnavigation:travel[0m
            [36m</button>[39m
            [36m<button[39m
              [33maria-pressed[39m=[32m"false"[39m
              [33mclass[39m=[32m"android-chip"[39m
              [33mtype[39m=[32m"button"[39m
            [36m>[39m
              [36m<svg[39m
                [33maria-hidden[39m=[32m"true"[39m
                [33mclass[39m=[32m"lucide lucide-banknote"[39m
                [33mfill[39m=[32m"none"[39m
                [33mheight[39m=[32m"18"[39m
                [33mstroke[39m=[32m"currentColor"[39m
                [33mstroke-linecap[39m=[32m"round"[39m
                [33mstroke-linejoin[39m=[32m"round"[39m
                [33mstroke-width[3...
 ❯ Object.getElementError node_modules/@testing-library/dom/dist/config.js:37:19
 ❯ node_modules/@testing-library/dom/dist/query-helpers.js:76:38
 ❯ node_modules/@testing-library/dom/dist/query-helpers.js:52:17
 ❯ node_modules/@testing-library/dom/dist/query-helpers.js:95:19
 ❯ src/pages/workspace/ObjectWorkspacePage.test.tsx:255:28
    253|     });
    254|     await waitFor(() => expect(screen.getAllByTestId('workspace-object…
    255|     fireEvent.click(screen.getByRole('button', { name: 'Clear' }));
       |                            ^
    256|     await waitFor(() => expect(screen.getAllByTestId('workspace-object…
    257|     expect(screen.getByRole('button', { name: '加载更多' })).toBeInTheDocu…

⎯⎯⎯⎯⎯⎯⎯⎯⎯⎯⎯⎯⎯⎯⎯⎯⎯⎯⎯⎯⎯⎯⎯⎯[3/5]⎯

 FAIL  src/pages/workspace/ObjectWorkspacePage.test.tsx > ObjectWorkspacePage card field display > routes card and action clicks to the matching object without opening unrelated panels
TestingLibraryElementError: Unable to find an element with the title: History.

Ignored nodes: comments, script, style
[36m<div[39m
  [33mclass[39m=[32m"_anchor_b9524a"[39m
  [33mdata-testid[39m=[32m"workspace-object-card"[39m
  [33mid[39m=[32m"workspace-object-obj1"[39m
[36m>[39m
  [36m<div[39m
    [33mclass[39m=[32m"_card_652a3f _interactive_652a3f "[39m
    [33mdata-ui-card[39m=[32m"default"[39m
    [33mrole[39m=[32m"button"[39m
    [33mtabindex[39m=[32m"0"[39m
  [36m>[39m
    [36m<div[39m
      [33mstyle[39m=[32m"display: flex; align-items: center; justify-content: space-between; gap: 12px; margin-bottom: 12px; padding: 10px 12px; border-radius: 8px; background: color-mix(in srgb, var(--accent-primary) 10%, transparent); border: 1px solid color-mix(in srgb, var(--accent-primary) 25%, transparent);"[39m
    [36m>[39m
      [36m<span[39m
        [33mstyle[39m=[32m"font-size: var(--text-body-sm); color: var(--text-primary);"[39m
      [36m>[39m
        [0meditor:template_updated_hint[0m
      [36m</span>[39m
      [36m<div[39m
        [33mstyle[39m=[32m"display: flex; gap: 8px; flex-shrink: 0;"[39m
      [36m>[39m
        [36m<button[39m
          [33mstyle[39m=[32m"padding: 4px 10px; border-radius: 6px; border: medium; background: var(--accent-primary); color: rgb(255, 255, 255); font-size: var(--text-caption); font-weight: 600; cursor: pointer;"[39m
        [36m>[39m
          [0mcommon:yes[0m
        [36m</button>[39m
        [36m<button[39m
          [33mstyle[39m=[32m"padding: 4px 10px; border-radius: 6px; border: 1px solid var(--border-subtle); background: var(--bg-elevated); color: var(--text-secondary); font-size: var(--text-caption); font-weight: 500; cursor: pointer;"[39m
        [36m>[39m
          [0mcommon:no[0m
        [36m</button>[39m
      [36m</div>[39m
    [36m</div>[39m
    [36m<div[39m
      [33mclass[39m=[32m"_cardHeader_b9524a"[39m
      [33mstyle[39m=[32m"margin-bottom: 8px;"[39m
    [36m>[39m
      [36m<div[39m
        [33mclass[39m=[32m"_headerMain_b9524a"[39m
      [36m>[39m
        [36m<span[39m
          [33mclass[39m=[32m"_headerIcon_b9524a"[39m
        [36m>[39m
          [36m<svg[39m
            [33maria-hidden[39m=[32m"true"[39m
            [33mclass[39m=[32m"lucide lucide-user"[39m
            [33mfill[39m=[32m"none"[39m
            [33mheight[39m=[32m"24"[39m
            [33mstroke[39m=[32m"currentColor"[39m
            [33mstroke-linecap[39m=[32m"round"[39m
            [33mstroke-linejoin[39m=[32m"round"[39m
            [33mstroke-width[39m=[32m"2"[39m
            [33mviewBox[39m=[32m"0 0 24 24"[39m
            [33mwidth[39m=[32m"24"[39m
            [33mxmlns[39m=[32m"http://www.w3.org/2000/svg"[39m
          [36m>[39m
            [36m<path[39m
              [33md[39m=[32m"M19 21v-2a4 4 0 0 0-4-4H9a4 4 0 0 0-4 4v2"[39m
            [36m/>[39m
            [36m<circle[39m
              [33mcx[39m=[32m"12"[39m
              [33mcy[39m=[32m"7"[39m
              [33mr[39m=[32m"4"[39m
            [36m/>[39m
          [36m</svg>[39m
        [36m</span>[39m
        [36m<div[39m
          [33mclass[39m=[32m"_headerContent_b9524a"[39m
        [36m>[39m
          [36m<span[39m
            [33mclass[39m=[32m"_objectName_b9524a"[39m
          [36m>[39m
            [0m张三[0m
          [36m</span>[39m
          [36m<span[39m
            [33mclass[39m=[32m"_pageBadge_b9524a"[39m
          [36m>[39m
            [0mnavigation:identity[0m
          [36m</span>[39m
          [36m<span[39m
            [33mclass[39m=[32m"_templateName_b9524a"[39m
            [33mstyle[39m=[32m"text-decoration: none;"[39m
          [36m>[39m
            [0m身份信息[0m
          [36m</span>[39m
        [36m</div>[39m
      [36m</div>[39m
      [36m<div[39m
        [33mclass[39m=[32m"_mobileActionCol_b9524a"[39m
      [36m>[39m
        [36m<div[39m
          [33mclass[39m=[32m"_actionRow_b9524a"[39m
        [36m>[39m
          [36m<div[39m
            [33mclass[39m=[32m"_wrapper_4a5217"[39m
          [36m>[39m
            [36m<button[39m
              [33maria-label[39m=[32m"common:history"[39m
              [33mclass[39m=[32m"_button_4a5217 "[39m
              [33mdata-ui-icon-button[39m=[32m"default"[39m
              [33mdata-ui-icon-intent[39m=[32m"neutral"[39m
              [33mstyle[39m=[32m"--icon-symbol-size: 14px;"[39m
              [33mtitle[39m=[32m"common:history"[39m
              [33mtype[39m=[32m"button"[39m
            [36m>[39m
              [36m<svg[39m
                [33maria-hidden[39m=[32m"true"[39m
                [33mclass[39m=[32m"lucide lucide-clock"[39m
                [33mfill[39m=[32m"none"[39m
                [33mheight[39m=[32m"14"[39m
                [33mstroke[39m=[32m"currentColor"[39m
                [33mstroke-linecap[39m=[32m"round"[39m
                [33mstroke-linejoin[39m=[32m"round"[39m
                [33mstroke-width[39m=[32m"2"[39m
                [33mviewBox[39m=[32m"0 0 24 24"[39m
                [33mwidth[39m=[32m"14"[39m
                [33mxmlns[39m=[32m"http://www.w3.org/2000/svg"[39m
              [36m>[39m
                [36m<circle[39m
                  [33mcx[39m=[32m"12"[39m
                  [33mcy[39m=[32m"12"[39m
                  [33mr[39m=[32m"10"[39m
                [36m/>[39m
                [36m<path[39m
                  [33md[39m=[32m"M12 6v6l4 2"[39m
                [36m/>[39m
              [36m</svg>[39m
            [36m</button>[39m
          [36m</div>[39m
          [36m<div[39m
            [33mclass[39m=[32m"_wrapper_4a5217"[39m
          [36m>[39m
            [36m<button[39m
              [33maria-label[39m=[32m"common:attachments"[39m
              [33mclass[39m=[32m"_button_4a5217 "[39m
              [33mdata-ui-icon-button[39m=[32m"default"[39m
              [33mdata-ui-icon-intent[39m=[32m"neutral"[39m
              [33mstyle[39m=[32m"--icon-symbol-size: 14px;"[39m
              [33mtitle[39m=[32m"common:attachments"[39m
              [33mtype[39m=[32m"button"[39m
            [36m>[39m
              [36m<svg[39m
                [33maria-hidden[39m=[32m"true"[39m
                [33mclass[39m=[32m"lucide lucide-paperclip"[39m
                [33mfill[39m=[32m"none"[39m
                [33mheight[39m=[32m"14"[39m
                [33mstroke[39m=[32m"currentColor"[39m
                [33mstroke-linecap[39m=[32m"round"[39m
                [33mstroke-linejoin[39m=[32m"round"[39m
                [33mstroke-width[39m=[32m"2"[39m
                [33mviewBox[39m=[32m"0 0 24 24"[39m
                [33mwidth[39m=[32m"14"[39m
                [33mxmlns[39m=[32m"http://www.w3.org/2000/svg"[39m
              [36m>[39m
                [36m<path[39m
                  [33md...
 ❯ Object.getElementError node_modules/@testing-library/dom/dist/config.js:37:19
 ❯ node_modules/@testing-library/dom/dist/query-helpers.js:76:38
 ❯ node_modules/@testing-library/dom/dist/query-helpers.js:109:15
 ❯ src/pages/workspace/ObjectWorkspacePage.test.tsx:288:34
    286|     const card = await screen.findByTestId('workspace-object-card');
    287|
    288|     fireEvent.click(within(card).getAllByTitle('History')[0]);
       |                                  ^
    289|     const history = screen.getByRole('dialog', { name: 'object history…
    290|     expect(history).toHaveAttribute('data-object-id', 'obj1');

⎯⎯⎯⎯⎯⎯⎯⎯⎯⎯⎯⎯⎯⎯⎯⎯⎯⎯⎯⎯⎯⎯⎯⎯[4/5]⎯

 FAIL  src/pages/workspace/ObjectWorkspacePage.test.tsx > ObjectWorkspacePage card field display > 对象删除失败时保留确认框并允许重试
TestingLibraryElementError: Unable to find an element with the title: Move to trash.

Ignored nodes: comments, script, style
[36m<div[39m
  [33mclass[39m=[32m"_anchor_b9524a"[39m
  [33mdata-testid[39m=[32m"workspace-object-card"[39m
  [33mid[39m=[32m"workspace-object-obj1"[39m
[36m>[39m
  [36m<div[39m
    [33mclass[39m=[32m"_card_652a3f _interactive_652a3f "[39m
    [33mdata-ui-card[39m=[32m"default"[39m
    [33mrole[39m=[32m"button"[39m
    [33mtabindex[39m=[32m"0"[39m
  [36m>[39m
    [36m<div[39m
      [33mstyle[39m=[32m"display: flex; align-items: center; justify-content: space-between; gap: 12px; margin-bottom: 12px; padding: 10px 12px; border-radius: 8px; background: color-mix(in srgb, var(--accent-primary) 10%, transparent); border: 1px solid color-mix(in srgb, var(--accent-primary) 25%, transparent);"[39m
    [36m>[39m
      [36m<span[39m
        [33mstyle[39m=[32m"font-size: var(--text-body-sm); color: var(--text-primary);"[39m
      [36m>[39m
        [0meditor:template_updated_hint[0m
      [36m</span>[39m
      [36m<div[39m
        [33mstyle[39m=[32m"display: flex; gap: 8px; flex-shrink: 0;"[39m
      [36m>[39m
        [36m<button[39m
          [33mstyle[39m=[32m"padding: 4px 10px; border-radius: 6px; border: medium; background: var(--accent-primary); color: rgb(255, 255, 255); font-size: var(--text-caption); font-weight: 600; cursor: pointer;"[39m
        [36m>[39m
          [0mcommon:yes[0m
        [36m</button>[39m
        [36m<button[39m
          [33mstyle[39m=[32m"padding: 4px 10px; border-radius: 6px; border: 1px solid var(--border-subtle); background: var(--bg-elevated); color: var(--text-secondary); font-size: var(--text-caption); font-weight: 500; cursor: pointer;"[39m
        [36m>[39m
          [0mcommon:no[0m
        [36m</button>[39m
      [36m</div>[39m
    [36m</div>[39m
    [36m<div[39m
      [33mclass[39m=[32m"_cardHeader_b9524a"[39m
      [33mstyle[39m=[32m"margin-bottom: 8px;"[39m
    [36m>[39m
      [36m<div[39m
        [33mclass[39m=[32m"_headerMain_b9524a"[39m
      [36m>[39m
        [36m<span[39m
          [33mclass[39m=[32m"_headerIcon_b9524a"[39m
        [36m>[39m
          [36m<svg[39m
            [33maria-hidden[39m=[32m"true"[39m
            [33mclass[39m=[32m"lucide lucide-user"[39m
            [33mfill[39m=[32m"none"[39m
            [33mheight[39m=[32m"24"[39m
            [33mstroke[39m=[32m"currentColor"[39m
            [33mstroke-linecap[39m=[32m"round"[39m
            [33mstroke-linejoin[39m=[32m"round"[39m
            [33mstroke-width[39m=[32m"2"[39m
            [33mviewBox[39m=[32m"0 0 24 24"[39m
            [33mwidth[39m=[32m"24"[39m
            [33mxmlns[39m=[32m"http://www.w3.org/2000/svg"[39m
          [36m>[39m
            [36m<path[39m
              [33md[39m=[32m"M19 21v-2a4 4 0 0 0-4-4H9a4 4 0 0 0-4 4v2"[39m
            [36m/>[39m
            [36m<circle[39m
              [33mcx[39m=[32m"12"[39m
              [33mcy[39m=[32m"7"[39m
              [33mr[39m=[32m"4"[39m
            [36m/>[39m
          [36m</svg>[39m
        [36m</span>[39m
        [36m<div[39m
          [33mclass[39m=[32m"_headerContent_b9524a"[39m
        [36m>[39m
          [36m<span[39m
            [33mclass[39m=[32m"_objectName_b9524a"[39m
          [36m>[39m
            [0m张三[0m
          [36m</span>[39m
          [36m<span[39m
            [33mclass[39m=[32m"_pageBadge_b9524a"[39m
          [36m>[39m
            [0mnavigation:identity[0m
          [36m</span>[39m
          [36m<span[39m
            [33mclass[39m=[32m"_templateName_b9524a"[39m
            [33mstyle[39m=[32m"text-decoration: none;"[39m
          [36m>[39m
            [0m身份信息[0m
          [36m</span>[39m
        [36m</div>[39m
      [36m</div>[39m
      [36m<div[39m
        [33mclass[39m=[32m"_mobileActionCol_b9524a"[39m
      [36m>[39m
        [36m<div[39m
          [33mclass[39m=[32m"_actionRow_b9524a"[39m
        [36m>[39m
          [36m<div[39m
            [33mclass[39m=[32m"_wrapper_4a5217"[39m
          [36m>[39m
            [36m<button[39m
              [33maria-label[39m=[32m"common:history"[39m
              [33mclass[39m=[32m"_button_4a5217 "[39m
              [33mdata-ui-icon-button[39m=[32m"default"[39m
              [33mdata-ui-icon-intent[39m=[32m"neutral"[39m
              [33mstyle[39m=[32m"--icon-symbol-size: 14px;"[39m
              [33mtitle[39m=[32m"common:history"[39m
              [33mtype[39m=[32m"button"[39m
            [36m>[39m
              [36m<svg[39m
                [33maria-hidden[39m=[32m"true"[39m
                [33mclass[39m=[32m"lucide lucide-clock"[39m
                [33mfill[39m=[32m"none"[39m
                [33mheight[39m=[32m"14"[39m
                [33mstroke[39m=[32m"currentColor"[39m
                [33mstroke-linecap[39m=[32m"round"[39m
                [33mstroke-linejoin[39m=[32m"round"[39m
                [33mstroke-width[39m=[32m"2"[39m
                [33mviewBox[39m=[32m"0 0 24 24"[39m
                [33mwidth[39m=[32m"14"[39m
                [33mxmlns[39m=[32m"http://www.w3.org/2000/svg"[39m
              [36m>[39m
                [36m<circle[39m
                  [33mcx[39m=[32m"12"[39m
                  [33mcy[39m=[32m"12"[39m
                  [33mr[39m=[32m"10"[39m
                [36m/>[39m
                [36m<path[39m
                  [33md[39m=[32m"M12 6v6l4 2"[39m
                [36m/>[39m
              [36m</svg>[39m
            [36m</button>[39m
          [36m</div>[39m
          [36m<div[39m
            [33mclass[39m=[32m"_wrapper_4a5217"[39m
          [36m>[39m
            [36m<button[39m
              [33maria-label[39m=[32m"common:attachments"[39m
              [33mclass[39m=[32m"_button_4a5217 "[39m
              [33mdata-ui-icon-button[39m=[32m"default"[39m
              [33mdata-ui-icon-intent[39m=[32m"neutral"[39m
              [33mstyle[39m=[32m"--icon-symbol-size: 14px;"[39m
              [33mtitle[39m=[32m"common:attachments"[39m
              [33mtype[39m=[32m"button"[39m
            [36m>[39m
              [36m<svg[39m
                [33maria-hidden[39m=[32m"true"[39m
                [33mclass[39m=[32m"lucide lucide-paperclip"[39m
                [33mfill[39m=[32m"none"[39m
                [33mheight[39m=[32m"14"[39m
                [33mstroke[39m=[32m"currentColor"[39m
                [33mstroke-linecap[39m=[32m"round"[39m
                [33mstroke-linejoin[39m=[32m"round"[39m
                [33mstroke-width[39m=[32m"2"[39m
                [33mviewBox[39m=[32m"0 0 24 24"[39m
                [33mwidth[39m=[32m"14"[39m
                [33mxmlns[39m=[32m"http://www.w3.org/2000/svg"[39m
              [36m>[39m
                [36m<path[39m
                  [33md...
 ❯ Object.getElementError node_modules/@testing-library/dom/dist/config.js:37:19
 ❯ node_modules/@testing-library/dom/dist/query-helpers.js:76:38
 ❯ node_modules/@testing-library/dom/dist/query-helpers.js:109:15
 ❯ src/pages/workspace/ObjectWorkspacePage.test.tsx:414:34
    412|
    413|     const card = await screen.findByTestId('workspace-object-card');
    414|     fireEvent.click(within(card).getAllByTitle('Move to trash')[0]);
       |                                  ^
    415|     fireEvent.click(within(screen.getByRole('dialog')).getByRole('butt…
    416|     expect(attempts).toBe(1);

⎯⎯⎯⎯⎯⎯⎯⎯⎯⎯⎯⎯⎯⎯⎯⎯⎯⎯⎯⎯⎯⎯⎯⎯[5/5]⎯


 Test Files  2 failed | 19 passed (21)
      Tests  5 failed | 205 passed (210)
   Start at  19:46:11
   Duration  6.14s (transform 3.25s, setup 2.10s, import 10.30s, tests 10.77s, environment 11.21s)

