        Info Looking up installed tauri packages to check mismatched versions...
     Running beforeBuildCommand `npm run build`

> solosoul@2.13.2 build
> npm run gen-nsis-assets && node scripts/build-search-index.js && node scripts/stage-mobile-resources.cjs && node scripts/stage-desktop-resources.cjs && tsc --noEmit && vite build


> solosoul@2.13.2 gen-nsis-assets
> python3 scripts/generate-nsis-assets.py || python scripts/generate-nsis-assets.py

Pillow not installed; using existing NSIS assets.
Search index built: 3387 words, 21 guides
[stage-mobile-resources] 已生成移动端插件市场资源: /Users/zzc/PycharmProjects/SoloSoul/tauri/src-tauri/resources-mobile/SoloSoul_plugin_market
[stage-mobile-resources] 资源版本 0ea5bd93dd11abafd625e241db82695204a8f502a8cc6f6efe7e8a5a635f3ac1，89 文件
[stage-desktop-resources] 已生成桌面端插件市场资源: /Users/zzc/PycharmProjects/SoloSoul/tauri/src-tauri/resources-desktop/SoloSoul_plugin_market
vite v8.0.16 building client environment for production...
[2Ktransforming...✓ 4194 modules transformed.
rendering chunks...
computing gzip size...
dist/index.html                                           1.46 kB │ gzip:   0.72 kB
dist/assets/128x128@2x-lsnePcND.png                      13.59 kB
dist/assets/is-prop-valid_framer-motion-BVADqg-m.css      0.16 kB │ gzip:   0.12 kB
dist/assets/useLlmChatCore-DmTdtc80.css                   0.97 kB │ gzip:   0.48 kB
dist/assets/RecoveryQrScanner-C7HdV_uH.css                1.58 kB │ gzip:   0.51 kB
dist/assets/index-BNzNAeP1.css                            2.53 kB │ gzip:   0.91 kB
dist/assets/photoAlbumPreview-Djhl_LIP.css                3.35 kB │ gzip:   0.83 kB
dist/assets/Dialog-UeLObrkG.css                           7.80 kB │ gzip:   2.17 kB
dist/assets/bootstrapApp-Bk_rAp25.css                   265.19 kB │ gzip:  38.41 kB
dist/assets/vaultDirectory-C-015EiO.js                    0.08 kB │ gzip:   0.09 kB
dist/assets/loginAvailabilityPreflight-B6T6OFJC.js        0.08 kB │ gzip:   0.09 kB
dist/assets/dialog-D34Md3So.js                            0.10 kB │ gzip:   0.10 kB
dist/assets/is-prop-valid_framer-motion-RccB91bX.js       0.66 kB │ gzip:   0.43 kB
dist/assets/rolldown-runtime-Cyuzqnbw.js                  0.82 kB │ gzip:   0.47 kB
dist/assets/constants-OmM7_JPu.js                         2.43 kB │ gzip:   1.31 kB
dist/assets/core-BAM5JyGC.js                              2.48 kB │ gzip:   1.01 kB
dist/assets/webviewWindow-CRo7yFoQ.js                     4.66 kB │ gzip:   1.36 kB
dist/assets/jsx-runtime-DRRAr_vU.js                       5.14 kB │ gzip:   2.43 kB
dist/assets/react-SqCrPCpP.js                             8.13 kB │ gzip:   3.14 kB
dist/assets/PhotoViewerOverlay-Dc1RQYL2.js                8.23 kB │ gzip:   3.11 kB
dist/assets/Dialog-DdERbxBu.js                            8.25 kB │ gzip:   3.27 kB
dist/assets/photoAlbumPreview-B99cCLUS.js                12.04 kB │ gzip:   4.61 kB
dist/assets/window-Bh-pwqyO.js                           12.99 kB │ gzip:   3.13 kB
dist/assets/AiQuickChatPopover-Cehtf57L.js               14.84 kB │ gzip:   4.35 kB
dist/assets/useLlmChatCore-Cxdp6OMu.js                   20.25 kB │ gzip:   7.39 kB
dist/assets/index-dF3BuCne.js                            25.81 kB │ gzip:   9.09 kB
dist/assets/RecoveryReceiveDialog-3t__oLAW.js            31.54 kB │ gzip:   8.13 kB
dist/assets/backendError-BHcvoqBH.js                     53.26 kB │ gzip:  18.00 kB
dist/assets/motion-vendor-Cc8CTabA.js                   125.02 kB │ gzip:  40.72 kB
dist/assets/notification-BqNSCwxS.js                    135.55 kB │ gzip:  40.88 kB
dist/assets/authStore-CRF6zHJ4.js                       312.69 kB │ gzip:  96.92 kB
dist/assets/markdown-vendor-BqoJYnAr.js                 318.00 kB │ gzip:  97.55 kB
dist/assets/RecoveryQrScanner-BpM7qdE6.js               377.18 kB │ gzip: 111.50 kB
dist/assets/bootstrapApp-DmnvRZBr.js                  1,281.56 kB │ gzip: 341.07 kB

[33m[INEFFECTIVE_DYNAMIC_IMPORT] [0msrc/lib/vaultDirectory.ts is dynamically imported by src/App/useSessionLifecycle.ts but also statically imported by src/hooks/useOnboarding.ts, src/pages/settings/useVaultDirectory.ts, dynamic import will not move module into another chunk.

[plugin builtin:vite-reporter] 
(!) Some chunks are larger than 500 kB after minification. Consider:
- Using dynamic import() to code-split the application
- Use build.rolldownOptions.output.codeSplitting to improve chunking: https://rolldown.rs/reference/OutputOptions.codeSplitting
- Adjust chunk size limit for this warning via build.chunkSizeWarningLimit.
[33m[INEFFECTIVE_DYNAMIC_IMPORT] [0msrc/lib/dialog.ts is dynamically imported by src/components/export/ExportSection.tsx, src/components/import/ImportFileSelectorCard.tsx, src/components/object/useAttachmentBatchOps.tsx, src/hooks/useAttachmentManagerBatchOps.ts, src/hooks/useImportState.ts, ... but also statically imported by src/App/useSessionLifecycle.ts, src/components/export/useExportDocumentSection.ts, src/components/layout/OcrQuickScanPopover.tsx, src/components/plugin/PluginResultPanel.tsx, src/components/plugin/WatermarkPluginConfig.tsx, ..., dynamic import will not move module into another chunk.

[33m[INEFFECTIVE_DYNAMIC_IMPORT] [0msrc/lib/loginAvailabilityPreflight.ts is dynamically imported by src/bootstrapApp.tsx but also statically imported by src/components/settings/BiometricSection.tsx, src/hooks/usePinDisable.ts, src/hooks/usePinSetup.ts, src/pages/auth/useLoginPage.tsx, dynamic import will not move module into another chunk.

[33m[INEFFECTIVE_DYNAMIC_IMPORT] [0mnode_modules/@tauri-apps/api/event.js is dynamically imported by src/lib/theme.ts but also statically imported by node_modules/@tauri-apps/api/webview.js, node_modules/@tauri-apps/api/webviewWindow.js, node_modules/@tauri-apps/api/window.js, src/App/useNativeAppEvents.ts, src/App/useSessionLifecycle.ts, ..., dynamic import will not move module into another chunk.

✓ built in 642ms
    Blocking waiting for file lock on artifact directory
   Compiling objc2-exception-helper v0.1.1
   Compiling ring v0.17.14
   Compiling zstd-sys v2.0.16+zstd.1.5.7
   Compiling wasmtime-internal-jit-debug v45.0.1
   Compiling libsqlite3-sys v0.30.1
   Compiling wasmtime v45.0.1
   Compiling ort-sys v2.0.0-rc.12
   Compiling mac-notification-sys v0.6.14
   Compiling objc2 v0.6.4
   Compiling onig_sys v69.9.3
   Compiling solo_soul v2.13.2 (/Users/zzc/PycharmProjects/SoloSoul/tauri/src-tauri)
   Compiling ort v2.0.0-rc.12
   Compiling block2 v0.6.2
   Compiling objc2-core-foundation v0.3.2
   Compiling dispatch2 v0.3.1
   Compiling rustls v0.23.40
   Compiling objc2-foundation v0.3.2
   Compiling rustls-webpki v0.103.13
   Compiling zstd-safe v7.2.4
   Compiling onig v6.5.3
   Compiling zstd v0.13.3
   Compiling wasmtime-internal-cache v45.0.1
   Compiling tokenizers v0.21.4
   Compiling tokio-rustls v0.26.4
   Compiling rustls-platform-verifier v0.7.0
   Compiling hyper-rustls v0.27.9
   Compiling reqwest v0.12.28
   Compiling reqwest v0.13.4
   Compiling objc2-quartz-core v0.3.2
   Compiling objc2-app-kit v0.3.2
   Compiling rusqlite v0.32.1
   Compiling wasmtime-wasi-io v45.0.1
   Compiling solosoul-vault v2.13.2 (/Users/zzc/PycharmProjects/SoloSoul/tauri/crates/solosoul-vault)
   Compiling wiggle v45.0.1
   Compiling solosoul-core v2.13.2 (/Users/zzc/PycharmProjects/SoloSoul/tauri/crates/solosoul-core)
   Compiling notify-rust v4.17.0
   Compiling wasmtime-wasi v45.0.1
   Compiling os_info v3.15.0
   Compiling solosoul-sync v2.13.2 (/Users/zzc/PycharmProjects/SoloSoul/tauri/crates/solosoul-sync)
   Compiling objc2-web-kit v0.3.2
   Compiling wry v0.55.1
   Compiling tauri-runtime v2.11.2
   Compiling tao v0.35.3
   Compiling tauri-runtime-wry v2.11.2
   Compiling muda v0.19.2
   Compiling window-vibrancy v0.6.0
   Compiling objc2-osa-kit v0.3.2
   Compiling rfd v0.16.0
   Compiling tauri v2.11.2
   Compiling osakit v0.3.1
   Compiling window-vibrancy v0.8.0
   Compiling tauri-plugin-fs v2.5.1
   Compiling tauri-plugin-shell v2.3.5
   Compiling tauri-plugin-dialog v2.7.1
   Compiling tauri-plugin-process v2.3.1
   Compiling tauri-plugin-os v2.3.2
   Compiling tauri-plugin-updater v2.10.1
   Compiling tauri-plugin-window-state v2.4.1
   Compiling tauri-plugin-notification v2.3.3
   Compiling solosoul-plugin v2.13.2 (/Users/zzc/PycharmProjects/SoloSoul/tauri/crates/solosoul-plugin)
    Finished `dev` profile [optimized + debuginfo] target(s) in 2m 36s
       Built application at: /Users/zzc/PycharmProjects/SoloSoul/tauri/target/debug/solo_soul
    Bundling SoloSoulFE2Mac.app (/Users/zzc/PycharmProjects/SoloSoul/tauri/target/debug/bundle/macos/SoloSoulFE2Mac.app)
    Finished 1 bundle at:
        /Users/zzc/PycharmProjects/SoloSoul/tauri/target/debug/bundle/macos/SoloSoulFE2Mac.app

