
 RUN  v4.1.8 /Users/zzc/PycharmProjects/SoloSoul/tauri

 ❯ src/stores/settingsStore.test.ts (26 tests | 1 failed | 25 skipped) 7ms
       × 账户切换后更新启动缓存，冷启动首帧不沿用上一账户的外观 6ms

⎯⎯⎯⎯⎯⎯⎯ Failed Tests 1 ⎯⎯⎯⎯⎯⎯⎯

 FAIL  src/stores/settingsStore.test.ts > settingsStore > loadSettings > 账户切换后更新启动缓存，冷启动首帧不沿用上一账户的外观
AssertionError: expected { theme: 'light', …(4) } to deeply equal ObjectContaining{…}

- Expected
+ Received

- ObjectContaining {
+ {
    "accentColor": "custom",
-   "androidGlass": "enhanced",
-   "customAccentHex": "#112233",
-   "defaultDarkTheme": "forest-night",
-   "theme": "dark",
+   "androidGlass": "local",
+   "customAccentHex": "#ffee00",
+   "defaultLightTheme": "clean-slate",
+   "theme": "light",
  }

 ❯ src/stores/settingsStore.test.ts:179:65
    177|       await useSettingsStore.getState().loadSettings('acc-1');
    178|
    179|       expect(JSON.parse(localStorageData['solosoul_ui_prefs'])).toEqua…
       |                                                                 ^
    180|         expect.objectContaining(prefs),
    181|       );

⎯⎯⎯⎯⎯⎯⎯⎯⎯⎯⎯⎯⎯⎯⎯⎯⎯⎯⎯⎯⎯⎯⎯⎯[1/1]⎯


 Test Files  1 failed (1)
      Tests  1 failed | 25 skipped (26)
   Start at  01:59:29
   Duration  995ms (transform 166ms, setup 133ms, import 216ms, tests 7ms, environment 558ms)

