        Info Looking up installed tauri packages to check mismatched versions...
     Running beforeBuildCommand `npm run build`

> solosoul@2.13.2 build
> npm run gen-nsis-assets && node scripts/build-search-index.js && node scripts/stage-mobile-resources.cjs && node scripts/stage-desktop-resources.cjs && tsc --noEmit && vite build


> solosoul@2.13.2 gen-nsis-assets
> python3 scripts/generate-nsis-assets.py || python scripts/generate-nsis-assets.py

Pillow not installed; using existing NSIS assets.
Search index built: 3387 words, 21 guides
[stage-mobile-resources] 已生成移动端插件市场资源: /private/tmp/solosoul-fe2-macos-scroll-hover-build-20261008/workspace/tauri/src-tauri/resources-mobile/SoloSoul_plugin_market
[stage-mobile-resources] 资源版本 0ea5bd93dd11abafd625e241db82695204a8f502a8cc6f6efe7e8a5a635f3ac1，89 文件
[stage-desktop-resources] 已生成桌面端插件市场资源: /private/tmp/solosoul-fe2-macos-scroll-hover-build-20261008/workspace/tauri/src-tauri/resources-desktop/SoloSoul_plugin_market
vite v8.0.16 building client environment for production...
[2Ktransforming...✓ 4194 modules transformed.
rendering chunks...
computing gzip size...
dist/index.html                                           1.46 kB │ gzip:   0.72 kB
dist/assets/128x128@2x-lsnePcND.png                      13.59 kB
dist/assets/is-prop-valid_framer-motion-BVADqg-m.css      0.16 kB │ gzip:   0.12 kB
dist/assets/useLlmChatCore-DmTdtc80.css                   0.97 kB │ gzip:   0.48 kB
dist/assets/RecoveryQrScanner-C7HdV_uH.css                1.58 kB │ gzip:   0.51 kB
dist/assets/index-BNzNAeP1.css                            2.53 kB │ gzip:   0.91 kB
dist/assets/photoAlbumPreview-Djhl_LIP.css                3.35 kB │ gzip:   0.83 kB
dist/assets/Dialog-UeLObrkG.css                           7.80 kB │ gzip:   2.17 kB
dist/assets/bootstrapApp-BN6lwriG.css                   266.76 kB │ gzip:  38.61 kB
dist/assets/vaultDirectory-DHdRULUD.js                    0.08 kB │ gzip:   0.09 kB
dist/assets/loginAvailabilityPreflight-D82zMi9J.js        0.08 kB │ gzip:   0.09 kB
dist/assets/dialog-CQpdi3m_.js                            0.10 kB │ gzip:   0.10 kB
dist/assets/is-prop-valid_framer-motion-DwLlWEbz.js       0.66 kB │ gzip:   0.43 kB
dist/assets/rolldown-runtime-Cyuzqnbw.js                  0.82 kB │ gzip:   0.47 kB
dist/assets/constants-OmM7_JPu.js                         2.43 kB │ gzip:   1.31 kB
dist/assets/core-BAM5JyGC.js                              2.48 kB │ gzip:   1.01 kB
dist/assets/webviewWindow-DKKecWsZ.js                     4.66 kB │ gzip:   1.37 kB
dist/assets/jsx-runtime-B1KkavKM.js                       5.14 kB │ gzip:   2.43 kB
dist/assets/react-SqCrPCpP.js                             8.13 kB │ gzip:   3.14 kB
dist/assets/PhotoViewerOverlay-xCM7z-xN.js                8.23 kB │ gzip:   3.11 kB
dist/assets/Dialog-CfVaAXDc.js                            8.25 kB │ gzip:   3.27 kB
dist/assets/photoAlbumPreview-cze-0tXg.js                12.04 kB │ gzip:   4.62 kB
dist/assets/window-CSjY7ym-.js                           12.99 kB │ gzip:   3.13 kB
dist/assets/AiQuickChatPopover-B6cEdXzM.js               14.84 kB │ gzip:   4.34 kB
dist/assets/useLlmChatCore-CTnW92EH.js                   20.25 kB │ gzip:   7.39 kB
dist/assets/index-B_35raW7.js                            25.81 kB │ gzip:   9.10 kB
dist/assets/RecoveryReceiveDialog-CdlkX2Qf.js            31.54 kB │ gzip:   8.13 kB
dist/assets/backendError-Dj1g1BAP.js                     53.26 kB │ gzip:  18.00 kB
dist/assets/motion-vendor-C9femoHf.js                   125.02 kB │ gzip:  40.72 kB
dist/assets/notification-DCrFMRKG.js                    135.55 kB │ gzip:  40.88 kB
dist/assets/authStore-C4l9c0rd.js                       312.69 kB │ gzip:  96.92 kB
dist/assets/markdown-vendor-CyczW5il.js                 318.00 kB │ gzip:  97.55 kB
dist/assets/RecoveryQrScanner-Dgb4yqdV.js               377.18 kB │ gzip: 111.50 kB
dist/assets/bootstrapApp-ByAGXC-A.js                  1,281.94 kB │ gzip: 341.18 kB

[33m[INEFFECTIVE_DYNAMIC_IMPORT] [0msrc/lib/vaultDirectory.ts is dynamically imported by src/App/useSessionLifecycle.ts but also statically imported by src/hooks/useOnboarding.ts, src/pages/settings/useVaultDirectory.ts, dynamic import will not move module into another chunk.

[plugin builtin:vite-reporter] 
(!) Some chunks are larger than 500 kB after minification. Consider:
- Using dynamic import() to code-split the application
- Use build.rolldownOptions.output.codeSplitting to improve chunking: https://rolldown.rs/reference/OutputOptions.codeSplitting
- Adjust chunk size limit for this warning via build.chunkSizeWarningLimit.
[33m[INEFFECTIVE_DYNAMIC_IMPORT] [0msrc/lib/dialog.ts is dynamically imported by src/components/export/ExportSection.tsx, src/components/import/ImportFileSelectorCard.tsx, src/components/object/useAttachmentBatchOps.tsx, src/hooks/useAttachmentManagerBatchOps.ts, src/hooks/useImportState.ts, ... but also statically imported by src/App/useSessionLifecycle.ts, src/components/export/useExportDocumentSection.ts, src/components/layout/OcrQuickScanPopover.tsx, src/components/plugin/PluginResultPanel.tsx, src/components/plugin/WatermarkPluginConfig.tsx, ..., dynamic import will not move module into another chunk.

[33m[INEFFECTIVE_DYNAMIC_IMPORT] [0msrc/lib/loginAvailabilityPreflight.ts is dynamically imported by src/bootstrapApp.tsx but also statically imported by src/components/settings/BiometricSection.tsx, src/hooks/usePinDisable.ts, src/hooks/usePinSetup.ts, src/pages/auth/useLoginPage.tsx, dynamic import will not move module into another chunk.

[33m[INEFFECTIVE_DYNAMIC_IMPORT] [0mnode_modules/@tauri-apps/api/event.js is dynamically imported by src/lib/theme.ts but also statically imported by node_modules/@tauri-apps/api/webview.js, node_modules/@tauri-apps/api/webviewWindow.js, node_modules/@tauri-apps/api/window.js, src/App/useNativeAppEvents.ts, src/App/useSessionLifecycle.ts, ..., dynamic import will not move module into another chunk.

✓ built in 1.20s
   Compiling solo_soul v2.13.2 (/private/tmp/solosoul-fe2-macos-scroll-hover-build-20261008/workspace/tauri/src-tauri)
    Finished `dev` profile [optimized + debuginfo] target(s) in 3m 56s
       Built application at: /tmp/solosoul-fe2-macos-scroll-hover-build-20261008/workspace/tauri/target/debug/solo_soul
    Bundling SoloSoulFE2Mac.app (/tmp/solosoul-fe2-macos-scroll-hover-build-20261008/workspace/tauri/target/debug/bundle/macos/SoloSoulFE2Mac.app)
    Finished 1 bundle at:
        /tmp/solosoul-fe2-macos-scroll-hover-build-20261008/workspace/tauri/target/debug/bundle/macos/SoloSoulFE2Mac.app

