Exported 114 attachments for: ProbeTests/testCurrentProductionNativeFilePickerAndPreview():
File: A3507A3C-B90F-4D8E-9ECF-6A54E3A88180.txt, suggested name: "App UI hierarchy for com.solosoul_0_358EA27F-91DA-4ED9-95A5-CC7F507FC84D.app"
File: 587A8F84-1348-4C09-9924-22894B4B921F, suggested name: "UI Snapshot 2026-10-08 at 09.11.56 上午"
File: 3AE39B87-752E-471F-9277-723D0906C16B.txt, suggested name: "Debug description for `Cell (First Match)`_0_9BA616BD-48CE-450D-B9A0-7AFC0A1E2EC6.txt"
File: C8E21675-037D-49E2-A146-48668A412F4A.txt, suggested name: "Debug description for `Cell (First Match)`_0_16408904-EA9C-4327-9127-A1C048278EB0.txt"
File: 93977A7E-5841-4866-9121-94938FF51FD7.txt, suggested name: "Debug description for `Cell (First Match)`_0_17BA243B-2E2F-4DD7-AF09-89F246127A94.txt"
File: 53D21CC6-747E-4E82-8050-DFDE3748E06B.txt, suggested name: "Debug description for `Cell (First Match)`_0_50DBA7C8-7927-4F06-922B-75363F525AE2.txt"
File: 604660B4-C953-4926-9084-75BA9E07BE6B.txt, suggested name: "Debug description for `Cell (First Match)`_0_ADE66881-E249-423C-96A4-3524DAF4214A.txt"
File: BE80A0A3-0B61-4EB3-B500-F7607E071727.txt, suggested name: "Debug description for `Cell (First Match)`_0_3324928A-CCEE-44C7-8680-95DA5CEAD6EF.txt"
File: 21B840FD-3454-4FD7-BA1B-C44A238E5C06.txt, suggested name: "Debug description for `Cell (First Match)`_0_8799F288-40A9-499D-A9FE-5AC2A138D2F6.txt"
File: 7DA16E84-AD63-4404-9FFD-B2BDB8A3A679.txt, suggested name: "Debug description for `Cell (First Match)`_0_31550F82-3908-4068-BAA6-2020D2FEFAB0.txt"
File: D2782E70-AAD8-41BB-839F-A3110267F73A.txt, suggested name: "Debug description for `Cell (First Match)`_0_3BA46FC8-5749-4C24-AC9F-D84E2710163C.txt"
File: 84A5C2DD-AE1A-49DB-9BC4-FE19FE4306E1.txt, suggested name: "Debug description for `Cell (First Match)`_0_F559ED93-CEBA-4559-B9CC-91703C3CA466.txt"
File: 49EF0695-41AD-4AFB-AC8B-88F1D86647E9.txt, suggested name: "Debug description for `Cell (First Match)`_0_43FE2796-1EB2-49DB-83CC-19ACBA4103B3.txt"
File: 531A3870-CCA3-4F41-AFB4-70E75617EAE1.txt, suggested name: "Debug description for `Cell (First Match)`_0_AD74F01E-A929-4B23-8335-45AE0637354B.txt"
File: AF60AD92-23BE-426A-929B-DF79AAC079E0.txt, suggested name: "Debug description for `Cell (First Match)`_0_F236792F-6DC2-496D-A5B1-0A8B46CC5F33.txt"
File: F8DC3452-293F-4722-83EE-B1DD7D3AC0A4.txt, suggested name: "Debug description for `Cell (First Match)`_0_B13ACAE2-1C3A-40B3-98D8-E99C6016B596.txt"
File: CEA31566-B32E-445C-81C0-20870CED72A1.txt, suggested name: "Debug description for `Cell (First Match)`_0_47900FCB-CEB9-4A3B-ABD4-FDDCF0643FB0.txt"
File: 01484E9F-73F6-4410-9E13-96F186B4EDA7.txt, suggested name: "native-file-picker-browse-hierarchy_0_B3DC6F6E-E1BC-4900-AC10-3B2924CCD9EE.txt"
File: FF4587B5-C7EC-48B0-B002-C6BE4517CC13.png, suggested name: "native-file-picker-browse_0_C764E302-9AB5-4EF6-A710-27EC7981134B.png"
File: 92D78D2E-7D82-4472-BBE7-24CFFBC03B83, suggested name: "UI Snapshot 2026-10-08 at 09.11.39 上午"
File: 5A0C3490-9EE2-49A8-AB01-253A2C095125, suggested name: "Synthesized Event 2026-10-08 at 09.11.39 上午"
File: CB2C96A3-3219-4BA6-9831-7CA8378B1865.txt, suggested name: "native-file-picker-open-hierarchy_0_8EE42BD1-8E6E-4EB9-8F62-A558F169E6A4.txt"
File: 290AF38F-6BCF-4453-AA29-38BF1ACF7128.png, suggested name: "native-file-picker-open_0_4236952B-965B-4A49-B335-A6C749EFC819.png"
File: 261ADCBB-989D-4ABC-BB5F-09D54F1434DC, suggested name: "UI Snapshot 2026-10-08 at 09.11.34 上午"
File: 118F41D8-9E8B-4BFC-9D59-070C39F41282, suggested name: "Synthesized Event 2026-10-08 at 09.11.34 上午"
File: 550AE99F-211D-4316-AF5B-CBB1EB927C34.txt, suggested name: "empty-attachments-panel-hierarchy_0_B79155D3-F0BA-46DC-B8B4-00F1F7AA8B7A.txt"
File: 050B4F7F-5CEA-4076-A52B-D7630E763B67.png, suggested name: "empty-attachments-panel_0_F68B2C7B-7A01-450C-8D7B-AD155830A40A.png"
File: 4B535398-BAB3-4946-85AC-0A079B4DE3A3, suggested name: "UI Snapshot 2026-10-08 at 09.11.32 上午"
File: 9B2D6058-D079-4935-A6B6-E711CF596440, suggested name: "Synthesized Event 2026-10-08 at 09.11.33 上午"
File: 55E5A0AF-477A-486E-B3D9-A243A1DB3486.txt, suggested name: "identity-detail-hierarchy_0_23159571-BF53-43F9-808B-4C44F7E1CA30.txt"
File: 89FEB7D4-A903-41A5-B21A-0B3260473CF2.png, suggested name: "identity-detail_0_5A340746-C4FC-466B-9F33-7918CB30674D.png"
File: 7CEFAA17-9739-46EE-A6E6-167CE0F322A4, suggested name: "UI Snapshot 2026-10-08 at 09.11.29 上午"
File: D965D72B-E0D7-44A7-8C6A-694551A5C0ED, suggested name: "Synthesized Event 2026-10-08 at 09.11.30 上午"
File: D31BDCC6-B950-4564-9F4D-43C7C7FF8F4C.txt, suggested name: "populated-identity-workspace-hierarchy_0_98B3F115-C68C-45DF-B855-DE809934448B.txt"
File: 38A06B55-80F9-44D1-BC62-A17732D1956D.png, suggested name: "populated-identity-workspace_0_26C6F70A-DA71-43DE-BEC5-30114D97BA6B.png"
File: 24BDB1E6-267A-4FE8-B971-5ADC29CBD9A9, suggested name: "UI Snapshot 2026-10-08 at 09.11.27 上午"
File: A6074259-8AEB-49F5-896D-1F7178EFE5D1, suggested name: "Synthesized Event 2026-10-08 at 09.11.28 上午"
File: 1D0E9D26-B73A-4DEC-A643-73B545DD6AFC.txt, suggested name: "editor-save-reachable-hierarchy_0_F08E175A-9793-4475-97E2-2F0ECE2E2ACB.txt"
File: 38A20D0C-918F-43FC-A4AC-654B8A92D1B3.png, suggested name: "editor-save-reachable_0_BB33DF09-9E93-46EE-9746-05FC16B0295F.png"
File: 4D289977-AC2D-4616-81B5-80BE48EC3775.txt, suggested name: "editor-after-real-viewport-scroll-hierarchy_0_0CA59798-251A-45ED-9309-1B64F660D8D8.txt"
File: 4E961F53-2674-4299-BFDF-032406D4F007.png, suggested name: "editor-after-real-viewport-scroll_0_8DC00C7C-EBF2-45DA-BB1E-9E6CF29EE689.png"
File: 7CE74CC6-E660-4264-91C6-B49CD825710F, suggested name: "UI Snapshot 2026-10-08 at 09.11.23 上午"
File: FB3B26BE-AAE4-49E9-BEA6-2C2BA0E51A9B, suggested name: "Synthesized Event 2026-10-08 at 09.11.24 上午"
File: 990626CB-3162-48AB-A74C-76D9B7F77CBD, suggested name: "UI Snapshot 2026-10-08 at 09.11.20 上午"
File: B9DCE66E-4E0A-43AB-BAF8-B6C69B4D91C1, suggested name: "Synthesized Event 2026-10-08 at 09.11.21 上午"
File: 08FD4011-9345-4FA0-8548-9E5910161031.txt, suggested name: "filled-identity-editor-hierarchy_0_7EEDA1AD-EE42-4EDB-8B9B-EEB1FA170E74.txt"
File: 3FCDD300-2E1D-4900-92C4-E9B673C24524.png, suggested name: "filled-identity-editor_0_B3B9F408-24AC-493B-ACA4-665FE1A20F6A.png"
File: 6AFA4F55-799E-4E51-BF89-70237B5B6A1C, suggested name: "UI Snapshot 2026-10-08 at 09.11.18 上午"
File: BF6E38EE-55C5-4B84-AFB0-5BCE63976877, suggested name: "Synthesized Event 2026-10-08 at 09.11.19 上午"
File: 4C3F5AEC-858C-491A-B998-7F9F137D3682.txt, suggested name: "public-name-focused-before-typing-hierarchy_0_B216C57B-ED8E-4034-A43D-F526BF6B71E2.txt"
File: 4D82AE61-512E-408E-9B65-DC33A7F768C0.png, suggested name: "public-name-focused-before-typing_0_ED850393-6DD5-45CE-82CC-212EE49609DD.png"
File: 044C3072-FACA-4022-A9AE-BF7F08A1F5B9, suggested name: "UI Snapshot 2026-10-08 at 09.11.16 上午"
File: 05FE2CEC-27E3-4487-A843-A75FBAF8F04A, suggested name: "Synthesized Event 2026-10-08 at 09.11.17 上午"
File: 569B8A5C-42CA-4204-ABC1-ED4C6224027E.txt, suggested name: "public-name-before-focus-hierarchy_0_35DF90B8-62BB-4606-9814-A20FDBDC5C1D.txt"
File: CDC9463A-B824-4622-B0A2-D4CBE3988B6D.png, suggested name: "public-name-before-focus_0_A8445965-20C9-456A-A057-BA4FAEFC9998.png"
File: 63E3EC0D-1833-45C9-933B-5D110780787B.txt, suggested name: "public-name-scroll-3-hierarchy_0_F1BF39C1-2712-44FD-BF51-11408021BEDE.txt"
File: 311501A6-DFF3-40CE-9171-C6C8E9CD962B.png, suggested name: "public-name-scroll-3_0_1322EFA1-3391-41B4-8DCC-DF9D8F88F358.png"
File: 38BB1628-C614-4564-BCAC-5804BDA1D7FC, suggested name: "UI Snapshot 2026-10-08 at 09.11.12 上午"
File: 8EEC6181-3DFB-44A3-9169-B9450658D000, suggested name: "Synthesized Event 2026-10-08 at 09.11.13 上午"
File: ED98F50C-BCAC-4F96-AA56-DEE1BA2E14C5.txt, suggested name: "public-name-scroll-2-hierarchy_0_64F9377B-3887-4806-8839-8BDACE67D2C8.txt"
File: 746A6017-B9EA-4500-BDD3-AECD200E40C7.png, suggested name: "public-name-scroll-2_0_C984DBFC-6B20-43BF-86AB-9D516C706909.png"
File: CB581FA7-5C51-437C-8A94-5B554F0B55B4, suggested name: "UI Snapshot 2026-10-08 at 09.11.08 上午"
File: F8FF8EE6-2C8F-421D-B1F7-C651DDC6C1E8, suggested name: "Synthesized Event 2026-10-08 at 09.11.09 上午"
File: F24777A0-BE91-4CF3-BC87-5762DFF56B8F.txt, suggested name: "public-name-scroll-1-hierarchy_0_36E6404F-176E-4793-8430-054A1704AD61.txt"
File: 4E9E8CE5-DF3E-4E08-9B49-6ACF95C26C21.png, suggested name: "public-name-scroll-1_0_79625B23-E622-4ECC-AA01-B966FDCAC6BA.png"
File: 93801CD3-3FF6-4C61-8555-F77F39195E3B, suggested name: "UI Snapshot 2026-10-08 at 09.11.06 上午"
File: 2D290CB6-279A-4E39-BBAA-3CE57C1F209A, suggested name: "Synthesized Event 2026-10-08 at 09.11.06 上午"
File: 2520CBDA-702A-4F1C-8C78-6CF31C31DDDF.txt, suggested name: "public-name-scroll-0-hierarchy_0_4CD3E2F9-AC74-48B8-9C8F-AF55074C7E3B.txt"
File: 7A868D79-8D23-4A3E-8CA6-498955270B75.png, suggested name: "public-name-scroll-0_0_A04910AD-155D-4BFC-A8C7-76C303F1F21C.png"
File: 9916C27B-8A87-4B97-B0E1-F172790AA29B.txt, suggested name: "object-name-with-keyboard-hierarchy_0_29731CFE-E689-4710-8CE3-BB91B6E05FE5.txt"
File: 70350480-CDCD-4435-BE41-A0BA705627EC.png, suggested name: "object-name-with-keyboard_0_D1FA6125-0CA4-4D4B-BA1C-8D72CEE0AB25.png"
File: 2ED41D04-C030-44C0-9E8C-DDBADBF5D45D, suggested name: "UI Snapshot 2026-10-08 at 09.11.02 上午"
File: 13002189-251D-4407-A66B-6922A607AA1E, suggested name: "Synthesized Event 2026-10-08 at 09.11.03 上午"
File: 2AC5A093-87C9-4EA4-A7FC-FCBEF14AE42B, suggested name: "UI Snapshot 2026-10-08 at 09.11.02 上午"
File: ECB6C2EF-8D54-4A34-9640-D9B33403BFCD, suggested name: "Synthesized Event 2026-10-08 at 09.11.02 上午"
File: F30E60B0-317B-4496-9D91-D37D110DB072, suggested name: "UI Snapshot 2026-10-08 at 09.11.00 上午"
File: F45F607E-E329-42D6-A91F-BA218E097D0A, suggested name: "Synthesized Event 2026-10-08 at 09.11.00 上午"
File: 1E9F2EB6-D192-4F17-9A89-96AA90A49B3D.txt, suggested name: "identity-template-editor-hierarchy_0_A3089A5A-0BDD-4E00-923F-A24E82D5290B.txt"
File: CDF990ED-9FCE-4C26-8FA5-53503D2A5E79.png, suggested name: "identity-template-editor_0_FDA4962F-601F-4E5E-864C-0A650FB450B2.png"
File: 0C36F34A-4363-4863-945A-2E9A75630391, suggested name: "UI Snapshot 2026-10-08 at 09.10.58 上午"
File: 8DDD5F2C-BD9C-4BE7-9480-530420073934, suggested name: "Synthesized Event 2026-10-08 at 09.10.59 上午"
File: 43A5D064-8AE7-4740-94A3-4B2CE8F76091.txt, suggested name: "empty-identity-workspace-hierarchy_0_797C6129-D141-4C36-B82F-89575AF6C86B.txt"
File: CF0E18BF-3CCB-4670-B845-D1CC77FB1518.png, suggested name: "empty-identity-workspace_0_7771C7D0-08F6-4374-A23B-15E8FBC82B9C.png"
File: DF100480-CD97-4568-81F4-5EBD0E0F9926, suggested name: "UI Snapshot 2026-10-08 at 09.10.57 上午"
File: 0D72761E-2769-4DE7-B22E-B217BE5A230E, suggested name: "Synthesized Event 2026-10-08 at 09.10.57 上午"
File: C361D7C2-956E-475B-91AE-D2048A6CE4AD, suggested name: "UI Snapshot 2026-10-08 at 09.10.55 上午"
File: C567940B-5E6D-47E9-807C-04C0B9F34333, suggested name: "Synthesized Event 2026-10-08 at 09.10.55 上午"
File: 52DE0228-D3CE-439B-A69B-0DDAF9BA924E.txt, suggested name: "expanded-mobile-navigation-hierarchy_0_69FA996B-1409-4C6F-A5CD-E98842717EC2.txt"
File: 74B44617-6CC6-4C5F-8124-7481B50E2BC2.png, suggested name: "expanded-mobile-navigation_0_D10388D3-31A2-4D61-82F9-2774B2CBA056.png"
File: 9E478C53-A1E4-420F-9D66-6EF074B8209A, suggested name: "UI Snapshot 2026-10-08 at 09.10.54 上午"
File: F26C508A-5DD1-4C86-B8BC-0699E2E0301A, suggested name: "Synthesized Event 2026-10-08 at 09.10.55 上午"
File: 6CEB2CAD-62E6-4818-BB75-70E291FA6011.txt, suggested name: "current-created-home-hierarchy_0_509E14F7-3979-4B54-849B-D22F17A3026A.txt"
File: 92335793-9FFA-4174-86AB-0A8B9A7FEF07.png, suggested name: "current-created-home_0_6126087A-094D-4CE4-8A63-4EAA14A68BD0.png"
File: 4619B31A-20A7-4F03-B3F4-30A7A417710A, suggested name: "UI Snapshot 2026-10-08 at 09.10.42 上午"
File: 3811083B-AFBA-4210-B3C5-80C33B36811F, suggested name: "Synthesized Event 2026-10-08 at 09.10.43 上午"
File: 98B55AA1-D413-4047-9141-2A014C4209FA, suggested name: "UI Snapshot 2026-10-08 at 09.10.42 上午"
File: A1969A8E-6C62-4F6E-B2EE-833B50C698B0, suggested name: "Synthesized Event 2026-10-08 at 09.10.42 上午"
File: A6CB883E-316A-4B15-9340-5A1A57B89AEB, suggested name: "UI Snapshot 2026-10-08 at 09.10.41 上午"
File: EEDFBA94-4DBB-46BB-AC5C-FB83C0DB7C7C, suggested name: "Synthesized Event 2026-10-08 at 09.10.41 上午"
File: C6F03A0D-D78C-4FC2-8A8B-61A01029AC7A, suggested name: "UI Snapshot 2026-10-08 at 09.10.40 上午"
File: 433C16E9-5C65-4C1F-8A3D-DA88F135F375, suggested name: "Synthesized Event 2026-10-08 at 09.10.41 上午"
File: 8168975D-A547-4ACA-A32C-88BC30DCA2C5, suggested name: "UI Snapshot 2026-10-08 at 09.10.40 上午"
File: 96B5A3A2-A00B-42E5-9F61-208324FBEEA9, suggested name: "Synthesized Event 2026-10-08 at 09.10.40 上午"
File: 74EE983A-42AE-4EE1-9D97-616A9E76DC64, suggested name: "UI Snapshot 2026-10-08 at 09.10.39 上午"
File: F31D40D4-9D04-4340-8D39-2AD3ED4A3BEC, suggested name: "Synthesized Event 2026-10-08 at 09.10.39 上午"
File: 09C1736A-398F-4041-964B-66EE79FBE898.txt, suggested name: "current-registration-hierarchy_0_E6B5A438-2EBF-43B7-AEAF-E2B8E13120A1.txt"
File: 800B5F98-32BB-4C19-8BB0-E1CA6EE05062.png, suggested name: "current-registration_0_8B1BA6C0-507B-4E9D-8368-835CDE9E7F2D.png"
File: 918AD86E-1E43-453F-B6A2-A3700347DA44, suggested name: "Synthesized Event 2026-10-08 at 09.10.37 上午"
File: 60149E43-4BF5-4547-9DA5-DCC16359559B, suggested name: "Synthesized Event 2026-10-08 at 09.10.36 上午"
File: 1E24DE48-8BF2-41E8-A01F-1B8BB3F629F0, suggested name: "Synthesized Event 2026-10-08 at 09.10.35 上午"
File: 54D9FB0D-7553-4D28-B4B7-3A5EB5040BAE, suggested name: "Synthesized Event 2026-10-08 at 09.10.33 上午"
File: FDB42C10-5B36-4104-A780-0F1000F3E7C1, suggested name: "Synthesized Event 2026-10-08 at 09.10.32 上午"
File: 50CAC6F3-5882-4A37-94E3-5CA23266CC7D, suggested name: "Synthesized Event 2026-10-08 at 09.10.30 上午"
File: C8998813-96BF-4194-9323-15FB9740D797.mp4, suggested name: "Screen Recording 2026-10-08 at 09.10.25 上午.mp4"

Generated manifest file with attachment details: /tmp/solosoul-fe2-ios-current-file-picker-localized-ui-20261008/attachments/manifest.json
