INSTRUMENTATION_STATUS: class=com.solosoul.app.AndroidHomeInstrumentedTest
INSTRUMENTATION_STATUS: current=1
INSTRUMENTATION_STATUS: id=AndroidJUnitRunner
INSTRUMENTATION_STATUS: numtests=1
INSTRUMENTATION_STATUS: stream=
com.solosoul.app.AndroidHomeInstrumentedTest:
INSTRUMENTATION_STATUS: test=realHomePreservesGlassAndCopyAcrossLockUnlock
INSTRUMENTATION_STATUS_CODE: 1
s_glBindAttribLocation: bind attrib 0 name position
s_glBindAttribLocation: bind attrib 1 name color
s_glBindAttribLocation: bind attrib 2 name localCoord
INSTRUMENTATION_STATUS: class=com.solosoul.app.AndroidHomeInstrumentedTest
INSTRUMENTATION_STATUS: current=1
INSTRUMENTATION_STATUS: id=AndroidJUnitRunner
INSTRUMENTATION_STATUS: numtests=1
INSTRUMENTATION_STATUS: stack=java.lang.AssertionError: 系统文件选择后附件列表可见: {"ready":false}
	at com.solosoul.app.AndroidHomeInstrumentedTest.waitFor(AndroidHomeInstrumentedTest.kt:245)
	at com.solosoul.app.AndroidHomeInstrumentedTest.seedActualSafFixtures(AndroidHomeInstrumentedTest.kt:114)
	at com.solosoul.app.AndroidHomeInstrumentedTest.seedPreviewFixtures(AndroidHomeInstrumentedTest.kt:757)
	at com.solosoul.app.AndroidHomeInstrumentedTest.verifyNonemptyPreviews(AndroidHomeInstrumentedTest.kt:920)
	at com.solosoul.app.AndroidHomeInstrumentedTest.verifyPopulatedContent(AndroidHomeInstrumentedTest.kt:693)
	at com.solosoul.app.AndroidHomeInstrumentedTest.realHomePreservesGlassAndCopyAcrossLockUnlock(AndroidHomeInstrumentedTest.kt:1853)

INSTRUMENTATION_STATUS: stream=
Error in realHomePreservesGlassAndCopyAcrossLockUnlock(com.solosoul.app.AndroidHomeInstrumentedTest):
java.lang.AssertionError: 系统文件选择后附件列表可见: {"ready":false}
	at com.solosoul.app.AndroidHomeInstrumentedTest.waitFor(AndroidHomeInstrumentedTest.kt:245)
	at com.solosoul.app.AndroidHomeInstrumentedTest.seedActualSafFixtures(AndroidHomeInstrumentedTest.kt:114)
	at com.solosoul.app.AndroidHomeInstrumentedTest.seedPreviewFixtures(AndroidHomeInstrumentedTest.kt:757)
	at com.solosoul.app.AndroidHomeInstrumentedTest.verifyNonemptyPreviews(AndroidHomeInstrumentedTest.kt:920)
	at com.solosoul.app.AndroidHomeInstrumentedTest.verifyPopulatedContent(AndroidHomeInstrumentedTest.kt:693)
	at com.solosoul.app.AndroidHomeInstrumentedTest.realHomePreservesGlassAndCopyAcrossLockUnlock(AndroidHomeInstrumentedTest.kt:1853)

INSTRUMENTATION_STATUS: test=realHomePreservesGlassAndCopyAcrossLockUnlock
INSTRUMENTATION_STATUS_CODE: -2
INSTRUMENTATION_RESULT: stream=

Time: 112.744
There was 1 failure:
1) realHomePreservesGlassAndCopyAcrossLockUnlock(com.solosoul.app.AndroidHomeInstrumentedTest)
java.lang.AssertionError: 系统文件选择后附件列表可见: {"ready":false}
	at com.solosoul.app.AndroidHomeInstrumentedTest.waitFor(AndroidHomeInstrumentedTest.kt:245)
	at com.solosoul.app.AndroidHomeInstrumentedTest.seedActualSafFixtures(AndroidHomeInstrumentedTest.kt:114)
	at com.solosoul.app.AndroidHomeInstrumentedTest.seedPreviewFixtures(AndroidHomeInstrumentedTest.kt:757)
	at com.solosoul.app.AndroidHomeInstrumentedTest.verifyNonemptyPreviews(AndroidHomeInstrumentedTest.kt:920)
	at com.solosoul.app.AndroidHomeInstrumentedTest.verifyPopulatedContent(AndroidHomeInstrumentedTest.kt:693)
	at com.solosoul.app.AndroidHomeInstrumentedTest.realHomePreservesGlassAndCopyAcrossLockUnlock(AndroidHomeInstrumentedTest.kt:1853)

FAILURES!!!
Tests run: 1,  Failures: 1


INSTRUMENTATION_CODE: -1
