Exported 66 attachments for: ProbeTests/testCurrentProductionNativeFilesAndPreviews():
File: CD067334-93ED-479A-86A0-1321B67E93A3.txt, suggested name: "final-state-hierarchy_0_7956E8D5-93AE-4055-9CCC-29EA3B2D8D6B.txt"
File: 0258A4FB-AA3A-4083-AFDE-4955C4921F24.png, suggested name: "final-state_0_DCB731C7-FA85-4A1E-B306-13D3DD0A830B.png"
File: 1D9C6458-9220-4C90-B99F-22DB884D8199.txt, suggested name: "dark-returned-to-workspace-hierarchy_0_2C151B21-B032-4607-903B-E041CC13FFB5.txt"
File: 34173601-9B04-453C-966A-3E27B7FBFC33.png, suggested name: "dark-returned-to-workspace_0_2FC6F4E4-E16D-44D3-B510-38EA68773063.png"
File: 9C5489F1-B500-4030-81E5-0CE50B4979C3.txt, suggested name: "dark-returned-to-object-detail-hierarchy_0_C7C0737F-EBFC-44D4-BB1C-5952AB0B920A.txt"
File: A364D8CD-4E24-4450-9228-B6378CB92AE4.png, suggested name: "dark-returned-to-object-detail_0_29884275-E589-4E11-BE34-66BD368D624B.png"
File: 5D562A6C-623E-4A22-A519-CFF45C76771C.txt, suggested name: "dark-pdf-external-open-error-feedback-hierarchy_0_C7C4AC62-0165-403E-A921-3474428F4246.txt"
File: A8F96C56-015F-4330-94C2-C57B4DA7E63B.png, suggested name: "dark-pdf-external-open-error-feedback_0_F417841A-8A70-4682-B2C1-172E40CE4641.png"
File: 788F5E05-3DBE-4AB4-AF59-BEF751CD6110.txt, suggested name: "dark-pdf-imported-before-open-hierarchy_0_02C799FE-F467-4868-926E-C30899A64C39.txt"
File: E6100C15-937B-4C93-9643-537D4DC45933.png, suggested name: "dark-pdf-imported-before-open_0_2C923D3D-4220-4BAD-8C95-69F72C577FD9.png"
File: 08335A31-8A21-4ED5-85AF-D6DA704FBCED.txt, suggested name: "dark-nonempty-attachments-hierarchy_0_B69DA0D3-8CD9-4F33-B775-6E5B9965D05D.txt"
File: 2005F20D-2449-488C-ACE3-CBAA04344C05.png, suggested name: "dark-nonempty-attachments_0_ED850EBA-A490-4F94-8A5F-590E9FD04A72.png"
File: 05CFE192-C03F-4D00-8B84-76012A45C2FD.txt, suggested name: "actual-dark-theme-selected-hierarchy_0_955D96D2-A62E-4580-B27E-C3FD49B6D53D.txt"
File: F67D22E2-FCA6-4498-B0DF-48A9CFD5C3BC.png, suggested name: "actual-dark-theme-selected_0_F723B5CE-597D-4876-82E1-D9D1C669AE47.png"
File: DA508207-7C20-400D-B7F3-6FCCEF844BF0.txt, suggested name: "light-returned-to-workspace-hierarchy_0_F687D2F6-539C-4C88-B1E6-7626A04AA58B.txt"
File: CCCC4EE7-1D58-46FC-AA27-526C0F5D4D1B.png, suggested name: "light-returned-to-workspace_0_E8731908-796C-44CE-A4E2-28C6DB073FD3.png"
File: 0F399A8B-7615-489D-9D41-D03FBB362960.txt, suggested name: "light-returned-to-object-detail-hierarchy_0_2E37C6A3-427E-45F3-A583-BDD69521B756.txt"
File: 3512751F-590A-44AD-B443-EC43C1B71BB0.png, suggested name: "light-returned-to-object-detail_0_C6CA0729-32BA-48D1-9684-5149437576C0.png"
File: E297527F-B1CF-427A-A042-946BCF181774.txt, suggested name: "light-pdf-external-open-error-feedback-hierarchy_0_BC7DBDDB-56F8-4AC3-81D1-BA9D20CAA075.txt"
File: 83C9ECD5-9563-4F9F-BE60-AC9737C6CBD5.png, suggested name: "light-pdf-external-open-error-feedback_0_228B9C46-4646-4D48-9569-CDE987620F04.png"
File: 883041CA-94A7-480D-A9EA-8FE237130E3E.txt, suggested name: "light-pdf-imported-before-open-hierarchy_0_3EA57C6B-D5F7-46CF-AC49-18C665BD1EEC.txt"
File: 65C10662-8393-4164-A5C3-56A7ABCED1A2.png, suggested name: "light-pdf-imported-before-open_0_46316FEC-27FC-4CAF-A28F-DE6C6D6D8141.png"
File: 36E0FCA2-7547-4D82-AE57-9E535E5CA811.txt, suggested name: "imported-public-pdf-hierarchy_0_83026D00-C48A-4FAC-B2D2-75A9182F759D.txt"
File: 67235FC0-8F0A-4DAA-AFBF-8DE4435CE4E8.png, suggested name: "imported-public-pdf_0_FCB51E1E-3AD6-4590-B6BC-9EA703585A04.png"
File: 1F6F3906-2322-4A77-BDD3-D971ED36C346.txt, suggested name: "pdf-native-picker-file-selected-hierarchy_0_4CA85015-6FB2-4FB6-A025-71C093795011.txt"
File: EA76AB77-2556-4A08-9E1D-6F3784CEAFC2.png, suggested name: "pdf-native-picker-file-selected_0_A577F9B8-7758-429B-BFAF-53AD5E88DCA3.png"
File: 32BF0DB1-1C69-4453-B9A9-DF5DCEA54CC4.txt, suggested name: "pdf-native-picker-public-files-hierarchy_0_6F226742-65CE-407A-A110-4CB1036AA791.txt"
File: 50EFAAD8-4F0B-40C2-B671-08E057EDED3E.png, suggested name: "pdf-native-picker-public-files_0_6522F1F8-5B22-4152-8885-F00A3F129D2D.png"
File: 43372CBD-116B-460F-8A8B-21B7565FD921.txt, suggested name: "pdf-native-picker-open-hierarchy_0_70EA138C-ADED-4B0F-B75C-AD0AA4EE8971.txt"
File: 0CC82A07-4039-4586-9FE6-943A1401FEE9.png, suggested name: "pdf-native-picker-open_0_58198BA2-2C2E-4C63-83DB-CF03B93B0046.png"
File: 9DE1D670-0747-4ABD-B3B2-C69F715E44C7.txt, suggested name: "empty-attachments-panel-hierarchy_0_95574F97-080A-4F95-9667-6057AD65143C.txt"
File: D549B7B4-EF78-4F36-A939-0459C9B43C2E.png, suggested name: "empty-attachments-panel_0_824FD158-A65E-4670-8F96-AC87E140B4D7.png"
File: 9438B74D-4992-4687-830C-A1C4B6F6AF2C.txt, suggested name: "identity-detail-hierarchy_0_05BC30C4-ED1A-42FC-922E-3703F14676C2.txt"
File: 4A2FC3A1-9D44-4A60-9C2D-1D6AB1F22FA5.png, suggested name: "identity-detail_0_B28F2DD2-7A78-40E6-9092-1015B9EC9162.png"
File: 5F11A0AC-A2D2-44C6-B928-993AAA658EA4.txt, suggested name: "populated-identity-workspace-hierarchy_0_7224AA7A-A005-4CF3-BDCA-A02ECC58C6CE.txt"
File: 98C85D7F-259E-4319-82D1-43E7EB13AE00.png, suggested name: "populated-identity-workspace_0_A8424B56-9FDE-4E10-B796-EEC9B5081B81.png"
File: 07D9365B-2301-4BF3-8C10-413DFA96F507.txt, suggested name: "editor-save-reachable-hierarchy_0_F3BF7EFC-CCB1-40EE-9C03-531EAC0D442E.txt"
File: EEA68949-FA5A-4CA5-9DE2-AC94AA1AD056.png, suggested name: "editor-save-reachable_0_02F23B30-24E1-44AD-91D8-6747F0A4CFF7.png"
File: 209067CA-3316-4DEB-A7D0-1D918F986C51.txt, suggested name: "editor-after-real-viewport-scroll-hierarchy_0_BF740D58-4895-418E-A23C-5765CDDB52BD.txt"
File: 47506E19-7FA0-4974-8F2C-EEBC8EC0D624.png, suggested name: "editor-after-real-viewport-scroll_0_4933010A-38EE-4840-8839-6C99F6359A50.png"
File: 31955D68-E284-47F7-B72B-0E71B26FA2B3.txt, suggested name: "filled-identity-editor-hierarchy_0_455F852B-DC33-4A38-B5E0-950931E338E2.txt"
File: 15716C31-AE10-402C-9921-67C8BCE2B8CB.png, suggested name: "filled-identity-editor_0_BF0D0C4F-915D-4D0B-8080-C961C2E73F69.png"
File: 71BF6054-5E69-4445-B6E5-0A31DA8FF549.txt, suggested name: "public-name-focused-before-typing-hierarchy_0_6A59EE15-0156-4B81-86B3-6E4195C19064.txt"
File: DD0FE0CF-0928-419A-9FA4-29843520C2C8.png, suggested name: "public-name-focused-before-typing_0_F3709164-9D1F-48A2-9913-AC80BDDA451C.png"
File: 5796AF8E-493E-4275-B302-2FE77DCCC165.txt, suggested name: "public-name-before-focus-hierarchy_0_48EFB4DF-CCD9-4479-97BE-654467D9BF1B.txt"
File: FD637445-C2FD-4298-8DB1-12402FBB3615.png, suggested name: "public-name-before-focus_0_F9C3F172-561C-4F5E-945A-54326450431D.png"
File: 679FE149-2FC8-4BED-BF4B-764E42B6BB9E.txt, suggested name: "public-name-scroll-3-hierarchy_0_4F1E7E8D-035A-4041-A087-73A914109CF9.txt"
File: 197CBC5A-2F25-456A-9ED3-8ED29CA210F7.png, suggested name: "public-name-scroll-3_0_E920D140-3FFC-48B7-B3BD-E15F80A90D18.png"
File: 8E50AE9A-9998-4F16-A568-3665325221E5.txt, suggested name: "public-name-scroll-2-hierarchy_0_A057190C-2AFC-4F49-A13B-F92AC5713B7D.txt"
File: 77360395-8FAE-4932-AEED-E3FB462F46C3.png, suggested name: "public-name-scroll-2_0_7626F261-D9DA-4382-A876-0AD45657B012.png"
File: DF9179A1-7637-45E2-9760-7A7E6DEC886F.txt, suggested name: "public-name-scroll-1-hierarchy_0_08AAE495-EDC5-48F5-907F-C93A8D071C75.txt"
File: DACFF31A-4E1A-4422-AE7E-767DC5F60168.png, suggested name: "public-name-scroll-1_0_20EDB61F-B092-4DBB-A5F6-293FE8C86533.png"
File: B93231A4-269C-4588-9BB1-493567B19E75.txt, suggested name: "public-name-scroll-0-hierarchy_0_3C15258A-0A23-42EC-9C63-57532DCBD504.txt"
File: 5FF072B9-D8B2-4698-965C-7AA334520973.png, suggested name: "public-name-scroll-0_0_D8EA7451-7DA7-4361-9B15-E1C7219ADEEB.png"
File: 689DD11A-ADA8-406F-9650-52C4B839F598.txt, suggested name: "object-name-with-keyboard-hierarchy_0_3B052380-DAE2-4AF2-AF4C-7821019AAD93.txt"
File: 1C57C1DF-B7DD-4887-9E29-DADADB72A29D.png, suggested name: "object-name-with-keyboard_0_00FA8F2D-AB56-4A1A-9803-2AF9962E7DB4.png"
File: 25EE1E64-D3A9-4DDB-A22D-84CE3EDA5DD5.txt, suggested name: "identity-template-editor-hierarchy_0_4D312710-3348-4088-AD58-084B519F9809.txt"
File: 3FCD4C6A-5337-4674-B302-129EBBFB7B36.png, suggested name: "identity-template-editor_0_A08283E6-ED65-48A7-8565-268FC5620DB1.png"
File: CEF4F27B-9734-4F41-82BB-7020CA4076DE.txt, suggested name: "empty-identity-workspace-hierarchy_0_B660725E-FA58-48A0-930E-CEE60705F2E0.txt"
File: DAF2439A-A86B-4F49-AF55-DFEE28B37F20.png, suggested name: "empty-identity-workspace_0_329E4C0C-7D5F-4788-A045-8C8EB7BCF28E.png"
File: 2BB13392-17B8-4C8D-B250-DB82EA2006BA.txt, suggested name: "expanded-mobile-navigation-hierarchy_0_E9129071-7409-4911-A9B9-4E73D08FEE72.txt"
File: 2EB20850-755A-47CF-8AA2-95E89E4270AA.png, suggested name: "expanded-mobile-navigation_0_EFDD89CE-9969-4123-AE32-DA648514348C.png"
File: 2ED587E8-9CAE-4BC4-9A2C-8EFCCA94CC09.txt, suggested name: "current-created-home-hierarchy_0_4FFAB542-CFE4-4838-B8BB-098C7F6A6D44.txt"
File: 2402700D-BB07-4300-B863-417581EDABCE.png, suggested name: "current-created-home_0_9E4C3129-B291-444B-A068-F72E63125E5E.png"
File: 957148AC-E39C-4F9B-9419-FD1E4E21B8DB.txt, suggested name: "current-registration-hierarchy_0_3D04A420-31F1-439E-A1CB-7CF05239297A.txt"
File: AC1842E6-2C48-463C-A35B-A07CFEC0FC39.png, suggested name: "current-registration_0_FFE63DE6-8A1C-468A-BECD-8E6DC476734D.png"

Generated manifest file with attachment details: /tmp/solosoul-fe2-ios-current-pdf-feedback-ui-20261008/attachments/manifest.json
