[2m[WebServer] [22m(node:51636) Warning: The 'NO_COLOR' env is ignored due to the 'FORCE_COLOR' env being set.
[2m[WebServer] [22m(Use `node --trace-warnings ...` to show where the warning was created)

Running 41 tests using 2 workers

(node:51637) Warning: The 'NO_COLOR' env is ignored due to the 'FORCE_COLOR' env being set.
(Use `node --trace-warnings ...` to show where the warning was created)
(node:51638) Warning: The 'NO_COLOR' env is ignored due to the 'FORCE_COLOR' env being set.
(Use `node --trace-warnings ...` to show where the warning was created)
(node:51637) Warning: The 'NO_COLOR' env is ignored due to the 'FORCE_COLOR' env being set.
(Use `node --trace-warnings ...` to show where the warning was created)
(node:51638) Warning: The 'NO_COLOR' env is ignored due to the 'FORCE_COLOR' env being set.
(Use `node --trace-warnings ...` to show where the warning was created)
  ✓   2 [chromium] › e2e/desktop-functional-colors.spec.ts:9:5 › macos warm-stone: functional labels remain neutral and navigation separates from content (4.1s)
  ✓   1 [chromium] › e2e/desktop-functional-colors.spec.ts:9:5 › macos soft-cream: functional labels remain neutral and navigation separates from content (4.1s)
  ✓   4 [chromium] › e2e/desktop-functional-colors.spec.ts:9:5 › macos deep-ocean: functional labels remain neutral and navigation separates from content (2.2s)
  ✓   3 [chromium] › e2e/desktop-functional-colors.spec.ts:9:5 › macos warm-stone-dark: functional labels remain neutral and navigation separates from content (2.2s)
  ✓   6 [chromium] › e2e/desktop-functional-colors.spec.ts:9:5 › windows soft-cream: functional labels remain neutral and navigation separates from content (1.6s)
  ✓   5 [chromium] › e2e/desktop-functional-colors.spec.ts:9:5 › windows warm-stone: functional labels remain neutral and navigation separates from content (2.1s)
  ✓   7 [chromium] › e2e/desktop-functional-colors.spec.ts:9:5 › windows warm-stone-dark: functional labels remain neutral and navigation separates from content (1.6s)
  ✓   8 [chromium] › e2e/desktop-functional-colors.spec.ts:9:5 › windows deep-ocean: functional labels remain neutral and navigation separates from content (1.7s)
  ✓   9 [chromium] › e2e/desktop-functional-colors.spec.ts:132:1 › Android top bar removes the brand image and preserves account and lock controls (1.2s)
  ✓  10 [chromium] › e2e/macos-glass.spec.ts:103:3 › light 登录双层材质保留正文与辅助功能回退 (1.0s)
[2m[WebServer] [22m3:20:49 PM [vite] (client) [console.warn] [ObjectEditor] Load field suggestions failed: {"code":"LEGACY_ERROR"}
  ✓  11 [chromium] › e2e/macos-glass.spec.ts:152:3 › light AppBar 平面按钮保持原生标题栏尺寸与操作 (1.7s)
[2m[WebServer] [22m3:20:51 PM [vite] (client) [console.warn] [useLlmChatCore] Load config failed: Cannot read properties of undefined (reading 'activeProviderId')
[2m[WebServer] [22m3:20:51 PM [vite] (client) [console.warn] [useLlmChatCore] Load config failed: Cannot read properties of undefined (reading 'activeProviderId')
[2m[WebServer] [22m3:20:51 PM [vite] (client) [console.warn] [useLlmChatCore] Load config failed: Cannot read properties of undefined (reading 'activeProviderId')
  ✓  13 [chromium] › e2e/macos-glass.spec.ts:103:3 › dark 登录双层材质保留正文与辅助功能回退 (1.7s)
  ✓  12 [chromium] › e2e/macos-glass.spec.ts:189:3 › light 侧栏浮层与对象二级对话框保持可点击和视口定位 (3.9s)
[2m[WebServer] [22m3:20:53 PM [vite] (client) [console.warn] [ObjectEditor] Load field suggestions failed: {"code":"LEGACY_ERROR"}
  ✓  14 [chromium] › e2e/macos-glass.spec.ts:152:3 › dark AppBar 平面按钮保持原生标题栏尺寸与操作 (1.9s)
  ✓  16 [chromium] › e2e/macos-glass.spec.ts:249:1 › 小窗口菜单与辅助功能回退保持键盘操作及清晰表面 (1.4s)
[2m[WebServer] [22m3:20:54 PM [vite] (client) [console.warn] [useLlmChatCore] Load config failed: Cannot read properties of undefined (reading 'activeProviderId')
[2m[WebServer] [22m3:20:54 PM [vite] (client) [console.warn] [useLlmChatCore] Load config failed: Cannot read properties of undefined (reading 'activeProviderId')
[2m[WebServer] [22m3:20:54 PM [vite] (client) [console.warn] [useLlmChatCore] Load config failed: Cannot read properties of undefined (reading 'activeProviderId')
  ✓  15 [chromium] › e2e/macos-glass.spec.ts:189:3 › dark 侧栏浮层与对象二级对话框保持可点击和视口定位 (3.5s)
  ✓  17 [chromium] › e2e/sidebar-tools.spec.ts:76:3 › left 展开侧栏悬停显示全部工具，入口及主导航不移动 (3.2s)
  ✓  18 [chromium] › e2e/sidebar-tools.spec.ts:76:3 › right 展开侧栏悬停显示全部工具，入口及主导航不移动 (3.4s)
  ✘  19 [chromium] › e2e/sidebar-tools.spec.ts:139:3 › left 折叠侧栏使用向上玻璃菜单，缩放和操作卡片不挤动导航 (2.6s)
(node:51940) Warning: The 'NO_COLOR' env is ignored due to the 'FORCE_COLOR' env being set.
(Use `node --trace-warnings ...` to show where the warning was created)
(node:51940) Warning: The 'NO_COLOR' env is ignored due to the 'FORCE_COLOR' env being set.
(Use `node --trace-warnings ...` to show where the warning was created)
  ✘  20 [chromium] › e2e/sidebar-tools.spec.ts:139:3 › right 折叠侧栏使用向上玻璃菜单，缩放和操作卡片不挤动导航 (2.7s)
(node:51966) Warning: The 'NO_COLOR' env is ignored due to the 'FORCE_COLOR' env being set.
(Use `node --trace-warnings ...` to show where the warning was created)
(node:51966) Warning: The 'NO_COLOR' env is ignored due to the 'FORCE_COLOR' env being set.
(Use `node --trace-warnings ...` to show where the warning was created)
  ✓  21 [chromium] › e2e/sidebar-tools.spec.ts:183:1 › 添加页面在折叠侧栏复用导航的提示卡片，展开后不重复显示提示 (1.8s)
  ✓  23 [chromium] › e2e/sidebar-tools.spec.ts:204:5 › left 折叠侧栏添加页面向上利用空间，缩放后表单与图标仍可操作 (2.1s)
  ✓  22 [chromium] › e2e/sidebar-tools.spec.ts:204:5 › left 展开侧栏添加页面向上利用空间，缩放后表单与图标仍可操作 (2.3s)
  ✓  24 [chromium] › e2e/sidebar-tools.spec.ts:204:5 › right 展开侧栏添加页面向上利用空间，缩放后表单与图标仍可操作 (2.2s)
  ✓  25 [chromium] › e2e/sidebar-tools.spec.ts:204:5 › right 折叠侧栏添加页面向上利用空间，缩放后表单与图标仍可操作 (2.3s)
  ✓  26 [chromium] › e2e/sidebar-tools.spec.ts:266:3 › top 横向导航添加页面打开后位置固定，缩放后表单和操作保持可见 (2.4s)
  ✓  27 [chromium] › e2e/sidebar-tools.spec.ts:266:3 › bottom 横向导航添加页面打开后位置固定，缩放后表单和操作保持可见 (2.5s)
  ✓  29 [chromium] › e2e/sidebar-tools.spec.ts:348:5 › left 折叠侧栏打开搜索后能再次点击搜索及直接切换卡片 (1.8s)
  ✓  28 [chromium] › e2e/sidebar-tools.spec.ts:348:5 › left 展开侧栏打开搜索后能再次点击搜索及直接切换卡片 (2.3s)
  ✓  30 [chromium] › e2e/sidebar-tools.spec.ts:348:5 › right 展开侧栏打开搜索后能再次点击搜索及直接切换卡片 (1.8s)
  ✓  31 [chromium] › e2e/sidebar-tools.spec.ts:348:5 › right 折叠侧栏打开搜索后能再次点击搜索及直接切换卡片 (2.0s)
  ✓  32 [chromium] › e2e/sidebar-tools.spec.ts:381:1 › 工具菜单随原生玻璃与辅助功能切换材质 (1.4s)
[2m[WebServer] [22m3:21:16 PM [vite] (client) [console.warn] [useLlmChatCore] Load config failed: Cannot read properties of undefined (reading 'activeProviderId')
[2m[WebServer] [22m3:21:16 PM [vite] (client) [console.warn] [useLlmChatCore] Load config failed: Cannot read properties of undefined (reading 'activeProviderId')
[2m[WebServer] [22m3:21:16 PM [vite] (client) [console.warn] [useLlmChatCore] Load config failed: Cannot read properties of undefined (reading 'activeProviderId')
  ✓  33 [chromium] › e2e/sidebar-tools.spec.ts:416:1 › 小窗口工具列表利用剩余高度，卡片打开期间保持菜单且不遮挡固定操作 (2.0s)
  ✓  34 [chromium] › e2e/sidebar-tools.spec.ts:445:1 › 工具入口支持点击、键盘和 Escape，关闭后菜单退出 Tab 顺序 (2.3s)
  ✓  35 [chromium] › e2e/sidebar-tools.spec.ts:542:5 › macos 展开侧栏工具沿底边向上展开、向下收起且不缩放按钮 (3.0s)
  ✓  36 [chromium] › e2e/sidebar-tools.spec.ts:542:5 › macos 折叠侧栏工具沿底边向上展开、向下收起且不缩放按钮 (3.1s)
  ✓  37 [chromium] › e2e/sidebar-tools.spec.ts:542:5 › windows 展开侧栏工具沿底边向上展开、向下收起且不缩放按钮 (3.0s)
  ✓  38 [chromium] › e2e/sidebar-tools.spec.ts:542:5 › windows 折叠侧栏工具沿底边向上展开、向下收起且不缩放按钮 (3.0s)
  ✓  39 [chromium] › e2e/sidebar-tools.spec.ts:582:1 › 系统和应用减少动态效果时，工具菜单立即展开/收起 (1.7s)
  ✓  40 [chromium] › e2e/sidebar-tools.spec.ts:604:3 › RF1088 top 工具栏离开窗口安全收起 (1.4s)
  ✓  41 [chromium] › e2e/sidebar-tools.spec.ts:604:3 › RF1088 bottom 工具栏离开窗口安全收起 (2.0s)


  1) [chromium] › e2e/sidebar-tools.spec.ts:139:3 › left 折叠侧栏使用向上玻璃菜单，缩放和操作卡片不挤动导航 ─────────────────

    Error: [2mexpect([22m[31mreceived[39m[2m).[22mtoBeGreaterThanOrEqual[2m([22m[32mexpected[39m[2m)[22m

    Expected: >= [32m100[39m
    Received:    [31m8[39m

      164 |     await tools.hover();
      165 |     await expect(menu).toBeVisible();
    > 166 |     expect((await menu.boundingBox())!.y).toBeGreaterThanOrEqual(100);
          |                                           ^
      167 |     await menu.getByRole('button', { name: 'AI Chat', exact: true }).click();
      168 |     const chat = page.locator('[data-ai-quick-chat="open"]');
      169 |     await expect(chat).toBeInViewport();
        at /Users/zzc/PycharmProjects/SoloSoul/tauri/e2e/sidebar-tools.spec.ts:166:43

    Error Context: test-results/sidebar-tools-left-折叠侧栏使用向上玻璃菜单，缩放和操作卡片不挤动导航-chromium/error-context.md

  2) [chromium] › e2e/sidebar-tools.spec.ts:139:3 › right 折叠侧栏使用向上玻璃菜单，缩放和操作卡片不挤动导航 ────────────────

    Error: [2mexpect([22m[31mreceived[39m[2m).[22mtoBeGreaterThanOrEqual[2m([22m[32mexpected[39m[2m)[22m

    Expected: >= [32m100[39m
    Received:    [31m8[39m

      164 |     await tools.hover();
      165 |     await expect(menu).toBeVisible();
    > 166 |     expect((await menu.boundingBox())!.y).toBeGreaterThanOrEqual(100);
          |                                           ^
      167 |     await menu.getByRole('button', { name: 'AI Chat', exact: true }).click();
      168 |     const chat = page.locator('[data-ai-quick-chat="open"]');
      169 |     await expect(chat).toBeInViewport();
        at /Users/zzc/PycharmProjects/SoloSoul/tauri/e2e/sidebar-tools.spec.ts:166:43

    Error Context: test-results/sidebar-tools-right-折叠侧栏使用向上玻璃菜单，缩放和操作卡片不挤动导航-chromium/error-context.md

  2 failed
    [chromium] › e2e/sidebar-tools.spec.ts:139:3 › left 折叠侧栏使用向上玻璃菜单，缩放和操作卡片不挤动导航 ──────────────────
    [chromium] › e2e/sidebar-tools.spec.ts:139:3 › right 折叠侧栏使用向上玻璃菜单，缩放和操作卡片不挤动导航 ─────────────────
  39 passed (50.8s)
