[2m[WebServer] [22m(node:85555) Warning: The 'NO_COLOR' env is ignored due to the 'FORCE_COLOR' env being set.
[2m[WebServer] [22m(Use `node --trace-warnings ...` to show where the warning was created)

Running 16 tests using 2 workers

(node:85598) Warning: The 'NO_COLOR' env is ignored due to the 'FORCE_COLOR' env being set.
(Use `node --trace-warnings ...` to show where the warning was created)
(node:85597) Warning: The 'NO_COLOR' env is ignored due to the 'FORCE_COLOR' env being set.
(Use `node --trace-warnings ...` to show where the warning was created)
(node:85598) Warning: The 'NO_COLOR' env is ignored due to the 'FORCE_COLOR' env being set.
(Use `node --trace-warnings ...` to show where the warning was created)
(node:85597) Warning: The 'NO_COLOR' env is ignored due to the 'FORCE_COLOR' env being set.
(Use `node --trace-warnings ...` to show where the warning was created)
  ✓   1 [chromium] › e2e/desktop-functional-colors.spec.ts:9:5 › macos warm-stone: functional labels remain neutral and navigation separates from content (3.2s)
  ✓   2 [chromium] › e2e/desktop-functional-colors.spec.ts:9:5 › macos soft-cream: functional labels remain neutral and navigation separates from content (3.1s)
  ✓   4 [chromium] › e2e/desktop-functional-colors.spec.ts:9:5 › macos deep-ocean: functional labels remain neutral and navigation separates from content (2.2s)
  ✓   3 [chromium] › e2e/desktop-functional-colors.spec.ts:9:5 › macos warm-stone-dark: functional labels remain neutral and navigation separates from content (2.2s)
  ✓   5 [chromium] › e2e/desktop-functional-colors.spec.ts:9:5 › windows warm-stone: functional labels remain neutral and navigation separates from content (1.7s)
  ✓   6 [chromium] › e2e/desktop-functional-colors.spec.ts:9:5 › windows soft-cream: functional labels remain neutral and navigation separates from content (1.7s)
  ✓   7 [chromium] › e2e/desktop-functional-colors.spec.ts:9:5 › windows warm-stone-dark: functional labels remain neutral and navigation separates from content (2.3s)
  ✓   8 [chromium] › e2e/desktop-functional-colors.spec.ts:9:5 › windows deep-ocean: functional labels remain neutral and navigation separates from content (2.4s)
  ✓   9 [chromium] › e2e/desktop-functional-colors.spec.ts:138:1 › Android top bar removes the brand image and preserves account and lock controls (1.9s)
  ✓  10 [chromium] › e2e/macos-glass.spec.ts:103:3 › light 登录双层材质保留正文与辅助功能回退 (1.7s)
[2m[WebServer] [22m3:42:34 PM [vite] (client) [console.warn] [ObjectEditor] Load field suggestions failed: {"code":"LEGACY_ERROR"}
  ✓  11 [chromium] › e2e/macos-glass.spec.ts:152:3 › light AppBar 平面按钮保持原生标题栏尺寸与操作 (2.6s)
[2m[WebServer] [22m3:42:35 PM [vite] (client) [console.warn] [useLlmChatCore] Load config failed: Cannot read properties of undefined (reading 'activeProviderId')
[2m[WebServer] [22m3:42:35 PM [vite] (client) [console.warn] [useLlmChatCore] Load config failed: Cannot read properties of undefined (reading 'activeProviderId')
[2m[WebServer] [22m3:42:35 PM [vite] (client) [console.warn] [useLlmChatCore] Load config failed: Cannot read properties of undefined (reading 'activeProviderId')
  ✓  13 [chromium] › e2e/macos-glass.spec.ts:103:3 › dark 登录双层材质保留正文与辅助功能回退 (1.1s)
  ✓  12 [chromium] › e2e/macos-glass.spec.ts:189:3 › light 侧栏浮层与对象二级对话框保持可点击和视口定位 (4.3s)
[2m[WebServer] [22m3:42:37 PM [vite] (client) [console.warn] [ObjectEditor] Load field suggestions failed: {"code":"LEGACY_ERROR"}
  ✓  14 [chromium] › e2e/macos-glass.spec.ts:152:3 › dark AppBar 平面按钮保持原生标题栏尺寸与操作 (2.0s)
[2m[WebServer] [22m3:42:39 PM [vite] (client) [console.warn] [useLlmChatCore] Load config failed: Cannot read properties of undefined (reading 'activeProviderId')
[2m[WebServer] [22m3:42:39 PM [vite] (client) [console.warn] [useLlmChatCore] Load config failed: Cannot read properties of undefined (reading 'activeProviderId')
[2m[WebServer] [22m3:42:39 PM [vite] (client) [console.warn] [useLlmChatCore] Load config failed: Cannot read properties of undefined (reading 'activeProviderId')
  ✓  16 [chromium] › e2e/macos-glass.spec.ts:249:1 › 小窗口菜单与辅助功能回退保持键盘操作及清晰表面 (1.4s)
  ✓  15 [chromium] › e2e/macos-glass.spec.ts:189:3 › dark 侧栏浮层与对象二级对话框保持可点击和视口定位 (3.6s)

  16 passed (20.8s)
