[2m[WebServer] [22m(node:4989) Warning: The 'NO_COLOR' env is ignored due to the 'FORCE_COLOR' env being set.
[2m[WebServer] [22m(Use `node --trace-warnings ...` to show where the warning was created)

Running 71 tests using 2 workers

(node:4998) Warning: The 'NO_COLOR' env is ignored due to the 'FORCE_COLOR' env being set.
(Use `node --trace-warnings ...` to show where the warning was created)
(node:4997) Warning: The 'NO_COLOR' env is ignored due to the 'FORCE_COLOR' env being set.
(Use `node --trace-warnings ...` to show where the warning was created)
(node:4997) Warning: The 'NO_COLOR' env is ignored due to the 'FORCE_COLOR' env being set.
(Use `node --trace-warnings ...` to show where the warning was created)
(node:4998) Warning: The 'NO_COLOR' env is ignored due to the 'FORCE_COLOR' env being set.
(Use `node --trace-warnings ...` to show where the warning was created)
  ✓   1 [chromium] › e2e/desktop-functional-colors.spec.ts:9:5 › macos soft-cream: functional labels remain neutral and navigation separates from content (3.0s)
  ✓   2 [chromium] › e2e/desktop-functional-colors.spec.ts:9:5 › macos warm-stone: functional labels remain neutral and navigation separates from content (3.1s)
  ✓   3 [chromium] › e2e/desktop-functional-colors.spec.ts:9:5 › macos warm-stone-dark: functional labels remain neutral and navigation separates from content (2.1s)
  ✓   4 [chromium] › e2e/desktop-functional-colors.spec.ts:9:5 › macos deep-ocean: functional labels remain neutral and navigation separates from content (2.3s)
  ✓   5 [chromium] › e2e/desktop-functional-colors.spec.ts:9:5 › windows warm-stone: functional labels remain neutral and navigation separates from content (1.5s)
  ✓   6 [chromium] › e2e/desktop-functional-colors.spec.ts:9:5 › windows soft-cream: functional labels remain neutral and navigation separates from content (1.7s)
  ✓   7 [chromium] › e2e/desktop-functional-colors.spec.ts:9:5 › windows warm-stone-dark: functional labels remain neutral and navigation separates from content (1.5s)
  ✓   8 [chromium] › e2e/desktop-functional-colors.spec.ts:9:5 › windows deep-ocean: functional labels remain neutral and navigation separates from content (1.7s)
  ✓   9 [chromium] › e2e/desktop-functional-colors.spec.ts:147:1 › Android top bar removes the brand image and preserves account and lock controls (1.1s)
  ✓  10 [chromium] › e2e/macos-glass.spec.ts:103:3 › light 登录双层材质保留正文与辅助功能回退 (1.1s)
[2m[WebServer] [22m3:53:41 PM [vite] (client) [console.warn] [ObjectEditor] Load field suggestions failed: {"code":"LEGACY_ERROR"}
  ✓  11 [chromium] › e2e/macos-glass.spec.ts:152:3 › light AppBar 平面按钮保持原生标题栏尺寸与操作 (1.7s)
  ✓  13 [chromium] › e2e/macos-glass.spec.ts:103:3 › dark 登录双层材质保留正文与辅助功能回退 (975ms)
[2m[WebServer] [22m3:53:42 PM [vite] (client) [console.warn] [useLlmChatCore] Load config failed: Cannot read properties of undefined (reading 'activeProviderId')
[2m[WebServer] [22m3:53:42 PM [vite] (client) [console.warn] [useLlmChatCore] Load config failed: Cannot read properties of undefined (reading 'activeProviderId')
[2m[WebServer] [22m3:53:42 PM [vite] (client) [console.warn] [useLlmChatCore] Load config failed: Cannot read properties of undefined (reading 'activeProviderId')
  ✓  12 [chromium] › e2e/macos-glass.spec.ts:189:3 › light 侧栏浮层与对象二级对话框保持可点击和视口定位 (3.3s)
[2m[WebServer] [22m3:53:44 PM [vite] (client) [console.warn] [ObjectEditor] Load field suggestions failed: {"code":"LEGACY_ERROR"}
  ✓  14 [chromium] › e2e/macos-glass.spec.ts:152:3 › dark AppBar 平面按钮保持原生标题栏尺寸与操作 (1.8s)
  ✓  16 [chromium] › e2e/macos-glass.spec.ts:249:1 › 小窗口菜单与辅助功能回退保持键盘操作及清晰表面 (1.5s)
[2m[WebServer] [22m3:53:46 PM [vite] (client) [console.warn] [useLlmChatCore] Load config failed: Cannot read properties of undefined (reading 'activeProviderId')
[2m[WebServer] [22m3:53:46 PM [vite] (client) [console.warn] [useLlmChatCore] Load config failed: Cannot read properties of undefined (reading 'activeProviderId')
[2m[WebServer] [22m3:53:46 PM [vite] (client) [console.warn] [useLlmChatCore] Load config failed: Cannot read properties of undefined (reading 'activeProviderId')
  ✓  17 [chromium] › e2e/native-theme.spec.ts:97:3 › system 主题在模拟 IPC=dark、媒体查询=light 时保持一致 (967ms)
  ✓  15 [chromium] › e2e/macos-glass.spec.ts:189:3 › dark 侧栏浮层与对象二级对话框保持可点击和视口定位 (3.5s)
  ✓  18 [chromium] › e2e/native-theme.spec.ts:97:3 › system 主题在模拟 IPC=light、媒体查询=dark 时保持一致 (2.2s)
  ✓  20 [chromium] › e2e/native-theme.spec.ts:129:3 › Windows Mica deep-ocean 登录背景不叠加主题色 (1.6s)
  ✓  19 [chromium] › e2e/native-theme.spec.ts:129:3 › Windows Mica warm-stone-dark 登录背景不叠加主题色 (3.3s)
  ✓  21 [chromium] › e2e/native-theme.spec.ts:129:3 › Windows Mica forest-night 登录背景不叠加主题色 (2.5s)
  ✓  22 [chromium] › e2e/native-theme.spec.ts:129:3 › Windows Mica soft-cream 登录背景不叠加主题色 (2.6s)
  ✓  23 [chromium] › e2e/native-theme.spec.ts:153:1 › 同一深色模式切换配色后，Mica 外壳仍不叠加主题色 (1.7s)
  ✓  24 [chromium] › e2e/native-theme.spec.ts:181:1 › 无 Mica 时采用当前主题实色，不受首帧缓存颜色锁定 (1.6s)
  ✓  25 [chromium] › e2e/native-theme.spec.ts:194:1 › Windows 实色回退仍能区分外壳和正文 (1.1s)
[2m[WebServer] [22m3:53:56 PM [vite] (client) [console.warn] [updater] android check failed: TypeError: Cannot read properties of undefined (reading 'latestVersion')
[2m[WebServer] [22m    at androidCheckForUpdate (http://localhost:1420/src/lib/updater.ts:177:12)
[2m[WebServer] [22m    at async http://localhost:1420/src/stores/updateStore.ts:94:65
  ✓  26 [chromium] › e2e/native-theme.spec.ts:205:1 › Windows 强制颜色模式关闭透明背景并保留正文边界 (1.7s)
  ✓  27 [chromium] › e2e/native-theme.spec.ts:220:5 › RF-201 android system：移动端跟随媒体并保留显式偏好 (1.1s)
[2m[WebServer] [22m3:53:57 PM [vite] (client) [console.warn] [updater] android check failed: TypeError: Cannot read properties of undefined (reading 'latestVersion')
[2m[WebServer] [22m    at androidCheckForUpdate (http://localhost:1420/src/lib/updater.ts:177:12)
[2m[WebServer] [22m    at async http://localhost:1420/src/stores/updateStore.ts:94:65
[2m[WebServer] [22m3:53:58 PM [vite] (client) [console.warn] [updater] android check failed: TypeError: Cannot read properties of undefined (reading 'latestVersion')
[2m[WebServer] [22m    at androidCheckForUpdate (http://localhost:1420/src/lib/updater.ts:177:12)
[2m[WebServer] [22m    at async http://localhost:1420/src/stores/updateStore.ts:94:65
  ✓  28 [chromium] › e2e/native-theme.spec.ts:220:5 › RF-201 android light：移动端跟随媒体并保留显式偏好 (2.0s)
  ✓  29 [chromium] › e2e/native-theme.spec.ts:220:5 › RF-201 android dark：移动端跟随媒体并保留显式偏好 (2.1s)
  ✓  30 [chromium] › e2e/native-theme.spec.ts:220:5 › RF-201 ios system：移动端跟随媒体并保留显式偏好 (1.1s)
  ✓  31 [chromium] › e2e/native-theme.spec.ts:220:5 › RF-201 ios light：移动端跟随媒体并保留显式偏好 (2.0s)
  ✓  32 [chromium] › e2e/native-theme.spec.ts:220:5 › RF-201 ios dark：移动端跟随媒体并保留显式偏好 (2.2s)
[2m[WebServer] [22m3:54:02 PM [vite] (client) [console.warn] [updater] android check failed: TypeError: Cannot read properties of undefined (reading 'latestVersion')
[2m[WebServer] [22m    at androidCheckForUpdate (http://localhost:1420/src/lib/updater.ts:177:12)
[2m[WebServer] [22m    at async http://localhost:1420/src/stores/updateStore.ts:94:65
[2m[WebServer] [22m3:54:02 PM [vite] (client) [console.warn] [updater] android check failed: TypeError: Cannot read properties of undefined (reading 'latestVersion')
[2m[WebServer] [22m    at androidCheckForUpdate (http://localhost:1420/src/lib/updater.ts:177:12)
[2m[WebServer] [22m    at async http://localhost:1420/src/stores/updateStore.ts:94:65
  ✓  33 [chromium] › e2e/native-theme.spec.ts:258:5 › android warm-stone 主内容正文和说明保持中性高对比 (1.4s)
[2m[WebServer] [22m3:54:02 PM [vite] (client) [console.warn] [updater] android check failed: TypeError: Cannot read properties of undefined (reading 'latestVersion')
[2m[WebServer] [22m    at androidCheckForUpdate (http://localhost:1420/src/lib/updater.ts:177:12)
[2m[WebServer] [22m    at async http://localhost:1420/src/stores/updateStore.ts:94:65
[2m[WebServer] [22m3:54:03 PM [vite] (client) [console.warn] [updater] android check failed: TypeError: Cannot read properties of undefined (reading 'latestVersion')
[2m[WebServer] [22m    at androidCheckForUpdate (http://localhost:1420/src/lib/updater.ts:177:12)
[2m[WebServer] [22m    at async http://localhost:1420/src/stores/updateStore.ts:94:65
  ✓  34 [chromium] › e2e/native-theme.spec.ts:258:5 › android warm-stone-dark 主内容正文和说明保持中性高对比 (1.1s)
[2m[WebServer] [22m3:54:03 PM [vite] (client) [console.warn] [updater] android check failed: TypeError: Cannot read properties of undefined (reading 'latestVersion')
[2m[WebServer] [22m    at androidCheckForUpdate (http://localhost:1420/src/lib/updater.ts:177:12)
[2m[WebServer] [22m    at async http://localhost:1420/src/stores/updateStore.ts:94:65
[2m[WebServer] [22m3:54:03 PM [vite] (client) [console.warn] [updater] android check failed: TypeError: Cannot read properties of undefined (reading 'latestVersion')
[2m[WebServer] [22m    at androidCheckForUpdate (http://localhost:1420/src/lib/updater.ts:177:12)
[2m[WebServer] [22m    at async http://localhost:1420/src/stores/updateStore.ts:94:65
  ✓  35 [chromium] › e2e/native-theme.spec.ts:258:5 › android deep-ocean 主内容正文和说明保持中性高对比 (1.1s)
  ✓  36 [chromium] › e2e/native-theme.spec.ts:258:5 › ios warm-stone 主内容正文和说明保持中性高对比 (1.1s)
  ✓  37 [chromium] › e2e/native-theme.spec.ts:258:5 › ios warm-stone-dark 主内容正文和说明保持中性高对比 (1.1s)
  ✓  38 [chromium] › e2e/native-theme.spec.ts:258:5 › ios deep-ocean 主内容正文和说明保持中性高对比 (1.1s)
  ✓  39 [chromium] › e2e/sidebar-tools.spec.ts:76:3 › left 展开侧栏悬停显示全部工具，入口及主导航不移动 (2.8s)
  ✓  40 [chromium] › e2e/sidebar-tools.spec.ts:76:3 › right 展开侧栏悬停显示全部工具，入口及主导航不移动 (2.7s)
[2m[WebServer] [22m3:54:09 PM [vite] (client) [console.warn] [useLlmChatCore] Load config failed: Cannot read properties of undefined (reading 'activeProviderId')
[2m[WebServer] [22m3:54:09 PM [vite] (client) [console.warn] [useLlmChatCore] Load config failed: Cannot read properties of undefined (reading 'activeProviderId')
[2m[WebServer] [22m3:54:09 PM [vite] (client) [console.warn] [useLlmChatCore] Load config failed: Cannot read properties of undefined (reading 'activeProviderId')
[2m[WebServer] [22m3:54:09 PM [vite] (client) [console.warn] [useLlmChatCore] Load config failed: Cannot read properties of undefined (reading 'activeProviderId')
[2m[WebServer] [22m3:54:09 PM [vite] (client) [console.warn] [useLlmChatCore] Load config failed: Cannot read properties of undefined (reading 'activeProviderId')
[2m[WebServer] [22m3:54:09 PM [vite] (client) [console.warn] [useLlmChatCore] Load config failed: Cannot read properties of undefined (reading 'activeProviderId')
  ✓  41 [chromium] › e2e/sidebar-tools.spec.ts:139:3 › left 折叠侧栏使用向上玻璃菜单，缩放和操作卡片不挤动导航 (2.7s)
  ✓  42 [chromium] › e2e/sidebar-tools.spec.ts:139:3 › right 折叠侧栏使用向上玻璃菜单，缩放和操作卡片不挤动导航 (2.7s)
  ✓  43 [chromium] › e2e/sidebar-tools.spec.ts:191:1 › 添加页面在折叠侧栏复用导航的提示卡片，展开后不重复显示提示 (1.3s)
  ✓  44 [chromium] › e2e/sidebar-tools.spec.ts:212:5 › left 展开侧栏添加页面向上利用空间，缩放后表单与图标仍可操作 (1.6s)
  ✓  45 [chromium] › e2e/sidebar-tools.spec.ts:212:5 › left 折叠侧栏添加页面向上利用空间，缩放后表单与图标仍可操作 (1.8s)
  ✓  46 [chromium] › e2e/sidebar-tools.spec.ts:212:5 › right 展开侧栏添加页面向上利用空间，缩放后表单与图标仍可操作 (1.6s)
  ✓  47 [chromium] › e2e/sidebar-tools.spec.ts:212:5 › right 折叠侧栏添加页面向上利用空间，缩放后表单与图标仍可操作 (1.6s)
  ✓  48 [chromium] › e2e/sidebar-tools.spec.ts:274:3 › top 横向导航添加页面打开后位置固定，缩放后表单和操作保持可见 (2.6s)
  ✓  49 [chromium] › e2e/sidebar-tools.spec.ts:274:3 › bottom 横向导航添加页面打开后位置固定，缩放后表单和操作保持可见 (2.5s)
  ✓  50 [chromium] › e2e/sidebar-tools.spec.ts:356:5 › left 展开侧栏打开搜索后能再次点击搜索及直接切换卡片 (2.4s)
  ✓  51 [chromium] › e2e/sidebar-tools.spec.ts:356:5 › left 折叠侧栏打开搜索后能再次点击搜索及直接切换卡片 (2.7s)
  ✓  52 [chromium] › e2e/sidebar-tools.spec.ts:356:5 › right 展开侧栏打开搜索后能再次点击搜索及直接切换卡片 (1.7s)
  ✓  53 [chromium] › e2e/sidebar-tools.spec.ts:356:5 › right 折叠侧栏打开搜索后能再次点击搜索及直接切换卡片 (1.7s)
  ✓  54 [chromium] › e2e/sidebar-tools.spec.ts:389:1 › 工具菜单随原生玻璃与辅助功能切换材质 (1.3s)
[2m[WebServer] [22m3:54:23 PM [vite] (client) [console.warn] [useLlmChatCore] Load config failed: Cannot read properties of undefined (reading 'activeProviderId')
[2m[WebServer] [22m3:54:23 PM [vite] (client) [console.warn] [useLlmChatCore] Load config failed: Cannot read properties of undefined (reading 'activeProviderId')
[2m[WebServer] [22m3:54:23 PM [vite] (client) [console.warn] [useLlmChatCore] Load config failed: Cannot read properties of undefined (reading 'activeProviderId')
  ✓  55 [chromium] › e2e/sidebar-tools.spec.ts:424:1 › 小窗口工具列表利用剩余高度，卡片打开期间保持菜单且不遮挡固定操作 (1.7s)
  ✓  56 [chromium] › e2e/sidebar-tools.spec.ts:453:1 › 工具入口支持点击、键盘和 Escape，关闭后菜单退出 Tab 顺序 (2.0s)
  ✓  57 [chromium] › e2e/sidebar-tools.spec.ts:550:5 › macos 展开侧栏工具沿底边向上展开、向下收起且不缩放按钮 (2.9s)
  ✓  58 [chromium] › e2e/sidebar-tools.spec.ts:550:5 › macos 折叠侧栏工具沿底边向上展开、向下收起且不缩放按钮 (2.6s)
  ✓  60 [chromium] › e2e/sidebar-tools.spec.ts:550:5 › windows 折叠侧栏工具沿底边向上展开、向下收起且不缩放按钮 (2.6s)
  ✓  59 [chromium] › e2e/sidebar-tools.spec.ts:550:5 › windows 展开侧栏工具沿底边向上展开、向下收起且不缩放按钮 (2.8s)
  ✓  62 [chromium] › e2e/sidebar-tools.spec.ts:612:3 › RF1088 top 工具栏离开窗口安全收起 (1.2s)
  ✓  61 [chromium] › e2e/sidebar-tools.spec.ts:590:1 › 系统和应用减少动态效果时，工具菜单立即展开/收起 (1.4s)
  ✓  64 [chromium] › e2e/startup.spec.ts:4:1 › 应用模块尚未加载时已有品牌首帧 (169ms)
  ✓  65 [chromium] › e2e/startup.spec.ts:17:1 › 显式浅色偏好优先于系统深色，启动层无需 React 即可应用 (140ms)
  ✓  66 [chromium] › e2e/startup.spec.ts:27:1 › 模块缺失时限时显示重试；迟到的就绪不会撤下错误页 (178ms)
  ✓  67 [chromium] › e2e/startup.spec.ts:43:1 › 首帧使用上次已解析的配色，不把浏览器语言写成用户偏好 (74ms)
  ✓  63 [chromium] › e2e/sidebar-tools.spec.ts:612:3 › RF1088 bottom 工具栏离开窗口安全收起 (1.2s)
  ✓  69 [chromium] › e2e/startup.spec.ts:83:1 › 原生确认玻璃材质后透出背景，系统强制颜色时回到实色 (92ms)
  ✓  70 [chromium] › e2e/startup.spec.ts:104:1 › Windows 首次显示请求发生在 Mica 状态和图标就绪之后 (102ms)
  ✓  71 [chromium] › e2e/startup.spec.ts:129:1 › 跟随系统时从双主题缓存选取当前配色 (67ms)
[2m[WebServer] [22m3:54:33 PM [vite] (client) [console.warn] [settingsStore] No ui_preferences file yet: Error: Initialization request timed out
[2m[WebServer] [22m    at http://localhost:1420/src/lib/withTimeout.ts:4:41
  ✓  68 [chromium] › e2e/startup.spec.ts:66:1 › 偏好 IPC 不返回仍进入登录页，启动层完成交接 (1.9s)

  71 passed (1.1m)
