[2m[WebServer] [22m(node:3142) Warning: The 'NO_COLOR' env is ignored due to the 'FORCE_COLOR' env being set.
[2m[WebServer] [22m(Use `node --trace-warnings ...` to show where the warning was created)

Running 6 tests using 2 workers

(node:3157) Warning: The 'NO_COLOR' env is ignored due to the 'FORCE_COLOR' env being set.
(Use `node --trace-warnings ...` to show where the warning was created)
(node:3156) Warning: The 'NO_COLOR' env is ignored due to the 'FORCE_COLOR' env being set.
(Use `node --trace-warnings ...` to show where the warning was created)
(node:3157) Warning: The 'NO_COLOR' env is ignored due to the 'FORCE_COLOR' env being set.
(Use `node --trace-warnings ...` to show where the warning was created)
(node:3156) Warning: The 'NO_COLOR' env is ignored due to the 'FORCE_COLOR' env being set.
(Use `node --trace-warnings ...` to show where the warning was created)
[2m[WebServer] [22m3:52:06 PM [vite] (client) [console.warn] [updater] android check failed: TypeError: Cannot read properties of undefined (reading 'latestVersion')
[2m[WebServer] [22m    at androidCheckForUpdate (http://localhost:1420/src/lib/updater.ts:177:12)
[2m[WebServer] [22m    at async http://localhost:1420/src/stores/updateStore.ts:94:65
[2m[WebServer] [22m3:52:06 PM [vite] (client) [console.warn] [updater] android check failed: TypeError: Cannot read properties of undefined (reading 'latestVersion')
[2m[WebServer] [22m    at androidCheckForUpdate (http://localhost:1420/src/lib/updater.ts:177:12)
[2m[WebServer] [22m    at async http://localhost:1420/src/stores/updateStore.ts:94:65
[2m[WebServer] [22m3:52:07 PM [vite] (client) [console.warn] [updater] android check failed: TypeError: Cannot read properties of undefined (reading 'latestVersion')
[2m[WebServer] [22m    at androidCheckForUpdate (http://localhost:1420/src/lib/updater.ts:177:12)
[2m[WebServer] [22m    at async http://localhost:1420/src/stores/updateStore.ts:94:65
[2m[WebServer] [22m3:52:07 PM [vite] (client) [console.warn] [updater] android check failed: TypeError: Cannot read properties of undefined (reading 'latestVersion')
[2m[WebServer] [22m    at androidCheckForUpdate (http://localhost:1420/src/lib/updater.ts:177:12)
[2m[WebServer] [22m    at async http://localhost:1420/src/stores/updateStore.ts:94:65
  ✓  2 [chromium] › e2e/native-theme.spec.ts:258:5 › android warm-stone 主内容正文和说明保持中性高对比 (2.9s)
  ✓  1 [chromium] › e2e/native-theme.spec.ts:258:5 › android warm-stone-dark 主内容正文和说明保持中性高对比 (2.9s)
[2m[WebServer] [22m3:52:08 PM [vite] (client) [console.warn] [updater] android check failed: TypeError: Cannot read properties of undefined (reading 'latestVersion')
[2m[WebServer] [22m    at androidCheckForUpdate (http://localhost:1420/src/lib/updater.ts:177:12)
[2m[WebServer] [22m    at async http://localhost:1420/src/stores/updateStore.ts:94:65
[2m[WebServer] [22m3:52:08 PM [vite] (client) [console.warn] [updater] android check failed: TypeError: Cannot read properties of undefined (reading 'latestVersion')
[2m[WebServer] [22m    at androidCheckForUpdate (http://localhost:1420/src/lib/updater.ts:177:12)
[2m[WebServer] [22m    at async http://localhost:1420/src/stores/updateStore.ts:94:65
  ✓  3 [chromium] › e2e/native-theme.spec.ts:258:5 › android deep-ocean 主内容正文和说明保持中性高对比 (1.1s)
  ✓  4 [chromium] › e2e/native-theme.spec.ts:258:5 › ios warm-stone 主内容正文和说明保持中性高对比 (1.1s)
  ✓  6 [chromium] › e2e/native-theme.spec.ts:258:5 › ios deep-ocean 主内容正文和说明保持中性高对比 (1.8s)
  ✓  5 [chromium] › e2e/native-theme.spec.ts:258:5 › ios warm-stone-dark 主内容正文和说明保持中性高对比 (1.8s)

  6 passed (7.6s)
