INSTRUMENTATION_STATUS: class=com.solosoul.app.AndroidHomeInstrumentedTest
INSTRUMENTATION_STATUS: current=1
INSTRUMENTATION_STATUS: id=AndroidJUnitRunner
INSTRUMENTATION_STATUS: numtests=1
INSTRUMENTATION_STATUS: stream=
com.solosoul.app.AndroidHomeInstrumentedTest:
INSTRUMENTATION_STATUS: test=realHomePreservesGlassAndCopyAcrossLockUnlock
INSTRUMENTATION_STATUS_CODE: 1
INSTRUMENTATION_STATUS: class=com.solosoul.app.AndroidHomeInstrumentedTest
INSTRUMENTATION_STATUS: current=1
INSTRUMENTATION_STATUS: id=AndroidJUnitRunner
INSTRUMENTATION_STATUS: numtests=1
INSTRUMENTATION_STATUS: stack=java.lang.AssertionError: 目录初始化后下一步: {"path":"\/bootstrap","buttons":["","","Create Account","Back to account source","App Private DirectoryData is stored inside the app and will be deleted when uninstalled (default).","Choose External DirectoryData is stored in a user-selected external directory and persists after uninstall. Recommended.","Back"],"mounted":true,"startupGone":true,"platform":"android"}
	at com.solosoul.app.AndroidHomeInstrumentedTest.waitFor(AndroidHomeInstrumentedTest.kt:61)
	at com.solosoul.app.AndroidHomeInstrumentedTest.realHomePreservesGlassAndCopyAcrossLockUnlock(AndroidHomeInstrumentedTest.kt:167)

INSTRUMENTATION_STATUS: stream=
Error in realHomePreservesGlassAndCopyAcrossLockUnlock(com.solosoul.app.AndroidHomeInstrumentedTest):
java.lang.AssertionError: 目录初始化后下一步: {"path":"\/bootstrap","buttons":["","","Create Account","Back to account source","App Private DirectoryData is stored inside the app and will be deleted when uninstalled (default).","Choose External DirectoryData is stored in a user-selected external directory and persists after uninstall. Recommended.","Back"],"mounted":true,"startupGone":true,"platform":"android"}
	at com.solosoul.app.AndroidHomeInstrumentedTest.waitFor(AndroidHomeInstrumentedTest.kt:61)
	at com.solosoul.app.AndroidHomeInstrumentedTest.realHomePreservesGlassAndCopyAcrossLockUnlock(AndroidHomeInstrumentedTest.kt:167)

INSTRUMENTATION_STATUS: test=realHomePreservesGlassAndCopyAcrossLockUnlock
INSTRUMENTATION_STATUS_CODE: -2
INSTRUMENTATION_RESULT: stream=

Time: 47.363
There was 1 failure:
1) realHomePreservesGlassAndCopyAcrossLockUnlock(com.solosoul.app.AndroidHomeInstrumentedTest)
java.lang.AssertionError: 目录初始化后下一步: {"path":"\/bootstrap","buttons":["","","Create Account","Back to account source","App Private DirectoryData is stored inside the app and will be deleted when uninstalled (default).","Choose External DirectoryData is stored in a user-selected external directory and persists after uninstall. Recommended.","Back"],"mounted":true,"startupGone":true,"platform":"android"}
	at com.solosoul.app.AndroidHomeInstrumentedTest.waitFor(AndroidHomeInstrumentedTest.kt:61)
	at com.solosoul.app.AndroidHomeInstrumentedTest.realHomePreservesGlassAndCopyAcrossLockUnlock(AndroidHomeInstrumentedTest.kt:167)

FAILURES!!!
Tests run: 1,  Failures: 1


INSTRUMENTATION_CODE: -1
