[2m[WebServer] [22m(node:25832) Warning: The 'NO_COLOR' env is ignored due to the 'FORCE_COLOR' env being set.
[2m[WebServer] [22m(Use `node --trace-warnings ...` to show where the warning was created)

Running 4 tests using 1 worker

(node:25833) Warning: The 'NO_COLOR' env is ignored due to the 'FORCE_COLOR' env being set.
(Use `node --trace-warnings ...` to show where the warning was created)
(node:25833) Warning: The 'NO_COLOR' env is ignored due to the 'FORCE_COLOR' env being set.
(Use `node --trace-warnings ...` to show where the warning was created)
[2m[WebServer] [22m4:21:50 PM [vite] (client) [console.warn] [syncStore] sync_list_conflicts 返回非数组，已归一化为空列表（返回类型: undefined)
  ✓  1 [webkit] › ../../../../../private/tmp/solosoul-fe2-macos-zoom-diagnostic-20261008/zoom.spec.ts:110:6 › photo toolbar drawing through zoom dark (5.0s)
[2m[WebServer] [22m4:21:52 PM [vite] (client) [console.warn] [syncStore] sync_list_conflicts 返回非数组，已归一化为空列表（返回类型: undefined)
  ✓  2 [webkit] › ../../../../../private/tmp/solosoul-fe2-macos-zoom-diagnostic-20261008/zoom.spec.ts:110:6 › photo toolbar drawing through zoom light (2.5s)
(node:26029) Warning: The 'NO_COLOR' env is ignored due to the 'FORCE_COLOR' env being set.
(Use `node --trace-warnings ...` to show where the warning was created)
(node:26029) Warning: The 'NO_COLOR' env is ignored due to the 'FORCE_COLOR' env being set.
(Use `node --trace-warnings ...` to show where the warning was created)
[2m[WebServer] [22m4:21:55 PM [vite] (client) [console.warn] [syncStore] sync_list_conflicts 返回非数组，已归一化为空列表（返回类型: undefined)
  ✓  3 [chromium] › ../../../../../private/tmp/solosoul-fe2-macos-zoom-diagnostic-20261008/zoom.spec.ts:110:6 › photo toolbar drawing through zoom dark (2.7s)
[2m[WebServer] [22m4:21:58 PM [vite] (client) [console.warn] [syncStore] sync_list_conflicts 返回非数组，已归一化为空列表（返回类型: undefined)
  ✓  4 [chromium] › ../../../../../private/tmp/solosoul-fe2-macos-zoom-diagnostic-20261008/zoom.spec.ts:110:6 › photo toolbar drawing through zoom light (2.8s)

  4 passed (17.9s)
