[2m[WebServer] [22m(node:25281) Warning: The 'NO_COLOR' env is ignored due to the 'FORCE_COLOR' env being set.
[2m[WebServer] [22m(Use `node --trace-warnings ...` to show where the warning was created)
[2m[WebServer] [22mWebSocket server error:
[2m[WebServer] [22mError: listen EPERM: operation not permitted ::1:1421
[2m[WebServer] [22m    at Server.setupListenHandle [as _listen2] (node:net:1926:21)
[2m[WebServer] [22m    at listenInCluster (node:net:2005:12)
[2m[WebServer] [22m    at GetAddrInfoReqWrap.callback (node:net:2214:7)
[2m[WebServer] [22m    at GetAddrInfoReqWrap.onlookupall [as oncomplete] (node:dns:134:8)
[2m[WebServer] [22merror when starting dev server:
[2m[WebServer] [22mError: listen EPERM: operation not permitted ::1:1420
[2m[WebServer] [22m    at Server.setupListenHandle [as _listen2] (node:net:1926:21)
[2m[WebServer] [22m    at listenInCluster (node:net:2005:12)
[2m[WebServer] [22m    at GetAddrInfoReqWrap.callback (node:net:2214:7)
[2m[WebServer] [22m    at GetAddrInfoReqWrap.onlookupall [as oncomplete] (node:dns:134:8) {
[2m[WebServer] [22m  code: 'EPERM',
[2m[WebServer] [22m  errno: -1,
[2m[WebServer] [22m  syscall: 'listen',
[2m[WebServer] [22m  address: '::1',
[2m[WebServer] [22m  port: 1420
[2m[WebServer] [22m}
Error: Process from config.webServer was not able to start. Exit code: 1

